05-02 09:40:33.844  1235  1844 D ConnectivityService: Blocked status changed to false for 10151(405) on netId 104
05-02 09:40:33.844  1235  1844 D ConnectivityService: Blocked status changed to false for 10151(406) on netId 104
05-02 09:40:33.845  1235  1844 D ConnectivityService: Blocked status changed to false for 10151(408) on netId 104
05-02 09:40:33.845  1235  1844 D ConnectivityService: Blocked status changed to false for 10151(409) on netId 104
05-02 09:40:33.845  1235  1844 D ConnectivityService: Blocked status changed to false for 10151(410) on netId 104
05-02 09:40:33.845  1235  1844 D ConnectivityService: Blocked status changed to false for 10151(411) on netId 104
05-02 09:40:33.846  1235  1844 D ConnectivityService: Blocked status changed to false for 10151(417) on netId 104
05-02 09:40:33.846  1235  1844 D ConnectivityService: Blocked status changed to false for 10151(425) on netId 104
05-02 09:40:33.846  1235  1844 D ConnectivityService: Blocked status changed to false for 10151(426) on netId 104
05-02 09:40:33.847  1235  1844 D ConnectivityService: Blocked status changed to false for 10164(400) on netId 104
05-02 09:40:33.848  1235  1844 D ConnectivityService: Blocked status changed to false for 10164(401) on netId 104
05-02 09:40:33.852  1235  1823 W ProcessStats: Tracking association SourceState{1046b37 com.tencent.tim:mail/10151 Top #27274} whose proc state 1 is better than process ProcessState{3c9ec43 com.tencent.tim:MSF/10151 pkg=com.tencent.tim} proc state 7 (2 skipped)
05-02 09:40:33.976  1235  2482 D ConnectivityService: Returning UNBLOCKED NetworkInfo to uid=10151
05-02 09:40:38.466  1235  1469 E BatteryExternalStatsWorker: no controller energy info supplied for bluetooth
05-02 09:40:38.499  1235  1469 W BatteryExternalStatsWorker: modem info is invalid: ModemActivityInfo{ mTimestamp=0 mSleepTimeMs=0 mIdleTimeMs=0 mTxTimeMs[]=[0, 0, 0, 0, 0] mRxTimeMs=0 mEnergyUsed=0}
05-02 09:40:38.991  1235  1844 D ConnectivityService: Blocked status changed to true for 10182(375) on netId 104
05-02 09:40:38.993  1235  1844 D ConnectivityService: Blocked status changed to true for 10182(376) on netId 104
05-02 09:40:39.186  1235  1844 D ConnectivityService: Blocked status changed to true for 10164(400) on netId 104
05-02 09:40:39.187  1235  1844 D ConnectivityService: Blocked status changed to true for 10164(401) on netId 104
05-02 09:40:41.901  1235  1844 D ConnectivityService: Blocked status changed to true for 10180(347) on netId 104
05-02 09:40:41.903  1235  1844 D ConnectivityService: Blocked status changed to true for 10180(348) on netId 104
05-02 09:40:41.904  1235  1844 D ConnectivityService: Blocked status changed to true for 10180(349) on netId 104
05-02 09:40:41.905  1235  1844 D ConnectivityService: Blocked status changed to true for 10180(350) on netId 104
05-02 09:40:41.906  1235  1844 D ConnectivityService: Blocked status changed to true for 10180(351) on netId 104
05-02 09:40:41.907  1235  1844 D ConnectivityService: Blocked status changed to true for 10180(352) on netId 104
05-02 09:40:41.907  1235  1844 D ConnectivityService: Blocked status changed to true for 10180(360) on netId 104
05-02 09:40:41.909  1235  1844 D ConnectivityService: Blocked status changed to true for 10180(361) on netId 104
05-02 09:40:41.910  1235  1844 D ConnectivityService: Blocked status changed to true for 10180(368) on netId 104
05-02 09:40:41.910  1235  1844 D ConnectivityService: Blocked status changed to true for 10180(369) on netId 104
05-02 09:40:41.911  1235  1844 D ConnectivityService: Blocked status changed to true for 10180(414) on netId 104
05-02 09:40:41.912  1235  1844 D ConnectivityService: Blocked status changed to true for 10180(415) on netId 104
05-02 09:40:41.912  1235  1844 D ConnectivityService: Blocked status changed to true for 10180(418) on netId 104
05-02 09:40:41.913  1235  1844 D ConnectivityService: Blocked status changed to true for 10180(419) on netId 104
05-02 09:40:41.913  1235  1844 D ConnectivityService: Blocked status changed to true for 10180(420) on netId 104
05-02 09:40:41.914  1235  1844 D ConnectivityService: Blocked status changed to true for 10180(421) on netId 104
05-02 09:40:41.915  1235  1844 D ConnectivityService: Blocked status changed to true for 10180(422) on netId 104
05-02 09:40:41.915  1235  1844 D ConnectivityService: Blocked status changed to true for 10180(423) on netId 104
05-02 09:40:43.923  1235  1844 D ConnectivityService: Blocked status changed to true for 10151(403) on netId 104
05-02 09:40:43.926  1235  1844 D ConnectivityService: Blocked status changed to true for 10151(404) on netId 104
05-02 09:40:43.928  1235  1844 D ConnectivityService: Blocked status changed to true for 10151(405) on netId 104
05-02 09:40:43.929  1235  1844 D ConnectivityService: Blocked status changed to true for 10151(406) on netId 104
05-02 09:40:43.930  1235  1844 D ConnectivityService: Blocked status changed to true for 10151(408) on netId 104
05-02 09:40:43.931  1235  1844 D ConnectivityService: Blocked status changed to true for 10151(409) on netId 104
05-02 09:40:43.932  1235  1844 D ConnectivityService: Blocked status changed to true for 10151(410) on netId 104
05-02 09:40:43.933  1235  1844 D ConnectivityService: Blocked status changed to true for 10151(411) on netId 104
05-02 09:40:43.934  1235  1844 D ConnectivityService: Blocked status changed to true for 10151(417) on netId 104
05-02 09:40:43.935  1235  1844 D ConnectivityService: Blocked status changed to true for 10151(425) on netId 104
05-02 09:40:43.936  1235  1844 D ConnectivityService: Blocked status changed to true for 10151(426) on netId 104
05-02 09:40:46.181  1235  5679 D ConnectivityService: Returning BLOCKED NetworkInfo to uid=10151
05-02 09:40:58.202  1235  1379 V FingerprintService: mDaemon was null, reconnect to fingerprint
05-02 09:40:58.212  1235  1379 W FingerprintService: fingerprint HIDL not available
05-02 09:41:06.211  1235  6591 D ConnectivityService: Returning BLOCKED NetworkInfo to uid=10180
05-02 09:41:13.816  1235  1235 W Looper  : Slow dispatch took 254ms main h=android.view.ViewRootImpl$ViewRootHandler c=null m=6
05-02 09:41:13.816  1235  1235 W Looper  : Slow delivery took 326ms main h=android.os.Handler c=com.android.server.statusbar.-$$Lambda$StatusBarManagerService$u5u_W7qW5cMnzk9Qhp_oReST4Dc@b8656bf m=0
05-02 09:41:13.838  1235  1235 W Looper  : Drained
05-02 09:41:14.241  1235  1379 V FingerprintService: mDaemon was null, reconnect to fingerprint
05-02 09:41:14.247  1235  1379 W FingerprintService: fingerprint HIDL not available
05-02 09:41:32.805  1235  1379 V FingerprintService: mDaemon was null, reconnect to fingerprint
05-02 09:41:32.808  1235  1379 W FingerprintService: fingerprint HIDL not available
05-02 09:41:32.825  1235  1235 W Looper  : Slow delivery took 330ms main h=com.android.internal.view.IInputConnectionWrapper$MyHandler c=null m=65
05-02 09:41:32.851  1235  1235 W Looper  : Drained
05-02 09:41:36.703  1235  1235 W Looper  : Slow delivery took 245ms main h=com.android.internal.view.IInputConnectionWrapper$MyHandler c=null m=65
05-02 09:41:36.711  1235  1235 W Looper  : Drained
05-02 09:41:36.712  1235 12028 V FingerprintService: mDaemon was null, reconnect to fingerprint
05-02 09:41:36.719  1235 12028 W FingerprintService: fingerprint HIDL not available
05-02 09:41:38.948  1235 12028 V FingerprintService: mDaemon was null, reconnect to fingerprint
05-02 09:41:38.953  1235 12028 W FingerprintService: fingerprint HIDL not available
05-02 09:41:43.698  1235  1235 W Looper  : Slow dispatch took 239ms main h=android.os.Handler c=com.android.server.statusbar.-$$Lambda$StatusBarManagerService$u5u_W7qW5cMnzk9Qhp_oReST4Dc@adb8054 m=0
05-02 09:41:43.699  1235  1235 W Looper  : Slow delivery took 306ms main h=android.os.Handler c=com.android.server.statusbar.-$$Lambda$StatusBarManagerService$Ex4WQoiXjzWDsRHD7oXCkXIQBB4@5876bfd m=0
05-02 09:41:43.709  1235 12028 V FingerprintService: mDaemon was null, reconnect to fingerprint
05-02 09:41:43.711  1235 12028 W FingerprintService: fingerprint HIDL not available
05-02 09:41:43.727  1235  1235 W Looper  : Drained
05-02 09:42:02.853  1235  1432 W Looper  : Slow dispatch took 268ms android.ui h=com.android.server.am.ActivityManagerService$UiHandler c=null m=53
05-02 09:43:25.119  1235 12028 V FingerprintService: mDaemon was null, reconnect to fingerprint
05-02 09:43:25.122  1235 12028 W FingerprintService: fingerprint HIDL not available
05-02 09:43:25.131  1235  1235 W Looper  : Slow delivery took 265ms main h=android.view.AccessibilityInteractionController$PrivateHandler c=null m=2
05-02 09:43:25.152  1235  1235 W Looper  : Drained
05-02 09:43:26.055  1235 12028 V FingerprintService: mDaemon was null, reconnect to fingerprint
05-02 09:43:26.062  1235 12028 W FingerprintService: fingerprint HIDL not available
05-02 09:43:26.070  1235 12028 E WifiService: Permission violation - getConfiguredNetworks not allowed for uid=10182, packageName=com.tencent.mm, reason=java.lang.SecurityException: UID 10182 has no location permission
05-02 09:43:26.741  1235  1799 I PowerManagerService: Waking up from Dozing (uid=1000, reason=WAKE_REASON_POWER_BUTTON, details=android.policy:POWER)...
05-02 09:43:26.743  1235  1235 W Looper  : Slow dispatch took 255ms main h=android.view.Choreographer$FrameHandler c=android.view.Choreographer$FrameDisplayEventReceiver@fa280b8 m=0
05-02 09:43:26.756  1235  1235 W Looper  : Slow delivery took 274ms main h=android.view.ViewRootImpl$ViewRootHandler c=null m=3
05-02 09:43:26.757  1235  1235 W UsageStatsService: Event reported without a package name, eventType:15
05-02 09:43:26.757  1235  1235 W UsageStatsService: Event reported without a package name, eventType:15
05-02 09:43:26.766  1235  1504 I DisplayPowerController: Blocking screen on until initial contents have been drawn.
05-02 09:43:26.780  1235  2482 E WifiService: Permission violation - getConfiguredNetworks not allowed for uid=10182, packageName=com.tencent.mm, reason=java.lang.SecurityException: UID 10182 has no location permission
05-02 09:43:26.802  1235  1504 V DisplayPowerController: Brightness [39] reason changing to: 'manual', previous reason: 'screen_off'.
05-02 09:43:26.804  1235  1434 I DisplayManagerService: Display device changed state: "", ON
05-02 09:43:26.815  1235  1799 D WindowManager: powerPress: eventTime=11931225 interactive=true count=1 beganFromNonInteractive=true mShortPressOnPowerBehavior=1
05-02 09:43:26.834  1235  1504 I DisplayPowerController: Unblocked screen on after 68 ms
05-02 09:43:26.922  1235 16200 E WifiService: Permission violation - getConfiguredNetworks not allowed for uid=10182, packageName=com.tencent.mm, reason=java.lang.SecurityException: UID 10182 has no location permission
05-02 09:43:26.943  1235  9112 E WifiService: Permission violation - getConfiguredNetworks not allowed for uid=10182, packageName=com.tencent.mm, reason=java.lang.SecurityException: UID 10182 has no location permission
05-02 09:43:27.015  1235  9112 V FingerprintService: mDaemon was null, reconnect to fingerprint
05-02 09:43:27.017  1235  9112 W FingerprintService: fingerprint HIDL not available
05-02 09:43:27.056  1235  1504 W PowerManagerService: Screen on took 373 ms
05-02 09:43:27.056  1235  1504 I DreamManagerService: Gently waking up from dream.
05-02 09:43:27.067  1235  1235 W Looper  : Slow dispatch took 309ms main h=com.android.server.power.Notifier$NotifierHandler c=com.android.server.power.Notifier$1@45bedc6 m=0
05-02 09:43:27.074  1235  1431 W Looper  : Slow dispatch took 108ms android.fg h=android.os.Handler c=com.android.server.-$$Lambda$NetworkManagementService$NetdUnsolicitedEventListener$0xWa9DGxTnoGVHppsM-nng2PygE@abac187 m=0
05-02 09:43:27.075  1235  1431 I DreamManagerService: Performing gentle wake from dream.
05-02 09:43:27.104  1235  1379 I DreamManagerService: Leaving dreamland.
05-02 09:43:27.105  1235  1431 I DreamManagerService: Performing gentle wake from dream.
05-02 09:43:27.105  1235  1431 I DreamController: Stopping dream: name=ComponentInfo{com.android.systemui/com.android.systemui.doze.DozeService}, isTest=false, canDoze=true, userId=0
05-02 09:43:27.115  1235  9112 V FingerprintService: mDaemon was null, reconnect to fingerprint
05-02 09:43:27.116  1235  9112 W FingerprintService: fingerprint HIDL not available
05-02 09:43:27.207  1235  6591 V FingerprintService: mDaemon was null, reconnect to fingerprint
05-02 09:43:27.209  1235  6591 W FingerprintService: fingerprint HIDL not available
05-02 09:43:27.223  1235  1235 W Looper  : Drained
05-02 09:43:27.261  1235  6591 W BroadcastQueue: Background execution not allowed: receiving Intent { act=android.net.wifi.RSSI_CHANGED flg=0x4000010 (has extras) } to com.tencent.tim/com.tencent.qqmail.utilities.qmbroadcastreceiver.WifiChangeReceiver
05-02 09:43:27.417  1235 12028 W ProcessStats: Tracking association SourceState{1046b37 com.tencent.tim:mail/10151 Top #27390} whose proc state 1 is better than process ProcessState{3c9ec43 com.tencent.tim:MSF/10151 pkg=com.tencent.tim} proc state 7 (14 skipped)
05-02 09:43:27.860  1235  1379 D ActivityTaskManager: Top Process State changed to PROCESS_STATE_TOP
05-02 09:43:27.919  1235  1844 D ConnectivityService: Blocked status changed to false for 10151(403) on netId 104
05-02 09:43:27.920  1235  1844 D ConnectivityService: Blocked status changed to false for 10151(404) on netId 104
05-02 09:43:27.920  1235  1844 D ConnectivityService: Blocked status changed to false for 10151(405) on netId 104
05-02 09:43:27.920  1235  1844 D ConnectivityService: Blocked status changed to false for 10151(406) on netId 104
05-02 09:43:27.920  1235  1844 D ConnectivityService: Blocked status changed to false for 10151(408) on netId 104
05-02 09:43:27.920  1235  1844 D ConnectivityService: Blocked status changed to false for 10151(409) on netId 104
05-02 09:43:27.921  1235  1844 D ConnectivityService: Blocked status changed to false for 10151(410) on netId 104
05-02 09:43:27.921  1235  1844 D ConnectivityService: Blocked status changed to false for 10151(411) on netId 104
05-02 09:43:27.921  1235  1844 D ConnectivityService: Blocked status changed to false for 10151(417) on netId 104
05-02 09:43:27.921  1235  1844 D ConnectivityService: Blocked status changed to false for 10151(425) on netId 104
05-02 09:43:27.921  1235  1844 D ConnectivityService: Blocked status changed to false for 10151(426) on netId 104
05-02 09:43:27.924  1235 12028 D ConnectivityService: Returning UNBLOCKED NetworkInfo to uid=10151
05-02 09:43:28.039  1235  1434 W UsageStatsService: Event reported without a package name, eventType:18
05-02 09:43:28.039  1235  1434 W UsageStatsService: Event reported without a package name, eventType:18
05-02 09:43:28.050  1235  1441 W BroadcastQueue: Background execution not allowed: receiving Intent { act=android.intent.action.USER_PRESENT flg=0x24200010 } to com.eg.android.AlipayGphone/com.alipay.pushsdk.BroadcastActionReceiver
05-02 09:43:28.050  1235  1441 W BroadcastQueue: Background execution not allowed: receiving Intent { act=android.intent.action.USER_PRESENT flg=0x24200010 } to com.tencent.tmgp.pubgmhd/com.tencent.android.tpush.XGPushReceiver
05-02 09:43:28.050  1235  1441 W BroadcastQueue: Background execution not allowed: receiving Intent { act=android.intent.action.USER_PRESENT flg=0x24200010 } to com.tencent.tmgp.sgame/com.tencent.android.tpush.XGPushReceiver
05-02 09:43:28.050  1235  1441 W BroadcastQueue: Background execution not allowed: receiving Intent { act=android.intent.action.USER_PRESENT flg=0x24200010 } to com.iflytek.inputmethod/.multiprocess.AssistReceiver
05-02 09:43:28.050  1235  1441 W BroadcastQueue: Permission Denial: broadcasting Intent { act=android.intent.action.USER_PRESENT flg=0x24200010 } from com.android.systemui (pid=2120, uid=10131) is not exported from uid 10191 due to receiver com.nasoft.socmark/cn.jpush.android.service.PushReceiver
05-02 09:43:28.050  1235  1441 W BroadcastQueue: Background execution not allowed: receiving Intent { act=android.intent.action.USER_PRESENT flg=0x24200010 } to com.ss.android.ugc.aweme/com.ss.android.message.MessageReceiver
05-02 09:43:28.050  1235  1441 W BroadcastQueue: Background execution not allowed: receiving Intent { act=android.intent.action.USER_PRESENT flg=0x24200010 } to com.ss.android.ugc.aweme/com.ss.android.message.sswo.SswoReceiver
05-02 09:43:28.050  1235  1441 W BroadcastQueue: Background execution not allowed: receiving Intent { act=android.intent.action.USER_PRESENT flg=0x24200010 } to com.ss.android.ugc.aweme/com.ss.android.push.window.oppo.ScreenReceiver
05-02 09:43:28.050  1235  1441 W BroadcastQueue: Background execution not allowed: receiving Intent { act=android.intent.action.USER_PRESENT flg=0x24200010 } to com.ss.android.ugc.aweme/com.taobao.accs.EventReceiver
05-02 09:43:28.050  1235  1441 W BroadcastQueue: Background execution not allowed: receiving Intent { act=android.intent.action.USER_PRESENT flg=0x24200010 } to com.taobao.idlefish/com.taobao.accs.EventReceiver
05-02 09:43:28.050  1235  1441 W BroadcastQueue: Background execution not allowed: receiving Intent { act=android.intent.action.USER_PRESENT flg=0x24200010 } to com.taobao.taobao/com.taobao.accs.EventReceiver
05-02 09:43:28.050  1235  1441 W BroadcastQueue: Permission Denial: broadcasting Intent { act=android.intent.action.USER_PRESENT flg=0x24200010 } from com.android.systemui (pid=2120, uid=10131) is not exported from uid 10186 due to receiver tv.danmaku.bili/cn.jpush.android.service.PushReceiver
05-02 09:43:28.069  1235  1441 W BroadcastQueue: Background execution not allowed: receiving Intent { act=android.intent.action.USER_PRESENT flg=0x24200010 } to com.iflytek.inputmethod/.multiprocess.AssistReceiver
05-02 09:43:28.108  1235  1844 D ConnectivityService: Blocked status changed to false for 10182(375) on netId 104
05-02 09:43:28.109  1235  1844 D ConnectivityService: Blocked status changed to false for 10182(376) on netId 104
05-02 09:43:28.124  1235  1844 D ConnectivityService: Blocked status changed to false for 10180(347) on netId 104
05-02 09:43:28.137  1235  1844 D ConnectivityService: Blocked status changed to false for 10180(348) on netId 104
05-02 09:43:28.138  1235  1844 D ConnectivityService: Blocked status changed to false for 10180(349) on netId 104
05-02 09:43:28.139  1235  1844 D ConnectivityService: Blocked status changed to false for 10180(350) on netId 104
05-02 09:43:28.139  1235  1844 D ConnectivityService: Blocked status changed to false for 10180(351) on netId 104
05-02 09:43:28.140  1235  1844 D ConnectivityService: Blocked status changed to false for 10180(352) on netId 104
05-02 09:43:28.140  1235  1844 D ConnectivityService: Blocked status changed to false for 10180(360) on netId 104
05-02 09:43:28.141  1235  1844 D ConnectivityService: Blocked status changed to false for 10180(361) on netId 104
05-02 09:43:28.141  1235  1844 D ConnectivityService: Blocked status changed to false for 10180(368) on netId 104
05-02 09:43:28.141  1235  1844 D ConnectivityService: Blocked status changed to false for 10180(369) on netId 104
05-02 09:43:28.141  1235  1844 D ConnectivityService: Blocked status changed to false for 10180(414) on netId 104
05-02 09:43:28.141  1235  1844 D ConnectivityService: Blocked status changed to false for 10180(415) on netId 104
05-02 09:43:28.142  1235  1844 D ConnectivityService: Blocked status changed to false for 10180(418) on netId 104
05-02 09:43:28.142  1235  1844 D ConnectivityService: Blocked status changed to false for 10180(419) on netId 104
05-02 09:43:28.142  1235  1844 D ConnectivityService: Blocked status changed to false for 10180(420) on netId 104
05-02 09:43:28.142  1235  1844 D ConnectivityService: Blocked status changed to false for 10180(421) on netId 104
05-02 09:43:28.142  1235  1844 D ConnectivityService: Blocked status changed to false for 10180(422) on netId 104
05-02 09:43:28.143  1235  1844 D ConnectivityService: Blocked status changed to false for 10180(423) on netId 104
05-02 09:43:28.156  1235  1844 D ConnectivityService: Blocked status changed to false for 10164(400) on netId 104
05-02 09:43:28.156  1235  1844 D ConnectivityService: Blocked status changed to false for 10164(401) on netId 104
05-02 09:43:28.982  1235  5679 D ConnectivityService: Returning UNBLOCKED NetworkInfo to uid=10182
05-02 09:43:28.986  1235  5679 E WifiService: Permission violation - getConfiguredNetworks not allowed for uid=10182, packageName=com.tencent.mm, reason=java.lang.SecurityException: UID 10182 has no location permission
05-02 09:43:29.000  1235  9112 E WifiService: Permission violation - getConfiguredNetworks not allowed for uid=10182, packageName=com.tencent.mm, reason=java.lang.SecurityException: UID 10182 has no location permission
05-02 09:43:29.135  1235 12028 E WifiService: Permission violation - getConfiguredNetworks not allowed for uid=10182, packageName=com.tencent.mm, reason=java.lang.SecurityException: UID 10182 has no location permission
05-02 09:43:29.218  1235  1843 E WifiService: Permission violation - getConfiguredNetworks not allowed for uid=10182, packageName=com.tencent.mm, reason=java.lang.SecurityException: UID 10182 has no location permission
05-02 09:43:29.251  1235  1843 E WifiService: Permission violation - getConfiguredNetworks not allowed for uid=10182, packageName=com.tencent.mm, reason=java.lang.SecurityException: UID 10182 has no location permission
05-02 09:43:29.286  1235  2482 E WifiService: Permission violation - getConfiguredNetworks not allowed for uid=10182, packageName=com.tencent.mm, reason=java.lang.SecurityException: UID 10182 has no location permission
05-02 09:43:29.291  1235 16200 E WifiService: Permission violation - getConfiguredNetworks not allowed for uid=10182, packageName=com.tencent.mm, reason=java.lang.SecurityException: UID 10182 has no location permission
05-02 09:43:29.882  1235  1432 E RemoteAugmentedAutofillService: Bad service name for flags 1048704: com.google.android.as/com.google.android.apps.miphone.aiai.app.AiAiAugmentedAutofillService
05-02 09:43:29.889  1235  1432 E RemoteAugmentedAutofillService: Bad service name for flags 1048704: com.google.android.as/com.google.android.apps.miphone.aiai.app.AiAiAugmentedAutofillService
05-02 09:43:30.902  1235  1469 E BatteryExternalStatsWorker: no controller energy info supplied for wifi
05-02 09:43:30.902  1235  1469 E BatteryExternalStatsWorker: no controller energy info supplied for bluetooth
05-02 09:43:30.969  1235  1469 W BatteryExternalStatsWorker: modem info is invalid: ModemActivityInfo{ mTimestamp=0 mSleepTimeMs=0 mIdleTimeMs=0 mTxTimeMs[]=[0, 0, 0, 0, 0] mRxTimeMs=0 mEnergyUsed=0}
05-02 09:43:31.354  1235  1843 D ConnectivityService: Returning UNBLOCKED NetworkInfo to uid=10180
05-02 09:43:32.888  1235  1843 E WifiService: Permission violation - getConfiguredNetworks not allowed for uid=10182, packageName=com.tencent.mm, reason=java.lang.SecurityException: UID 10182 has no location permission
05-02 09:43:32.894  1235  3030 E TaskPersister: File error accessing recents directory (directory doesn't exist?).
05-02 09:43:32.901  1235  1843 E WifiService: Permission violation - getConfiguredNetworks not allowed for uid=10182, packageName=com.tencent.mm, reason=java.lang.SecurityException: UID 10182 has no location permission
05-02 09:43:32.916  1235 12028 E WifiService: Permission violation - getConfiguredNetworks not allowed for uid=10182, packageName=com.tencent.mm, reason=java.lang.SecurityException: UID 10182 has no location permission
05-02 09:43:32.930  1235  1843 E WifiService: Permission violation - getConfiguredNetworks not allowed for uid=10182, packageName=com.tencent.mm, reason=java.lang.SecurityException: UID 10182 has no location permission
05-02 09:43:32.940  1235  1843 E WifiService: Permission violation - getConfiguredNetworks not allowed for uid=10182, packageName=com.tencent.mm, reason=java.lang.SecurityException: UID 10182 has no location permission
05-02 09:43:33.063  1235  9112 E WifiService: Permission violation - getConfiguredNetworks not allowed for uid=10182, packageName=com.tencent.mm, reason=java.lang.SecurityException: UID 10182 has no location permission
05-02 09:43:33.073  1235  9112 I chatty  : uid=1000(system) Binder:1235_16 identical 1 line
05-02 09:43:33.179  1235  9112 E WifiService: Permission violation - getConfiguredNetworks not allowed for uid=10182, packageName=com.tencent.mm, reason=java.lang.SecurityException: UID 10182 has no location permission
05-02 09:43:33.317  1235  1441 W BroadcastQueue: Background execution not allowed: receiving Intent { act=android.net.wifi.RSSI_CHANGED flg=0x4000010 (has extras) } to com.tencent.tim/com.tencent.qqmail.utilities.qmbroadcastreceiver.WifiChangeReceiver
05-02 09:43:33.447  1235 12028 E WifiService: Permission violation - getConfiguredNetworks not allowed for uid=10182, packageName=com.tencent.mm, reason=java.lang.SecurityException: UID 10182 has no location permission
05-02 09:43:33.863  1235  9112 E WifiService: Permission violation - getConfiguredNetworks not allowed for uid=10182, packageName=com.tencent.mm, reason=java.lang.SecurityException: UID 10182 has no location permission
05-02 09:43:33.923  1235  5679 E WifiService: Permission violation - getConfiguredNetworks not allowed for uid=10182, packageName=com.tencent.mm, reason=java.lang.SecurityException: UID 10182 has no location permission
05-02 09:43:33.934  1235  5679 E WifiService: Permission violation - getConfiguredNetworks not allowed for uid=10182, packageName=com.tencent.mm, reason=java.lang.SecurityException: UID 10182 has no location permission
05-02 09:43:34.036  1235  9112 E WifiService: Permission violation - getConfiguredNetworks not allowed for uid=10182, packageName=com.tencent.mm, reason=java.lang.SecurityException: UID 10182 has no location permission
05-02 09:43:34.091  1235  5679 E WifiService: Permission violation - getConfiguredNetworks not allowed for uid=10182, packageName=com.tencent.mm, reason=java.lang.SecurityException: UID 10182 has no location permission
05-02 09:43:34.124  1235 12028 E WifiService: Permission violation - getConfiguredNetworks not allowed for uid=10182, packageName=com.tencent.mm, reason=java.lang.SecurityException: UID 10182 has no location permission
05-02 09:43:34.140  1235 12028 I chatty  : uid=1000(system) Binder:1235_1C identical 1 line
05-02 09:43:34.253  1235 12028 E WifiService: Permission violation - getConfiguredNetworks not allowed for uid=10182, packageName=com.tencent.mm, reason=java.lang.SecurityException: UID 10182 has no location permission
05-02 09:43:34.430  1235  5679 W ActivityManager: Unable to start service Intent { act=com.android.launcher3.WINDOW_OVERLAY dat=app://com.google.android.apps.nexuslauncher:10129?v=9&cv=14 pkg=com.google.android.googlequicksearchbox } U=0: not found
05-02 09:43:34.435  1235  1235 W ActivityManager: Unable to start service Intent { act=android.service.appprediction.AppPredictionService cmp=com.google.android.as/com.google.android.apps.miphone.aiai.app.AiAiPredictionService } U=0: not found
05-02 09:43:34.435  1235  1235 W RemoteAppPredictionService: could not bind to Intent { act=android.service.appprediction.AppPredictionService cmp=com.google.android.as/com.google.android.apps.miphone.aiai.app.AiAiPredictionService } using flags 67108865
05-02 09:43:34.631  2394  4979 W TextClassifierService: Package or service not found in package com.google.android.as for user 0
05-02 09:43:34.941  2394  4979 I chatty  : uid=10075(u0_a75) pool-2-thread-1 identical 2 lines
05-02 09:43:34.951  2394  4979 W TextClassifierService: Package or service not found in package com.google.android.as for user 0
05-02 09:43:35.043  1235  1235 E NotificationService: Muting recently noisy 0|com.tencent.mm|1421880594|null|10182
05-02 09:43:35.056  1235  2482 E WifiService: Permission violation - getConfiguredNetworks not allowed for uid=10182, packageName=com.tencent.mm, reason=java.lang.SecurityException: UID 10182 has no location permission
05-02 09:43:35.114  1235  2482 I chatty  : uid=1000(system) Binder:1235_9 identical 2 lines
05-02 09:43:35.152  1235  2482 E WifiService: Permission violation - getConfiguredNetworks not allowed for uid=10182, packageName=com.tencent.mm, reason=java.lang.SecurityException: UID 10182 has no location permission
05-02 09:43:35.350  1235  1799 D WindowManager: powerPress: eventTime=11939798 interactive=true count=1 beganFromNonInteractive=false mShortPressOnPowerBehavior=1
05-02 09:43:35.351  1235  1799 I PowerManagerService: Going to sleep due to power_button (uid 1000)...
05-02 09:43:35.351  1235  1235 W UsageStatsService: Event reported without a package name, eventType:16
05-02 09:43:35.351  1235  1235 W UsageStatsService: Event reported without a package name, eventType:16
05-02 09:43:35.438  2394  4979 W TextClassifierService: Package or service not found in package com.google.android.as for user 0
05-02 09:43:35.456  2394  4979 W TextClassifierService: Package or service not found in package com.google.android.as for user 0
05-02 09:43:35.518  1235  1235 E NotificationService: Muting recently noisy 0|com.tencent.mm|1421880594|null|10182
05-02 09:43:35.755  1235  9112 E WifiService: Permission violation - getConfiguredNetworks not allowed for uid=10182, packageName=com.tencent.mm, reason=java.lang.SecurityException: UID 10182 has no location permission
05-02 09:43:35.776  1235  9112 E WifiService: Permission violation - getConfiguredNetworks not allowed for uid=10182, packageName=com.tencent.mm, reason=java.lang.SecurityException: UID 10182 has no location permission
05-02 09:43:35.843  1235 16200 E WifiService: Permission violation - getConfiguredNetworks not allowed for uid=10182, packageName=com.tencent.mm, reason=java.lang.SecurityException: UID 10182 has no location permission
05-02 09:43:35.853  1235  9112 E WifiService: Permission violation - getConfiguredNetworks not allowed for uid=10182, packageName=com.tencent.mm, reason=java.lang.SecurityException: UID 10182 has no location permission
05-02 09:43:35.871  1235  9112 E WifiService: Permission violation - getConfiguredNetworks not allowed for uid=10182, packageName=com.tencent.mm, reason=java.lang.SecurityException: UID 10182 has no location permission
05-02 09:43:35.880  1235  1504 I DisplayPowerController: Blocking screen off
05-02 09:43:35.880  1235  1504 I DisplayPowerController: Unblocked screen off after 0 ms
05-02 09:43:35.912  1235  1504 D ActivityTaskManager: Top Process State changed to PROCESS_STATE_TOP_SLEEPING
05-02 09:43:35.941  1235  1504 V DisplayPowerController: Brightness [0] reason changing to: 'screen_off', previous reason: 'manual'.
05-02 09:43:35.947  1235  1434 I DisplayManagerService: Display device changed state: "", OFF
05-02 09:43:36.056  1235  9112 E WifiService: Permission violation - getConfiguredNetworks not allowed for uid=10182, packageName=com.tencent.mm, reason=java.lang.SecurityException: UID 10182 has no location permission
05-02 09:43:36.071  1235  9112 E WifiService: Permission violation - getConfiguredNetworks not allowed for uid=10182, packageName=com.tencent.mm, reason=java.lang.SecurityException: UID 10182 has no location permission
05-02 09:43:36.145  1235 16200 E WifiService: Permission violation - getConfiguredNetworks not allowed for uid=10182, packageName=com.tencent.mm, reason=java.lang.SecurityException: UID 10182 has no location permission
05-02 09:43:36.162  1235  9112 E WifiService: Permission violation - getConfiguredNetworks not allowed for uid=10182, packageName=com.tencent.mm, reason=java.lang.SecurityException: UID 10182 has no location permission
05-02 09:43:36.314  1235  2482 E WifiService: Permission violation - getConfiguredNetworks not allowed for uid=10182, packageName=com.tencent.mm, reason=java.lang.SecurityException: UID 10182 has no location permission
05-02 09:43:36.458  1235  1504 I DreamManagerService: Entering dreamland.
05-02 09:43:36.459  1235  1504 I PowerManagerService: Dozing...
05-02 09:43:36.463  1235  1431 I DreamController: Starting dream: name=ComponentInfo{com.android.systemui/com.android.systemui.doze.DozeService}, isTest=false, canDoze=true, userId=0
05-02 09:43:36.522  1235  2482 E WifiService: Permission violation - getConfiguredNetworks not allowed for uid=10182, packageName=com.tencent.mm, reason=java.lang.SecurityException: UID 10182 has no location permission
05-02 09:43:36.958  1235  1434 W UsageStatsService: Event reported without a package name, eventType:17
05-02 09:43:36.960  1235  1434 W UsageStatsService: Event reported without a package name, eventType:17
05-02 09:43:36.979  1235  2482 V FingerprintService: mDaemon was null, reconnect to fingerprint
05-02 09:43:36.981  1235  2482 W FingerprintService: fingerprint HIDL not available
05-02 09:43:36.991  1235  5679 V FingerprintService: mDaemon was null, reconnect to fingerprint
05-02 09:43:36.992  1235  5679 W FingerprintService: fingerprint HIDL not available
05-02 09:43:37.000  1235  1379 V FingerprintService: mDaemon was null, reconnect to fingerprint
05-02 09:43:37.002  1235  1379 W FingerprintService: fingerprint HIDL not available
05-02 09:43:37.031  1235  2482 V FingerprintService: mDaemon was null, reconnect to fingerprint
05-02 09:43:37.033  1235  2482 W FingerprintService: fingerprint HIDL not available
05-02 09:43:37.063  1235  1379 V FingerprintService: mDaemon was null, reconnect to fingerprint
05-02 09:43:37.065  1235  1379 W FingerprintService: fingerprint HIDL not available
05-02 09:43:38.261  1235  2482 E WifiService: Permission violation - getConfiguredNetworks not allowed for uid=10182, packageName=com.tencent.mm, reason=java.lang.SecurityException: UID 10182 has no location permission
05-02 09:43:38.323  1235  2482 I chatty  : uid=1000(system) Binder:1235_9 identical 2 lines
05-02 09:43:38.330  1235  2482 E WifiService: Permission violation - getConfiguredNetworks not allowed for uid=10182, packageName=com.tencent.mm, reason=java.lang.SecurityException: UID 10182 has no location permission
05-02 09:43:38.341  1235  5679 E WifiService: Permission violation - getConfiguredNetworks not allowed for uid=10182, packageName=com.tencent.mm, reason=java.lang.SecurityException: UID 10182 has no location permission
05-02 09:43:38.667  1235  5679 E WifiService: Permission violation - getConfiguredNetworks not allowed for uid=10182, packageName=com.tencent.mm, reason=java.lang.SecurityException: UID 10182 has no location permission
05-02 09:43:40.757  1235  9112 E WifiService: Permission violation - getConfiguredNetworks not allowed for uid=10182, packageName=com.tencent.mm, reason=java.lang.SecurityException: UID 10182 has no location permission
05-02 09:43:40.808  1235  9112 I chatty  : uid=1000(system) Binder:1235_16 identical 2 lines
05-02 09:43:40.815  1235  9112 E WifiService: Permission violation - getConfiguredNetworks not allowed for uid=10182, packageName=com.tencent.mm, reason=java.lang.SecurityException: UID 10182 has no location permission
05-02 09:43:40.825  1235  2482 E WifiService: Permission violation - getConfiguredNetworks not allowed for uid=10182, packageName=com.tencent.mm, reason=java.lang.SecurityException: UID 10182 has no location permission
05-02 09:43:40.996  1235  9112 E WifiService: Permission violation - getConfiguredNetworks not allowed for uid=10182, packageName=com.tencent.mm, reason=java.lang.SecurityException: UID 10182 has no location permission
05-02 09:44:09.273  1235  9112 I chatty  : uid=1000(system) Binder:1235_16 identical 1 line
05-02 09:44:09.287  1235  9112 E WifiService: Permission violation - getConfiguredNetworks not allowed for uid=10182, packageName=com.tencent.mm, reason=java.lang.SecurityException: UID 10182 has no location permission
05-02 09:44:09.316  1235  2482 E WifiService: Permission violation - getConfiguredNetworks not allowed for uid=10182, packageName=com.tencent.mm, reason=java.lang.SecurityException: UID 10182 has no location permission
05-02 09:44:09.323  1235  2482 I chatty  : uid=1000(system) Binder:1235_9 identical 1 line
05-02 09:44:09.343  1235  2482 E WifiService: Permission violation - getConfiguredNetworks not allowed for uid=10182, packageName=com.tencent.mm, reason=java.lang.SecurityException: UID 10182 has no location permission
05-02 09:44:09.497  1235  9112 E WifiService: Permission violation - getConfiguredNetworks not allowed for uid=10182, packageName=com.tencent.mm, reason=java.lang.SecurityException: UID 10182 has no location permission
05-02 09:45:21.310  1235  1379 E WifiService: Permission violation - getConfiguredNetworks not allowed for uid=10182, packageName=com.tencent.mm, reason=java.lang.SecurityException: UID 10182 has no location permission
05-02 09:45:21.324  2394  4979 W TextClassifierService: Package or service not found in package com.google.android.as for user 0
05-02 09:45:21.363  2394  4979 W TextClassifierService: Package or service not found in package com.google.android.as for user 0
05-02 09:45:21.580  1235  1504 I DisplayPowerController: Blocking screen on until initial contents have been drawn.
05-02 09:45:21.612  1235  1504 V DisplayPowerController: Brightness [10] reason changing to: 'doze', previous reason: 'screen_off'.
05-02 09:45:21.615  1235  1434 I DisplayManagerService: Display device changed state: "", ON
05-02 09:45:21.765  1235  1504 I DisplayPowerController: Unblocked screen on after 185 ms
05-02 09:45:21.810  2289  2289 W TelecomFramework: AccountEntry: registerMmTelCapabilityCallback: registration failed, no ImsService available. Exception: CapabilityCallbackManager - MmTelFeature binder is dead. (code: 1)
05-02 09:45:21.862  2289  2289 I chatty  : uid=1001(radio) com.android.phone identical 2 lines
05-02 09:45:21.871  2289  2289 W TelecomFramework: AccountEntry: registerMmTelCapabilityCallback: registration failed, no ImsService available. Exception: CapabilityCallbackManager - MmTelFeature binder is dead. (code: 1)
05-02 09:45:28.230  1235  1504 I DisplayPowerController: Blocking screen off
05-02 09:45:28.231  1235  1504 I DisplayPowerController: Unblocked screen off after 1 ms
05-02 09:45:28.264  1235  1504 V DisplayPowerController: Brightness [0] reason changing to: 'screen_off', previous reason: 'doze'.
05-02 09:45:28.268  1235  1434 I DisplayManagerService: Display device changed state: "", OFF
05-02 09:45:41.829  1235  1441 W ActivityManager: Stopping service due to app idle: u0a151 -2m12s811ms com.tencent.tim/com.tencent.mobileqq.app.CoreService
05-02 09:46:36.780  1235  6591 W ActivityManager: Background start not allowed: service Intent { act=com.ss.android.message.action.PUSH_SERVICE pkg=com.ss.android.ugc.aweme cmp=com.ss.android.ugc.aweme/com.ss.android.message.NotifyService } to com.ss.android.ugc.aweme/com.ss.android.message.NotifyService from pid=10054 uid=10180 pkg=com.ss.android.ugc.aweme startFg?=false
05-02 09:46:36.823  1235  1844 D ConnectivityService: Blocked status changed to true for 10182(375) on netId 104
05-02 09:46:36.825  1235  1844 D ConnectivityService: Blocked status changed to true for 10182(376) on netId 104
05-02 09:46:36.834  1235  1844 D ConnectivityService: Blocked status changed to true for 10151(403) on netId 104
05-02 09:46:36.835  1235  1844 D ConnectivityService: Blocked status changed to true for 10151(404) on netId 104
05-02 09:46:36.836  1235  1844 D ConnectivityService: Blocked status changed to true for 10151(405) on netId 104
05-02 09:46:36.837  1235  1844 D ConnectivityService: Blocked status changed to true for 10151(406) on netId 104
05-02 09:46:36.838  1235  1844 D ConnectivityService: Blocked status changed to true for 10151(408) on netId 104
05-02 09:46:36.839  1235  1844 D ConnectivityService: Blocked status changed to true for 10151(409) on netId 104
05-02 09:46:36.840  1235  1844 D ConnectivityService: Blocked status changed to true for 10151(410) on netId 104
05-02 09:46:36.843  1235  1844 D ConnectivityService: Blocked status changed to true for 10151(411) on netId 104
05-02 09:46:36.844  1235  1844 D ConnectivityService: Blocked status changed to true for 10151(417) on netId 104
05-02 09:46:36.844  1235  1844 D ConnectivityService: Blocked status changed to true for 10151(425) on netId 104
05-02 09:46:36.845  1235  1844 D ConnectivityService: Blocked status changed to true for 10151(426) on netId 104
05-02 09:46:36.852  1235  1844 D ConnectivityService: Blocked status changed to true for 10180(347) on netId 104
05-02 09:46:36.853  1235  1844 D ConnectivityService: Blocked status changed to true for 10180(348) on netId 104
05-02 09:46:36.854  1235  1844 D ConnectivityService: Blocked status changed to true for 10180(349) on netId 104
05-02 09:46:36.855  1235  1844 D ConnectivityService: Blocked status changed to true for 10180(350) on netId 104
05-02 09:46:36.856  1235  1844 D ConnectivityService: Blocked status changed to true for 10180(351) on netId 104
05-02 09:46:36.857  1235  1844 D ConnectivityService: Blocked status changed to true for 10180(352) on netId 104
05-02 09:46:36.857  1235  1844 D ConnectivityService: Blocked status changed to true for 10180(360) on netId 104
05-02 09:46:36.859  1235  1844 D ConnectivityService: Blocked status changed to true for 10180(361) on netId 104
05-02 09:46:36.860  1235  1844 D ConnectivityService: Blocked status changed to true for 10180(368) on netId 104
05-02 09:46:36.863  1235  1844 D ConnectivityService: Blocked status changed to true for 10180(369) on netId 104
05-02 09:46:36.863  1235  1844 D ConnectivityService: Blocked status changed to true for 10180(414) on netId 104
05-02 09:46:36.864  1235  1844 D ConnectivityService: Blocked status changed to true for 10180(415) on netId 104
05-02 09:46:36.866  1235  1844 D ConnectivityService: Blocked status changed to true for 10180(418) on netId 104
05-02 09:46:36.867  1235  1844 D ConnectivityService: Blocked status changed to true for 10180(419) on netId 104
05-02 09:46:36.867  1235  1844 D ConnectivityService: Blocked status changed to true for 10180(420) on netId 104
05-02 09:46:36.868  1235  1844 D ConnectivityService: Blocked status changed to true for 10180(421) on netId 104
05-02 09:46:36.869  1235  1844 D ConnectivityService: Blocked status changed to true for 10180(422) on netId 104
05-02 09:46:36.870  1235  1844 D ConnectivityService: Blocked status changed to true for 10180(423) on netId 104
05-02 09:46:36.872  1235  1844 D ConnectivityService: Blocked status changed to true for 10164(400) on netId 104
05-02 09:46:36.873  1235  1844 D ConnectivityService: Blocked status changed to true for 10164(401) on netId 104
05-02 09:46:36.879  1235  1843 D ConnectivityService: Returning BLOCKED NetworkInfo to uid=10182
05-02 09:46:36.880  1235 12028 D ConnectivityService: Returning BLOCKED NetworkInfo to uid=10180
05-02 09:46:36.880  1235  2482 D ConnectivityService: Returning BLOCKED NetworkInfo to uid=10144
05-02 09:46:36.897  1235  1379 E WifiService: Permission violation - getConfiguredNetworks not allowed for uid=10182, packageName=com.tencent.mm, reason=java.lang.SecurityException: UID 10182 has no location permission
05-02 09:46:36.976  1235  2238 E WifiService: Permission violation - getConfiguredNetworks not allowed for uid=10182, packageName=com.tencent.mm, reason=java.lang.SecurityException: UID 10182 has no location permission
05-02 09:46:36.999  1235  5679 E WifiService: Permission violation - getConfiguredNetworks not allowed for uid=10182, packageName=com.tencent.mm, reason=java.lang.SecurityException: UID 10182 has no location permission
05-02 09:46:37.024  1235  5679 E WifiService: Permission violation - getConfiguredNetworks not allowed for uid=10182, packageName=com.tencent.mm, reason=java.lang.SecurityException: UID 10182 has no location permission
05-02 09:47:03.477  1235  1469 E BatteryExternalStatsWorker: no controller energy info supplied for wifi
05-02 09:47:46.803  1235  1799 I PowerManagerService: Waking up from Dozing (uid=1000, reason=WAKE_REASON_POWER_BUTTON, details=android.policy:POWER)...
05-02 09:47:46.803  1235  1235 W UsageStatsService: Event reported without a package name, eventType:15
05-02 09:47:46.803  1235  1235 W UsageStatsService: Event reported without a package name, eventType:15
05-02 09:47:46.831  1235  1799 D WindowManager: powerPress: eventTime=12032061 interactive=true count=1 beganFromNonInteractive=true mShortPressOnPowerBehavior=1
05-02 09:47:46.837  1235  1379 V FingerprintService: mDaemon was null, reconnect to fingerprint
05-02 09:47:46.841  1235  1379 W FingerprintService: fingerprint HIDL not available
05-02 09:47:46.885  1235  1504 I DisplayPowerController: Blocking screen on until initial contents have been drawn.
05-02 09:47:46.913  1235  1504 V DisplayPowerController: Brightness [39] reason changing to: 'manual', previous reason: 'screen_off'.
05-02 09:47:46.920  1235  1434 I DisplayManagerService: Display device changed state: "", ON
05-02 09:47:47.025  1235  1441 W BroadcastQueue: Background execution not allowed: receiving Intent { act=android.net.wifi.RSSI_CHANGED flg=0x4000010 (has extras) } to com.tencent.tim/com.tencent.qqmail.utilities.qmbroadcastreceiver.WifiChangeReceiver
05-02 09:47:47.041  1235  1843 D ConnectivityService: Returning BLOCKED NetworkInfo to uid=10151
05-02 09:47:47.049  1235  1504 I DisplayPowerController: Unblocked screen on after 164 ms
05-02 09:47:47.181  1235  1504 W PowerManagerService: Screen on took 444 ms
05-02 09:47:47.181  1235  1504 I DreamManagerService: Gently waking up from dream.
05-02 09:47:47.182  1235  1431 I DreamManagerService: Performing gentle wake from dream.
05-02 09:47:47.209  1235  2238 I DreamManagerService: Leaving dreamland.
05-02 09:47:47.210  1235  1431 I DreamManagerService: Performing gentle wake from dream.
05-02 09:47:47.210  1235  1431 I DreamController: Stopping dream: name=ComponentInfo{com.android.systemui/com.android.systemui.doze.DozeService}, isTest=false, canDoze=true, userId=0
05-02 09:47:47.232  1235  2238 V FingerprintService: mDaemon was null, reconnect to fingerprint
05-02 09:47:47.238  1235  2238 W FingerprintService: fingerprint HIDL not available
05-02 09:47:48.594  1235  1469 E BatteryExternalStatsWorker: no controller energy info supplied for wifi
05-02 09:47:48.839  1235 12028 D ActivityTaskManager: Top Process State changed to PROCESS_STATE_TOP
05-02 09:47:48.877  1235  1843 W ActivityManager: Unable to start service Intent { act=com.android.launcher3.WINDOW_OVERLAY dat=app://com.google.android.apps.nexuslauncher:10129?v=9&cv=14 pkg=com.google.android.googlequicksearchbox } U=0: not found
05-02 09:47:48.925  1235  1235 W ActivityManager: Unable to start service Intent { act=android.service.appprediction.AppPredictionService cmp=com.google.android.as/com.google.android.apps.miphone.aiai.app.AiAiPredictionService } U=0: not found
05-02 09:47:48.925  1235  1235 W RemoteAppPredictionService: could not bind to Intent { act=android.service.appprediction.AppPredictionService cmp=com.google.android.as/com.google.android.apps.miphone.aiai.app.AiAiPredictionService } using flags 67108865
05-02 09:47:48.965  1235  1434 W UsageStatsService: Event reported without a package name, eventType:18
05-02 09:47:48.965  1235  1434 W UsageStatsService: Event reported without a package name, eventType:18
05-02 09:47:48.971  1235  1441 W BroadcastQueue: Background execution not allowed: receiving Intent { act=android.intent.action.USER_PRESENT flg=0x24200010 } to com.eg.android.AlipayGphone/com.alipay.pushsdk.BroadcastActionReceiver
05-02 09:47:48.971  1235  1441 W BroadcastQueue: Background execution not allowed: receiving Intent { act=android.intent.action.USER_PRESENT flg=0x24200010 } to com.tencent.tmgp.pubgmhd/com.tencent.android.tpush.XGPushReceiver
05-02 09:47:48.971  1235  1441 W BroadcastQueue: Background execution not allowed: receiving Intent { act=android.intent.action.USER_PRESENT flg=0x24200010 } to com.tencent.tmgp.sgame/com.tencent.android.tpush.XGPushReceiver
05-02 09:47:48.971  1235  1441 W BroadcastQueue: Background execution not allowed: receiving Intent { act=android.intent.action.USER_PRESENT flg=0x24200010 } to com.iflytek.inputmethod/.multiprocess.AssistReceiver
05-02 09:47:48.971  1235  1441 W BroadcastQueue: Permission Denial: broadcasting Intent { act=android.intent.action.USER_PRESENT flg=0x24200010 } from com.android.systemui (pid=2120, uid=10131) is not exported from uid 10191 due to receiver com.nasoft.socmark/cn.jpush.android.service.PushReceiver
05-02 09:47:48.971  1235  1441 W BroadcastQueue: Background execution not allowed: receiving Intent { act=android.intent.action.USER_PRESENT flg=0x24200010 } to com.ss.android.ugc.aweme/com.ss.android.message.MessageReceiver
05-02 09:47:48.971  1235  1441 W BroadcastQueue: Background execution not allowed: receiving Intent { act=android.intent.action.USER_PRESENT flg=0x24200010 } to com.ss.android.ugc.aweme/com.ss.android.message.sswo.SswoReceiver
05-02 09:47:48.971  1235  1441 W BroadcastQueue: Background execution not allowed: receiving Intent { act=android.intent.action.USER_PRESENT flg=0x24200010 } to com.ss.android.ugc.aweme/com.ss.android.push.window.oppo.ScreenReceiver
05-02 09:47:48.971  1235  1441 W BroadcastQueue: Background execution not allowed: receiving Intent { act=android.intent.action.USER_PRESENT flg=0x24200010 } to com.ss.android.ugc.aweme/com.taobao.accs.EventReceiver
05-02 09:47:48.971  1235  1441 W BroadcastQueue: Background execution not allowed: receiving Intent { act=android.intent.action.USER_PRESENT flg=0x24200010 } to com.taobao.idlefish/com.taobao.accs.EventReceiver
05-02 09:47:48.971  1235  1441 W BroadcastQueue: Background execution not allowed: receiving Intent { act=android.intent.action.USER_PRESENT flg=0x24200010 } to com.taobao.taobao/com.taobao.accs.EventReceiver
