11-24 19:22:25.642   596   600 D vold    : Disk at 253:10 changed
11-24 19:22:25.642   596   600 D vold    : Disk at 253:10 changed
11-24 19:22:25.683     0     0 I EXT4-fs (dm-10): mounted filesystem without journal. Opts: (null)
11-24 19:22:25.683     0     0 I apexd   : Successfully mounted package /data/apex/active/com.android.media@301500800.apex on /apex/com.android.media@301500800
11-24 19:22:25.684     0     0 D apexd   : Creating bind-mount for /apex/com.android.media for /apex/com.android.media@301500800
11-24 19:22:25.684     0     0 D apexd   : Creating mountpoint /apex/com.android.media
11-24 19:22:25.684     0     0 D apexd   : Bind-mounting /apex/com.android.media@301500800 to /apex/com.android.media
11-24 19:22:25.684     0     0 D apexd   : Successfully activated /data/apex/active/com.android.media@301500800.apex package_name: com.android.media version: 301500800
11-24 19:22:25.684     0     0 D apexd   : Creating mount point: /apex/com.android.resolv@301500700
11-24 19:22:25.684   596   600 D vold    : Disk at 7:576 changed
11-24 19:22:25.684     0     0 D apexd   : Loopback device created: /dev/block/loop18
11-24 19:22:25.684     0     0 D apexd   : AVB footer verification successful.
11-24 19:22:25.685     0     0 D apexd   : /data/apex/active/com.android.resolv@301500700.apex: public key matches.
11-24 19:22:25.686     0     0 I device-mapper: verity: sha1 using implementation "sha1-ce"
11-24 19:22:25.686   596   600 D vold    : Disk at 253:11 changed
11-24 19:22:25.686   596   600 D vold    : Disk at 253:11 changed
11-24 19:22:25.707     0     0 I EXT4-fs (dm-11): mounted filesystem without journal. Opts: (null)
11-24 19:22:25.707     0     0 I apexd   : Successfully mounted package /data/apex/active/com.android.resolv@301500700.apex on /apex/com.android.resolv@301500700
11-24 19:22:25.708     0     0 D apexd   : Creating bind-mount for /apex/com.android.resolv for /apex/com.android.resolv@301500700
11-24 19:22:25.708     0     0 D apexd   : Creating mountpoint /apex/com.android.resolv
11-24 19:22:25.708     0     0 D apexd   : Bind-mounting /apex/com.android.resolv@301500700 to /apex/com.android.resolv
11-24 19:22:25.708     0     0 D apexd   : Successfully activated /data/apex/active/com.android.resolv@301500700.apex package_name: com.android.resolv version: 301500700
11-24 19:22:25.708     0     0 D apexd   : Creating mount point: /apex/com.android.extservices@301500700
11-24 19:22:25.708   596   600 D vold    : Disk at 7:608 changed
11-24 19:22:25.708     0     0 D apexd   : Loopback device created: /dev/block/loop19
11-24 19:22:25.708     0     0 D apexd   : AVB footer verification successful.
11-24 19:22:25.709     0     0 D apexd   : /data/apex/active/com.android.extservices@301500700.apex: public key matches.
11-24 19:22:25.710     0     0 I device-mapper: verity: sha1 using implementation "sha1-ce"
11-24 19:22:25.710   596   600 D vold    : Disk at 253:12 changed
11-24 19:22:25.710   596   600 D vold    : Disk at 253:12 changed
11-24 19:22:25.751     0     0 I EXT4-fs (dm-12): mounted filesystem without journal. Opts: (null)
11-24 19:22:25.751     0     0 I apexd   : Successfully mounted package /data/apex/active/com.android.extservices@301500700.apex on /apex/com.android.extservices@301500700
11-24 19:22:25.752     0     0 D apexd   : Creating bind-mount for /apex/com.android.extservices for /apex/com.android.extservices@301500700
11-24 19:22:25.752     0     0 D apexd   : Creating mountpoint /apex/com.android.extservices
11-24 19:22:25.752     0     0 D apexd   : Bind-mounting /apex/com.android.extservices@301500700 to /apex/com.android.extservices
11-24 19:22:25.752     0     0 D apexd   : Successfully activated /data/apex/active/com.android.extservices@301500700.apex package_name: com.android.extservices version: 301500700
11-24 19:22:25.752     0     0 D apexd   : Creating mount point: /apex/com.android.media.swcodec@301600000
11-24 19:22:25.752   596   600 D vold    : Disk at 7:640 changed
11-24 19:22:25.752     0     0 D apexd   : Loopback device created: /dev/block/loop20
11-24 19:22:25.752     0     0 D apexd   : AVB footer verification successful.
11-24 19:22:25.754     0     0 D apexd   : /data/apex/active/com.android.media.swcodec@301600000.apex: public key matches.
11-24 19:22:25.754     0     0 I device-mapper: verity: sha1 using implementation "sha1-ce"
11-24 19:22:25.754   596   600 D vold    : Disk at 253:13 changed
11-24 19:22:25.754   596   600 D vold    : Disk at 253:13 changed
11-24 19:22:25.776     0     0 I EXT4-fs (dm-13): mounted filesystem without journal. Opts: (null)
11-24 19:22:25.776     0     0 I apexd   : Successfully mounted package /data/apex/active/com.android.media.swcodec@301600000.apex on /apex/com.android.media.swcodec@301600000
11-24 19:22:25.776     0     0 D apexd   : Creating bind-mount for /apex/com.android.media.swcodec for /apex/com.android.media.swcodec@301600000
11-24 19:22:25.776     0     0 D apexd   : Creating mountpoint /apex/com.android.media.swcodec
11-24 19:22:25.776     0     0 D apexd   : Bind-mounting /apex/com.android.media.swcodec@301600000 to /apex/com.android.media.swcodec
11-24 19:22:25.776     0     0 D apexd   : Successfully activated /data/apex/active/com.android.media.swcodec@301600000.apex package_name: com.android.media.swcodec version: 301600000
11-24 19:22:25.776     0     0 D apexd   : Creating mount point: /apex/com.android.mediaprovider@301501700
11-24 19:22:25.777   596   600 D vold    : Disk at 7:672 changed
11-24 19:22:25.777     0     0 D apexd   : Loopback device created: /dev/block/loop21
11-24 19:22:25.777     0     0 D apexd   : AVB footer verification successful.
11-24 19:22:25.778     0     0 D apexd   : /data/apex/active/com.android.mediaprovider@301501700.apex: public key matches.
11-24 19:22:25.778     0     0 I device-mapper: verity: sha1 using implementation "sha1-ce"
11-24 19:22:25.779   596   600 D vold    : Disk at 253:14 changed
11-24 19:22:25.779   596   600 D vold    : Disk at 253:14 changed
11-24 19:22:25.820     0     0 I EXT4-fs (dm-14): mounted filesystem without journal. Opts: (null)
11-24 19:22:25.820     0     0 I apexd   : Successfully mounted package /data/apex/active/com.android.mediaprovider@301501700.apex on /apex/com.android.mediaprovider@301501700
11-24 19:22:25.820     0     0 D apexd   : Creating bind-mount for /apex/com.android.mediaprovider for /apex/com.android.mediaprovider@301501700
11-24 19:22:25.820     0     0 D apexd   : Creating mountpoint /apex/com.android.mediaprovider
11-24 19:22:25.820     0     0 D apexd   : Bind-mounting /apex/com.android.mediaprovider@301501700 to /apex/com.android.mediaprovider
11-24 19:22:25.820     0     0 D apexd   : Successfully activated /data/apex/active/com.android.mediaprovider@301501700.apex package_name: com.android.mediaprovider version: 301501700
11-24 19:22:25.820     0     0 I apexd   : Activated 15 packages. Skipped: 0
11-24 19:22:25.820     0     0 I apexd   : Scanning /system/apex looking for APEX packages.
11-24 19:22:25.820     0     0 I apexd   : Found /system/apex/com.google.android.telephony.apex
11-24 19:22:25.821     0     0 I apexd   : Found /system/apex/com.google.android.wifi.apex
11-24 19:22:25.821     0     0 I apexd   : Found /system/apex/com.google.android.conscrypt.apex
11-24 19:22:25.821     0     0 I apexd   : Found /system/apex/com.google.android.ipsec.apex
11-24 19:22:25.821     0     0 I apexd   : Found /system/apex/com.google.android.neuralnetworks.apex
11-24 19:22:25.821     0     0 I apexd   : Found /system/apex/com.google.android.tethering.apex
11-24 19:22:25.821     0     0 I apexd   : Found /system/apex/com.google.android.adbd.apex
11-24 19:22:25.821     0     0 I apexd   : Found /system/apex/com.google.android.extservices.apex
11-24 19:22:25.821     0     0 I apexd   : Found /system/apex/com.google.android.media.apex
11-24 19:22:25.821     0     0 I apexd   : Found /system/apex/com.android.permission.apex
11-24 19:22:25.821     0     0 I apexd   : Found /system/apex/com.google.android.resolv.apex
11-24 19:22:25.821     0     0 I apexd   : Found /system/apex/com.android.vndk.current.apex
11-24 19:22:25.822     0     0 I apexd   : Found /system/apex/com.android.runtime.apex
11-24 19:22:25.822     0     0 I apexd   : Found /system/apex/com.google.android.os.statsd.apex
11-24 19:22:25.822     0     0 I apexd   : Found /system/apex/com.android.i18n.apex
11-24 19:22:25.822     0     0 I apexd   : Found /system/apex/com.google.android.mediaprovider.apex
11-24 19:22:25.822     0     0 I apexd   : Found /system/apex/com.google.android.media.swcodec.apex
11-24 19:22:25.822     0     0 I apexd   : Found /system/apex/com.google.android.cellbroadcast.apex
11-24 19:22:25.822     0     0 I apexd   : Found /system/apex/com.google.android.sdkext.apex
11-24 19:22:25.822     0     0 I apexd   : Found /system/apex/com.android.art.release.apex
11-24 19:22:25.822     0     0 I apexd   : Found /system/apex/com.google.android.tzdata2.apex
11-24 19:22:25.822     0     0 I apexd   : Found /system/apex/com.android.apex.cts.shim.apex
11-24 19:22:25.823     0     0 D apexd   : Creating mount point: /apex/com.android.telephony@1
11-24 19:22:25.824   596   600 D vold    : Disk at 7:704 changed
11-24 19:22:25.824     0     0 D apexd   : Loopback device created: /dev/block/loop22
11-24 19:22:25.824     0     0 D apexd   : AVB footer verification successful.
11-24 19:22:25.825     0     0 D apexd   : /system/apex/com.google.android.telephony.apex: public key matches.
11-24 19:22:25.826     0     0 I EXT4-fs (loop22): mounted filesystem without journal. Opts: (null)
11-24 19:22:25.826     0     0 I apexd   : Successfully mounted package /system/apex/com.google.android.telephony.apex on /apex/com.android.telephony@1
11-24 19:22:25.826     0     0 D apexd   : Creating bind-mount for /apex/com.android.telephony for /apex/com.android.telephony@1
11-24 19:22:25.826     0     0 D apexd   : Creating mountpoint /apex/com.android.telephony
11-24 19:22:25.826     0     0 D apexd   : Bind-mounting /apex/com.android.telephony@1 to /apex/com.android.telephony
11-24 19:22:25.826     0     0 D apexd   : Successfully activated /system/apex/com.google.android.telephony.apex package_name: com.android.telephony version: 1
11-24 19:22:25.826     0     0 I apexd   : Skipping activation of /system/apex/com.google.android.wifi.apex same package with higher version 301500700 is already active
11-24 19:22:25.826     0     0 I apexd   : Skipping activation of /system/apex/com.google.android.conscrypt.apex same package with higher version 301300300 is already active
11-24 19:22:25.826     0     0 I apexd   : Skipping activation of /system/apex/com.google.android.ipsec.apex same package with higher version 301500700 is already active
11-24 19:22:25.826     0     0 I apexd   : Skipping activation of /system/apex/com.google.android.neuralnetworks.apex same package with higher version 300901600 is already active
11-24 19:22:25.826     0     0 I apexd   : Skipping activation of /system/apex/com.google.android.tethering.apex same package with higher version 301400200 is already active
11-24 19:22:25.826     0     0 I apexd   : Skipping activation of /system/apex/com.google.android.adbd.apex same package with higher version 301400200 is already active
11-24 19:22:25.826     0     0 I apexd   : Skipping activation of /system/apex/com.google.android.extservices.apex same package with higher version 301500700 is already active
11-24 19:22:25.826     0     0 I apexd   : Skipping activation of /system/apex/com.google.android.media.apex same package with higher version 301500800 is already active
11-24 19:22:25.826     0     0 D apexd   : Creating mount point: /apex/com.android.permission@300000000
11-24 19:22:25.826   596   600 D vold    : Disk at 7:736 changed
11-24 19:22:25.827     0     0 D apexd   : Loopback device created: /dev/block/loop23
11-24 19:22:25.827     0     0 D apexd   : AVB footer verification successful.
11-24 19:22:25.828     0     0 D apexd   : /system/apex/com.android.permission.apex: public key matches.
11-24 19:22:25.829     0     0 I EXT4-fs (loop23): mounted filesystem without journal. Opts: (null)
11-24 19:22:25.829     0     0 I apexd   : Successfully mounted package /system/apex/com.android.permission.apex on /apex/com.android.permission@300000000
11-24 19:22:25.829     0     0 D apexd   : Creating bind-mount for /apex/com.android.permission for /apex/com.android.permission@300000000
11-24 19:22:25.829     0     0 D apexd   : Creating mountpoint /apex/com.android.permission
11-24 19:22:25.829     0     0 D apexd   : Bind-mounting /apex/com.android.permission@300000000 to /apex/com.android.permission
11-24 19:22:25.829     0     0 D apexd   : Successfully activated /system/apex/com.android.permission.apex package_name: com.android.permission version: 300000000
11-24 19:22:25.829     0     0 I apexd   : Skipping activation of /system/apex/com.google.android.resolv.apex same package with higher version 301500700 is already active
11-24 19:22:25.829     0     0 D apexd   : Creating mount point: /apex/com.android.vndk.v30@1
11-24 19:22:25.829   596   600 D vold    : Disk at 7:768 changed
11-24 19:22:25.830     0     0 D apexd   : Loopback device created: /dev/block/loop24
11-24 19:22:25.830     0     0 D apexd   : AVB footer verification successful.
11-24 19:22:25.831     0     0 D apexd   : /system/apex/com.android.vndk.current.apex: public key matches.
11-24 19:22:25.832     0     0 I EXT4-fs (loop24): mounted filesystem without journal. Opts: (null)
11-24 19:22:25.832     0     0 I apexd   : Successfully mounted package /system/apex/com.android.vndk.current.apex on /apex/com.android.vndk.v30@1
11-24 19:22:25.833     0     0 D apexd   : Creating bind-mount for /apex/com.android.vndk.v30 for /apex/com.android.vndk.v30@1
11-24 19:22:25.833     0     0 D apexd   : Bind-mounting /apex/com.android.vndk.v30@1 to /apex/com.android.vndk.v30
11-24 19:22:25.833     0     0 D apexd   : Successfully activated /system/apex/com.android.vndk.current.apex package_name: com.android.vndk.v30 version: 1
11-24 19:22:25.833     0     0 D apexd   : Creating mount point: /apex/com.android.runtime@1
11-24 19:22:25.833   596   600 D vold    : Disk at 7:800 changed
11-24 19:22:25.834     0     0 D apexd   : Loopback device created: /dev/block/loop25
11-24 19:22:25.834     0     0 D apexd   : AVB footer verification successful.
11-24 19:22:25.835     0     0 D apexd   : /system/apex/com.android.runtime.apex: public key matches.
11-24 19:22:25.836     0     0 I EXT4-fs (loop25): mounted filesystem without journal. Opts: (null)
11-24 19:22:25.836     0     0 I apexd   : Successfully mounted package /system/apex/com.android.runtime.apex on /apex/com.android.runtime@1
11-24 19:22:25.836     0     0 D apexd   : Creating bind-mount for /apex/com.android.runtime for /apex/com.android.runtime@1
11-24 19:22:25.836     0     0 D apexd   : Bind-mounting /apex/com.android.runtime@1 to /apex/com.android.runtime
11-24 19:22:25.836     0     0 D apexd   : Successfully activated /system/apex/com.android.runtime.apex package_name: com.android.runtime version: 1
11-24 19:22:25.836     0     0 I apexd   : Skipping activation of /system/apex/com.google.android.os.statsd.apex same package with higher version 301700100 is already active
11-24 19:22:25.836     0     0 D apexd   : Creating mount point: /apex/com.android.i18n@1
11-24 19:22:25.836   596   600 D vold    : Disk at 7:832 changed
11-24 19:22:25.837     0     0 D apexd   : Loopback device created: /dev/block/loop26
11-24 19:22:25.837     0     0 D apexd   : AVB footer verification successful.
11-24 19:22:25.838     0     0 D apexd   : /system/apex/com.android.i18n.apex: public key matches.
11-24 19:22:25.839     0     0 I EXT4-fs (loop26): mounted filesystem without journal. Opts: (null)
11-24 19:22:25.839     0     0 I apexd   : Successfully mounted package /system/apex/com.android.i18n.apex on /apex/com.android.i18n@1
11-24 19:22:25.839     0     0 D apexd   : Creating bind-mount for /apex/com.android.i18n for /apex/com.android.i18n@1
11-24 19:22:25.839     0     0 D apexd   : Bind-mounting /apex/com.android.i18n@1 to /apex/com.android.i18n
11-24 19:22:25.839     0     0 D apexd   : Successfully activated /system/apex/com.android.i18n.apex package_name: com.android.i18n version: 1
11-24 19:22:25.839     0     0 I apexd   : Skipping activation of /system/apex/com.google.android.mediaprovider.apex same package with higher version 301501700 is already active
11-24 19:22:25.839     0     0 I apexd   : Skipping activation of /system/apex/com.google.android.media.swcodec.apex same package with higher version 301600000 is already active
11-24 19:22:25.839     0     0 I apexd   : Skipping activation of /system/apex/com.google.android.cellbroadcast.apex same package with higher version 301501400 is already active
11-24 19:22:25.839     0     0 I apexd   : Skipping activation of /system/apex/com.google.android.sdkext.apex same package with higher version 300901600 is already active
11-24 19:22:25.839     0     0 D apexd   : Creating mount point: /apex/com.android.art@1
11-24 19:22:25.840   596   600 D vold    : Disk at 7:864 changed
11-24 19:22:25.841     0     0 D apexd   : Loopback device created: /dev/block/loop27
11-24 19:22:25.841     0     0 D apexd   : AVB footer verification successful.
11-24 19:22:25.842     0     0 D apexd   : /system/apex/com.android.art.release.apex: public key matches.
11-24 19:22:25.843     0     0 I EXT4-fs (loop27): mounted filesystem without journal. Opts: (null)
11-24 19:22:25.843     0     0 I apexd   : Successfully mounted package /system/apex/com.android.art.release.apex on /apex/com.android.art@1
11-24 19:22:25.843     0     0 D apexd   : Creating bind-mount for /apex/com.android.art for /apex/com.android.art@1
11-24 19:22:25.843     0     0 D apexd   : Bind-mounting /apex/com.android.art@1 to /apex/com.android.art
11-24 19:22:25.843     0     0 D apexd   : Successfully activated /system/apex/com.android.art.release.apex package_name: com.android.art version: 1
11-24 19:22:25.843     0     0 I apexd   : Skipping activation of /system/apex/com.google.android.tzdata2.apex same package with higher version 301500700 is already active
11-24 19:22:25.843     0     0 D apexd   : Creating mount point: /apex/com.android.apex.cts.shim@1
11-24 19:22:25.844     0     0 W apexd   : Loopback device /dev/block/loop28 not ready. Waiting 50ms...: No such file or directory
11-24 19:22:25.864     0     0 I idtp9220 0-0061: [idt] enter idtp9220_chg_detect_work
11-24 19:22:25.864     0     0 I idtp9220 0-0061: [idt] dc_online 0
11-24 19:22:25.894   596   600 D vold    : Disk at 7:896 changed
11-24 19:22:25.894     0     0 D apexd   : Loopback device created: /dev/block/loop28
11-24 19:22:25.894     0     0 D apexd   : AVB footer verification successful.
11-24 19:22:25.895     0     0 D apexd   : /system/apex/com.android.apex.cts.shim.apex: public key matches.
11-24 19:22:25.896     0     0 I EXT4-fs (loop28): mounted filesystem without journal. Opts: (null)
11-24 19:22:25.896     0     0 I apexd   : Successfully mounted package /system/apex/com.android.apex.cts.shim.apex on /apex/com.android.apex.cts.shim@1
11-24 19:22:25.896     0     0 D apexd   : Validating shim apex /apex/com.android.apex.cts.shim@1
11-24 19:22:25.898     0     0 D apexd   : Creating bind-mount for /apex/com.android.apex.cts.shim for /apex/com.android.apex.cts.shim@1
11-24 19:22:25.898     0     0 D apexd   : Creating mountpoint /apex/com.android.apex.cts.shim
11-24 19:22:25.898     0     0 D apexd   : Bind-mounting /apex/com.android.apex.cts.shim@1 to /apex/com.android.apex.cts.shim
11-24 19:22:25.898     0     0 D apexd   : Successfully activated /system/apex/com.android.apex.cts.shim.apex package_name: com.android.apex.cts.shim version: 1
11-24 19:22:25.898     0     0 I apexd   : Activated 7 packages. Skipped: 15
11-24 19:22:25.898     0     0 I apexd   : Scanning /system_ext/apex looking for APEX packages.
11-24 19:22:25.898     0     0 I apexd   : ... does not exist. Skipping
11-24 19:22:25.900     0     0 I apexd   : Activated 0 packages. Skipped: 0
11-24 19:22:25.900     0     0 I apexd   : Scanning /product/apex looking for APEX packages.
11-24 19:22:25.900     0     0 I apexd   : ... does not exist. Skipping
11-24 19:22:25.901     0     0 I apexd   : Activated 0 packages. Skipped: 0
11-24 19:22:25.901     0     0 I apexd   : Scanning /vendor/apex looking for APEX packages.
11-24 19:22:25.901     0     0 I apexd   : ... does not exist. Skipping
11-24 19:22:25.902     0     0 I apexd   : Activated 0 packages. Skipped: 0
11-24 19:22:25.903     0     0 I AidlLazyServiceRegistrar: Registering service apexservice
11-24 19:22:25.903     0     0 I apexd   : Marking APEXd as activated
11-24 19:22:25.904     0     0 I init    : Wait for property 'apexd.status=activated' took 602ms
11-24 19:22:25.911     0     0 I init    : Parsing file /apex/com.android.adbd/etc/init.rc...
11-24 19:22:25.911     0     0 I init    : Parsing file /apex/com.android.media.swcodec/etc/init.rc...
11-24 19:22:25.911     0     0 I init    : Parsing file /apex/com.android.os.statsd/etc/init.rc...
11-24 19:22:25.912     0     0 I init    : Parsing file /apex/com.android.sdkext/etc/derive_sdk.rc...
11-24 19:22:25.920     0     0 I init    : linkerconfig generated /linkerconfig with mounted APEX modules info
11-24 19:22:25.920     0     0 I init    : Not setting encryption policy on: /data/media
11-24 19:22:25.920     0     0 I init    : starting service 'exec 4 (/system/bin/chattr +F /data/media)'...
11-24 19:22:25.922     0     0 I init    : SVC_EXEC service 'exec 4 (/system/bin/chattr +F /data/media)' pid 780 (uid 1023 gid 1023+0 context default) started; waiting...
11-24 19:22:25.935     0     0 I init    : Service 'exec 4 (/system/bin/chattr +F /data/media)' (pid 780) exited with status 1 waiting took 0.013000 seconds
11-24 19:22:25.935     0     0 I init    : Sending signal 9 to service 'exec 4 (/system/bin/chattr +F /data/media)' (pid 780) process group...
11-24 19:22:25.935     0     0 I libprocessgroup: Successfully killed process cgroup uid 1023 pid 780 in 0ms
11-24 19:22:25.936     0     0 I init    : starting service 'derive_sdk'...
11-24 19:22:25.939     0     0 I init    : SVC_EXEC service 'derive_sdk' pid 781 (uid 9999 gid 9999+0 context default) started; waiting...
11-24 19:22:25.943     0     0 I init    : Service 'derive_sdk' (pid 781) exited with status 0 waiting took 0.005000 seconds
11-24 19:22:25.943     0     0 I init    : Sending signal 9 to service 'derive_sdk' (pid 781) process group...
11-24 19:22:25.943     0     0 I libprocessgroup: Successfully killed process cgroup uid 9999 pid 781 in 0ms
11-24 19:22:25.944     0     0 I init    : starting service 'exec 5 (/system/bin/vdc --wait cryptfs init_user0)'...
11-24 19:22:25.945     0     0 I init    : SVC_EXEC service 'exec 5 (/system/bin/vdc --wait cryptfs init_user0)' pid 782 (uid 0 gid 0+0 context default) started; waiting...
11-24 19:22:25.952     0     0 D vdc     : Waited 0ms for vold
11-24 19:22:25.952   596   596 D vold    : fscrypt_init_user0
11-24 19:22:25.952   596   596 D vold    : fscrypt_prepare_user_storage for volume null, user 0, serial 0, flags 1
11-24 19:22:25.952   596   596 D vold    : Preparing: /data/system/users/0
11-24 19:22:25.952   596   596 D vold    : Preparing: /data/misc/profiles/cur/0
11-24 19:22:25.952   596   596 D vold    : Preparing: /data/system_de/0
11-24 19:22:25.953   596   596 D vold    : Preparing: /data/misc_de/0
11-24 19:22:25.953   596   596 D vold    : Preparing: /data/vendor_de/0
11-24 19:22:25.953   596   596 D vold    : Preparing: /data/user_de/0
11-24 19:22:25.953   596   596 D vold    : /system/bin/vold_prepare_subdirs
11-24 19:22:25.953   596   596 D vold    :     prepare
11-24 19:22:25.953   596   596 D vold    :     
11-24 19:22:25.953   596   596 D vold    :     0
11-24 19:22:25.953   596   596 D vold    :     1
11-24 19:22:25.976   596   596 D vold    : fscrypt_unlock_user_key 0 serial=0 token_present=0
11-24 19:22:25.977     0     0 I init    : Service 'exec 5 (/system/bin/vdc --wait cryptfs init_user0)' (pid 782) exited with status 0 waiting took 0.031000 seconds
11-24 19:22:25.977     0     0 I init    : Sending signal 9 to service 'exec 5 (/system/bin/vdc --wait cryptfs init_user0)' (pid 782) process group...
11-24 19:22:25.977     0     0 I libprocessgroup: Successfully killed process cgroup uid 0 pid 782 in 0ms
11-24 19:22:25.978     0     0 I init    : starting service 'apexd-snapshotde'...
11-24 19:22:25.980     0     0 I init    : SVC_EXEC service 'apexd-snapshotde' pid 784 (uid 0 gid 1000+0 context default) started; waiting...
11-24 19:22:25.988     0     0 I apexd   : Snapshot DE subcommand detected
11-24 19:22:25.989     0     0 I apexd   : Marking APEXd as ready
11-24 19:22:25.990     0     0 I init    : Service 'apexd-snapshotde' (pid 784) exited with status 0 waiting took 0.011000 seconds
11-24 19:22:25.990     0     0 I init    : Sending signal 9 to service 'apexd-snapshotde' (pid 784) process group...
11-24 19:22:25.991     0     0 I libprocessgroup: Successfully killed process cgroup uid 0 pid 784 in 0ms
11-24 19:22:25.992     0     0 I selinux : SELinux: Skipping restorecon on directory(/data)
11-24 19:22:25.992     0     0 I selinux :  
11-24 19:22:25.992     0     0 I init    : starting service 'exec 6 (/system/bin/tzdatacheck /apex/com.android.tzdata/etc/tz /data/misc/zoneinfo)'...
11-24 19:22:25.994     0     0 I init    : SVC_EXEC service 'exec 6 (/system/bin/tzdatacheck /apex/com.android.tzdata/etc/tz /data/misc/zoneinfo)' pid 785 (uid 1000 gid 1000+0 context default) started; waiting...
11-24 19:22:25.999     0     0 I init    : Service 'exec 6 (/system/bin/tzdatacheck /apex/com.android.tzdata/etc/tz /data/misc/zoneinfo)' (pid 785) exited with status 0 waiting took 0.004000 seconds
11-24 19:22:25.999     0     0 I init    : Sending signal 9 to service 'exec 6 (/system/bin/tzdatacheck /apex/com.android.tzdata/etc/tz /data/misc/zoneinfo)' (pid 785) process group...
11-24 19:22:25.999     0     0 I libprocessgroup: Successfully killed process cgroup uid 1000 pid 785 in 0ms
11-24 19:22:26.000     0     0 I init    : processing action (post-fs-data) from (/system/etc/init/hw/init.rc:1094)
11-24 19:22:26.000     0     0 I init    : Command 'rm /dev/.magisk_unblock' action=post-fs-data (/system/etc/init/hw/init.rc:1096) took 0ms and failed: unlink() failed: No such file or directory
11-24 19:22:26.000     0     0 I init    : starting service 'tiVMqGa'...
11-24 19:22:26.600     0     0 I SELinux : Context u:object_r:hal_dms_default_exec:s0 is not valid (left unmapped).
11-24 19:22:26.606     0     0 I SELinux : Context  is not valid (left unmapped).
--------- beginning of main
11-24 19:22:27.244   788   790 D Magisk  : bind_mnt: /vendor/lib/vndk <- /dev/USgYf/.magisk/mirror/vendor/lib/vndk
11-24 19:22:27.244   788   790 D Magisk  : mnt_tmp : /vendor/lib64 <- tmpfs
11-24 19:22:27.244   788   790 D Magisk  : bind_mnt: /vendor/lib64/android.hardware.graphics.composer@2.1-resources.so <- /dev/USgYf/.magisk/mirror/vendor/lib64/android.hardware.graphics.composer@2.1-resources.so
11-24 19:22:27.244   788   790 D Magisk  : bind_mnt: /vendor/lib64/android.hardware.graphics.composer@2.2-resources.so <- /dev/USgYf/.magisk/mirror/vendor/lib64/android.hardware.graphics.composer@2.2-resources.so
11-24 19:22:27.244   788   790 D Magisk  : bind_mnt: /vendor/lib64/android.hardware.secure_element@1.0-impl.so <- /dev/USgYf/.magisk/mirror/vendor/lib64/android.hardware.secure_element@1.0-impl.so
11-24 19:22:27.244   788   790 D Magisk  : bind_mnt: /vendor/lib64/android.hidl.base@1.0.so <- /dev/USgYf/.magisk/mirror/vendor/lib64/android.hidl.base@1.0.so
11-24 19:22:27.244   788   790 D Magisk  : bind_mnt: /vendor/lib64/android.hidl.manager@1.0.so <- /dev/USgYf/.magisk/mirror/vendor/lib64/android.hidl.manager@1.0.so
11-24 19:22:27.244   788   790 D Magisk  : bind_mnt: /vendor/lib64/btaudio_offload_if.so <- /dev/USgYf/.magisk/mirror/vendor/lib64/btaudio_offload_if.so
11-24 19:22:27.244   788   790 D Magisk  : bind_mnt: /vendor/lib64/com.fingerprints.extension@1.0.so <- /dev/USgYf/.magisk/mirror/vendor/lib64/com.fingerprints.extension@1.0.so
11-24 19:22:27.244   788   790 D Magisk  : bind_mnt: /vendor/lib64/com.qualcomm.qti.dpm.api@1.0.so <- /dev/USgYf/.magisk/mirror/vendor/lib64/com.qualcomm.qti.dpm.api@1.0.so
11-24 19:22:27.244   788   790 D Magisk  : bind_mnt: /vendor/lib64/com.qualcomm.qti.imscmservice@1.0.so <- /dev/USgYf/.magisk/mirror/vendor/lib64/com.qualcomm.qti.imscmservice@1.0.so
11-24 19:22:27.244   788   790 D Magisk  : bind_mnt: /vendor/lib64/com.qualcomm.qti.imscmservice@2.0.so <- /dev/USgYf/.magisk/mirror/vendor/lib64/com.qualcomm.qti.imscmservice@2.0.so
11-24 19:22:27.244   788   790 D Magisk  : bind_mnt: /vendor/lib64/com.qualcomm.qti.imscmservice@2.1.so <- /dev/USgYf/.magisk/mirror/vendor/lib64/com.qualcomm.qti.imscmservice@2.1.so
11-24 19:22:27.245   788   790 D Magisk  : bind_mnt: /vendor/lib64/com.qualcomm.qti.imscmservice@2.2.so <- /dev/USgYf/.magisk/mirror/vendor/lib64/com.qualcomm.qti.imscmservice@2.2.so
11-24 19:22:27.245   788   790 D Magisk  : bind_mnt: /vendor/lib64/com.qualcomm.qti.uceservice@2.0.so <- /dev/USgYf/.magisk/mirror/vendor/lib64/com.qualcomm.qti.uceservice@2.0.so
11-24 19:22:27.245   788   790 D Magisk  : bind_mnt: /vendor/lib64/com.qualcomm.qti.uceservice@2.1.so <- /dev/USgYf/.magisk/mirror/vendor/lib64/com.qualcomm.qti.uceservice@2.1.so
11-24 19:22:27.245   788   790 D Magisk  : bind_mnt: /vendor/lib64/com.qualcomm.qti.uceservice@2.2.so <- /dev/USgYf/.magisk/mirror/vendor/lib64/com.qualcomm.qti.uceservice@2.2.so
11-24 19:22:27.245   788   790 D Magisk  : bind_mnt: /vendor/lib64/egl <- /dev/USgYf/.magisk/mirror/vendor/lib64/egl
11-24 19:22:27.245   788   790 D Magisk  : bind_mnt: /vendor/lib64/ese_spi_nxp.so <- /dev/USgYf/.magisk/mirror/vendor/lib64/ese_spi_nxp.so
11-24 19:22:27.245   788   790 D Magisk  : bind_mnt: /vendor/lib64/hw <- /dev/USgYf/.magisk/mirror/vendor/lib64/hw
11-24 19:22:27.245   788   790 D Magisk  : bind_mnt: /vendor/lib64/jcos_nq_client.so <- /dev/USgYf/.magisk/mirror/vendor/lib64/jcos_nq_client.so
11-24 19:22:27.245   788   790 D Magisk  : bind_mnt: /vendor/lib64/lib-imscmservice.so <- /dev/USgYf/.magisk/mirror/vendor/lib64/lib-imscmservice.so
11-24 19:22:27.245   788   790 D Magisk  : bind_mnt: /vendor/lib64/lib-imsdpl.so <- /dev/USgYf/.magisk/mirror/vendor/lib64/lib-imsdpl.so
11-24 19:22:27.245   788   790 D Magisk  : bind_mnt: /vendor/lib64/lib-imsqimf.so <- /dev/USgYf/.magisk/mirror/vendor/lib64/lib-imsqimf.so
11-24 19:22:27.245   788   790 D Magisk  : bind_mnt: /vendor/lib64/lib-imsrcs-v2.so <- /dev/USgYf/.magisk/mirror/vendor/lib64/lib-imsrcs-v2.so
11-24 19:22:27.245   788   790 D Magisk  : bind_mnt: /vendor/lib64/lib-imsrcsbaseimpl.so <- /dev/USgYf/.magisk/mirror/vendor/lib64/lib-imsrcsbaseimpl.so
11-24 19:22:27.245   788   790 D Magisk  : bind_mnt: /vendor/lib64/lib-imsvtcore.so <- /dev/USgYf/.magisk/mirror/vendor/lib64/lib-imsvtcore.so
11-24 19:22:27.245   788   790 D Magisk  : bind_mnt: /vendor/lib64/lib-imsxml.so <- /dev/USgYf/.magisk/mirror/vendor/lib64/lib-imsxml.so
11-24 19:22:27.245   788   790 D Magisk  : bind_mnt: /vendor/lib64/lib-rcsconfig.so <- /dev/USgYf/.magisk/mirror/vendor/lib64/lib-rcsconfig.so
11-24 19:22:27.245   788   790 D Magisk  : bind_mnt: /vendor/lib64/lib-rtpcommon.so <- /dev/USgYf/.magisk/mirror/vendor/lib64/lib-rtpcommon.so
11-24 19:22:27.245   788   790 D Magisk  : bind_mnt: /vendor/lib64/lib-rtpcore.so <- /dev/USgYf/.magisk/mirror/vendor/lib64/lib-rtpcore.so
11-24 19:22:27.245   788   790 D Magisk  : bind_mnt: /vendor/lib64/lib-rtpsl.so <- /dev/USgYf/.magisk/mirror/vendor/lib64/lib-rtpsl.so
11-24 19:22:27.246   788   790 D Magisk  : bind_mnt: /vendor/lib64/lib-siputility.so <- /dev/USgYf/.magisk/mirror/vendor/lib64/lib-siputility.so
11-24 19:22:27.246   788   790 D Magisk  : bind_mnt: /vendor/lib64/lib-uceservice.so <- /dev/USgYf/.magisk/mirror/vendor/lib64/lib-uceservice.so
11-24 19:22:27.246   788   790 D Magisk  : bind_mnt: /vendor/lib64/libAlacSwDec.so <- /dev/USgYf/.magisk/mirror/vendor/lib64/libAlacSwDec.so
11-24 19:22:27.246   788   790 D Magisk  : bind_mnt: /vendor/lib64/libApeSwDec.so <- /dev/USgYf/.magisk/mirror/vendor/lib64/libApeSwDec.so
11-24 19:22:27.246   788   790 D Magisk  : bind_mnt: /vendor/lib64/libC2D2.so <- /dev/USgYf/.magisk/mirror/vendor/lib64/libC2D2.so
11-24 19:22:27.246   788   790 D Magisk  : bind_mnt: /vendor/lib64/libCB.so <- /dev/USgYf/.magisk/mirror/vendor/lib64/libCB.so
11-24 19:22:27.246   788   790 D Magisk  : bind_mnt: /vendor/lib64/libFlacSwDec.so <- /dev/USgYf/.magisk/mirror/vendor/lib64/libFlacSwDec.so
11-24 19:22:27.246   788   790 D Magisk  : bind_mnt: /vendor/lib64/libGPQTEEC_vendor.so <- /dev/USgYf/.magisk/mirror/vendor/lib64/libGPQTEEC_vendor.so
11-24 19:22:27.246   788   790 D Magisk  : bind_mnt: /vendor/lib64/libGPTEE_vendor.so <- /dev/USgYf/.magisk/mirror/vendor/lib64/libGPTEE_vendor.so
11-24 19:22:27.246   788   790 D Magisk  : bind_mnt: /vendor/lib64/libGPreqcancel.so <- /dev/USgYf/.magisk/mirror/vendor/lib64/libGPreqcancel.so
11-24 19:22:27.246   788   790 D Magisk  : bind_mnt: /vendor/lib64/libGPreqcancel_svc.so <- /dev/USgYf/.magisk/mirror/vendor/lib64/libGPreqcancel_svc.so
11-24 19:22:27.246   788   790 D Magisk  : bind_mnt: /vendor/lib64/libI420colorconvert.so <- /dev/USgYf/.magisk/mirror/vendor/lib64/libI420colorconvert.so
11-24 19:22:27.246   788   790 D Magisk  : bind_mnt: /vendor/lib64/libMpeg4SwEncoder.so <- /dev/USgYf/.magisk/mirror/vendor/lib64/libMpeg4SwEncoder.so
11-24 19:22:27.246   788   790 D Magisk  : bind_mnt: /vendor/lib64/libOmxAacDec.so <- /dev/USgYf/.magisk/mirror/vendor/lib64/libOmxAacDec.so
11-24 19:22:27.246   788   790 D Magisk  : bind_mnt: /vendor/lib64/libOmxAacEnc.so <- /dev/USgYf/.magisk/mirror/vendor/lib64/libOmxAacEnc.so
11-24 19:22:27.246   788   790 D Magisk  : bind_mnt: /vendor/lib64/libOmxAlacDec.so <- /dev/USgYf/.magisk/mirror/vendor/lib64/libOmxAlacDec.so
11-24 19:22:27.246   788   790 D Magisk  : bind_mnt: /vendor/lib64/libOmxAlacDecSw.so <- /dev/USgYf/.magisk/mirror/vendor/lib64/libOmxAlacDecSw.so
11-24 19:22:27.246   788   790 D Magisk  : bind_mnt: /vendor/lib64/libOmxAmrDec.so <- /dev/USgYf/.magisk/mirror/vendor/lib64/libOmxAmrDec.so
11-24 19:22:27.247   788   790 D Magisk  : bind_mnt: /vendor/lib64/libOmxAmrEnc.so <- /dev/USgYf/.magisk/mirror/vendor/lib64/libOmxAmrEnc.so
11-24 19:22:27.247   788   790 D Magisk  : bind_mnt: /vendor/lib64/libOmxAmrwbplusDec.so <- /dev/USgYf/.magisk/mirror/vendor/lib64/libOmxAmrwbplusDec.so
11-24 19:22:27.247   788   790 D Magisk  : bind_mnt: /vendor/lib64/libOmxApeDec.so <- /dev/USgYf/.magisk/mirror/vendor/lib64/libOmxApeDec.so
11-24 19:22:27.247   788   790 D Magisk  : bind_mnt: /vendor/lib64/libOmxApeDecSw.so <- /dev/USgYf/.magisk/mirror/vendor/lib64/libOmxApeDecSw.so
11-24 19:22:27.247   788   790 D Magisk  : bind_mnt: /vendor/lib64/libOmxCore.so <- /dev/USgYf/.magisk/mirror/vendor/lib64/libOmxCore.so
11-24 19:22:27.247   788   790 D Magisk  : bind_mnt: /vendor/lib64/libOmxEvrcDec.so <- /dev/USgYf/.magisk/mirror/vendor/lib64/libOmxEvrcDec.so
11-24 19:22:27.247   788   790 D Magisk  : bind_mnt: /vendor/lib64/libOmxEvrcEnc.so <- /dev/USgYf/.magisk/mirror/vendor/lib64/libOmxEvrcEnc.so
11-24 19:22:27.247   788   790 D Magisk  : bind_mnt: /vendor/lib64/libOmxG711Dec.so <- /dev/USgYf/.magisk/mirror/vendor/lib64/libOmxG711Dec.so
11-24 19:22:27.247   788   790 D Magisk  : bind_mnt: /vendor/lib64/libOmxG711Enc.so <- /dev/USgYf/.magisk/mirror/vendor/lib64/libOmxG711Enc.so
11-24 19:22:27.247   788   790 D Magisk  : bind_mnt: /vendor/lib64/libOmxQcelp13Dec.so <- /dev/USgYf/.magisk/mirror/vendor/lib64/libOmxQcelp13Dec.so
11-24 19:22:27.247   788   790 D Magisk  : bind_mnt: /vendor/lib64/libOmxQcelp13Enc.so <- /dev/USgYf/.magisk/mirror/vendor/lib64/libOmxQcelp13Enc.so
11-24 19:22:27.247   788   790 D Magisk  : bind_mnt: /vendor/lib64/libOmxSwVdec.so <- /dev/USgYf/.magisk/mirror/vendor/lib64/libOmxSwVdec.so
11-24 19:22:27.247   788   790 D Magisk  : bind_mnt: /vendor/lib64/libOmxSwVencMpeg4.so <- /dev/USgYf/.magisk/mirror/vendor/lib64/libOmxSwVencMpeg4.so
11-24 19:22:27.247   788   790 D Magisk  : bind_mnt: /vendor/lib64/libOmxVdec.so <- /dev/USgYf/.magisk/mirror/vendor/lib64/libOmxVdec.so
11-24 19:22:27.247   788   790 D Magisk  : bind_mnt: /vendor/lib64/libOmxVenc.so <- /dev/USgYf/.magisk/mirror/vendor/lib64/libOmxVenc.so
11-24 19:22:27.247   788   790 D Magisk  : bind_mnt: /vendor/lib64/libOmxVpp.so <- /dev/USgYf/.magisk/mirror/vendor/lib64/libOmxVpp.so
11-24 19:22:27.247   788   790 D Magisk  : bind_mnt: /vendor/lib64/libOmxWmaDec.so <- /dev/USgYf/.magisk/mirror/vendor/lib64/libOmxWmaDec.so
11-24 19:22:27.247   788   790 D Magisk  : bind_mnt: /vendor/lib64/libOpenCL.so <- /dev/USgYf/.magisk/mirror/vendor/lib64/libOpenCL.so
11-24 19:22:27.248   788   790 D Magisk  : bind_mnt: /vendor/lib64/libQSEEComAPI.so <- /dev/USgYf/.magisk/mirror/vendor/lib64/libQSEEComAPI.so
11-24 19:22:27.248   788   790 D Magisk  : bind_mnt: /vendor/lib64/libQTEEConnector_vendor.so <- /dev/USgYf/.magisk/mirror/vendor/lib64/libQTEEConnector_vendor.so
11-24 19:22:27.248   788   790 D Magisk  : bind_mnt: /vendor/lib64/libRSDriver_adreno.so <- /dev/USgYf/.magisk/mirror/vendor/lib64/libRSDriver_adreno.so
11-24 19:22:27.248   788   790 D Magisk  : bind_mnt: /vendor/lib64/libSecureUILib.so <- /dev/USgYf/.magisk/mirror/vendor/lib64/libSecureUILib.so
11-24 19:22:27.248   788   790 D Magisk  : bind_mnt: /vendor/lib64/libStDrvInt.so <- /dev/USgYf/.magisk/mirror/vendor/lib64/libStDrvInt.so
11-24 19:22:27.248   788   790 D Magisk  : bind_mnt: /vendor/lib64/libVkLayer_q3dtools.so <- /dev/USgYf/.magisk/mirror/vendor/lib64/libVkLayer_q3dtools.so
11-24 19:22:27.248   788   790 D Magisk  : bind_mnt: /vendor/lib64/liba2dpoffload.so <- /dev/USgYf/.magisk/mirror/vendor/lib64/liba2dpoffload.so
11-24 19:22:27.248   788   790 D Magisk  : bind_mnt: /vendor/lib64/libacdb-fts.so <- /dev/USgYf/.magisk/mirror/vendor/lib64/libacdb-fts.so
11-24 19:22:27.248   788   790 D Magisk  : bind_mnt: /vendor/lib64/libacdbloader.so <- /dev/USgYf/.magisk/mirror/vendor/lib64/libacdbloader.so
11-24 19:22:27.248   788   790 D Magisk  : bind_mnt: /vendor/lib64/libacdbrtac.so <- /dev/USgYf/.magisk/mirror/vendor/lib64/libacdbrtac.so
11-24 19:22:27.248   788   790 D Magisk  : bind_mnt: /vendor/lib64/libadiertac.so <- /dev/USgYf/.magisk/mirror/vendor/lib64/libadiertac.so
11-24 19:22:27.248   788   790 D Magisk  : bind_mnt: /vendor/lib64/libadreno_utils.so <- /dev/USgYf/.magisk/mirror/vendor/lib64/libadreno_utils.so
11-24 19:22:27.248   788   790 D Magisk  : bind_mnt: /vendor/lib64/libadsp_default_listener.so <- /dev/USgYf/.magisk/mirror/vendor/lib64/libadsp_default_listener.so
11-24 19:22:27.248   788   790 D Magisk  : bind_mnt: /vendor/lib64/libadsprpc.so <- /dev/USgYf/.magisk/mirror/vendor/lib64/libadsprpc.so
11-24 19:22:27.248   788   790 D Magisk  : bind_mnt: /vendor/lib64/libalsautils.so <- /dev/USgYf/.magisk/mirror/vendor/lib64/libalsautils.so
11-24 19:22:27.248   788   790 D Magisk  : bind_mnt: /vendor/lib64/libaoa.so <- /dev/USgYf/.magisk/mirror/vendor/lib64/libaoa.so
11-24 19:22:27.248   788   790 D Magisk  : bind_mnt: /vendor/lib64/libaudcal.so <- /dev/USgYf/.magisk/mirror/vendor/lib64/libaudcal.so
11-24 19:22:27.248   788   790 D Magisk  : bind_mnt: /vendor/lib64/libaudio_log_utils.so <- /dev/USgYf/.magisk/mirror/vendor/lib64/libaudio_log_utils.so
11-24 19:22:27.249   788   790 D Magisk  : bind_mnt: /vendor/lib64/libaudioalsa.so <- /dev/USgYf/.magisk/mirror/vendor/lib64/libaudioalsa.so
11-24 19:22:27.249   788   790 D Magisk  : bind_mnt: /vendor/lib64/libaudioparsers.so <- /dev/USgYf/.magisk/mirror/vendor/lib64/libaudioparsers.so
11-24 19:22:27.249   788   790 D Magisk  : bind_mnt: /vendor/lib64/libaudioroute_ext.so <- /dev/USgYf/.magisk/mirror/vendor/lib64/libaudioroute_ext.so
11-24 19:22:27.249   788   790 D Magisk  : bind_mnt: /vendor/lib64/libavservices_minijail.so <- /dev/USgYf/.magisk/mirror/vendor/lib64/libavservices_minijail.so
11-24 19:22:27.249   788   790 D Magisk  : bind_mnt: /vendor/lib64/libbatching.so <- /dev/USgYf/.magisk/mirror/vendor/lib64/libbatching.so
11-24 19:22:27.249   788   790 D Magisk  : bind_mnt: /vendor/lib64/libbatterylistener.so <- /dev/USgYf/.magisk/mirror/vendor/lib64/libbatterylistener.so
11-24 19:22:27.249   788   790 D Magisk  : bind_mnt: /vendor/lib64/libbccQTI.so <- /dev/USgYf/.magisk/mirror/vendor/lib64/libbccQTI.so
11-24 19:22:27.249   788   790 D Magisk  : bind_mnt: /vendor/lib64/libbluetooth_audio_session.so <- /dev/USgYf/.magisk/mirror/vendor/lib64/libbluetooth_audio_session.so
11-24 19:22:27.249   788   790 D Magisk  : bind_mnt: /vendor/lib64/libbluetooth_audio_session_qti.so <- /dev/USgYf/.magisk/mirror/vendor/lib64/libbluetooth_audio_session_qti.so
11-24 19:22:27.249   788   790 D Magisk  : bind_mnt: /vendor/lib64/libbthost_if.so <- /dev/USgYf/.magisk/mirror/vendor/lib64/libbthost_if.so
11-24 19:22:27.249   788   790 D Magisk  : bind_mnt: /vendor/lib64/libbtnv.so <- /dev/USgYf/.magisk/mirror/vendor/lib64/libbtnv.so
11-24 19:22:27.249   788   790 D Magisk  : bind_mnt: /vendor/lib64/libc2d30_bltlib.so <- /dev/USgYf/.magisk/mirror/vendor/lib64/libc2d30_bltlib.so
11-24 19:22:27.249   788   790 D Magisk  : bind_mnt: /vendor/lib64/libc2dcolorconvert.so <- /dev/USgYf/.magisk/mirror/vendor/lib64/libc2dcolorconvert.so
11-24 19:22:27.249   788   790 D Magisk  : bind_mnt: /vendor/lib64/libcacertclient.so <- /dev/USgYf/.magisk/mirror/vendor/lib64/libcacertclient.so
11-24 19:22:27.249   788   790 D Magisk  : bind_mnt: /vendor/lib64/libcapiv2svacnn.so <- /dev/USgYf/.magisk/mirror/vendor/lib64/libcapiv2svacnn.so
11-24 19:22:27.249   788   790 D Magisk  : bind_mnt: /vendor/lib64/libcapiv2vop.so <- /dev/USgYf/.magisk/mirror/vendor/lib64/libcapiv2vop.so
11-24 19:22:27.249   788   790 D Magisk  : bind_mnt: /vendor/lib64/libcdfw.so <- /dev/USgYf/.magisk/mirror/vendor/lib64/libcdfw.so
11-24 19:22:27.249   788   790 D Magisk  : bind_mnt: /vendor/lib64/libcdfw_remote_api.so <- /dev/USgYf/.magisk/mirror/vendor/lib64/libcdfw_remote_api.so
11-24 19:22:27.250   788   790 D Magisk  : bind_mnt: /vendor/lib64/libcdsp_default_listener.so <- /dev/USgYf/.magisk/mirror/vendor/lib64/libcdsp_default_listener.so
11-24 19:22:27.250   788   790 D Magisk  : bind_mnt: /vendor/lib64/libcdsprpc.so <- /dev/USgYf/.magisk/mirror/vendor/lib64/libcdsprpc.so
11-24 19:22:27.250   788   790 D Magisk  : bind_mnt: /vendor/lib64/libchrome.so <- /dev/USgYf/.magisk/mirror/vendor/lib64/libchrome.so
11-24 19:22:27.250   788   790 D Magisk  : bind_mnt: /vendor/lib64/libcld80211.so <- /dev/USgYf/.magisk/mirror/vendor/lib64/libcld80211.so
11-24 19:22:27.250   788   790 D Magisk  : bind_mnt: /vendor/lib64/libcne.so <- /dev/USgYf/.magisk/mirror/vendor/lib64/libcne.so
11-24 19:22:27.250   788   790 D Magisk  : bind_mnt: /vendor/lib64/libcneapiclient.so <- /dev/USgYf/.magisk/mirror/vendor/lib64/libcneapiclient.so
11-24 19:22:27.250   788   790 D Magisk  : bind_mnt: /vendor/lib64/libcneoplookup.so <- /dev/USgYf/.magisk/mirror/vendor/lib64/libcneoplookup.so
11-24 19:22:27.250   788   790 D Magisk  : bind_mnt: /vendor/lib64/libcneqmiutils.so <- /dev/USgYf/.magisk/mirror/vendor/lib64/libcneqmiutils.so
11-24 19:22:27.250   788   790 D Magisk  : bind_mnt: /vendor/lib64/libcodec2_hidl@1.0.so <- /dev/USgYf/.magisk/mirror/vendor/lib64/libcodec2_hidl@1.0.so
11-24 19:22:27.250   788   790 D Magisk  : bind_mnt: /vendor/lib64/libcodec2_vndk.so <- /dev/USgYf/.magisk/mirror/vendor/lib64/libcodec2_vndk.so
11-24 19:22:27.250   788   790 D Magisk  : bind_mnt: /vendor/lib64/libcomprcapture.so <- /dev/USgYf/.magisk/mirror/vendor/lib64/libcomprcapture.so
11-24 19:22:27.250   788   790 D Magisk  : bind_mnt: /vendor/lib64/libconfigdb.so <- /dev/USgYf/.magisk/mirror/vendor/lib64/libconfigdb.so
11-24 19:22:27.250   788   790 D Magisk  : bind_mnt: /vendor/lib64/libcpion.so <- /dev/USgYf/.magisk/mirror/vendor/lib64/libcpion.so
11-24 19:22:27.250   788   790 D Magisk  : bind_mnt: /vendor/lib64/libcsd-client.so <- /dev/USgYf/.magisk/mirror/vendor/lib64/libcsd-client.so
11-24 19:22:27.250   788   790 D Magisk  : bind_mnt: /vendor/lib64/libdapparamstorage.so <- /dev/USgYf/.magisk/modules/DolbyAtmos/system/vendor/lib64/libdapparamstorage.so
11-24 19:22:27.250   788   790 D Magisk  : bind_mnt: /vendor/lib64/libdataitems.so <- /dev/USgYf/.magisk/mirror/vendor/lib64/libdataitems.so
11-24 19:22:27.250   788   790 D Magisk  : bind_mnt: /vendor/lib64/libdiag.so <- /dev/USgYf/.magisk/mirror/vendor/lib64/libdiag.so
11-24 19:22:27.250   788   790 D Magisk  : bind_mnt: /vendor/lib64/libdisp-aba.so <- /dev/USgYf/.magisk/mirror/vendor/lib64/libdisp-aba.so
11-24 19:22:27.251   788   790 D Magisk  : bind_mnt: /vendor/lib64/libdisplayconfig.qti.so <- /dev/USgYf/.magisk/mirror/vendor/lib64/libdisplayconfig.qti.so
11-24 19:22:27.251   788   790 D Magisk  : bind_mnt: /vendor/lib64/libdisplaydebug.so <- /dev/USgYf/.magisk/mirror/vendor/lib64/libdisplaydebug.so
11-24 19:22:27.251   788   790 D Magisk  : bind_mnt: /vendor/lib64/libdisplayqos.so <- /dev/USgYf/.magisk/mirror/vendor/lib64/libdisplayqos.so
11-24 19:22:27.251   788   790 D Magisk  : bind_mnt: /vendor/lib64/libdisppower-xiaomi.so <- /dev/USgYf/.magisk/mirror/vendor/lib64/libdisppower-xiaomi.so
11-24 19:22:27.251   788   790 D Magisk  : bind_mnt: /vendor/lib64/libdlbdsservice.so <- /dev/USgYf/.magisk/modules/DolbyAtmos/system/vendor/lib64/libdlbdsservice.so
11-24 19:22:27.251   788   790 D Magisk  : bind_mnt: /vendor/lib64/libdng_sdk.so <- /dev/USgYf/.magisk/mirror/vendor/lib64/libdng_sdk.so
11-24 19:22:27.251   788   790 D Magisk  : bind_mnt: /vendor/lib64/libdpmqmihal.so <- /dev/USgYf/.magisk/mirror/vendor/lib64/libdpmqmihal.so
11-24 19:22:27.251   788   790 D Magisk  : bind_mnt: /vendor/lib64/libdrm.so <- /dev/USgYf/.magisk/mirror/vendor/lib64/libdrm.so
11-24 19:22:27.251   788   790 D Magisk  : bind_mnt: /vendor/lib64/libdrmfs.so <- /dev/USgYf/.magisk/mirror/vendor/lib64/libdrmfs.so
11-24 19:22:27.251   788   790 D Magisk  : bind_mnt: /vendor/lib64/libdrmtime.so <- /dev/USgYf/.magisk/mirror/vendor/lib64/libdrmtime.so
11-24 19:22:27.251   788   790 D Magisk  : bind_mnt: /vendor/lib64/libdrmutils.so <- /dev/USgYf/.magisk/mirror/vendor/lib64/libdrmutils.so
11-24 19:22:27.251   788   790 D Magisk  : bind_mnt: /vendor/lib64/libdsi_netctrl.so <- /dev/USgYf/.magisk/mirror/vendor/lib64/libdsi_netctrl.so
11-24 19:22:27.251   788   790 D Magisk  : bind_mnt: /vendor/lib64/libdsutils.so <- /dev/USgYf/.magisk/mirror/vendor/lib64/libdsutils.so
11-24 19:22:27.251   788   790 D Magisk  : bind_mnt: /vendor/lib64/libeffects.so <- /dev/USgYf/.magisk/mirror/vendor/lib64/libeffects.so
11-24 19:22:27.251   788   790 D Magisk  : bind_mnt: /vendor/lib64/libeffectsconfig.so <- /dev/USgYf/.magisk/mirror/vendor/lib64/libeffectsconfig.so
11-24 19:22:27.251   788   790 D Magisk  : bind_mnt: /vendor/lib64/libexthwplugin.so <- /dev/USgYf/.magisk/mirror/vendor/lib64/libexthwplugin.so
11-24 19:22:27.251   788   790 D Magisk  : bind_mnt: /vendor/lib64/libfastcvdsp_stub.so <- /dev/USgYf/.magisk/mirror/vendor/lib64/libfastcvdsp_stub.so
11-24 19:22:27.251   788   790 D Magisk  : bind_mnt: /vendor/lib64/libfastcvopt.so <- /dev/USgYf/.magisk/mirror/vendor/lib64/libfastcvopt.so
11-24 19:22:27.252   788   790 D Magisk  : bind_mnt: /vendor/lib64/libfastrpc_utf_stub.so <- /dev/USgYf/.magisk/mirror/vendor/lib64/libfastrpc_utf_stub.so
11-24 19:22:27.252   788   790 D Magisk  : bind_mnt: /vendor/lib64/libgcs-calwrapper.so <- /dev/USgYf/.magisk/mirror/vendor/lib64/libgcs-calwrapper.so
11-24 19:22:27.252   788   790 D Magisk  : bind_mnt: /vendor/lib64/libgcs-ipc.so <- /dev/USgYf/.magisk/mirror/vendor/lib64/libgcs-ipc.so
11-24 19:22:27.252   788   790 D Magisk  : bind_mnt: /vendor/lib64/libgcs-osal.so <- /dev/USgYf/.magisk/mirror/vendor/lib64/libgcs-osal.so
11-24 19:22:27.252   788   790 D Magisk  : bind_mnt: /vendor/lib64/libgcs.so <- /dev/USgYf/.magisk/mirror/vendor/lib64/libgcs.so
11-24 19:22:27.252   788   790 D Magisk  : bind_mnt: /vendor/lib64/libgdtap.so <- /dev/USgYf/.magisk/mirror/vendor/lib64/libgdtap.so
11-24 19:22:27.252   788   790 D Magisk  : bind_mnt: /vendor/lib64/libgeofencing.so <- /dev/USgYf/.magisk/mirror/vendor/lib64/libgeofencing.so
11-24 19:22:27.252   788   790 D Magisk  : bind_mnt: /vendor/lib64/libgf_ca.so <- /dev/USgYf/.magisk/mirror/vendor/lib64/libgf_ca.so
11-24 19:22:27.252   788   790 D Magisk  : bind_mnt: /vendor/lib64/libgf_hal.so <- /dev/USgYf/.magisk/mirror/vendor/lib64/libgf_hal.so
11-24 19:22:27.252   788   790 D Magisk  : bind_mnt: /vendor/lib64/libgnss.so <- /dev/USgYf/.magisk/mirror/vendor/lib64/libgnss.so
11-24 19:22:27.252   788   790 D Magisk  : bind_mnt: /vendor/lib64/libgnsspps.so <- /dev/USgYf/.magisk/mirror/vendor/lib64/libgnsspps.so
11-24 19:22:27.252   788   790 D Magisk  : bind_mnt: /vendor/lib64/libgps.utils.so <- /dev/USgYf/.magisk/mirror/vendor/lib64/libgps.utils.so
11-24 19:22:27.252   788   790 D Magisk  : bind_mnt: /vendor/lib64/libgpu_tonemapper.so <- /dev/USgYf/.magisk/mirror/vendor/lib64/libgpu_tonemapper.so
11-24 19:22:27.252   788   790 D Magisk  : bind_mnt: /vendor/lib64/libgpudataproducer.so <- /dev/USgYf/.magisk/mirror/vendor/lib64/libgpudataproducer.so
11-24 19:22:27.252   788   790 D Magisk  : bind_mnt: /vendor/lib64/libgralloc.qti.so <- /dev/USgYf/.magisk/mirror/vendor/lib64/libgralloc.qti.so
11-24 19:22:27.252   788   790 D Magisk  : bind_mnt: /vendor/lib64/libgralloccore.so <- /dev/USgYf/.magisk/mirror/vendor/lib64/libgralloccore.so
11-24 19:22:27.252   788   790 D Magisk  : bind_mnt: /vendor/lib64/libgrallocutils.so <- /dev/USgYf/.magisk/mirror/vendor/lib64/libgrallocutils.so
11-24 19:22:27.253   788   790 D Magisk  : bind_mnt: /vendor/lib64/libgsl.so <- /dev/USgYf/.magisk/mirror/vendor/lib64/libgsl.so
