05-02 09:58:05.679  1235  1431 I DreamController: Stopping dream: name=ComponentInfo{com.android.systemui/com.android.systemui.doze.DozeService}, isTest=false, canDoze=true, userId=0
05-02 09:58:05.680  1235  6570 D ActivityTaskManager: Top Process State changed to PROCESS_STATE_TOP
05-02 09:58:05.680  1235  6570 D ActivityTaskManager: awakeFromSleepingLocked: previously pausing activity didn't pause
05-02 09:58:05.917  1235  1434 W UsageStatsService: Event reported without a package name, eventType:18
05-02 09:58:05.918  1235  1434 W UsageStatsService: Event reported without a package name, eventType:18
05-02 09:58:05.922  1235  1441 W BroadcastQueue: Background execution not allowed: receiving Intent { act=android.intent.action.USER_PRESENT flg=0x24200010 } to com.eg.android.AlipayGphone/com.alipay.pushsdk.BroadcastActionReceiver
05-02 09:58:05.922  1235  1441 W BroadcastQueue: Background execution not allowed: receiving Intent { act=android.intent.action.USER_PRESENT flg=0x24200010 } to com.tencent.tmgp.pubgmhd/com.tencent.android.tpush.XGPushReceiver
05-02 09:58:05.922  1235  1441 W BroadcastQueue: Background execution not allowed: receiving Intent { act=android.intent.action.USER_PRESENT flg=0x24200010 } to com.tencent.tmgp.sgame/com.tencent.android.tpush.XGPushReceiver
05-02 09:58:05.922  1235  1441 W BroadcastQueue: Background execution not allowed: receiving Intent { act=android.intent.action.USER_PRESENT flg=0x24200010 } to com.iflytek.inputmethod/.multiprocess.AssistReceiver
05-02 09:58:05.922  1235  1441 W BroadcastQueue: Permission Denial: broadcasting Intent { act=android.intent.action.USER_PRESENT flg=0x24200010 } from com.android.systemui (pid=2120, uid=10131) is not exported from uid 10191 due to receiver com.nasoft.socmark/cn.jpush.android.service.PushReceiver
05-02 09:58:05.922  1235  1441 W BroadcastQueue: Background execution not allowed: receiving Intent { act=android.intent.action.USER_PRESENT flg=0x24200010 } to com.ss.android.ugc.aweme/com.ss.android.message.MessageReceiver
05-02 09:58:05.922  1235  1441 W BroadcastQueue: Background execution not allowed: receiving Intent { act=android.intent.action.USER_PRESENT flg=0x24200010 } to com.ss.android.ugc.aweme/com.ss.android.message.sswo.SswoReceiver
05-02 09:58:05.922  1235  1441 W BroadcastQueue: Background execution not allowed: receiving Intent { act=android.intent.action.USER_PRESENT flg=0x24200010 } to com.ss.android.ugc.aweme/com.ss.android.push.window.oppo.ScreenReceiver
05-02 09:58:05.922  1235  1441 W BroadcastQueue: Background execution not allowed: receiving Intent { act=android.intent.action.USER_PRESENT flg=0x24200010 } to com.ss.android.ugc.aweme/com.taobao.accs.EventReceiver
05-02 09:58:05.922  1235  1441 W BroadcastQueue: Background execution not allowed: receiving Intent { act=android.intent.action.USER_PRESENT flg=0x24200010 } to com.taobao.idlefish/com.taobao.accs.EventReceiver
05-02 09:58:05.922  1235  1441 W BroadcastQueue: Background execution not allowed: receiving Intent { act=android.intent.action.USER_PRESENT flg=0x24200010 } to com.taobao.taobao/com.taobao.accs.EventReceiver
05-02 09:58:05.922  1235  1441 W BroadcastQueue: Permission Denial: broadcasting Intent { act=android.intent.action.USER_PRESENT flg=0x24200010 } from com.android.systemui (pid=2120, uid=10131) is not exported from uid 10186 due to receiver tv.danmaku.bili/cn.jpush.android.service.PushReceiver
05-02 09:58:05.925  1235  1441 W BroadcastQueue: Background execution not allowed: receiving Intent { act=android.intent.action.USER_PRESENT flg=0x24200010 } to com.iflytek.inputmethod/.multiprocess.AssistReceiver
05-02 09:58:08.676  1235  3030 E TaskPersister: File error accessing recents directory (directory doesn't exist?).
05-02 09:58:09.244  1235  1446 I ActivityManager: Start proc 22526:com.tencent.tim:peak/u0a151 for service {com.tencent.tim/com.tencent.mobileqq.activity.photo.PeakService}
05-02 09:58:20.073  1235  3057 E WifiService: Permission violation - getConfiguredNetworks not allowed for uid=10182, packageName=com.tencent.mm, reason=java.lang.SecurityException: UID 10182 has no location permission
05-02 09:58:20.112  1235  2242 E WifiService: Permission violation - getConfiguredNetworks not allowed for uid=10182, packageName=com.tencent.mm, reason=java.lang.SecurityException: UID 10182 has no location permission
05-02 09:58:20.165  1235  2242 I chatty  : uid=1000(system) Binder:1235_7 identical 2 lines
05-02 09:58:20.179  1235  2242 E WifiService: Permission violation - getConfiguredNetworks not allowed for uid=10182, packageName=com.tencent.mm, reason=java.lang.SecurityException: UID 10182 has no location permission
05-02 09:58:20.189  1235  2482 E WifiService: Permission violation - getConfiguredNetworks not allowed for uid=10182, packageName=com.tencent.mm, reason=java.lang.SecurityException: UID 10182 has no location permission
05-02 09:58:20.354  1235  2242 E WifiService: Permission violation - getConfiguredNetworks not allowed for uid=10182, packageName=com.tencent.mm, reason=java.lang.SecurityException: UID 10182 has no location permission
--------- beginning of main
05-02 09:58:26.501  1121 22629 D ReflectedParamUpdater: extent() != 1 for single value type: output.buffers.pool-ids.values
05-02 09:58:26.501  1121 22629 D ReflectedParamUpdater: extent() != 1 for single value type: algo.buffers.pool-ids.values
05-02 09:58:26.503  1121 22629 I CCodecConfig: query failed after returning 7 values (BAD_INDEX)
05-02 09:58:26.503  1121 22629 D CCodecConfig: c2 config diff is Dict {
05-02 09:58:26.503  1121 22629 D CCodecConfig:   c2::u32 coded.bitrate.value = 64000
05-02 09:58:26.503  1121 22629 D CCodecConfig:   c2::u32 input.buffers.max-size.value = 8192
05-02 09:58:26.503  1121 22629 D CCodecConfig:   c2::u32 input.delay.value = 0
05-02 09:58:26.503  1121 22629 D CCodecConfig:   string input.media-type.value = "audio/mpeg"
05-02 09:58:26.503  1121 22629 D CCodecConfig:   string output.media-type.value = "audio/raw"
05-02 09:58:26.503  1121 22629 D CCodecConfig:   c2::u32 raw.channel-count.value = 2
05-02 09:58:26.503  1121 22629 D CCodecConfig:   c2::u32 raw.sample-rate.value = 44100
05-02 09:58:26.503  1121 22629 D CCodecConfig: }
05-02 09:58:26.504  1121 22629 D CCodecConfig: no c2 equivalents for durationUs
05-02 09:58:26.504  1121 22629 D CCodecConfig: c2 config diff is   c2::u32 raw.sample-rate.value = 48000
05-02 09:58:26.505  1121 22629 W Codec2Client: query -- param skipped: index = 1107298332.
05-02 09:58:26.505  1121 22629 D CCodec  : setup formats input: AMessage(what = 0x00000000) = {
05-02 09:58:26.505  1121 22629 D CCodec  :   int32_t channel-count = 2
05-02 09:58:26.505  1121 22629 D CCodec  :   int32_t max-input-size = 8192
05-02 09:58:26.505  1121 22629 D CCodec  :   string mime = "audio/mpeg"
05-02 09:58:26.505  1121 22629 D CCodec  :   int32_t sample-rate = 48000
05-02 09:58:26.505  1121 22629 D CCodec  : } and output: AMessage(what = 0x00000000) = {
05-02 09:58:26.505  1121 22629 D CCodec  :   int32_t channel-count = 2
05-02 09:58:26.505  1121 22629 D CCodec  :   string mime = "audio/raw"
05-02 09:58:26.505  1121 22629 D CCodec  :   int32_t sample-rate = 48000
05-02 09:58:26.505  1121 22629 D CCodec  : }
05-02 09:58:26.508  1121 22629 I MediaCodec: MediaCodec will operate in async mode
05-02 09:58:26.513  1121 22629 W Codec2Client: query -- param skipped: index = 1342179345.
05-02 09:58:26.513  1121 22629 W Codec2Client: query -- param skipped: index = 2415921170.
05-02 09:58:26.515  1121 22629 D CCodecBufferChannel: [c2.android.mp3.decoder#456] Created input block pool with allocatorID 16 => poolID 89 - OK (0)
05-02 09:58:26.516  1134  1333 D BufferPoolAccessor: bufferpool2 0x31110c2430 : 0(0 size) total buffers - 0(0 size) used buffers - 30/37 (recycle/alloc) - 7/37 (fetch/transfer)
05-02 09:58:26.516  1134  1333 D BufferPoolAccessor: Destruction - bufferpool2 0x31110c2430 cached: 0/0M, 0/0% in use; allocs: 37, 81% recycled; transfers: 37, 81% unfetced
05-02 09:58:26.517  1121  2146 D BufferPoolAccessor: bufferpool2 0xf041b910 : 0(0 size) total buffers - 0(0 size) used buffers - 27/38 (recycle/alloc) - 11/72 (fetch/transfer)
05-02 09:58:26.518  1121  2146 D BufferPoolAccessor: Destruction - bufferpool2 0xf041b910 cached: 0/0M, 0/0% in use; allocs: 38, 71% recycled; transfers: 72, 85% unfetced
05-02 09:58:26.518  1121 22629 I CCodecBufferChannel: [c2.android.mp3.decoder#456] Created output block pool with allocatorID 16 => poolID 107 - OK
05-02 09:58:26.518  1121 22629 D CCodecBufferChannel: [c2.android.mp3.decoder#456] Configured output block pool ids 107 => OK
05-02 09:58:26.520  1134 22630 D SimpleC2Component: Using output block pool with poolID 107 => got 107 - 0
05-02 09:58:26.525  1134 22630 I C2SoftMp3Dec: Reconfiguring decoder: 0->48000 Hz, 0->2 channels
05-02 09:58:26.535   971  3001 I chatty  : uid=1041(audioserver) Binder:971_8 expire 11 lines
05-02 09:58:26.554   889  5213 I chatty  : uid=1041(audioserver) writer expire 72 lines
05-02 09:58:26.679 17685 17807 I chatty  : uid=10151(u0_a151) httpcommunicato expire 15 lines
05-02 09:58:26.698  6580  6698 I chatty  : uid=10151(u0_a151) MsfCheckDeepSle expire 22 lines
05-02 09:58:26.859  1116  6257 E MP3Extractor: Unable to resync. Signalling end of stream.
05-02 09:58:26.864  1121 22629 D CCodecBufferChannel: [c2.android.mp3.decoder#456] buffers after EOS ignored (0 us)
05-02 09:58:26.864  1116  6257 E MP3Extractor: Unable to resync. Signalling end of stream.
05-02 09:58:27.135  1121 22627 D AudioTrack: stop(287): called with 41472 frames delivered
05-02 09:58:27.508 17685 17685 I chatty  : uid=10151(u0_a151) com.tencent.tim expire 246 lines
05-02 09:58:27.509  1121  2462 D NuPlayerDriver: reset(0xf4986300) at state 6
05-02 09:58:27.541  1121 22620 D NuPlayerDriver: notifyResetComplete(0xf4986300)
05-02 09:58:27.543  1121  2462 W AMessage: failed to post message as target looper for handler 0 is gone.
05-02 09:58:27.546  1134  2523 V C2Store : in ~ComponentModule
05-02 09:58:27.546  1134  2523 V C2Store : unloading dll
05-02 09:58:29.983  6580  7217 I chatty  : uid=10151(u0_a151) MsfCoreSocketRe expire 26 lines
05-02 09:58:30.004 17685 17756 I chatty  : uid=10151(u0_a151) MSF-Receiver expire 19 lines
05-02 09:58:33.347   932  2967 I chatty  : uid=0(root) NodeLooperThrea expire 49 lines
05-02 09:58:33.689 17685 22668 I chatty  : uid=10151(u0_a151) com.tencent.tim expire 1 line
05-02 09:58:33.704   889  3536 I chatty  : uid=1041(audioserver) writer expire 71 lines
05-02 09:58:33.722  6580  6730 I chatty  : uid=10151(u0_a151) Binder:6580_5 expire 4 lines
05-02 09:58:33.722  6580  6654 I chatty  : uid=10151(u0_a151) MsfCoreMsgSende expire 14 lines
05-02 09:58:34.287   829   829 I chatty  : uid=0(root) Binder:829_3 expire 10 lines
05-02 09:58:35.251 17685 22671 I chatty  : uid=10151(u0_a151) com.tencent.tim expire 1 line
05-02 09:58:36.884   829 22676 I chatty  : uid=0(root) Binder:829_3 expire 1 line
05-02 09:58:37.078  3190  3190 I System.out: kfzzs=activityName=android.inputmethodservice.SoftInputWindow
05-02 09:58:38.448 17685 22680 I chatty  : uid=10151(u0_a151) com.tencent.tim expire 3 lines
05-02 09:58:40.165   889  1936 I chatty  : uid=1041(audioserver) HwBinder:889_3 expire 10 lines
05-02 09:58:41.852 22526 22526 I chatty  : uid=10151(u0_a151) expire 8 lines
05-02 09:58:44.054 17685 22706 I chatty  : uid=10151(u0_a151) com.tencent.tim expire 6 lines
05-02 09:58:44.339  2453  3488 W GooglePlayServicesUtil: Google Play Store is missing.
05-02 09:58:44.342  2453  3488 W GooglePlayServicesUtil: Google Play Store is missing.
05-02 09:58:44.346 17685 22711 I chatty  : uid=10151(u0_a151) com.tencent.tim expire 1 line
05-02 09:58:44.357   889  3536 I chatty  : uid=1041(audioserver) writer expire 138 lines
05-02 09:58:45.658  6580  7217 I chatty  : uid=10151(u0_a151) MsfCoreSocketRe expire 20 lines
05-02 09:58:46.769 17685 17685 I chatty  : uid=10151(u0_a151) com.tencent.tim expire 1657 lines
05-02 09:58:46.963 17685 22714 I chatty  : uid=10151(u0_a151) com.tencent.tim expire 1 line
05-02 09:58:48.564  1235  1841 I chatty  : uid=1000(system) WifiScanningSer expire 1 line
05-02 09:58:48.816  6580  6654 I chatty  : uid=10151(u0_a151) MsfCoreMsgSende expire 14 lines
05-02 09:58:49.311 17685 17697 I chatty  : uid=10151(u0_a151) HeapTaskDaemon expire 1 line
05-02 09:58:49.447 17685 17756 I chatty  : uid=10151(u0_a151) MSF-Receiver expire 34 lines
05-02 09:58:50.032   938  7118 I WifiHAL : event received NL80211_CMD_VENDOR, vendor_id = 0x1374, subcmd = 0x7f
05-02 09:58:50.046  1140  1140 I cnss-daemon: nl80211 response handler invoked
05-02 09:58:50.050  1140  1140 I cnss-daemon: nl80211_response_handler: cmd 103, vendorID 4980, subcmd 127  received
05-02 09:58:50.600  1235  3074 I ActivityTaskManager: START u0 {flg=0x24040000 cmp=com.tencent.tim/com.tencent.mobileqq.activity.aio.photo.AIOGalleryActivity (has extras)} from uid 10151
05-02 09:58:50.608   932  2967 I chatty  : uid=0(root) NodeLooperThrea expire 52 lines
05-02 09:58:50.959 22526 22728 I chatty  : uid=10151(u0_a151) expire 6 lines
05-02 09:58:51.009   507   507 I hwservicemanager: getTransport: Cannot find entry android.hardware.graphics.mapper@3.0::IMapper/default in either framework or device manifest.
05-02 09:58:51.017  3190  3190 I System.out: kfzzs=activityName=com.tencent.mobileqq.activity.aio.photo.AIOGalleryActivity
05-02 09:58:51.846  6580  6698 I chatty  : uid=10151(u0_a151) MsfCheckDeepSle expire 26 lines
05-02 09:58:51.985   829 22755 I chatty  : uid=0(root) Binder:829_3 expire 1 line
05-02 09:58:53.530  1235  1798 I chatty  : uid=1000(system) InputDispatcher expire 4 lines
05-02 09:58:53.532  1235  1432 E RemoteAugmentedAutofillService: Bad service name for flags 1048704: com.google.android.as/com.google.android.apps.miphone.aiai.app.AiAiAugmentedAutofillService
05-02 09:58:53.535  2453  3488 W GooglePlayServicesUtil: Google Play Store is missing.
05-02 09:58:53.538  2453  3488 W GooglePlayServicesUtil: Google Play Store is missing.
05-02 09:58:53.709   889  1936 I chatty  : uid=1041(audioserver) HwBinder:889_3 expire 20 lines
05-02 09:58:54.070  3190  3190 I System.out: kfzzs=activityName=com.tencent.mobileqq.activity.SplashActivity
05-02 09:58:54.112  2453  2475 I s.nexuslaunche: NativeAlloc concurrent copying GC freed 12271(575KB) AllocSpace objects, 0(0B) LOS objects, 49% free, 4405KB/8810KB, paused 110us total 156.221ms
05-02 09:58:54.158  2120  2132 I ndroid.systemu: NativeAlloc concurrent copying GC freed 191407(5981KB) AllocSpace objects, 6(120KB) LOS objects, 49% free, 9016KB/17MB, paused 81us total 194.028ms
05-02 09:58:53.539  1235  1432 E RemoteAugmentedAutofillService: Bad service name for flags 1048704: com.google.android.as/com.google.android.apps.miphone.aiai.app.AiAiAugmentedAutofillService
05-02 09:58:54.764  1235  3030 E TaskPersister: File error accessing recents directory (directory doesn't exist?).
05-02 09:58:55.831  3190  3190 I System.out: kfzzs=activityName=android.inputmethodservice.SoftInputWindow
05-02 09:58:57.487  6580  7217 I chatty  : uid=10151(u0_a151) MsfCoreSocketRe expire 37 lines
05-02 09:58:57.552  2289  2289 D ServiceStateProvider: subId=2
05-02 09:58:57.555 15112 15112 D CellBroadcastReceiver: onReceive Intent { act=android.intent.action.SERVICE_STATE flg=0x1000010 cmp=com.android.cellbroadcastreceiver/.CellBroadcastReceiver (has extras) }
05-02 09:58:57.574 15131 15131 D CellBroadcastReceiver: onReceive Intent { act=android.intent.action.SERVICE_STATE flg=0x1000010 cmp=com.android.cellbroadcastreceiver/.CellBroadcastReceiver (has extras) }
05-02 09:58:58.625  2120  2120 D StatusBar: disable<e i a s b h r c s > disable2<q i n >
05-02 09:58:58.662  2120  2120 D StatusBar: disable<e i a s b h r c s > disable2<q i n >
05-02 09:58:58.721  2120  2120 W View    : couldn't find view with id 2131362088
05-02 09:58:58.884  2120  2120 W View    : couldn't find view with id 2131362088
05-02 09:58:59.180  2120  2120 W View    : couldn't find view with id 2131362088
05-02 09:58:59.270  2120  2120 W View    : couldn't find view with id 2131362088
05-02 09:59:02.644  2120  2120 W View    : couldn't find view with id 2131362088
05-02 09:59:02.908  2120  2120 W View    : couldn't find view with id 2131362088
05-02 09:59:03.342  2120  2120 W View    : couldn't find view with id 2131362088
05-02 09:59:03.561  2120  2120 W View    : couldn't find view with id 2131362088
05-02 09:59:03.607  2120  2519 W OpenGLRenderer: Incorrectly called buildLayer on View: LockIcon, destroying layer...
05-02 09:59:03.620  2120  2120 D StatusBar: disable<e i a s b h r c s > disable2<q i n >
05-02 09:59:03.680  2120  2120 D StatusBar: disable<e i a s b h r c s > disable2<q i n >
05-02 09:59:03.718  3190  3190 I System.out: kfzzs=activityName=com.tencent.mobileqq.activity.SplashActivity
05-02 09:59:04.702  6580  6654 I chatty  : uid=10151(u0_a151) MsfCoreMsgSende expire 13 lines
05-02 09:59:05.166 17685 17698 I chatty  : uid=10151(u0_a151) ReferenceQueueD expire 1 line
05-02 09:59:05.680   829 22799 I chatty  : uid=0(root) Binder:829_3 expire 1 line
05-02 09:59:06.202  1235  1441 W BroadcastQueue: Background execution not allowed: receiving Intent { act=android.net.wifi.RSSI_CHANGED flg=0x4000010 (has extras) } to com.tencent.tim/com.tencent.qqmail.utilities.qmbroadcastreceiver.WifiChangeReceiver
05-02 09:59:06.203 10305 10337 D QCNEJ/WlanStaInfoRelay: Received action: android.net.wifi.RSSI_CHANGED
05-02 09:59:06.203  2265  3002 D QCNEJ/WlanStaInfoRelay: Received action: android.net.wifi.RSSI_CHANGED
05-02 09:59:06.205 10305 10337 I QCNEJ/NativeHalConnector: -> SND notifyWlanStaStatusChanged([WlanStaInfo]: wifiSwitchState = 1 rssi = -67 ssid = 360WiFi-BC1055 bssid = 70:af:6a:bc:10:55 dnsInfo = 192.168.0.1;0.0.0.0;0.0.0.0;0.0.0.0; freqBand = _2GHz countryCode = cn[RatInfo]: networkType = 1 subType = 101 networkState = CONNECTED netHdl = 450082295821 ipAddrV4 = 192.168.0.3 ipAddrV6 =  ifNameV4 = wlan0 ifNameV6 =  slotIdx = 0 isAndroidValidated = true) timeStamp = 2020-05-02 09:59:06.205
05-02 09:59:06.205  2265  3002 I QCNEJ/NativeHalConnector: -> SND notifyWlanStaStatusChanged([WlanStaInfo]: wifiSwitchState = 1 rssi = -67 ssid = 360WiFi-BC1055 bssid = 70:af:6a:bc:10:55 dnsInfo = 192.168.0.1;0.0.0.0;0.0.0.0;0.0.0.0; freqBand = _2GHz countryCode = cn[RatInfo]: networkType = 1 subType = 101 networkState = CONNECTED netHdl = 450082295821 ipAddrV4 = 192.168.0.3 ipAddrV6 =  ifNameV4 = wlan0 ifNameV6 =  slotIdx = 0 isAndroidValidated = true) timeStamp = 2020-05-02 09:59:06.205
05-02 09:59:06.784   932  2967 I chatty  : uid=0(root) NodeLooperThrea expire 46 lines
05-02 09:59:07.501 17685 17685 I chatty  : uid=10151(u0_a151) com.tencent.tim expire 219 lines
05-02 09:59:08.821  1235  1799 D WindowManager: powerPress: eventTime=12605878 interactive=true count=1 beganFromNonInteractive=false mShortPressOnPowerBehavior=1
05-02 09:59:08.822  1235  1799 I PowerManagerService: Going to sleep due to power_button (uid 1000)...
05-02 09:59:08.824  1235  1235 W UsageStatsService: Event reported without a package name, eventType:16
05-02 09:59:08.862  1235  2035 I chatty  : uid=1000(system) PocketService expire 1 line
05-02 09:59:08.892  2120  2431 I AudioTrack: createTrack_l(283): AUDIO_OUTPUT_FLAG_FAST successful; frameCount 0 -> 5280
05-02 09:59:08.903   889  3536 I chatty  : uid=1041(audioserver) writer expire 69 lines
05-02 09:59:08.824  1235  1235 W UsageStatsService: Event reported without a package name, eventType:16
05-02 09:59:09.269  1235  1441 W BroadcastQueue: Background execution not allowed: receiving Intent { act=android.net.wifi.RSSI_CHANGED flg=0x4000010 (has extras) } to com.tencent.tim/com.tencent.qqmail.utilities.qmbroadcastreceiver.WifiChangeReceiver
05-02 09:59:09.272 10305 10337 D QCNEJ/WlanStaInfoRelay: Received action: android.net.wifi.RSSI_CHANGED
05-02 09:59:09.272 10305 10337 I QCNEJ/NativeHalConnector: -> SND notifyWlanStaStatusChanged([WlanStaInfo]: wifiSwitchState = 1 rssi = -66 ssid = 360WiFi-BC1055 bssid = 70:af:6a:bc:10:55 dnsInfo = 192.168.0.1;0.0.0.0;0.0.0.0;0.0.0.0; freqBand = _2GHz countryCode = cn[RatInfo]: networkType = 1 subType = 101 networkState = CONNECTED netHdl = 450082295821 ipAddrV4 = 192.168.0.3 ipAddrV6 =  ifNameV4 = wlan0 ifNameV6 =  slotIdx = 0 isAndroidValidated = true) timeStamp = 2020-05-02 09:59:09.272
05-02 09:59:09.273  2265  3002 D QCNEJ/WlanStaInfoRelay: Received action: android.net.wifi.RSSI_CHANGED
05-02 09:59:09.274  2265  3002 I QCNEJ/NativeHalConnector: -> SND notifyWlanStaStatusChanged([WlanStaInfo]: wifiSwitchState = 1 rssi = -66 ssid = 360WiFi-BC1055 bssid = 70:af:6a:bc:10:55 dnsInfo = 192.168.0.1;0.0.0.0;0.0.0.0;0.0.0.0; freqBand = _2GHz countryCode = cn[RatInfo]: networkType = 1 subType = 101 networkState = CONNECTED netHdl = 450082295821 ipAddrV4 = 192.168.0.3 ipAddrV6 =  ifNameV4 = wlan0 ifNameV6 =  slotIdx = 0 isAndroidValidated = true) timeStamp = 2020-05-02 09:59:09.273
05-02 09:59:09.328  1235  1504 I DisplayPowerController: Blocking screen off
05-02 09:59:09.328  1235  1504 I DisplayPowerController: Unblocked screen off after 0 ms
05-02 09:59:09.329   507   507 I chatty  : uid=1000(system) hwservicemanage expire 15 lines
05-02 09:59:09.362  1235  1504 D ActivityTaskManager: Top Process State changed to PROCESS_STATE_TOP_SLEEPING
05-02 09:59:09.373  1235  1504 V DisplayPowerController: Brightness [0] reason changing to: 'screen_off', previous reason: 'manual'.
05-02 09:59:09.375   989   989 D SurfaceFlinger: Setting power mode 0 on display 0
05-02 09:59:09.376   914   968 I SDM     : DisplayBase::SetDisplayState: Set state = 0, display 0
05-02 09:59:09.389  1235  1434 I DisplayManagerService: Display device changed state: "", OFF
05-02 09:59:09.469  2120  2132 I ndroid.systemu: NativeAlloc concurrent copying GC freed 56574(2154KB) AllocSpace objects, 4(80KB) LOS objects, 49% free, 8484KB/16MB, paused 64us total 121.067ms
05-02 09:59:09.857   989   989 D SurfaceFlinger: Finished setting power mode 0 on display 0
05-02 09:59:09.860  1235  1504 I DreamManagerService: Entering dreamland.
05-02 09:59:09.862  1235  1504 I PowerManagerService: Dozing...
05-02 09:59:09.870  1235  1431 I DreamController: Starting dream: name=ComponentInfo{com.android.systemui/com.android.systemui.doze.DozeService}, isTest=false, canDoze=true, userId=0
05-02 09:59:09.909  2120  2120 D StatusBar: updateQsExpansionEnabled - QS Expand enabled: false
05-02 09:59:09.940  2120  2120 D StatusBar: updateQsExpansionEnabled - QS Expand enabled: false
05-02 09:59:09.957  2120  2120 D StatusBar: disable<e i a s b h r c s > disable2<q i n >
05-02 09:59:09.987  2120  2120 D StatusBar: disable<e i a s b h r c s > disable2<q i n >
05-02 09:59:10.024  2120  2120 D StatusBar: disable<e i a s b h r c s > disable2<q i n >
05-02 09:59:10.026  3263  3263 D com.motorola.faceunlock.service.FaceAuthService: OnReceive intent = Intent { act=android.intent.action.SCREEN_OFF flg=0x50200010 }
05-02 09:59:10.037   889  1936 I chatty  : uid=1041(audioserver) HwBinder:889_3 expire 13 lines
05-02 09:59:10.074  2120  2120 D ImageWallpaper: onAmbientModeChanged: inAmbient=true, duration=0
05-02 09:59:10.075  2120  2377 D ImageRevealHelper: updateAwake: awake=false, duration=0
05-02 09:59:10.075  2120  2377 V ImageWallpaperRenderer: onRevealStart: start, anim=false
05-02 09:59:10.075  2120  2377 D ImageWallpaper: preRender start
05-02 09:59:10.081  2120  2377 D ImageWallpaperRenderer: loadBitmap: mBitmap=null
05-02 09:59:10.262  2120  2377 D ImageWallpaperRenderer: loadBitmap done, surface size=Rect(0, 0 - 2160, 1920)
05-02 09:59:10.278  2120  2377 D ImageWallpaper: preRender end
05-02 09:59:10.278  2120  2377 V ImageWallpaperRenderer: onRevealStart: done
05-02 09:59:10.297  2120  2377 V ImageWallpaperRenderer: onRevealEnd: start, mScissorMode=false
05-02 09:59:10.298  2120  2377 D ImageWallpaper: postRender start
05-02 09:59:10.298  2120  2377 D ImageWallpaper: postRender end
05-02 09:59:10.298  2120  2377 V ImageWallpaperRenderer: onRevealEnd: done
05-02 09:59:10.330  1235  1434 W UsageStatsService: Event reported without a package name, eventType:17
05-02 09:59:10.340  2120  2120 D StatusBar: disable<e i a s b h r c s > disable2<q i n >
05-02 09:59:10.330  1235  1434 W UsageStatsService: Event reported without a package name, eventType:17
05-02 09:59:10.347  1235  6570 V FingerprintService: mDaemon was null, reconnect to fingerprint
05-02 09:59:10.349  1235  6570 W FingerprintService: fingerprint HIDL not available
05-02 09:59:10.340  2120  2120 D StatusBar: disable<e i a s b h r c s > disable2<q i n >
05-02 09:59:10.349  2120  2120 D KeyguardUpdateMonitor: onKeyguardVisibilityChanged(true)
05-02 09:59:10.355   507 22811 I chatty  : uid=1000(system) hwservicemanage expire 2 lines
05-02 09:59:10.357  1235  6570 V FingerprintService: mDaemon was null, reconnect to fingerprint
05-02 09:59:10.359  1235  6570 W FingerprintService: fingerprint HIDL not available
05-02 09:59:10.361   507 22812 I chatty  : uid=1000(system) hwservicemanage expire 2 lines
05-02 09:59:10.363  1235  6570 V FingerprintService: mDaemon was null, reconnect to fingerprint
05-02 09:59:10.365  1235  6570 W FingerprintService: fingerprint HIDL not available
05-02 09:59:10.369  1235  6570 V FingerprintService: mDaemon was null, reconnect to fingerprint
05-02 09:59:10.371  1235  6570 W FingerprintService: fingerprint HIDL not available
05-02 09:59:10.372   507 22813 I chatty  : uid=1000(system) hwservicemanage expire 2 lines
05-02 09:59:10.372  2120  2120 D StatusBar: disable<e i a s b H!R!c s > disable2<q i n >
05-02 09:59:10.374   507 22814 I chatty  : uid=1000(system) hwservicemanage expire 2 lines
05-02 09:59:10.379  2120  2120 D StatusBar: disable<e i a s b H R c s > disable2<q i n >
05-02 09:59:10.407  1235  3074 V FingerprintService: mDaemon was null, reconnect to fingerprint
05-02 09:59:10.408  1235  3074 W FingerprintService: fingerprint HIDL not available
05-02 09:59:10.380  2120  2120 D StatusBar: disable<e i a s b H R c s > disable2<q i n >
05-02 09:59:10.412   507 22815 I chatty  : uid=1000(system) hwservicemanage expire 2 lines
05-02 09:59:10.448  3058  3058 D NfcService: MSG_APPLY_SCREEN_STATE 2
05-02 09:59:11.299  2120  2377 D ImageWallpaper: finishRendering, preserve=true
05-02 09:59:12.051 17685 22819 I chatty  : uid=10151(u0_a151) com.tencent.tim expire 3 lines
05-02 09:59:14.988   938  7118 I WifiHAL : event received NL80211_CMD_VENDOR, vendor_id = 0x1374, subcmd = 0x7f
05-02 09:59:14.990  1140  1140 I cnss-daemon: nl80211 response handler invoked
05-02 09:59:14.993  1140  1140 I cnss-daemon: nl80211_response_handler: cmd 103, vendorID 4980, subcmd 127  received
05-02 09:59:14.995  1235  9112 I chatty  : uid=1000(system) Binder:1235_16 expire 5 lines
05-02 09:59:15.032 17685 17706 I chatty  : uid=10151(u0_a151) sp_worker expire 3 lines
05-02 09:59:15.035 17685 17806 I chatty  : uid=10151(u0_a151) httpcommunicato expire 12 lines
05-02 09:59:17.271 17685 17756 I chatty  : uid=10151(u0_a151) MSF-Receiver expire 18 lines
05-02 09:59:17.937  6580  7217 I chatty  : uid=10151(u0_a151) MsfCoreSocketRe expire 30 lines
05-02 09:59:19.155  7183 10611 I CZL_TINGLE: tingle : 55
05-02 09:59:19.156  7183 10611 I CZL_META: 
05-02 09:59:19.156  7183 10611 I CZL_META: [7183]    meta(1213)
05-02 09:59:19.663 17685 22825 I chatty  : uid=10151(u0_a151) com.tencent.tim expire 3 lines
05-02 09:59:19.743 17685 22829 I chatty  : uid=10151(u0_a151) com.tencent.tim expire 3 lines
05-02 09:59:21.696   938  7118 I WifiHAL : event received NL80211_CMD_VENDOR, vendor_id = 0x1374, subcmd = 0x7f
05-02 09:59:21.698  1140  1140 I cnss-daemon: nl80211 response handler invoked
05-02 09:59:21.698  1140  1140 I cnss-daemon: nl80211_response_handler: cmd 103, vendorID 4980, subcmd 127  received
05-02 09:59:27.287   938  7118 I WifiHAL : event received NL80211_CMD_VENDOR, vendor_id = 0x1374, subcmd = 0x7f
05-02 09:59:27.287  1140  1140 I cnss-daemon: nl80211 response handler invoked
05-02 09:59:27.287  1140  1140 I cnss-daemon: nl80211_response_handler: cmd 103, vendorID 4980, subcmd 127  received
05-02 09:59:31.675 17685 17756 I chatty  : uid=10151(u0_a151) MSF-Receiver expire 27 lines
05-02 09:59:32.864  6580  6698 I chatty  : uid=10151(u0_a151) MsfCheckDeepSle expire 10 lines
05-02 09:59:33.518  1140  1140 I cnss-daemon: nl80211 response handler invoked
05-02 09:59:33.519  1140  1140 I cnss-daemon: nl80211_response_handler: cmd 103, vendorID 4980, subcmd 127  received
05-02 09:59:33.518   938  7118 I WifiHAL : event received NL80211_CMD_VENDOR, vendor_id = 0x1374, subcmd = 0x7f
05-02 09:59:33.918   932  2967 I chatty  : uid=0(root) NodeLooperThrea expire 16 lines
05-02 09:59:36.275 17685 17807 I chatty  : uid=10151(u0_a151) httpcommunicato expire 9 lines
05-02 09:59:36.918  1140  1140 I cnss-daemon: nl80211 response handler invoked
05-02 09:59:36.918  1140  1140 I cnss-daemon: nl80211_response_handler: cmd 103, vendorID 4980, subcmd 127  received
05-02 09:59:36.918   938  7118 I WifiHAL : event received NL80211_CMD_VENDOR, vendor_id = 0x1374, subcmd = 0x7f
05-02 09:59:37.973  1235  1504 I DisplayPowerController: Blocking screen on until initial contents have been drawn.
05-02 09:59:37.987  1235  1504 V DisplayPowerController: Brightness [10] reason changing to: 'doze', previous reason: 'screen_off'.
05-02 09:59:37.989  1235  1434 I DisplayManagerService: Display device changed state: "", ON
05-02 09:59:38.005   989   989 D SurfaceFlinger: Setting power mode 2 on display 0
05-02 09:59:38.017   914   968 I SDM     : DisplayBase::SetDisplayState: Set state = 1, display 0
05-02 09:59:38.116  1235  1504 I DisplayPowerController: Unblocked screen on after 148 ms
05-02 09:59:38.130  2120  2120 D ImageWallpaper: wallpaper visibility changes to: true
05-02 09:59:38.131 10305 10337 D QCNEJ/WwanInfoRelay: onServiceStateChanged: dataState: 0 DDS:1 Notify service state update
05-02 09:59:38.133  2265  3002 D QCNEJ/WwanInfoRelay: onServiceStateChanged: dataState: 0 DDS:1 Notify service state update
05-02 09:59:38.138  1235  1441 I ActivityManager: Killing 4389:com.huati:f_system_server/u0a181 (adj 945): empty for 1804s
05-02 09:59:38.142  2289  2289 D ServiceStateProvider: subId=1
05-02 09:59:38.142 15112 15112 D CellBroadcastReceiver: onReceive Intent { act=android.intent.action.SERVICE_STATE flg=0x1000010 cmp=com.android.cellbroadcastreceiver/.CellBroadcastReceiver (has extras) }
05-02 09:59:38.152  2289  2289 W TelecomFramework: AccountEntry: registerMmTelCapabilityCallback: registration failed, no ImsService available. Exception: CapabilityCallbackManager - MmTelFeature binder is dead. (code: 1)
05-02 09:59:38.163 15131 15131 D CellBroadcastReceiver: onReceive Intent { act=android.intent.action.SERVICE_STATE flg=0x1000010 cmp=com.android.cellbroadcastreceiver/.CellBroadcastReceiver (has extras) }
05-02 09:59:38.197  2265  3002 D QCNEJ/WwanInfoRelay: onServiceStateChanged: dataState: 0 DDS:1 Notify service state update
05-02 09:59:38.200 10305 10337 D QCNEJ/WwanInfoRelay: onServiceStateChanged: dataState: 0 DDS:1 Notify service state update
05-02 09:59:38.203 15112 15112 D CellBroadcastReceiver: onReceive Intent { act=android.intent.action.SERVICE_STATE flg=0x1000010 cmp=com.android.cellbroadcastreceiver/.CellBroadcastReceiver (has extras) }
05-02 09:59:38.203  2289  2289 D ServiceStateProvider: subId=1
05-02 09:59:38.225 15131 15131 D CellBroadcastReceiver: onReceive Intent { act=android.intent.action.SERVICE_STATE flg=0x1000010 cmp=com.android.cellbroadcastreceiver/.CellBroadcastReceiver (has extras) }
05-02 09:59:38.241  1235  1449 I chatty  : uid=1000(system) ActivityManager expire 2 lines
05-02 09:59:38.249   989   989 D SurfaceFlinger: Finished setting power mode 2 on display 0
05-02 09:59:41.608   938  7118 I WifiHAL : event received NL80211_CMD_VENDOR, vendor_id = 0x1374, subcmd = 0x7f
05-02 09:59:41.609  1140  1140 I cnss-daemon: nl80211 response handler invoked
05-02 09:59:41.610  1140  1140 I cnss-daemon: nl80211_response_handler: cmd 103, vendorID 4980, subcmd 127  received
05-02 09:59:43.480  6580  7217 I chatty  : uid=10151(u0_a151) MsfCoreSocketRe expire 33 lines
05-02 09:59:43.668  1140  1140 I cnss-daemon: nl80211 response handler invoked
05-02 09:59:43.668  1140  1140 I cnss-daemon: nl80211_response_handler: cmd 103, vendorID 4980, subcmd 127  received
05-02 09:59:43.668   938  7118 I WifiHAL : event received NL80211_CMD_VENDOR, vendor_id = 0x1374, subcmd = 0x7f
05-02 09:59:43.949  9039  9077 V xiaomi  : [Thread:1459] JOB: Handle intent action = com.xiaomi.push.timer
05-02 09:59:43.956  9039  9077 V xiaomi  : [Thread:1459] Service called on timer
05-02 09:59:43.967  9039  9077 V xiaomi  : [Thread:1459] [Slim] SND ping id=0
05-02 09:59:44.204  9039 21021 V xiaomi  : [Thread:1487] [Slim] RCV ping id=0
05-02 09:59:44.210  9039  9077 V xiaomi  : [Thread:1459] TinyData TinyDataCacheProcessor.pingFollowUpAction ts:1588384784210
05-02 09:59:44.216  9039  9077 V xiaomi  : [Thread:1459] TinyData TinyDataCacheProcessor.pingFollowUpAction !canUpload(uploader) ts:1588384784216
05-02 09:59:38.215  2289  2289 I chatty  : uid=1001(radio) com.android.phone identical 2 lines
05-02 09:59:38.220  2289  2289 W TelecomFramework: AccountEntry: registerMmTelCapabilityCallback: registration failed, no ImsService available. Exception: CapabilityCallbackManager - MmTelFeature binder is dead. (code: 1)
05-02 09:59:44.384  1235  1504 I DisplayPowerController: Blocking screen off
05-02 09:59:44.384  1235  1504 I DisplayPowerController: Unblocked screen off after 0 ms
05-02 09:59:44.427  1235  1504 V DisplayPowerController: Brightness [0] reason changing to: 'screen_off', previous reason: 'doze'.
05-02 09:59:44.428  1235  1434 I DisplayManagerService: Display device changed state: "", OFF
05-02 09:59:44.429   989   989 D SurfaceFlinger: Setting power mode 0 on display 0
05-02 09:59:44.429   914   966 I SDM     : DisplayBase::SetDisplayState: Set state = 0, display 0
05-02 09:59:44.486  2120  2120 D StatusBar: disable<e i a s b H R c s > disable2<q i n >
05-02 09:59:44.487  2120  2120 D StatusBar: disable<e i a s b H R c s > disable2<q i n >
05-02 09:59:44.489  2120  2120 D ImageWallpaper: wallpaper visibility changes to: false
05-02 09:59:44.502   507   507 I chatty  : uid=1000(system) hwservicemanage expire 12 lines
05-02 09:59:44.671  1235  1504 I DisplayPowerController: Blocking screen on until initial contents have been drawn.
05-02 09:59:44.677  1235  1504 V DisplayPowerController: Brightness [10] reason changing to: 'doze', previous reason: 'screen_off'.
05-02 09:59:44.787  1235  1504 I DisplayPowerController: Unblocked screen on after 116 ms
05-02 09:59:44.899   989   989 D SurfaceFlinger: Finished setting power mode 0 on display 0
05-02 09:59:44.909  1235  1434 I DisplayManagerService: Display device changed state: "", ON
05-02 09:59:44.938   932  2967 I chatty  : uid=0(root) NodeLooperThrea expire 51 lines
05-02 09:59:44.951   989   989 D SurfaceFlinger: Setting power mode 2 on display 0
05-02 09:59:44.952   914   968 I SDM     : DisplayBase::SetDisplayState: Set state = 1, display 0
05-02 09:59:44.963  2120  2120 D ImageWallpaper: wallpaper visibility changes to: true
05-02 09:59:45.201   989   989 D SurfaceFlinger: Finished setting power mode 2 on display 0
05-02 09:59:46.049  1235  2239 I ActivityManager: Process com.tencent.tim:peak (pid 22526) has died: cch+25 CEM 
05-02 09:59:47.340  1235  2239 I chatty  : uid=1000(system) Binder:1235_6 expire 6 lines
05-02 09:59:47.341  2289  2753 W TelephonyPermissions: reportAccessDeniedToReadIdentifiers:com.tencent.mm:getSubscriberId:isPreinstalled=false:isPrivApp=false
05-02 09:59:50.829 17685 22879 I chatty  : uid=10151(u0_a151) com.tencent.tim expire 3 lines
05-02 09:59:51.292  1235  1504 I DisplayPowerController: Blocking screen off
05-02 09:59:51.295  1235  1504 I DisplayPowerController: Unblocked screen off after 3 ms
05-02 09:59:51.349  1235  1504 V DisplayPowerController: Brightness [0] reason changing to: 'screen_off', previous reason: 'doze'.
05-02 09:59:51.350  1235  1434 I DisplayManagerService: Display device changed state: "", OFF
05-02 09:59:51.350   989   989 D SurfaceFlinger: Setting power mode 0 on display 0
05-02 09:59:51.351   914   968 I SDM     : DisplayBase::SetDisplayState: Set state = 0, display 0
05-02 09:59:51.417  2120  2120 D StatusBar: disable<e i a s b H R c s > disable2<q i n >
05-02 09:59:51.418  2120  2120 I chatty  : uid=10131(u0_a131) com.android.systemui identical 7 lines
05-02 09:59:51.418  2120  2120 D StatusBar: disable<e i a s b H R c s > disable2<q i n >
05-02 09:59:51.424  2120  2120 D ImageWallpaper: wallpaper visibility changes to: false
05-02 09:59:51.581   938  7118 I WifiHAL : event received NL80211_CMD_VENDOR, vendor_id = 0x1374, subcmd = 0x7f
05-02 09:59:51.584  1140  1140 I cnss-daemon: nl80211 response handler invoked
05-02 09:59:51.586  1140  1140 I cnss-daemon: nl80211_response_handler: cmd 103, vendorID 4980, subcmd 127  received
05-02 09:59:51.835   989   989 D SurfaceFlinger: Finished setting power mode 0 on display 0
05-02 09:59:52.566  1235 16200 I chatty  : uid=1000(system) Binder:1235_1F expire 6 lines
05-02 09:59:52.723   829 22885 I chatty  : uid=0(root) Binder:829_3 expire 1 line
05-02 09:59:53.646 17685 17756 I chatty  : uid=10151(u0_a151) MSF-Receiver expire 57 lines
05-02 09:59:54.003  9039  9077 V xiaomi  : [Thread:1459] JOB: check the ping-pong.1588384783966
05-02 09:59:56.673   938  7118 I WifiHAL : event received NL80211_CMD_VENDOR, vendor_id = 0x1374, subcmd = 0x7f
05-02 09:59:56.674  1140  1140 I cnss-daemon: nl80211 response handler invoked
05-02 09:59:56.675  1140  1140 I cnss-daemon: nl80211_response_handler: cmd 103, vendorID 4980, subcmd 127  received
05-02 09:59:58.264 17685 22888 I chatty  : uid=10151(u0_a151) com.tencent.tim expire 3 lines
05-02 10:00:01.785 17685 17705 I chatty  : uid=10151(u0_a151) logWriteThread expire 1 line
05-02 10:00:03.376  6580  6608 I chatty  : uid=10151(u0_a151) logWriteThread expire 1 line
05-02 10:00:05.713   829 22897 I chatty  : uid=0(root) Binder:829_3 expire 1 line
05-02 10:00:06.094   932  2967 I chatty  : uid=0(root) NodeLooperThrea expire 17 lines
05-02 10:00:09.401  1235  1441 W ActivityManager: Stopping service due to app idle: u0a151 -9h22m28s880ms com.tencent.tim/com.tencent.mobileqq.msf.service.MsfService
05-02 10:00:09.405  1235  1441 W ActivityManager: Stopping service due to app idle: u0a151 -2m3s660ms com.tencent.tim/com.tencent.mobileqq.app.CoreService
05-02 10:00:13.651  6580  6598 I chatty  : uid=10151(u0_a151) FinalizerDaemon expire 1 line
05-02 10:00:17.196  6580  7217 I chatty  : uid=10151(u0_a151) MsfCoreSocketRe expire 41 lines
05-02 10:00:17.247  6580  6654 I chatty  : uid=10151(u0_a151) MsfCoreMsgSende expire 11 lines
05-02 10:00:17.972  1235  1440 I UsageStatsService: User[0] Flushing usage stats to disk
05-02 10:00:18.039  1235  1440 W AppIdleHistory: Skipping App Idle write for unexpected null package
05-02 10:00:18.049  1235  1440 I UsageStatsService: User[14] Flushing usage stats to disk
05-02 10:00:18.096  1235  1440 W AppIdleHistory: Skipping App Idle write for unexpected null package
05-02 10:00:20.427  7183 10611 I CZL_TINGLE: tingle : 56
05-02 10:00:20.427  7183 10611 I CZL_META: 
05-02 10:00:20.427  7183 10611 I CZL_META: [7183]    meta(1213)
05-02 10:00:20.528   932  2967 I chatty  : uid=0(root) NodeLooperThrea expire 12 lines
05-02 10:00:21.857 17685 22923 I chatty  : uid=10151(u0_a151) com.tencent.tim expire 3 lines
05-02 10:00:21.978 17685 17806 I chatty  : uid=10151(u0_a151) httpcommunicato expire 12 lines
05-02 10:00:26.801  1235 12028 I chatty  : uid=1000(system) Binder:1235_1C expire 1 line
05-02 10:00:26.881 17685 17815 I chatty  : uid=10151(u0_a151) QQ_DB expire 3 lines
05-02 10:00:27.891  1235 12915 I chatty  : uid=1000(system) Binder:1235_1E expire 1 line
05-02 10:00:28.271  1235  9112 I chatty  : uid=1000(system) Binder:1235_16 expire 11 lines
05-02 10:00:29.471 17685 17756 I chatty  : uid=10151(u0_a151) MSF-Receiver expire 10 lines
05-02 10:00:30.962  1235  2239 I chatty  : uid=1000(system) Binder:1235_6 expire 2 lines
05-02 10:00:31.054   932  2967 I chatty  : uid=0(root) NodeLooperThrea expire 21 lines
05-02 10:00:32.402 29559 29559 I Periodic: Executing periodic callback for QUARTER_HOUR because the period ended
05-02 10:00:34.101  6580  6654 I chatty  : uid=10151(u0_a151) MsfCoreMsgSende expire 11 lines
05-02 10:00:34.330  1235 12915 I chatty  : uid=1000(system) Binder:1235_1E expire 17 lines
05-02 10:00:34.340  2289  2753 W TelephonyPermissions: reportAccessDeniedToReadIdentifiers:com.tencent.mm:getSubscriberId:isPreinstalled=false:isPrivApp=false
05-02 10:00:36.666  1235  1441 W ActivityManager: SLOW OOM ADJ: 2124ms for pid 19801 = 935
05-02 10:00:40.018 11679 11679 W com.tencent.mm: Accessing hidden field Landroid/app/Notification;->mAllowSystemGeneratedContextualActions:Z (blacklist, reflection, denied)
05-02 10:00:40.240  1235  9112 I chatty  : uid=1000(system) Binder:1235_16 expire 3 lines
05-02 10:00:40.348  2394  4979 W TextClassifierService: Package or service not found in package com.google.android.as for user 0
05-02 10:00:40.376 17685 22937 I chatty  : uid=10151(u0_a151) com.tencent.tim expire 3 lines
05-02 10:00:40.526  1121  2462 D NuPlayerDriver: NuPlayerDriver(0xf494af00) created, clientPid(2120)
05-02 10:00:40.534  1121  2462 I Codec2Client: Creating a Codec2 client to service "software"
05-02 10:00:40.537  1121  2462 I Codec2Client: Client to Codec2 service "software" created
05-02 10:00:40.553  1121 22946 D GenericSource: FileSource remote
05-02 10:00:40.363  2394  4979 W TextClassifierService: Package or service not found in package com.google.android.as for user 0
05-02 10:00:40.569  1235 16200 E WifiService: Permission violation - getConfiguredNetworks not allowed for uid=10182, packageName=com.tencent.mm, reason=java.lang.SecurityException: UID 10182 has no location permission
05-02 10:00:40.579  1235  1504 I DisplayPowerController: Blocking screen on until initial contents have been drawn.
05-02 10:00:40.597  1235  1504 V DisplayPowerController: Brightness [10] reason changing to: 'doze', previous reason: 'screen_off'.
05-02 10:00:40.598  1235  1434 I DisplayManagerService: Display device changed state: "", ON
05-02 10:00:40.606   989   989 D SurfaceFlinger: Setting power mode 2 on display 0
05-02 10:00:40.619   914   968 I SDM     : DisplayBase::SetDisplayState: Set state = 1, display 0
05-02 10:00:40.651 17685 17756 I chatty  : uid=10151(u0_a151) MSF-Receiver expire 23 lines
05-02 10:00:40.686  6580  7217 I chatty  : uid=10151(u0_a151) MsfCoreSocketRe expire 24 lines
05-02 10:00:40.699  1235 16200 I chatty  : uid=1000(system) Binder:1235_1F expire 2 lines
05-02 10:00:40.705  2265  3002 D QCNEJ/WwanInfoRelay: onServiceStateChanged: dataState: 0 DDS:1 Notify service state update
05-02 10:00:40.710  2289  2289 D ServiceStateProvider: subId=1
05-02 10:00:40.712 10305 10337 D QCNEJ/WwanInfoRelay: onServiceStateChanged: dataState: 0 DDS:1 Notify service state update
05-02 10:00:40.714 15112 15112 D CellBroadcastReceiver: onReceive Intent { act=android.intent.action.SERVICE_STATE flg=0x1000010 cmp=com.android.cellbroadcastreceiver/.CellBroadcastReceiver (has extras) }
05-02 10:00:40.727  2289  2289 W TelecomFramework: AccountEntry: registerMmTelCapabilityCallback: registration failed, no ImsService available. Exception: CapabilityCallbackManager - MmTelFeature binder is dead. (code: 1)
05-02 10:00:40.729  1235  1504 I DisplayPowerController: Unblocked screen on after 150 ms
05-02 10:00:40.731 15131 15131 D CellBroadcastReceiver: onReceive Intent { act=android.intent.action.SERVICE_STATE flg=0x1000010 cmp=com.android.cellbroadcastreceiver/.CellBroadcastReceiver (has extras) }
05-02 10:00:40.745  2289  2289 W TelecomFramework: AccountEntry: registerMmTelCapabilityCallback: registration failed, no ImsService available. Exception: CapabilityCallbackManager - MmTelFeature binder is dead. (code: 1)
05-02 10:00:40.767  2120  2120 D ImageWallpaper: wallpaper visibility changes to: true
05-02 10:00:40.796  2265  3002 D QCNEJ/WwanInfoRelay: onServiceStateChanged: dataState: 0 DDS:1 Notify service state update
05-02 10:00:40.798 10305 10337 D QCNEJ/WwanInfoRelay: onServiceStateChanged: dataState: 0 DDS:1 Notify service state update
05-02 10:00:40.802 15112 15112 D CellBroadcastReceiver: onReceive Intent { act=android.intent.action.SERVICE_STATE flg=0x1000010 cmp=com.android.cellbroadcastreceiver/.CellBroadcastReceiver (has extras) }
05-02 10:00:40.802  2289  2289 D ServiceStateProvider: subId=1
05-02 10:00:40.812 15131 15131 D CellBroadcastReceiver: onReceive Intent { act=android.intent.action.SERVICE_STATE flg=0x1000010 cmp=com.android.cellbroadcastreceiver/.CellBroadcastReceiver (has extras) }
05-02 10:00:40.856   989   989 D SurfaceFlinger: Finished setting power mode 2 on display 0
05-02 10:00:40.859  1235  2072 I chatty  : uid=1000(system) PhotonicModulat expire 2 lines
05-02 10:00:41.095  1121 22945 I GenericSource: start
05-02 10:00:41.100  2120  2120 V MediaRouter: Selecting route: RouteInfo{ name=, description=null, status=null, category=RouteCategory{ name= types=ROUTE_TYPE_LIVE_AUDIO ROUTE_TYPE_LIVE_VIDEO  groupable=false }, supportedTypes=ROUTE_TYPE_LIVE_AUDIO ROUTE_TYPE_LIVE_VIDEO , presentationDisplay=null }
05-02 10:00:41.116  1121 22964 D CCodec  : allocate(c2.android.vorbis.decoder)
05-02 10:00:41.118  1134  2523 V C2Store : in init
05-02 10:00:41.119  1134  2523 V C2Store : loading dll
05-02 10:00:41.133  1121 22964 I CCodec  : Created component [c2.android.vorbis.decoder]
05-02 10:00:41.133  1121 22964 D CCodecConfig: read media type: audio/vorbis
05-02 10:00:41.139  1121 22964 D ReflectedParamUpdater: extent() != 1 for single value type: algo.buffers.max-count.values
05-02 10:00:41.140  1121 22964 D ReflectedParamUpdater: extent() != 1 for single value type: output.subscribed-indices.values
05-02 10:00:41.141  1121 22964 D ReflectedParamUpdater: extent() != 1 for single value type: input.buffers.allocator-ids.values
05-02 10:00:41.141  1121 22964 D ReflectedParamUpdater: extent() != 1 for single value type: output.buffers.allocator-ids.values
05-02 10:00:41.141  1121 22964 D ReflectedParamUpdater: extent() != 1 for single value type: algo.buffers.allocator-ids.values
05-02 10:00:41.142  1121 22964 D ReflectedParamUpdater: extent() != 1 for single value type: output.buffers.pool-ids.values
05-02 10:00:41.143  1121 22964 D ReflectedParamUpdater: extent() != 1 for single value type: algo.buffers.pool-ids.values
05-02 10:00:41.148  1121 22964 I CCodecConfig: query failed after returning 7 values (BAD_INDEX)
05-02 10:00:41.149  1121 22964 D CCodecConfig: c2 config diff is Dict {
05-02 10:00:41.149  1121 22964 D CCodecConfig:   c2::u32 coded.bitrate.value = 64000
05-02 10:00:41.149  1121 22964 D CCodecConfig:   c2::u32 input.buffers.max-size.value = 32768
05-02 10:00:41.149  1121 22964 D CCodecConfig:   c2::u32 input.delay.value = 0
05-02 10:00:41.149  1121 22964 D CCodecConfig:   string input.media-type.value = "audio/vorbis"
05-02 10:00:41.149  1121 22964 D CCodecConfig:   string output.media-type.value = "audio/raw"
05-02 10:00:41.149  1121 22964 D CCodecConfig:   c2::u32 raw.channel-count.value = 1
05-02 10:00:41.149  1121 22964 D CCodecConfig:   c2::u32 raw.sample-rate.value = 48000
05-02 10:00:41.149  1121 22964 D CCodecConfig: }
05-02 10:00:41.151  1121 22964 D CCodecConfig: no c2 equivalents for durationUs
05-02 10:00:41.151  1121 22964 D CCodecConfig: no c2 equivalents for csd-1
05-02 10:00:41.151  1121 22964 D CCodecConfig: no c2 equivalents for channel-mask
05-02 10:00:41.154  1121 22964 D CCodecConfig: c2 config diff is   c2::u32 raw.channel-count.value = 2
05-02 10:00:41.154  1121 22964 D CCodecConfig:   c2::u32 raw.sample-rate.value = 44100
05-02 10:00:41.156  1121 22964 W Codec2Client: query -- param skipped: index = 1107298332.
05-02 10:00:41.156  1121 22964 D CCodec  : setup formats input: AMessage(what = 0x00000000) = {
05-02 10:00:41.156  1121 22964 D CCodec  :   int32_t channel-count = 2
05-02 10:00:41.156  1121 22964 D CCodec  :   int32_t max-input-size = 32768
05-02 10:00:41.156  1121 22964 D CCodec  :   string mime = "audio/vorbis"
05-02 10:00:41.156  1121 22964 D CCodec  :   int32_t sample-rate = 44100
05-02 10:00:41.156  1121 22964 D CCodec  : } and output: AMessage(what = 0x00000000) = {
05-02 10:00:41.156  1121 22964 D CCodec  :   int32_t channel-count = 2
05-02 10:00:41.156  1121 22964 D CCodec  :   string mime = "audio/raw"
05-02 10:00:41.156  1121 22964 D CCodec  :   int32_t sample-rate = 44100
05-02 10:00:41.156  1121 22964 D CCodec  :   int32_t channel-mask = 3
05-02 10:00:41.156  1121 22964 D CCodec  : }
05-02 10:00:41.161  1121 22964 I MediaCodec: MediaCodec will operate in async mode
05-02 10:00:41.162  1121 22964 W Codec2Client: query -- param skipped: index = 1342179345.
05-02 10:00:41.162  1121 22964 W Codec2Client: query -- param skipped: index = 2415921170.
05-02 10:00:41.167  1134  1333 D BufferPoolAccessor: bufferpool2 0x31110b4e30 : 0(0 size) total buffers - 0(0 size) used buffers - 30/37 (recycle/alloc) - 7/37 (fetch/transfer)
05-02 10:00:41.167  1121 22964 D CCodecBufferChannel: [c2.android.vorbis.decoder#552] Created input block pool with allocatorID 16 => poolID 90 - OK (0)
05-02 10:00:41.168  1134  1340 D BufferPoolAccessor: Destruction - bufferpool2 0x31110b4e30 cached: 0/0M, 0/0% in use; allocs: 37, 81% recycled; transfers: 37, 81% unfetced
05-02 10:00:41.171  1121  2146 D BufferPoolAccessor: bufferpool2 0xf041ba10 : 0(0 size) total buffers - 0(0 size) used buffers - 28/39 (recycle/alloc) - 11/72 (fetch/transfer)
05-02 10:00:41.171  1121  2146 D BufferPoolAccessor: Destruction - bufferpool2 0xf041ba10 cached: 0/0M, 0/0% in use; allocs: 39, 72% recycled; transfers: 72, 85% unfetced
