05-01 22:40:22.474  2289  2289 W TelecomFramework: AccountEntry: registerMmTelCapabilityCallback: registration failed, no ImsService available. Exception: CapabilityCallbackManager - MmTelFeature binder is dead. (code: 1)
05-01 22:40:22.492  2289  2289 I TelecomFramework: PstnPhoneCapabilitiesNotifier: handleVideoCapabilitesChanged. Video capability - false
05-01 22:40:22.497  2289  2289 W TelecomFramework: AccountEntry: registerMmTelCapabilityCallback: registration failed, no ImsService available. Exception: CapabilityCallbackManager - MmTelFeature binder is dead. (code: 1)
05-01 22:40:22.562  2289  2289 W TelecomFramework: AccountEntry: registerMmTelCapabilityCallback: registration failed, no ImsService available. Exception: CapabilityCallbackManager - MmTelFeature binder is dead. (code: 1)
05-01 22:40:22.568  2289  2289 W TelecomFramework: AccountEntry: registerMmTelCapabilityCallback: registration failed, no ImsService available. Exception: CapabilityCallbackManager - MmTelFeature binder is dead. (code: 1)
05-01 22:40:23.011   829  1150 E NetlinkEvent: NetlinkEvent::FindParam(): Parameter 'INTERFACE' not found
05-01 22:40:23.011   829  1150 E NetlinkEvent: NetlinkEvent::FindParam(): Parameter 'STATE' not found
05-01 22:40:23.011   829  1150 E NetlinkEvent: NetlinkEvent::FindParam(): Parameter 'TIME_NS' not found
05-01 22:40:23.011   829  1150 E NetlinkEvent: NetlinkEvent::FindParam(): Parameter 'UID' not found
05-01 22:40:23.103  1235  1235 I chatty  : uid=1000 system_server expire 16 lines
05-01 22:40:23.764  1235  1844 I chatty  : uid=1000(system) ConnectivitySer expire 5 lines
05-01 22:40:25.680  2911  2911 F linker  : CANNOT LINK EXECUTABLE "/vendor/bin/qfp-daemon": library "android.hidl.base@1.0.so" not found
05-01 22:40:26.892  2838  2838 I imsrcsd : getAndroidPropValue : vendor.ims.modem.multisub.cap[1]
05-01 22:40:26.892  2838  2838 I imsrcsd : Uce Service HAL  detected modemVersion[1]
05-01 22:40:26.892  2838  2838 I imsrcsd : Uce Service HAL  loading lib-uceservice
05-01 22:40:26.981  2838  2923 I com.qualcomm.qti.uceservice@1.0-service: Successful Initialization
05-01 22:40:26.981  2838  2923 I com.qualcomm.qti.uceservice@1.0-service: Starting Service for First Time
05-01 22:40:26.981  2838  2923 I ServiceManagement: Registered com.qualcomm.qti.uceservice@2.0::IUceService/com.qualcomm.qti.uceservice (start delay of 5115ms)
05-01 22:40:26.983  2838  2923 I ServiceManagement: Registered com.qualcomm.qti.imscmservice@2.0::IImsCmService/qti.ims.connectionmanagerservice (start delay of 5117ms)
05-01 22:40:30.699  2936  2936 F linker  : CANNOT LINK EXECUTABLE "/vendor/bin/qfp-daemon": library "android.hidl.base@1.0.so" not found
05-01 22:40:30.845  1235  1434 I chatty  : uid=1000(system) android.display expire 15 lines
05-01 22:40:30.892  1235  1504 I chatty  : uid=1000(system) PowerManagerSer expire 1 line
05-01 22:40:30.932  1235  1806 I chatty  : uid=1000(system) StorageManagerS expire 4 lines
05-01 22:40:30.933   510   510 D vold    : fscrypt_unlock_user_key 0 serial=0 token_present=0
05-01 22:40:30.938   510   510 D vold    : fscrypt_unlock_user_key 14 serial=14 token_present=0
05-01 22:40:30.949  1235  1441 I chatty  : uid=1000(system) ActivityManager expire 22 lines
05-01 22:40:30.952  1235  2482 I chatty  : uid=1000(system) Binder:1235_9 expire 2 lines
05-01 22:40:30.967   510   510 D vold    : Waiting for FUSE to spin up...
05-01 22:40:31.019   510   510 D vold    : Waiting for FUSE to spin up...
05-01 22:40:31.040  2937  2937 W sdcard  : Device explicitly disabled sdcardfs
05-01 22:40:31.055   510   523 D vold    : fscrypt_prepare_user_storage for volume null, user 0, serial 0, flags 2
05-01 22:40:31.055   510   523 D vold    : Preparing: /data/vendor_ce
05-01 22:40:31.055   510   523 D vold    : Preparing: /data/system_ce/0
05-01 22:40:31.056   510   523 D vold    : Preparing: /data/misc_ce/0
05-01 22:40:31.057   510   523 D vold    : Preparing: /data/vendor_ce/0
05-01 22:40:31.065   510   523 D vold    : Preparing: /data/media/0
05-01 22:40:31.065   510   523 D vold    : Preparing: /data/data
05-01 22:40:31.065   510   523 D vold    : Starting restorecon of /data/system_ce/0
05-01 22:40:31.083  1235  1446 I chatty  : uid=1000(system) ActivityManager expire 35 lines
05-01 22:40:31.088   510   523 D vold    : Finished restorecon of /data/system_ce/0
05-01 22:40:31.088   510   523 D vold    : Starting restorecon of /data/vendor_ce/0
05-01 22:40:31.093   510   523 D vold    : Finished restorecon of /data/vendor_ce/0
05-01 22:40:31.093   510   523 D vold    : Starting restorecon of /data/misc_ce/0
05-01 22:40:31.098   510   523 D vold    : Finished restorecon of /data/misc_ce/0
05-01 22:40:31.098   510   523 D vold    : /system/bin/vold_prepare_subdirs
05-01 22:40:31.098   510   523 D vold    :     prepare
05-01 22:40:31.098   510   523 D vold    :     
05-01 22:40:31.098   510   523 D vold    :     0
05-01 22:40:31.098   510   523 D vold    :     2
05-01 22:40:31.159  1235  1431 I chatty  : uid=1000(system) android.fg expire 17 lines
05-01 22:40:31.860  1235  1440 I chatty  : uid=1000(system) android.bg expire 4 lines
05-01 22:40:32.039   510   523 D vold    : Linking /storage/emulated/0 to /mnt/user/0/primary
05-01 22:40:32.041  1235  1433 I chatty  : uid=1000(system) android.io expire 1 line
05-01 22:40:32.181  1235  2019 I chatty  : uid=1000(system) backup expire 5 lines
05-01 22:40:32.219  1235  1379 I chatty  : uid=1000(system) Binder:1235_1 expire 1 line
05-01 22:40:32.314  1235  3069 I chatty  : uid=1000(system) Binder:1235_D expire 1 line
05-01 22:40:32.602  1235  1534 I chatty  : uid=1000(system) PackageManager expire 140 lines
05-01 22:40:32.912  1235  1441 I chatty  : uid=1000(system) ActivityManager expire 1 line
05-01 22:40:33.104  1235  1431 I chatty  : uid=1000(system) android.fg expire 4 lines
05-01 22:40:33.106  1235  2238 I chatty  : uid=1000(system) Binder:1235_5 expire 9 lines
05-01 22:40:33.124  1235  2019 I chatty  : uid=1000(system) backup expire 2 lines
05-01 22:40:33.147  1235  1434 I chatty  : uid=1000(system) android.display expire 5 lines
05-01 22:40:33.187  1235  1446 I chatty  : uid=1000(system) ActivityManager expire 56 lines
05-01 22:40:33.269  1235  3061 I chatty  : uid=1000(system) backup-0 expire 10 lines
05-01 22:40:33.502  2289  2289 W TelecomFramework: AccountEntry: registerMmTelCapabilityCallback: registration failed, no ImsService available. Exception: CapabilityCallbackManager - MmTelFeature binder is dead. (code: 1)
05-01 22:40:33.512  2289  2289 W TelecomFramework: AccountEntry: registerMmTelCapabilityCallback: registration failed, no ImsService available. Exception: CapabilityCallbackManager - MmTelFeature binder is dead. (code: 1)
05-01 22:40:33.779  1235  3057 I chatty  : uid=1000(system) Binder:1235_A expire 2 lines
05-01 22:40:34.028  1235  1235 I chatty  : uid=1000 system_server expire 20 lines
05-01 22:40:34.185  1235  3059 I chatty  : uid=1000(system) Binder:1235_B expire 2 lines
05-01 22:40:34.317  1235  1440 I chatty  : uid=1000(system) android.bg expire 6 lines
05-01 22:40:34.354  3044  3044 W FileUtils: Failed to chmod(/data/user/0/com.tencent.mm/app_tbs): android.system.ErrnoException: chmod failed: EACCES (Permission denied)
05-01 22:40:34.375  3044  3044 W FileUtils: Failed to chmod(/data/user/0/com.tencent.mm/app_tbs): android.system.ErrnoException: chmod failed: EACCES (Permission denied)
05-01 22:40:34.383  3044  3044 I chatty  : uid=10181(u0_a181) identical 1 line
05-01 22:40:34.387  3044  3044 W FileUtils: Failed to chmod(/data/user/0/com.tencent.mm/app_tbs): android.system.ErrnoException: chmod failed: EACCES (Permission denied)
05-01 22:40:34.547  1235  3082 I chatty  : uid=1000(system) Binder:1235_F expire 1 line
05-01 22:40:35.050  1235  2242 I chatty  : uid=1000(system) Binder:1235_7 expire 1 line
05-01 22:40:35.468  2289  2289 W TelecomFramework: AccountEntry: registerMmTelCapabilityCallback: registration failed, no ImsService available. Exception: CapabilityCallbackManager - MmTelFeature binder is dead. (code: 1)
05-01 22:40:35.479  2289  2289 W TelecomFramework: AccountEntry: registerMmTelCapabilityCallback: registration failed, no ImsService available. Exception: CapabilityCallbackManager - MmTelFeature binder is dead. (code: 1)
05-01 22:40:35.509  1235  1381 I chatty  : uid=1000(system) Binder:1235_2 expire 2 lines
05-01 22:40:35.618  1235  3500 I chatty  : uid=1000(system) Binder:1235_10 expire 1 line
05-01 22:40:35.681  1235  1432 I chatty  : uid=1000(system) android.ui expire 2 lines
05-01 22:40:35.719  3541  3541 F linker  : CANNOT LINK EXECUTABLE "/vendor/bin/qfp-daemon": library "android.hidl.base@1.0.so" not found
05-01 22:40:35.913  1235  1446 I chatty  : uid=1000(system) ActivityManager expire 13 lines
05-01 22:40:36.548  1235  1235 I chatty  : uid=1000 system_server expire 1 line
05-01 22:40:36.626  1235  3061 I chatty  : uid=1000(system) backup-0 expire 442 lines
05-01 22:40:37.069   510   523 D vold    : fscrypt_prepare_user_storage for volume null, user 14, serial 14, flags 1
05-01 22:40:37.069   510   523 D vold    : Preparing: /data/vendor_de
05-01 22:40:37.069   510   523 D vold    : Preparing: /data/system/users/14
05-01 22:40:37.069   510   523 D vold    : Preparing: /data/misc/profiles/cur/14
05-01 22:40:37.069   510   523 D vold    : Preparing: /data/system_de/14
05-01 22:40:37.069   510   523 D vold    : Preparing: /data/misc_de/14
05-01 22:40:37.069   510   523 D vold    : Preparing: /data/vendor_de/14
05-01 22:40:37.070   510   523 D vold    : Preparing: /data/user_de/14
05-01 22:40:37.070   510   523 D vold    : /system/bin/vold_prepare_subdirs
05-01 22:40:37.070   510   523 D vold    :     prepare
05-01 22:40:37.070   510   523 D vold    :     
05-01 22:40:37.070   510   523 D vold    :     14
05-01 22:40:37.070   510   523 D vold    :     1
05-01 22:40:37.092  1235  2482 I chatty  : uid=1000(system) Binder:1235_9 expire 3 lines
05-01 22:40:37.132  1235  3082 I chatty  : uid=1000(system) Binder:1235_F expire 1 line
05-01 22:40:37.135  1235  1821 I chatty  : uid=1000(system) Binder:1235_3 expire 5 lines
05-01 22:40:37.157  2289  2289 I TelecomFramework: : onSubscriptionsChanged - update accounts
05-01 22:40:37.157  2289  2289 I TelecomFramework: PstnIncomingCallNotifier: Unregistering: Handler (com.android.internal.telephony.GsmCdmaPhone) {1db25d1}
05-01 22:40:37.160  1235  1441 I chatty  : uid=1000(system) ActivityManager expire 126 lines
05-01 22:40:37.161  2289  2289 I TelecomFramework: PstnIncomingCallNotifier: Unregistering: Handler (com.android.internal.telephony.GsmCdmaPhone) {7af836}
05-01 22:40:37.164  2289  2289 I TelecomFramework: TelecomAccountRegistry: setupAccounts: Found 2 phones.  Attempting to register.
05-01 22:40:37.165  2289  2289 I TelecomFramework: TelecomAccountRegistry: setupAccounts: Phone with subscription id 2
05-01 22:40:37.191  1235  3500 I chatty  : uid=1000(system) Binder:1235_10 expire 2 lines
05-01 22:40:37.197  2289  2289 I TelecomFramework: AccountEntry: Registered phoneAccount: [[ ] PhoneAccount: ComponentInfo{com.android.phone/com.android.services.telephony.TelephonyConnectionService}, ***, UserHandle{0} Capabilities: SuppVideo CallProvider MultiUser PlaceEmerg SimSub  Audio Routes: BESW Schemes: tel voicemail  Extras: Bundle[{android.telecom.extra.SUPPORTS_VIDEO_CALLING_FALLBACK=true, android.telecom.extra.SORT_ORDER=0}] GroupId: ***] with handle: ComponentInfo{com.android.phone/com.android.services.telephony.TelephonyConnectionService}, ***, UserHandle{0}
05-01 22:40:37.197  2289  2289 I TelecomFramework: PstnIncomingCallNotifier: Registering: Handler (com.android.internal.telephony.GsmCdmaPhone) {1db25d1}
05-01 22:40:37.200  2289  2289 W TelecomFramework: AccountEntry: registerMmTelCapabilityCallback: registration failed, no ImsService available. Exception: CapabilityCallbackManager - MmTelFeature binder is dead. (code: 1)
05-01 22:40:37.200  2289  2289 I TelecomFramework: TelecomAccountRegistry: setupAccounts: Phone with subscription id 1
05-01 22:40:37.234  2289  2289 I TelecomFramework: AccountEntry: Registered phoneAccount: [[ ] PhoneAccount: ComponentInfo{com.android.phone/com.android.services.telephony.TelephonyConnectionService}, ***, UserHandle{0} Capabilities: SuppVideo CallProvider MultiUser PlaceEmerg SimSub  Audio Routes: BESW Schemes: tel voicemail  Extras: Bundle[{android.telecom.extra.SUPPORTS_VIDEO_CALLING_FALLBACK=true, android.telecom.extra.SORT_ORDER=1}] GroupId: ***] with handle: ComponentInfo{com.android.phone/com.android.services.telephony.TelephonyConnectionService}, ***, UserHandle{0}
05-01 22:40:37.234  2289  2289 I TelecomFramework: PstnIncomingCallNotifier: Registering: Handler (com.android.internal.telephony.GsmCdmaPhone) {7af836}
05-01 22:40:37.240  2289  2289 W TelecomFramework: AccountEntry: registerMmTelCapabilityCallback: registration failed, no ImsService available. Exception: CapabilityCallbackManager - MmTelFeature binder is dead. (code: 1)
05-01 22:40:37.257  2289  2289 I TelecomFramework: PstnPhoneCapabilitiesNotifier: handleVideoCapabilitesChanged. Video capability - false
05-01 22:40:37.264  2289  2289 W TelecomFramework: AccountEntry: registerMmTelCapabilityCallback: registration failed, no ImsService available. Exception: CapabilityCallbackManager - MmTelFeature binder is dead. (code: 1)
05-01 22:40:37.293  2289  2289 I TelecomFramework: PstnPhoneCapabilitiesNotifier: handleVideoCapabilitesChanged. Video capability - false
05-01 22:40:37.310  2289  2289 W TelecomFramework: AccountEntry: registerMmTelCapabilityCallback: registration failed, no ImsService available. Exception: CapabilityCallbackManager - MmTelFeature binder is dead. (code: 1)
05-01 22:40:37.876  1235  1441 I chatty  : uid=1000(system) ActivityManager expire 142 lines
05-01 22:40:37.883   510   523 D vold    : fscrypt_prepare_user_storage for volume null, user 14, serial 14, flags 2
05-01 22:40:37.883   510   523 D vold    : Preparing: /data/vendor_ce
05-01 22:40:37.884   510   523 D vold    : Preparing: /data/system_ce/14
05-01 22:40:37.884   510   523 D vold    : Preparing: /data/misc_ce/14
05-01 22:40:37.884   510   523 D vold    : Preparing: /data/vendor_ce/14
05-01 22:40:37.884   510   523 D vold    : Preparing: /data/media/14
05-01 22:40:37.885   510   523 D vold    : Preparing: /data/user/14
05-01 22:40:37.885   510   523 D vold    : Starting restorecon of /data/system_ce/14
05-01 22:40:37.900  1235  1821 I chatty  : uid=1000(system) Binder:1235_3 expire 1 line
05-01 22:40:37.911  1235  1534 I chatty  : uid=1000(system) PackageManager expire 1 line
05-01 22:40:37.915   510   523 D vold    : Finished restorecon of /data/system_ce/14
05-01 22:40:37.915   510   523 D vold    : Starting restorecon of /data/vendor_ce/14
05-01 22:40:37.923   510   523 D vold    : Finished restorecon of /data/vendor_ce/14
05-01 22:40:37.923   510   523 D vold    : Starting restorecon of /data/misc_ce/14
05-01 22:40:37.947   510   523 D vold    : Finished restorecon of /data/misc_ce/14
05-01 22:40:37.947   510   523 D vold    : /system/bin/vold_prepare_subdirs
05-01 22:40:37.947   510   523 D vold    :     prepare
05-01 22:40:37.947   510   523 D vold    :     
05-01 22:40:37.947   510   523 D vold    :     14
05-01 22:40:37.947   510   523 D vold    :     2
05-01 22:40:38.009  1235  1235 I chatty  : uid=1000 system_server expire 10 lines
05-01 22:40:38.137  1235  1431 I chatty  : uid=1000(system) android.fg expire 32 lines
05-01 22:40:38.444  1235  1469 I chatty  : uid=1000(system) batterystats-wo expire 6 lines
05-01 22:40:38.598  1235  1431 I chatty  : uid=1000(system) android.fg expire 96 lines
05-01 22:40:38.638  1235  1440 I chatty  : uid=1000(system) android.bg expire 2 lines
05-01 22:40:39.086  1235  2239 I chatty  : uid=1000(system) Binder:1235_6 expire 9 lines
05-01 22:40:39.135  1235  1381 I chatty  : uid=1000(system) Binder:1235_2 expire 2 lines
05-01 22:40:39.177  1235  1446 I chatty  : uid=1000(system) ActivityManager expire 43 lines
05-01 22:40:39.277  1235  3760 I chatty  : uid=1000 system_server expire 1 line
05-01 22:40:39.397  1235  1441 I chatty  : uid=1000(system) ActivityManager expire 18 lines
05-01 22:40:39.405  1235  1433 I chatty  : uid=1000(system) android.io expire 1 line
05-01 22:40:39.406   510   523 D vold    : Linking /storage/emulated/14 to /mnt/user/14/primary
05-01 22:40:39.415  1235  1806 I chatty  : uid=1000(system) StorageManagerS expire 1 line
05-01 22:40:39.440  1235  1235 I chatty  : uid=1000 system_server expire 7 lines
05-01 22:40:40.086  1235  3059 I chatty  : uid=1000(system) Binder:1235_B expire 2 lines
05-01 22:40:40.704  3903  3903 F linker  : CANNOT LINK EXECUTABLE "/vendor/bin/qfp-daemon": library "android.hidl.base@1.0.so" not found
05-01 22:40:42.222  1235  3030 I chatty  : uid=1000(system) LazyTaskWriterT expire 1 line
05-01 22:40:43.955  1235  3500 I chatty  : uid=1000(system) Binder:1235_10 expire 1 line
05-01 22:40:44.192  1235  2238 I chatty  : uid=1000(system) Binder:1235_5 expire 3 lines
05-01 22:40:44.368  2289  2289 W TelecomFramework: AccountEntry: registerMmTelCapabilityCallback: registration failed, no ImsService available. Exception: CapabilityCallbackManager - MmTelFeature binder is dead. (code: 1)
05-01 22:40:44.378  2289  2289 W TelecomFramework: AccountEntry: registerMmTelCapabilityCallback: registration failed, no ImsService available. Exception: CapabilityCallbackManager - MmTelFeature binder is dead. (code: 1)
05-01 22:40:45.702  1235  1446 I chatty  : uid=1000(system) ActivityManager expire 42 lines
05-01 22:40:45.746  4063  4063 F linker  : CANNOT LINK EXECUTABLE "/vendor/bin/qfp-daemon": library "android.hidl.base@1.0.so" not found
05-01 22:40:48.368  1235  3030 I chatty  : uid=1000(system) LazyTaskWriterT expire 1 line
05-01 22:40:48.895  1235  1469 I chatty  : uid=1000(system) batterystats-wo expire 13 lines
05-01 22:40:49.053  1235  1440 I chatty  : uid=1000(system) android.bg expire 6 lines
05-01 22:40:50.649  1235  2242 I chatty  : uid=1000(system) Binder:1235_7 expire 3 lines
05-01 22:40:50.701  4502  4502 F linker  : CANNOT LINK EXECUTABLE "/vendor/bin/qfp-daemon": library "android.hidl.base@1.0.so" not found
05-01 22:40:50.969  1235  2482 I chatty  : uid=1000(system) Binder:1235_9 expire 1 line
05-01 22:40:53.362  1235  1235 I chatty  : uid=1000 system_server expire 11 lines
05-01 22:40:54.641  1235  1432 I chatty  : uid=1000(system) android.ui expire 5 lines
05-01 22:40:55.760  4709  4709 F linker  : CANNOT LINK EXECUTABLE "/vendor/bin/qfp-daemon": library "android.hidl.base@1.0.so" not found
05-01 22:41:00.736  4961  4961 F linker  : CANNOT LINK EXECUTABLE "/vendor/bin/qfp-daemon": library "android.hidl.base@1.0.so" not found
05-01 22:41:01.394  1235  1441 I chatty  : uid=1000(system) ActivityManager expire 1 line
05-01 22:41:01.430  1235  3500 I chatty  : uid=1000(system) Binder:1235_10 expire 2 lines
05-01 22:41:04.608  1235  1381 I chatty  : uid=1000(system) Binder:1235_2 expire 3 lines
05-01 22:41:07.084  1235  3082 I chatty  : uid=1000(system) Binder:1235_F expire 1 line
05-01 22:41:07.177  1235  5238 I chatty  : uid=1000 system_server expire 25 lines
05-01 22:41:08.402  1235  1434 I chatty  : uid=1000(system) android.display expire 2 lines
05-01 22:41:08.899  1235  3069 I chatty  : uid=1000(system) Binder:1235_D expire 2 lines
05-01 22:41:09.777  1235  3057 I chatty  : uid=1000(system) Binder:1235_A expire 3 lines
05-01 22:41:10.016  1235  1821 I chatty  : uid=1000(system) Binder:1235_3 expire 12 lines
05-01 22:41:10.086  2289  2289 I TelecomFramework: : Carrier-config changed, checking for phone account updates.
05-01 22:41:10.099  2289  2289 W TelecomFramework: AccountEntry: registerMmTelCapabilityCallback: registration failed, no ImsService available. Exception: CapabilityCallbackManager - MmTelFeature binder is dead. (code: 1)
05-01 22:41:10.130  2289  2289 I TelecomFramework: AccountEntry: reRegisterPstnPhoneAccount: subId: 2 - no change
05-01 22:41:10.190  2289  2289 I TelecomFramework: : Carrier-config changed, checking for phone account updates.
05-01 22:41:10.198  2289  2289 W TelecomFramework: AccountEntry: registerMmTelCapabilityCallback: registration failed, no ImsService available. Exception: CapabilityCallbackManager - MmTelFeature binder is dead. (code: 1)
05-01 22:41:10.242  2289  2289 I TelecomFramework: AccountEntry: reRegisterPstnPhoneAccount: subId: 1 - no change
05-01 22:41:10.310  1235  1446 I chatty  : uid=1000(system) ActivityManager expire 34 lines
05-01 22:41:10.487  1235  1844 I chatty  : uid=1000(system) ConnectivitySer expire 1 line
05-01 22:41:10.701  5347  5347 D ActivityThread: Loading provider contacts;com.android.contacts: com.android.providers.contacts.ContactsProvider2
05-01 22:41:11.931  1235  1235 I chatty  : uid=1000 system_server expire 9 lines
05-01 22:41:12.448  1235  3059 I chatty  : uid=1000(system) Binder:1235_B expire 1 line
05-01 22:41:12.629  1235  1843 I chatty  : uid=1000(system) Binder:1235_4 expire 1 line
05-01 22:41:13.355  1235  3066 I chatty  : uid=1000(system) Binder:1235_C expire 1 line
05-01 22:41:14.647  1235  5679 I chatty  : uid=1000(system) Binder:1235_11 expire 2 lines
05-01 22:41:15.046  1235  2239 I chatty  : uid=1000(system) Binder:1235_6 expire 8 lines
05-01 22:41:15.726  1235  1843 I chatty  : uid=1000(system) Binder:1235_4 expire 6 lines
05-01 22:41:15.726  1235  1446 I chatty  : uid=1000(system) ActivityManager expire 67 lines
05-01 22:41:15.727  1235  2481 I chatty  : uid=1000(system) Binder:1235_8 expire 12 lines
05-01 22:41:16.879  1235  3074 I chatty  : uid=1000(system) Binder:1235_E expire 5 lines
05-01 22:41:17.501  1235  1434 I chatty  : uid=1000(system) android.display expire 8 lines
05-01 22:41:17.767  1235  1235 I chatty  : uid=1000 system_server expire 31 lines
05-01 22:41:17.903  1235  1379 I chatty  : uid=1000(system) Binder:1235_1 expire 3 lines
05-01 22:41:18.124  1235  1821 I chatty  : uid=1000(system) Binder:1235_3 expire 1 line
05-01 22:41:18.773  5837  5948 I PackageParser: com.tencent.x5sdk.res: compat added android.permission.WRITE_EXTERNAL_STORAGE android.permission.READ_PHONE_STATE
05-01 22:41:18.787  1235  5952 I chatty  : uid=1000(system) Binder:1235_12 expire 4 lines
05-01 22:41:18.942  1235  1469 I chatty  : uid=1000(system) batterystats-wo expire 14 lines
05-01 22:41:20.718  1235  2242 I chatty  : uid=1000(system) Binder:1235_7 expire 3 lines
05-01 22:41:20.757  5837  5948 I PackageParser: com.tencent.x5sdk.res: compat added android.permission.WRITE_EXTERNAL_STORAGE android.permission.READ_PHONE_STATE
05-01 22:41:22.615  1235  3030 I chatty  : uid=1000(system) LazyTaskWriterT expire 2 lines
05-01 22:41:26.009  1235  3066 I chatty  : uid=1000(system) Binder:1235_C expire 2 lines
05-01 22:41:28.168  1235  5679 I chatty  : uid=1000(system) Binder:1235_11 expire 9 lines
05-01 22:41:28.251  1235  1381 I chatty  : uid=1000(system) Binder:1235_2 expire 1 line
05-01 22:41:29.057  1235  1441 I chatty  : uid=1000(system) ActivityManager expire 2 lines
05-01 22:41:29.321  1235  1844 I chatty  : uid=1000(system) ConnectivitySer expire 3 lines
05-01 22:41:29.523  1235  1440 I chatty  : uid=1000(system) android.bg expire 2 lines
05-01 22:41:31.727  1235  3030 I chatty  : uid=1000(system) LazyTaskWriterT expire 5 lines
05-01 22:41:33.644  1235  1446 I chatty  : uid=1000(system) ActivityManager expire 58 lines
05-01 22:41:34.685  1235  1431 I chatty  : uid=1000(system) android.fg expire 1 line
05-01 22:41:34.880  1235  3057 I chatty  : uid=1000(system) Binder:1235_A expire 2 lines
05-01 22:41:35.453  1235  6591 I chatty  : uid=1000(system) Binder:1235_15 expire 4 lines
05-01 22:41:35.655  1235  3500 I chatty  : uid=1000(system) Binder:1235_10 expire 2 lines
05-01 22:41:36.053  1235  2239 I chatty  : uid=1000(system) Binder:1235_6 expire 2 lines
05-01 22:41:36.904  1235  5679 I chatty  : uid=1000(system) Binder:1235_11 expire 7 lines
05-01 22:41:36.995  1235  1235 I chatty  : uid=1000 system_server expire 38 lines
05-01 22:41:37.398  1235  1844 I chatty  : uid=1000(system) ConnectivitySer expire 1 line
05-01 22:41:40.400  6666  7098 I PackageParser: com.tencent.x5sdk.res: compat added android.permission.WRITE_EXTERNAL_STORAGE android.permission.READ_PHONE_STATE
05-01 22:41:40.501  1235  3082 I chatty  : uid=1000(system) Binder:1235_F expire 4 lines
05-01 22:41:41.080  6666  7098 I PackageParser: com.tencent.x5sdk.res: compat added android.permission.WRITE_EXTERNAL_STORAGE android.permission.READ_PHONE_STATE
05-01 22:41:41.128  1235  2482 I chatty  : uid=1000(system) Binder:1235_9 expire 10 lines
05-01 22:41:41.604  1235  1434 I chatty  : uid=1000(system) android.display expire 6 lines
05-01 22:41:42.502  1235  2481 I chatty  : uid=1000(system) Binder:1235_8 expire 4 lines
05-01 22:41:44.974  6666  7133 W FileUtils: Failed to chmod(/data/user/0/com.tencent.mm/app_tbs): android.system.ErrnoException: chmod failed: EACCES (Permission denied)
05-01 22:41:44.975  6666  7133 W FileUtils: Failed to chmod(/data/user/0/com.tencent.mm/app_tbs_common_share): android.system.ErrnoException: chmod failed: EACCES (Permission denied)
05-01 22:41:46.089  1235  1446 I chatty  : uid=1000(system) ActivityManager expire 14 lines
05-01 22:41:49.426  1235  1441 I chatty  : uid=1000(system) ActivityManager expire 3 lines
05-01 22:41:53.514  1235  6547 I chatty  : uid=1000(system) Binder:1235_13 expire 2 lines
05-01 22:41:55.258  1235  1432 I chatty  : uid=1000(system) android.ui expire 6 lines
05-01 22:41:56.752  1235  3074 I chatty  : uid=1000(system) Binder:1235_E expire 4 lines
05-01 22:42:00.091  1235  1843 I chatty  : uid=1000(system) Binder:1235_4 expire 3 lines
05-01 22:42:10.584  1235  3059 I chatty  : uid=1000(system) Binder:1235_B expire 1 line
05-01 22:42:14.733  1235  1821 I chatty  : uid=1000(system) Binder:1235_3 expire 25 lines
05-01 22:42:16.083  1235  3082 I chatty  : uid=1000(system) Binder:1235_F expire 11 lines
05-01 22:42:16.654  1235  3069 I chatty  : uid=1000(system) Binder:1235_D expire 17 lines
05-01 22:42:17.893  1235  1843 I chatty  : uid=1000(system) Binder:1235_4 expire 14 lines
05-01 22:42:18.875  1235  1446 I chatty  : uid=1000(system) ActivityManager expire 14 lines
05-01 22:42:20.198  1235  3030 I chatty  : uid=1000(system) LazyTaskWriterT expire 4 lines
05-01 22:42:21.262  2289  2289 W TelecomFramework: AccountEntry: registerMmTelCapabilityCallback: registration failed, no ImsService available. Exception: CapabilityCallbackManager - MmTelFeature binder is dead. (code: 1)
05-01 22:42:21.300  2289  2289 W TelecomFramework: AccountEntry: registerMmTelCapabilityCallback: registration failed, no ImsService available. Exception: CapabilityCallbackManager - MmTelFeature binder is dead. (code: 1)
05-01 22:42:21.726  1235  1434 I chatty  : uid=1000(system) android.display expire 4 lines
05-01 22:42:28.986  1235  3074 I chatty  : uid=1000(system) Binder:1235_E expire 7 lines
05-01 22:42:31.176  2289  2289 I TelecomFramework: : onSubscriptionsChanged - update accounts
05-01 22:42:31.176  2289  2289 I TelecomFramework: PstnIncomingCallNotifier: Unregistering: Handler (com.android.internal.telephony.GsmCdmaPhone) {1db25d1}
05-01 22:42:31.182  2289  2289 I TelecomFramework: PstnIncomingCallNotifier: Unregistering: Handler (com.android.internal.telephony.GsmCdmaPhone) {7af836}
05-01 22:42:31.186  2289  2289 I TelecomFramework: TelecomAccountRegistry: setupAccounts: Found 2 phones.  Attempting to register.
05-01 22:42:31.187  2289  2289 I TelecomFramework: TelecomAccountRegistry: setupAccounts: Phone with subscription id 2
05-01 22:42:31.231  1235  1235 I chatty  : uid=1000 system_server expire 7 lines
05-01 22:42:31.233  2289  2289 I TelecomFramework: AccountEntry: Registered phoneAccount: [[ ] PhoneAccount: ComponentInfo{com.android.phone/com.android.services.telephony.TelephonyConnectionService}, ***, UserHandle{0} Capabilities: SuppVideo CallProvider MultiUser PlaceEmerg SimSub  Audio Routes: BESW Schemes: tel voicemail  Extras: Bundle[{android.telecom.extra.SUPPORTS_VIDEO_CALLING_FALLBACK=true, android.telecom.extra.SORT_ORDER=0}] GroupId: ***] with handle: ComponentInfo{com.android.phone/com.android.services.telephony.TelephonyConnectionService}, ***, UserHandle{0}
05-01 22:42:31.233  2289  2289 I TelecomFramework: PstnIncomingCallNotifier: Registering: Handler (com.android.internal.telephony.GsmCdmaPhone) {1db25d1}
05-01 22:42:31.238  2289  2289 W TelecomFramework: AccountEntry: registerMmTelCapabilityCallback: registration failed, no ImsService available. Exception: CapabilityCallbackManager - MmTelFeature binder is dead. (code: 1)
05-01 22:42:31.238  2289  2289 I TelecomFramework: TelecomAccountRegistry: setupAccounts: Phone with subscription id 1
05-01 22:42:31.267  2289  2289 I TelecomFramework: AccountEntry: Registered phoneAccount: [[ ] PhoneAccount: ComponentInfo{com.android.phone/com.android.services.telephony.TelephonyConnectionService}, ***, UserHandle{0} Capabilities: SuppVideo CallProvider MultiUser PlaceEmerg SimSub  Audio Routes: BESW Schemes: tel voicemail  Extras: Bundle[{android.telecom.extra.SUPPORTS_VIDEO_CALLING_FALLBACK=true, android.telecom.extra.SORT_ORDER=1}] GroupId: ***] with handle: ComponentInfo{com.android.phone/com.android.services.telephony.TelephonyConnectionService}, ***, UserHandle{0}
05-01 22:42:31.267  2289  2289 I TelecomFramework: PstnIncomingCallNotifier: Registering: Handler (com.android.internal.telephony.GsmCdmaPhone) {7af836}
05-01 22:42:31.280  2289  2289 W TelecomFramework: AccountEntry: registerMmTelCapabilityCallback: registration failed, no ImsService available. Exception: CapabilityCallbackManager - MmTelFeature binder is dead. (code: 1)
05-01 22:42:31.290  2289  2289 W TelecomFramework: AccountEntry: registerMmTelCapabilityCallback: registration failed, no ImsService available. Exception: CapabilityCallbackManager - MmTelFeature binder is dead. (code: 1)
05-01 22:42:31.305  2289  2289 W TelecomFramework: AccountEntry: registerMmTelCapabilityCallback: registration failed, no ImsService available. Exception: CapabilityCallbackManager - MmTelFeature binder is dead. (code: 1)
05-01 22:42:31.324  2289  2289 I TelecomFramework: PstnPhoneCapabilitiesNotifier: handleVideoCapabilitesChanged. Video capability - false
05-01 22:42:31.332  2289  2289 W TelecomFramework: AccountEntry: registerMmTelCapabilityCallback: registration failed, no ImsService available. Exception: CapabilityCallbackManager - MmTelFeature binder is dead. (code: 1)
05-01 22:42:31.363  2289  2289 I TelecomFramework: PstnPhoneCapabilitiesNotifier: handleVideoCapabilitesChanged. Video capability - false
05-01 22:42:31.383  2289  2289 W TelecomFramework: AccountEntry: registerMmTelCapabilityCallback: registration failed, no ImsService available. Exception: CapabilityCallbackManager - MmTelFeature binder is dead. (code: 1)
05-01 22:42:33.894  8345  8345 D ActivityThread: Loading provider contacts;com.android.contacts: com.android.providers.contacts.ContactsProvider2
05-01 22:42:35.270  2394  4979 W TextClassifierService: Package or service not found in package com.google.android.as for user 0
05-01 22:42:35.544  2394  4979 W TextClassifierService: Package or service not found in package com.google.android.as for user 0
05-01 22:42:39.392  1235  1446 I chatty  : uid=1000(system) ActivityManager expire 13 lines
05-01 22:42:41.006  8553  8553 D ActivityThread: Loading provider contacts;com.android.contacts: com.android.providers.contacts.ContactsProvider2
05-01 22:42:42.099  3986  8613 I PackageParser: me.phh.treble.overlay.xiaomi.redminote5: compat added android.permission.WRITE_EXTERNAL_STORAGE android.permission.READ_PHONE_STATE
05-01 22:42:42.319  1235  3059 I chatty  : uid=1000(system) Binder:1235_B expire 8 lines
05-01 22:42:43.439  1235  1441 I chatty  : uid=1000(system) ActivityManager expire 15 lines
05-01 22:42:43.985  1235  2242 I chatty  : uid=1000(system) Binder:1235_7 expire 8 lines
05-01 22:42:44.822  3986  8738 I PackageParser: me.phh.treble.overlay.xiaomi.redminote5: compat added android.permission.WRITE_EXTERNAL_STORAGE android.permission.READ_PHONE_STATE
05-01 22:42:48.337  1235  5679 I chatty  : uid=1000(system) Binder:1235_11 expire 9 lines
05-01 22:42:52.019  1235  1432 I chatty  : uid=1000(system) android.ui expire 4 lines
05-01 22:42:52.166  1235  2482 I chatty  : uid=1000(system) Binder:1235_9 expire 4 lines
05-01 22:42:52.506  1235  3082 I chatty  : uid=1000(system) Binder:1235_F expire 26 lines
05-01 22:42:52.706  1235  3057 I chatty  : uid=1000(system) Binder:1235_A expire 11 lines
05-01 22:42:52.810  1235  5952 I chatty  : uid=1000(system) Binder:1235_12 expire 2 lines
05-01 22:42:58.701  1235  8995 I chatty  : uid=1000(system) AppMonitor:2 expire 1 line
05-01 22:43:00.069  1235  3082 I chatty  : uid=1000(system) Binder:1235_F expire 5 lines
05-01 22:43:00.088  1235  1821 I chatty  : uid=1000(system) Binder:1235_3 expire 4 lines
05-01 22:43:00.268  1235  5952 I chatty  : uid=1000(system) Binder:1235_12 expire 17 lines
05-01 22:43:00.303  1235  1446 I chatty  : uid=1000(system) ActivityManager expire 26 lines
05-01 22:43:01.644  1235  3057 I chatty  : uid=1000(system) Binder:1235_A expire 6 lines
05-01 22:43:02.226  1235  1843 I chatty  : uid=1000(system) Binder:1235_4 expire 1 line
05-01 22:43:02.250  1235  2482 I chatty  : uid=1000(system) Binder:1235_9 expire 5 lines
05-01 22:43:02.784  1235  9112 I chatty  : uid=1000(system) Binder:1235_16 expire 6 lines
05-01 22:43:02.967  1235  2481 I chatty  : uid=1000(system) Binder:1235_8 expire 63 lines
05-01 22:43:03.191  8623  8813 I PackageParser: com.tencent.x5sdk.res: compat added android.permission.WRITE_EXTERNAL_STORAGE android.permission.READ_PHONE_STATE
05-01 22:43:03.317  1235  6547 I chatty  : uid=1000(system) Binder:1235_13 expire 19 lines
05-01 22:43:03.831  1235  1434 I chatty  : uid=1000(system) android.display expire 2 lines
05-01 22:43:03.866  1235  2238 I chatty  : uid=1000(system) Binder:1235_5 expire 21 lines
05-01 22:43:04.049  1235  9167 I chatty  : uid=1000(system) Binder:1235_17 expire 56 lines
05-01 22:43:04.412  1235  1235 I chatty  : uid=1000 system_server expire 2 lines
05-01 22:43:04.730  2289  2289 W TelecomFramework: AccountEntry: registerMmTelCapabilityCallback: registration failed, no ImsService available. Exception: CapabilityCallbackManager - MmTelFeature binder is dead. (code: 1)
05-01 22:43:04.735  2289  2289 W TelecomFramework: AccountEntry: registerMmTelCapabilityCallback: registration failed, no ImsService available. Exception: CapabilityCallbackManager - MmTelFeature binder is dead. (code: 1)
05-01 22:43:05.664  2289  2289 W TelecomFramework: AccountEntry: registerMmTelCapabilityCallback: registration failed, no ImsService available. Exception: CapabilityCallbackManager - MmTelFeature binder is dead. (code: 1)
05-01 22:43:05.673  2289  2289 W TelecomFramework: AccountEntry: registerMmTelCapabilityCallback: registration failed, no ImsService available. Exception: CapabilityCallbackManager - MmTelFeature binder is dead. (code: 1)
05-01 22:43:07.577  8623  8813 I PackageParser: com.tencent.x5sdk.res: compat added android.permission.WRITE_EXTERNAL_STORAGE android.permission.READ_PHONE_STATE
05-01 22:43:09.968  9145  9236 I PackageParser: com.tencent.x5sdk.res: compat added android.permission.WRITE_EXTERNAL_STORAGE android.permission.READ_PHONE_STATE
05-01 22:43:10.052  9145  9236 I PackageParser: com.tencent.x5sdk.res: compat added android.permission.WRITE_EXTERNAL_STORAGE android.permission.READ_PHONE_STATE
05-01 22:43:12.065  8623  8866 W FileUtils: Failed to chmod(/data/user/0/com.tencent.mm/app_tbs): android.system.ErrnoException: chmod failed: EACCES (Permission denied)
05-01 22:43:12.095  8623  8866 W FileUtils: Failed to chmod(/data/user/0/com.tencent.mm/app_tbs_common_share): android.system.ErrnoException: chmod failed: EACCES (Permission denied)
05-01 22:43:18.459  1235  6570 I chatty  : uid=1000(system) Binder:1235_14 expire 7 lines
05-01 22:43:24.940  1235  3066 I chatty  : uid=1000(system) Binder:1235_C expire 2 lines
05-01 22:43:25.476  1235  1381 I chatty  : uid=1000(system) Binder:1235_2 expire 8 lines
05-01 22:43:26.046  1235  1843 I chatty  : uid=1000(system) Binder:1235_4 expire 25 lines
05-01 22:43:26.557  1235  6570 I chatty  : uid=1000(system) Binder:1235_14 expire 18 lines
05-01 22:43:28.269  1235  1434 I chatty  : uid=1000(system) android.display expire 6 lines
05-01 22:43:30.886  1235  2239 I chatty  : uid=1000(system) Binder:1235_6 expire 9 lines
05-01 22:43:30.907  1235  3059 I chatty  : uid=1000(system) Binder:1235_B expire 8 lines
05-01 22:43:31.736  1235  1446 I chatty  : uid=1000(system) ActivityManager expire 14 lines
05-01 22:43:32.687  1235  1821 I chatty  : uid=1000(system) Binder:1235_3 expire 8 lines
05-01 22:43:33.556  1235  1379 I chatty  : uid=1000(system) Binder:1235_1 expire 5 lines
05-01 22:43:33.557  1235  2482 I chatty  : uid=1000(system) Binder:1235_9 expire 2 lines
05-01 22:43:33.557  1235  1844 I chatty  : uid=1000(system) ConnectivitySer expire 1 line
05-01 22:43:35.202  1235  3500 I chatty  : uid=1000(system) Binder:1235_10 expire 3 lines
05-01 22:43:35.941  1235  2242 I chatty  : uid=1000(system) Binder:1235_7 expire 4 lines
05-01 22:43:37.737  1235  1235 I chatty  : uid=1000 system_server expire 10 lines
05-01 22:43:39.129  1235  3066 I chatty  : uid=1000(system) Binder:1235_C expire 1 line
05-01 22:43:42.347  4896  4896 E ActivityThread: Service com.toshiba_dealin.developerhelper.service.MainService has leaked IntentReceiver com.toshiba_dealin.developerhelper.ui.fragment.Tab1Fragment$1@c573ad4 that was originally registered here. Are you missing a call to unregisterReceiver()?
05-01 22:43:42.347  4896  4896 E ActivityThread: android.app.IntentReceiverLeaked: Service com.toshiba_dealin.developerhelper.service.MainService has leaked IntentReceiver com.toshiba_dealin.developerhelper.ui.fragment.Tab1Fragment$1@c573ad4 that was originally registered here. Are you missing a call to unregisterReceiver()?
05-01 22:43:42.347  4896  4896 E ActivityThread: 	at android.app.LoadedApk$ReceiverDispatcher.<init>(LoadedApk.java:1593)
05-01 22:43:42.347  4896  4896 E ActivityThread: 	at android.app.LoadedApk.getReceiverDispatcher(LoadedApk.java:1373)
05-01 22:43:42.347  4896  4896 E ActivityThread: 	at android.app.ContextImpl.registerReceiverInternal(ContextImpl.java:1515)
05-01 22:43:42.347  4896  4896 E ActivityThread: 	at android.app.ContextImpl.registerReceiver(ContextImpl.java:1488)
05-01 22:43:42.347  4896  4896 E ActivityThread: 	at android.app.ContextImpl.registerReceiver(ContextImpl.java:1476)
05-01 22:43:42.347  4896  4896 E ActivityThread: 	at android.content.ContextWrapper.registerReceiver(ContextWrapper.java:627)
05-01 22:43:42.347  4896  4896 E ActivityThread: 	at com.toshiba_dealin.developerhelper.ui.fragment.Tab1Fragment.regist(Unknown Source:28)
05-01 22:43:42.347  4896  4896 E ActivityThread: 	at com.toshiba_dealin.developerhelper.ui.fragment.Tab1Fragment.onResume(Unknown Source:6)
05-01 22:43:42.347  4896  4896 E ActivityThread: 	at com.toshiba_dealin.developerhelper.service.MainService.onPageSelected(Unknown Source:21)
05-01 22:43:42.347  4896  4896 E ActivityThread: 	at com.toshiba_dealin.developerhelper.service.MainService.onCreate(Unknown Source:403)
05-01 22:43:42.347  4896  4896 E ActivityThread: 	at android.app.ActivityThread.handleCreateService(ActivityThread.java:3953)
05-01 22:43:42.347  4896  4896 E ActivityThread: 	at android.app.ActivityThread.access$1500(ActivityThread.java:219)
05-01 22:43:42.347  4896  4896 E ActivityThread: 	at android.app.ActivityThread$H.handleMessage(ActivityThread.java:1875)
05-01 22:43:42.347  4896  4896 E ActivityThread: 	at android.os.Handler.dispatchMessage(Handler.java:107)
05-01 22:43:42.347  4896  4896 E ActivityThread: 	at android.os.Looper.loop(Looper.java:214)
05-01 22:43:42.347  4896  4896 E ActivityThread: 	at android.app.ActivityThread.main(ActivityThread.java:7356)
05-01 22:43:42.347  4896  4896 E ActivityThread: 	at java.lang.reflect.Method.invoke(Native Method)
05-01 22:43:42.347  4896  4896 E ActivityThread: 	at com.android.internal.os.RuntimeInit$MethodAndArgsCaller.run(RuntimeInit.java:491)
05-01 22:43:42.347  4896  4896 E ActivityThread: 	at com.android.internal.os.ZygoteInit.main(ZygoteInit.java:915)
05-01 22:43:42.350  4896  4896 E ActivityThread: Service com.toshiba_dealin.developerhelper.service.MainService has leaked IntentReceiver com.toshiba_dealin.developerhelper.ui.view.AppListView$MyInstalledReceiver@e93fff6 that was originally registered here. Are you missing a call to unregisterReceiver()?
05-01 22:43:42.350  4896  4896 E ActivityThread: android.app.IntentReceiverLeaked: Service com.toshiba_dealin.developerhelper.service.MainService has leaked IntentReceiver com.toshiba_dealin.developerhelper.ui.view.AppListView$MyInstalledReceiver@e93fff6 that was originally registered here. Are you missing a call to unregisterReceiver()?
05-01 22:43:42.350  4896  4896 E ActivityThread: 	at android.app.LoadedApk$ReceiverDispatcher.<init>(LoadedApk.java:1593)
05-01 22:43:42.350  4896  4896 E ActivityThread: 	at android.app.LoadedApk.getReceiverDispatcher(LoadedApk.java:1373)
05-01 22:43:42.350  4896  4896 E ActivityThread: 	at android.app.ContextImpl.registerReceiverInternal(ContextImpl.java:1515)
05-01 22:43:42.350  4896  4896 E ActivityThread: 	at android.app.ContextImpl.registerReceiver(ContextImpl.java:1488)
05-01 22:43:42.350  4896  4896 E ActivityThread: 	at android.app.ContextImpl.registerReceiver(ContextImpl.java:1476)
05-01 22:43:42.350  4896  4896 E ActivityThread: 	at android.content.ContextWrapper.registerReceiver(ContextWrapper.java:627)
05-01 22:43:42.350  4896  4896 E ActivityThread: 	at com.toshiba_dealin.developerhelper.ui.view.AppListView.init(Unknown Source:26)
05-01 22:43:42.350  4896  4896 E ActivityThread: 	at com.toshiba_dealin.developerhelper.ui.view.AppListView.<init>(Unknown Source:15)
05-01 22:43:42.350  4896  4896 E ActivityThread: 	at com.toshiba_dealin.developerhelper.ui.fragment.OOOOOOOOO.initView(Unknown Source:4)
05-01 22:43:42.350  4896  4896 E ActivityThread: 	at com.toshiba_dealin.developerhelper.ui.activity.OOOOOOOOO.createView(Unknown Source:23)
05-01 22:43:42.350  4896  4896 E ActivityThread: 	at com.toshiba_dealin.developerhelper.adapter.SimplePagerAdapter.<init>(Unknown Source:33)
05-01 22:43:42.350  4896  4896 E ActivityThread: 	at com.toshiba_dealin.developerhelper.service.MainService.onCreate(Unknown Source:304)
05-01 22:43:42.350  4896  4896 E ActivityThread: 	at android.app.ActivityThread.handleCreateService(ActivityThread.java:3953)
05-01 22:43:42.350  4896  4896 E ActivityThread: 	at android.app.ActivityThread.access$1500(ActivityThread.java:219)
05-01 22:43:42.350  4896  4896 E ActivityThread: 	at android.app.ActivityThread$H.handleMessage(ActivityThread.java:1875)
05-01 22:43:42.350  4896  4896 E ActivityThread: 	at android.os.Handler.dispatchMessage(Handler.java:107)
05-01 22:43:42.350  4896  4896 E ActivityThread: 	at android.os.Looper.loop(Looper.java:214)
05-01 22:43:42.350  4896  4896 E ActivityThread: 	at android.app.ActivityThread.main(ActivityThread.java:7356)
05-01 22:43:42.350  4896  4896 E ActivityThread: 	at java.lang.reflect.Method.invoke(Native Method)
05-01 22:43:42.350  4896  4896 E ActivityThread: 	at com.android.internal.os.RuntimeInit$MethodAndArgsCaller.run(RuntimeInit.java:491)
05-01 22:43:42.350  4896  4896 E ActivityThread: 	at com.android.internal.os.ZygoteInit.main(ZygoteInit.java:915)
05-01 22:43:42.715  2120  2120 V DeadZone: consuming errant click: (769.0,34.0)
05-01 22:43:42.718  2120  2120 V DeadZone: consuming errant click: (769.0,34.0)
05-01 22:43:46.293  1235  1843 I chatty  : uid=1000(system) Binder:1235_4 expire 1 line
05-01 22:43:47.752  1235  3074 I chatty  : uid=1000(system) Binder:1235_E expire 5 lines
05-01 22:43:52.186  1235  1441 I chatty  : uid=1000(system) ActivityManager expire 42 lines
05-01 22:43:52.991  1235  6547 I chatty  : uid=1000(system) Binder:1235_13 expire 7 lines
05-01 22:43:53.046  1235  1446 I chatty  : uid=1000(system) ActivityManager expire 15 lines
05-01 22:43:53.797  1235  2481 I chatty  : uid=1000(system) Binder:1235_8 expire 1 line
05-01 22:43:55.468  1235  1446 I chatty  : uid=1000(system) ActivityManager expire 43 lines
05-01 22:43:55.652  1235  6547 I chatty  : uid=1000(system) Binder:1235_13 expire 4 lines
05-01 22:43:55.656 10346 10346 D ActivityThread: Loading provider contacts;com.android.contacts: com.android.providers.contacts.ContactsProvider2
05-01 22:43:58.212  1235  1235 I chatty  : uid=1000 system_server expire 16 lines
05-01 22:43:58.253  1235  1469 I chatty  : uid=1000(system) batterystats-wo expire 1 line
05-01 22:43:58.511  1235  2242 I chatty  : uid=1000(system) Binder:1235_7 expire 4 lines
05-01 22:44:00.620  1235 10266 I chatty  : uid=1000(system) Binder:1235_18 expire 5 lines
05-01 22:44:01.262  1235 10528 I chatty  : uid=1000(system) Binder:1235_19 expire 1 line
05-01 22:44:01.337  1235  3500 I chatty  : uid=1000(system) Binder:1235_10 expire 1 line
05-01 22:44:05.142  1235  1441 I chatty  : uid=1000(system) ActivityManager expire 6 lines
05-01 22:44:05.796 10408 10595 I PackageParser: com.tencent.x5sdk.res: compat added android.permission.WRITE_EXTERNAL_STORAGE android.permission.READ_PHONE_STATE
05-01 22:44:06.491  1235  6591 I chatty  : uid=1000(system) Binder:1235_15 expire 4 lines
05-01 22:44:06.492  1235  1844 I chatty  : uid=1000(system) ConnectivitySer expire 4 lines
05-01 22:44:06.532  1235  1446 I chatty  : uid=1000(system) ActivityManager expire 36 lines
05-01 22:44:06.659  1235  1434 I chatty  : uid=1000(system) android.display expire 1 line
05-01 22:44:07.275  1235  3057 I chatty  : uid=1000(system) Binder:1235_A expire 5 lines
05-01 22:44:07.764  1235  6570 I chatty  : uid=1000(system) Binder:1235_14 expire 2 lines
05-01 22:44:11.696 10408 10595 I PackageParser: com.tencent.x5sdk.res: compat added android.permission.WRITE_EXTERNAL_STORAGE android.permission.READ_PHONE_STATE
05-01 22:44:16.219  2289  2289 W TelecomFramework: AccountEntry: registerMmTelCapabilityCallback: registration failed, no ImsService available. Exception: CapabilityCallbackManager - MmTelFeature binder is dead. (code: 1)
05-01 22:44:16.230  2289  2289 W TelecomFramework: AccountEntry: registerMmTelCapabilityCallback: registration failed, no ImsService available. Exception: CapabilityCallbackManager - MmTelFeature binder is dead. (code: 1)
05-01 22:44:17.431  1235  2482 I chatty  : uid=1000(system) Binder:1235_9 expire 9 lines
05-01 22:44:19.597  2289  2289 W TelecomFramework: AccountEntry: registerMmTelCapabilityCallback: registration failed, no ImsService available. Exception: CapabilityCallbackManager - MmTelFeature binder is dead. (code: 1)
05-01 22:44:19.608  2289  2289 W TelecomFramework: AccountEntry: registerMmTelCapabilityCallback: registration failed, no ImsService available. Exception: CapabilityCallbackManager - MmTelFeature binder is dead. (code: 1)
05-01 22:44:20.529  1235  1446 I chatty  : uid=1000(system) ActivityManager expire 20 lines
05-01 22:44:24.705  1235 11093 I chatty  : uid=1000(system) Binder:1235_1A expire 1 line
05-01 22:44:24.829  1235  1821 I chatty  : uid=1000(system) Binder:1235_3 expire 2 lines
05-01 22:44:27.201  1235  9167 I chatty  : uid=1000(system) Binder:1235_17 expire 10 lines
05-01 22:44:28.871  1235  3069 I chatty  : uid=1000(system) Binder:1235_D expire 2 lines
05-01 22:44:41.373  1235  2238 I chatty  : uid=1000(system) Binder:1235_5 expire 6 lines
05-01 22:44:41.561  1235  1446 I chatty  : uid=1000(system) ActivityManager expire 31 lines
05-01 22:44:41.790  1235 10528 I chatty  : uid=1000(system) Binder:1235_19 expire 1 line
05-01 22:44:42.235  1235  1432 I chatty  : uid=1000(system) android.ui expire 5 lines
05-01 22:44:42.945  1235  2239 I chatty  : uid=1000(system) Binder:1235_6 expire 9 lines
05-01 22:44:43.351  1235  3059 I chatty  : uid=1000(system) Binder:1235_B expire 9 lines
05-01 22:44:43.847  1235  9167 I chatty  : uid=1000(system) Binder:1235_17 expire 10 lines
05-01 22:44:44.054  1235  1823 I chatty  : uid=1000(system) NetworkStats expire 1 line
05-01 22:44:45.392  1235 11605 I chatty  : uid=1000(system) Binder:1235_1B expire 2 lines
05-01 22:44:48.972  1235  5952 I chatty  : uid=1000(system) Binder:1235_12 expire 3 lines
05-01 22:44:49.045  1235  2242 I chatty  : uid=1000(system) Binder:1235_7 expire 2 lines
05-01 22:44:49.967  1235  3074 I chatty  : uid=1000(system) Binder:1235_E expire 6 lines
05-01 22:44:49.968  1235  5679 I chatty  : uid=1000(system) Binder:1235_11 expire 7 lines
05-01 22:44:50.725  1235 12028 I chatty  : uid=1000(system) Binder:1235_1C expire 4 lines
05-01 22:44:50.804  1235  1844 I chatty  : uid=1000(system) ConnectivitySer expire 9 lines
05-01 22:44:51.168  1235  6547 I chatty  : uid=1000(system) Binder:1235_13 expire 8 lines
05-01 22:44:52.230  1235  3082 I chatty  : uid=1000(system) Binder:1235_F expire 1 line
05-01 22:44:52.671  1235  2481 I chatty  : uid=1000(system) Binder:1235_8 expire 2 lines
05-01 22:44:52.969  2289  2289 W TelecomFramework: AccountEntry: registerMmTelCapabilityCallback: registration failed, no ImsService available. Exception: CapabilityCallbackManager - MmTelFeature binder is dead. (code: 1)
05-01 22:44:52.979  2289  2289 W TelecomFramework: AccountEntry: registerMmTelCapabilityCallback: registration failed, no ImsService available. Exception: CapabilityCallbackManager - MmTelFeature binder is dead. (code: 1)
05-01 22:44:53.183  1235  3030 I chatty  : uid=1000(system) LazyTaskWriterT expire 3 lines
05-01 22:44:58.408  2289  2289 W TelecomFramework: AccountEntry: registerMmTelCapabilityCallback: registration failed, no ImsService available. Exception: CapabilityCallbackManager - MmTelFeature binder is dead. (code: 1)
