05-02 00:40:41.134  1235  1441 I chatty  : uid=1000(system) ActivityManager expire 11 lines
05-02 00:40:41.187  1235  1469 I chatty  : uid=1000(system) batterystats-wo expire 3 lines
05-02 00:40:45.122  1235  1799 I chatty  : uid=1000(system) InputReader expire 8 lines
05-02 00:40:45.645  1235  1504 I chatty  : uid=1000(system) PowerManagerSer expire 11 lines
05-02 00:40:45.740  1235  1434 I chatty  : uid=1000(system) android.display expire 9 lines
05-02 00:40:46.239  1235  1431 I chatty  : uid=1000(system) android.fg expire 4 lines
05-02 00:40:53.413  1235  2238 I chatty  : uid=1000(system) Binder:1235_5 expire 4 lines
05-02 00:40:53.417  1235  1379 I chatty  : uid=1000(system) Binder:1235_1 expire 1 line
05-02 00:40:53.583  1235  2481 I chatty  : uid=1000(system) Binder:1235_8 expire 4 lines
05-02 00:40:53.733  2289  2289 W TelecomFramework: AccountEntry: registerMmTelCapabilityCallback: registration failed, no ImsService available. Exception: CapabilityCallbackManager - MmTelFeature binder is dead. (code: 1)
05-02 00:40:53.746  2289  2289 W TelecomFramework: AccountEntry: registerMmTelCapabilityCallback: registration failed, no ImsService available. Exception: CapabilityCallbackManager - MmTelFeature binder is dead. (code: 1)
05-02 00:40:53.839  2289  2289 W TelecomFramework: AccountEntry: registerMmTelCapabilityCallback: registration failed, no ImsService available. Exception: CapabilityCallbackManager - MmTelFeature binder is dead. (code: 1)
05-02 00:40:53.844  1235  2242 I chatty  : uid=1000(system) Binder:1235_7 expire 9 lines
05-02 00:40:53.862  2289  2289 W TelecomFramework: AccountEntry: registerMmTelCapabilityCallback: registration failed, no ImsService available. Exception: CapabilityCallbackManager - MmTelFeature binder is dead. (code: 1)
05-02 00:40:54.088  1235 10528 I chatty  : uid=1000(system) Binder:1235_19 expire 1 line
05-02 00:40:59.739  1123  1123 W wificond: No pno scan started
05-02 00:40:59.739  1123  1123 W wificond: Scheduled scan is not running!
05-02 00:40:59.750   938   938 W android.hardware.wifi@1.0-service: No active wlan interfaces in use! Using default
05-02 00:40:59.783  1235 16200 I chatty  : uid=1000(system) Binder:1235_1F expire 2 lines
05-02 00:41:00.048  1235  1446 I chatty  : uid=1000(system) ActivityManager expire 1 line
05-02 00:41:00.125  1235  1504 I chatty  : uid=1000(system) PowerManagerSer expire 5 lines
05-02 00:41:00.181  1123  1123 I wificond: Unsubscribe scan result for interface with index: 26
05-02 00:41:00.372  1235 11605 I chatty  : uid=1000(system) Binder:1235_1B expire 1 line
05-02 00:41:00.531   938 20362 I android.hardware.wifi@1.0-service: Legacy HAL stop complete callback received
05-02 00:41:00.532   938 20362 E android.hardware.wifi@1.0-service: Could not read interface state for wlan0 (No such device)
05-02 00:41:00.537   938   938 I android.hardware.wifi@1.0-service: Wifi HAL stopped
05-02 00:41:00.589   829  1151 D NetlinkEvent: Unknown ifindex 26 in RTM_DELADDR
05-02 00:41:00.618  1235  1235 I chatty  : uid=1000 system_server expire 2 lines
05-02 00:41:00.737  1235  1834 I chatty  : uid=1000(system) ClientModeImpl expire 2 lines
05-02 00:41:00.851  1235  1441 I chatty  : uid=1000(system) ActivityManager expire 17 lines
05-02 00:41:01.412  1235  2481 I chatty  : uid=1000(system) Binder:1235_8 expire 1 line
05-02 00:41:01.492  1235  9167 I chatty  : uid=1000(system) Binder:1235_17 expire 8 lines
05-02 00:41:01.560  1235  1844 I chatty  : uid=1000(system) ConnectivitySer expire 11 lines
05-02 00:41:01.623  1235  9112 I chatty  : uid=1000(system) Binder:1235_16 expire 7 lines
05-02 00:41:01.628  1235  1434 I chatty  : uid=1000(system) android.display expire 7 lines
05-02 00:41:01.636  1235  1504 I chatty  : uid=1000(system) PowerManagerSer expire 7 lines
05-02 00:41:01.798  1235 10528 I chatty  : uid=1000(system) Binder:1235_19 expire 1 line
05-02 00:41:05.231  1235  2242 I chatty  : uid=1000(system) Binder:1235_7 expire 12 lines
05-02 00:41:05.504  1235 17418 I chatty  : uid=1000(system) Binder:1235_20 expire 4 lines
05-02 00:41:05.507  1235  1799 I chatty  : uid=1000(system) InputReader expire 2 lines
05-02 00:41:05.513  1235  1235 I chatty  : uid=1000 system_server expire 2 lines
05-02 00:41:07.385  2289  2289 W TelecomFramework: AccountEntry: registerMmTelCapabilityCallback: registration failed, no ImsService available. Exception: CapabilityCallbackManager - MmTelFeature binder is dead. (code: 1)
05-02 00:41:07.394  2289  2289 W TelecomFramework: AccountEntry: registerMmTelCapabilityCallback: registration failed, no ImsService available. Exception: CapabilityCallbackManager - MmTelFeature binder is dead. (code: 1)
05-02 00:41:10.782  1235  1446 I chatty  : uid=1000(system) ActivityManager expire 12 lines
05-02 00:41:10.820  1235  3057 I chatty  : uid=1000(system) Binder:1235_A expire 9 lines
05-02 00:41:11.192  1235  1379 I chatty  : uid=1000(system) Binder:1235_1 expire 15 lines
05-02 00:41:11.418  1235  1431 I chatty  : uid=1000(system) android.fg expire 1 line
05-02 00:41:11.480  1235  1381 I chatty  : uid=1000(system) Binder:1235_2 expire 7 lines
05-02 00:41:11.560  1235 11605 I chatty  : uid=1000(system) Binder:1235_1B expire 2 lines
05-02 00:41:11.725  1235  6547 I chatty  : uid=1000(system) Binder:1235_13 expire 1 line
05-02 00:41:13.651  1235  3074 I chatty  : uid=1000(system) Binder:1235_E expire 5 lines
05-02 00:41:16.023  1235  5952 I chatty  : uid=1000(system) Binder:1235_12 expire 5 lines
05-02 00:41:16.165  1235  1469 I chatty  : uid=1000(system) batterystats-wo expire 6 lines
05-02 00:41:20.070  1235 12915 I chatty  : uid=1000(system) Binder:1235_1E expire 8 lines
05-02 00:41:25.105  1235  3066 I chatty  : uid=1000(system) Binder:1235_C expire 4 lines
05-02 00:41:27.022  1235 12854 I chatty  : uid=1000(system) Binder:1235_1D expire 5 lines
05-02 00:41:40.620  1235  5679 I chatty  : uid=1000(system) Binder:1235_11 expire 1 line
05-02 00:41:42.019  1235 11093 I chatty  : uid=1000(system) Binder:1235_1A expire 5 lines
05-02 00:44:30.126  4383  4383 W FileUtils: Failed to chmod(/data/user/0/com.tencent.mm/app_tbs): android.system.ErrnoException: chmod failed: EACCES (Permission denied)
05-02 00:44:30.224  4383  4383 I chatty  : uid=10181(u0_a181) identical 2 lines
05-02 00:44:30.238  4383  4383 W FileUtils: Failed to chmod(/data/user/0/com.tencent.mm/app_tbs): android.system.ErrnoException: chmod failed: EACCES (Permission denied)
05-02 00:44:30.321  1235  3069 I chatty  : uid=1000(system) Binder:1235_D expire 1 line
05-02 00:44:30.350  1235  1787 I chatty  : uid=1000(system) AlarmManager expire 1 line
05-02 00:49:03.995  1235  1821 I chatty  : uid=1000(system) Binder:1235_3 expire 2 lines
05-02 00:49:03.998  1235  1844 I chatty  : uid=1000(system) ConnectivitySer expire 7 lines
05-02 00:49:04.009  1235  1381 I chatty  : uid=1000(system) Binder:1235_2 expire 9 lines
05-02 00:49:04.012  1235  1432 I chatty  : uid=1000(system) android.ui expire 2 lines
05-02 00:49:04.018  1235  1821 I chatty  : uid=1000(system) Binder:1235_3 expire 7 lines
05-02 00:49:24.974  1235  1446 I chatty  : uid=1000(system) ActivityManager expire 10 lines
05-02 00:49:25.215  1235  1469 I chatty  : uid=1000(system) batterystats-wo expire 18 lines
05-02 00:49:25.510  1235  6591 I chatty  : uid=1000(system) Binder:1235_15 expire 1 line
05-02 00:49:26.503  1235  1843 I chatty  : uid=1000(system) Binder:1235_4 expire 2 lines
05-02 00:59:27.536  1235 12028 I chatty  : uid=1000(system) Binder:1235_1C expire 14 lines
05-02 00:59:32.008  1235  2482 I chatty  : uid=1000(system) Binder:1235_9 expire 3 lines
05-02 00:59:32.696  1235  2238 I chatty  : uid=1000(system) Binder:1235_5 expire 3 lines
05-02 00:59:34.495  1235  1440 I chatty  : uid=1000(system) android.bg expire 9 lines
05-02 00:59:35.430  1235  1441 I chatty  : uid=1000(system) ActivityManager expire 5 lines
05-02 00:59:42.057  1235  2239 I chatty  : uid=1000(system) Binder:1235_6 expire 3 lines
05-02 00:59:48.449  1235  3082 I chatty  : uid=1000(system) Binder:1235_F expire 4 lines
05-02 01:25:47.846  1235  1235 I chatty  : uid=1000 system_server expire 12 lines
05-02 01:30:55.646  1235 16200 I chatty  : uid=1000(system) Binder:1235_1F expire 1 line
05-02 01:31:32.491  1235 10266 I chatty  : uid=1000(system) Binder:1235_18 expire 1 line
05-02 01:31:48.308  1235 11605 I chatty  : uid=1000(system) Binder:1235_1B expire 4 lines
05-02 01:35:48.670  1235  3059 I chatty  : uid=1000(system) Binder:1235_B expire 1 line
05-02 01:35:48.749  1235  3074 I chatty  : uid=1000(system) Binder:1235_E expire 1 line
05-02 01:46:49.402  1235  2242 I chatty  : uid=1000(system) Binder:1235_7 expire 2 lines
05-02 01:46:50.740  1235 10528 I chatty  : uid=1000(system) Binder:1235_19 expire 5 lines
05-02 02:45:14.765  1235  1801 I chatty  : uid=1000(system) NetworkWatchlis expire 2 lines
05-02 04:44:11.227  1235  1787 I chatty  : uid=1000(system) AlarmManager expire 2 lines
05-02 04:44:14.443  1235  5952 I chatty  : uid=1000(system) Binder:1235_12 expire 2 lines
05-02 04:44:14.512   510  5548 D vold    : idle maintenance started
05-02 04:44:14.564   510  5548 I vold    : [libfs_mgr]dt_fstab: Using a specified mount point /system_root for system
05-02 04:44:14.568   510  5548 I vold    : Skip mounting partition: /product
05-02 04:44:14.568   510  5548 I vold    : Skip mounting partition: /product_services
05-02 04:44:14.568   510  5548 I vold    : Skip mounting partition: /oem
05-02 04:44:14.574   510  5548 I vold    : Skip mounting partition: /product
05-02 04:44:14.574   510  5548 I vold    : Skip mounting partition: /product_services
05-02 04:44:14.574   510  5548 I vold    : Skip mounting partition: /oem
05-02 04:44:14.636   510  5548 D vold    : Start GC on /sys/fs/f2fs/sda14
05-02 04:44:14.636   510  5548 W vold    : Start GC failed on /sys/fs/f2fs/sda14: No such file or directory
05-02 04:44:14.636   510  5548 D vold    : Start GC on /sys/fs/f2fs/sda15
05-02 04:44:14.636   510  5548 W vold    : Start GC failed on /sys/fs/f2fs/sda15: No such file or directory
05-02 04:44:14.636   510  5548 W vold    : Reading dirty_segments failed in /sys/fs/f2fs/sda14: No such file or directory
05-02 04:44:14.636   510  5548 W vold    : Reading dirty_segments failed in /sys/fs/f2fs/sda15: No such file or directory
05-02 04:44:14.637   510  5548 D vold    : Stop GC on /sys/fs/f2fs/sda14
05-02 04:44:14.637   510  5548 W vold    : Stop GC failed on /sys/fs/f2fs/sda14: No such file or directory
05-02 04:44:14.637   510  5548 D vold    : Stop GC on /sys/fs/f2fs/sda15
05-02 04:44:14.637   510  5548 W vold    : Stop GC failed on /sys/fs/f2fs/sda15: No such file or directory
05-02 04:44:14.640   510  5548 I vold    : [libfs_mgr]dt_fstab: Using a specified mount point /system_root for system
05-02 04:44:14.641   510  5548 I vold    : Skip mounting partition: /product
05-02 04:44:14.641   510  5548 I vold    : Skip mounting partition: /product_services
05-02 04:44:14.641   510  5548 I vold    : Skip mounting partition: /oem
05-02 04:44:14.641   510  5548 I vold    : Skip mounting partition: /product
05-02 04:44:14.641   510  5548 I vold    : Skip mounting partition: /product_services
05-02 04:44:14.641   510  5548 I vold    : Skip mounting partition: /oem
05-02 04:44:14.641   510  5548 D vold    : Starting trim of /cache
05-02 04:44:14.809   510  5548 I vold    : Trimmed 207613952 bytes on /cache in 160ms
05-02 04:44:14.809   510  5548 D vold    : Starting trim of /data
05-02 04:45:51.762   510  5548 I vold    : Trimmed 27991330816 bytes on /data in 96952ms
05-02 04:45:51.766   510  5548 D vold    : Starting trim of /mnt/vendor/persist
05-02 04:45:52.000   510  5548 I vold    : Trimmed 17735680 bytes on /mnt/vendor/persist in 231ms
05-02 04:45:52.001   510  5548 D vold    : Starting trim of /persist
05-02 04:45:52.001   510  5548 I vold    : Trimmed 0 bytes on /persist in 0ms
05-02 04:45:52.021   510  5548 I vold    : [libfs_mgr]dt_fstab: Using a specified mount point /system_root for system
05-02 04:45:52.025   510  5548 I vold    : Skip mounting partition: /product
05-02 04:45:52.025   510  5548 I vold    : Skip mounting partition: /product_services
05-02 04:45:52.025   510  5548 I vold    : Skip mounting partition: /oem
05-02 04:45:52.028   510  5548 I vold    : Skip mounting partition: /product
05-02 04:45:52.028   510  5548 I vold    : Skip mounting partition: /product_services
05-02 04:45:52.028   510  5548 I vold    : Skip mounting partition: /oem
05-02 04:45:52.034   510  5548 D vold    : idle maintenance completed
05-02 04:48:48.115  1235  1469 I chatty  : uid=1000(system) batterystats-wo expire 12 lines
05-02 04:54:14.447  1235  1235 I chatty  : uid=1000 system_server expire 9 lines
05-02 04:54:44.722  1235  1379 I chatty  : uid=1000(system) Binder:1235_1 expire 6 lines
05-02 04:54:44.736  1235  3066 I chatty  : uid=1000(system) Binder:1235_C expire 4 lines
05-02 04:56:15.415  1235  1446 I chatty  : uid=1000(system) ActivityManager expire 4 lines
05-02 07:05:54.231  1235  3057 I chatty  : uid=1000(system) Binder:1235_A expire 1 line
05-02 07:05:54.253  1235  1434 I chatty  : uid=1000(system) android.display expire 1 line
05-02 07:07:46.107  1235  2481 I chatty  : uid=1000(system) Binder:1235_8 expire 1 line
05-02 07:14:49.867  1235  3030 I chatty  : uid=1000(system) LazyTaskWriterT expire 1 line
05-02 07:41:48.592  1235  1431 I chatty  : uid=1000(system) android.fg expire 5 lines
05-02 08:14:36.644  1235  3066 I chatty  : uid=1000(system) Binder:1235_C expire 8 lines
05-02 08:33:37.086  1235  1787 I chatty  : uid=1000(system) AlarmManager expire 2 lines
05-02 08:33:37.896  1235  3069 I chatty  : uid=1000(system) Binder:1235_D expire 6 lines
05-02 08:33:38.216  1235  6547 I chatty  : uid=1000(system) Binder:1235_13 expire 3 lines
05-02 08:33:38.256  1235  2238 I chatty  : uid=1000(system) Binder:1235_5 expire 3 lines
05-02 08:33:38.558  1235 16200 I chatty  : uid=1000(system) Binder:1235_1F expire 1 line
05-02 08:33:38.558  1235  1844 I chatty  : uid=1000(system) ConnectivitySer expire 17 lines
05-02 08:33:47.515  1235  1441 I chatty  : uid=1000(system) ActivityManager expire 10 lines
05-02 08:33:48.706  1235  1446 I chatty  : uid=1000(system) ActivityManager expire 10 lines
05-02 08:33:48.997  1235 12854 I chatty  : uid=1000(system) Binder:1235_1D expire 7 lines
05-02 08:38:26.699  1235  2481 I chatty  : uid=1000(system) Binder:1235_8 expire 2 lines
05-02 08:38:26.809  1235 17418 I chatty  : uid=1000(system) Binder:1235_20 expire 6 lines
05-02 08:38:33.764  1235  1821 I chatty  : uid=1000(system) Binder:1235_3 expire 1 line
05-02 08:38:35.895  1235  1469 I chatty  : uid=1000(system) batterystats-wo expire 3 lines
05-02 08:40:19.030  1235  1843 I chatty  : uid=1000(system) Binder:1235_4 expire 2 lines
05-02 08:40:19.517  1235  1799 I chatty  : uid=1000(system) InputReader expire 2 lines
05-02 08:40:19.518  1235  1235 I chatty  : uid=1000 system_server expire 4 lines
05-02 08:40:19.544  1235  1504 I chatty  : uid=1000(system) PowerManagerSer expire 5 lines
05-02 08:40:19.547  1235  1434 I chatty  : uid=1000(system) android.display expire 4 lines
05-02 08:40:19.614  1235  5679 I chatty  : uid=1000(system) Binder:1235_11 expire 2 lines
05-02 08:40:19.761  2289  2289 W TelecomFramework: AccountEntry: registerMmTelCapabilityCallback: registration failed, no ImsService available. Exception: CapabilityCallbackManager - MmTelFeature binder is dead. (code: 1)
05-02 08:40:19.778  2289  2289 W TelecomFramework: AccountEntry: registerMmTelCapabilityCallback: registration failed, no ImsService available. Exception: CapabilityCallbackManager - MmTelFeature binder is dead. (code: 1)
05-02 08:40:19.886  1235  1379 I chatty  : uid=1000(system) Binder:1235_1 expire 13 lines
05-02 08:40:21.117  1235  6591 I chatty  : uid=1000(system) Binder:1235_15 expire 2 lines
05-02 08:40:24.928  1235  9167 I chatty  : uid=1000(system) Binder:1235_17 expire 6 lines
05-02 08:40:25.199   938   938 I android.hardware.wifi@1.0-service: Wifi HAL started
05-02 08:40:26.432   938   938 I android.hardware.wifi@1.0-service: Adding interface handle for p2p0
05-02 08:40:26.432   938   938 I android.hardware.wifi@1.0-service: Adding interface handle for wlan0
05-02 08:40:26.432   938   938 W android.hardware.wifi@1.0-service: No active wlan interfaces in use! Using default
05-02 08:40:26.432   938   938 W android.hardware.wifi@1.0-service: No active wlan interfaces in use! Using default
05-02 08:40:26.434   938   938 I android.hardware.wifi@1.0-service: Configured chip in mode 0
05-02 08:40:26.434   938   938 W android.hardware.wifi@1.0-service: No active wlan interfaces in use! Using default
05-02 08:40:26.447  1123  1123 I wificond: create scanner for interface with index: 28
05-02 08:40:26.447  1123  1123 I wificond: subscribe scan result for interface with index: 28
05-02 08:40:26.450  1123  1123 E wificond: No Offload Service available
05-02 08:40:26.450  1123  1123 I wificond: Offload HAL not supported 
05-02 08:40:26.847  1235  1834 I chatty  : uid=1000(system) ClientModeImpl expire 2 lines
05-02 08:40:28.306  1235 10266 I chatty  : uid=1000(system) Binder:1235_18 expire 5 lines
05-02 08:40:28.349  1123  1123 W wificond: Scan is not started. Ignore abort request
05-02 08:40:28.443  1235  1441 I chatty  : uid=1000(system) ActivityManager expire 36 lines
05-02 08:40:30.125   829  1150 E NetlinkEvent: NetlinkEvent::FindParam(): Parameter 'INTERFACE' not found
05-02 08:40:30.125   829  1150 E NetlinkEvent: NetlinkEvent::FindParam(): Parameter 'STATE' not found
05-02 08:40:30.125   829  1150 E NetlinkEvent: NetlinkEvent::FindParam(): Parameter 'TIME_NS' not found
05-02 08:40:30.125   829  1150 E NetlinkEvent: NetlinkEvent::FindParam(): Parameter 'UID' not found
05-02 08:40:30.132  1235  1844 I chatty  : uid=1000(system) ConnectivitySer expire 5 lines
05-02 08:40:30.711  1235  2482 I chatty  : uid=1000(system) Binder:1235_9 expire 1 line
05-02 08:40:32.145  1235  3082 I chatty  : uid=1000(system) Binder:1235_F expire 16 lines
05-02 08:40:35.374  1235  3066 I chatty  : uid=1000(system) Binder:1235_C expire 7 lines
05-02 08:40:35.383  1235  2482 I chatty  : uid=1000(system) Binder:1235_9 expire 5 lines
05-02 08:40:36.310  2289  2289 W TelecomFramework: AccountEntry: registerMmTelCapabilityCallback: registration failed, no ImsService available. Exception: CapabilityCallbackManager - MmTelFeature binder is dead. (code: 1)
05-02 08:40:36.319  2289  2289 W TelecomFramework: AccountEntry: registerMmTelCapabilityCallback: registration failed, no ImsService available. Exception: CapabilityCallbackManager - MmTelFeature binder is dead. (code: 1)
05-02 08:40:36.502  1235  1379 I chatty  : uid=1000(system) Binder:1235_1 expire 12 lines
05-02 08:40:36.920  1235 10528 I chatty  : uid=1000(system) Binder:1235_19 expire 11 lines
05-02 08:40:37.304  1235  1235 I chatty  : uid=1000 system_server expire 7 lines
05-02 08:40:38.910  1235  1446 I chatty  : uid=1000(system) ActivityManager expire 10 lines
05-02 08:40:39.375  1235  1843 I chatty  : uid=1000(system) Binder:1235_4 expire 5 lines
05-02 08:40:39.504  7465  7465 D ActivityThread: Loading provider contacts;com.android.contacts: com.android.providers.contacts.ContactsProvider2
05-02 08:40:40.915  2289  2289 W TelecomFramework: AccountEntry: registerMmTelCapabilityCallback: registration failed, no ImsService available. Exception: CapabilityCallbackManager - MmTelFeature binder is dead. (code: 1)
05-02 08:40:40.927  2289  2289 W TelecomFramework: AccountEntry: registerMmTelCapabilityCallback: registration failed, no ImsService available. Exception: CapabilityCallbackManager - MmTelFeature binder is dead. (code: 1)
05-02 08:40:41.407  1235  3030 I chatty  : uid=1000(system) LazyTaskWriterT expire 9 lines
05-02 08:40:56.696  1235 11093 I chatty  : uid=1000(system) Binder:1235_1A expire 1 line
05-02 08:40:59.103  1235  1441 I chatty  : uid=1000(system) ActivityManager expire 12 lines
05-02 08:41:06.934  1235  1844 I chatty  : uid=1000(system) ConnectivitySer expire 6 lines
05-02 08:41:11.732  1235  1432 I chatty  : uid=1000(system) android.ui expire 8 lines
05-02 08:41:19.967  8202  8350 I PackageParser: com.tencent.x5sdk.res: compat added android.permission.WRITE_EXTERNAL_STORAGE android.permission.READ_PHONE_STATE
05-02 08:41:20.930  1235  2242 I chatty  : uid=1000(system) Binder:1235_7 expire 2 lines
05-02 08:41:23.503  8202  8350 I PackageParser: com.tencent.x5sdk.res: compat added android.permission.WRITE_EXTERNAL_STORAGE android.permission.READ_PHONE_STATE
05-02 08:41:24.931  1235  6570 I chatty  : uid=1000(system) Binder:1235_14 expire 6 lines
05-02 08:41:25.160  8202  8382 W FileUtils: Failed to chmod(/data/user/0/com.tencent.mm/app_tbs): android.system.ErrnoException: chmod failed: EACCES (Permission denied)
05-02 08:41:25.172  8202  8382 W FileUtils: Failed to chmod(/data/user/0/com.tencent.mm/app_tbs_common_share): android.system.ErrnoException: chmod failed: EACCES (Permission denied)
05-02 08:41:33.690  1235  1379 I chatty  : uid=1000(system) Binder:1235_1 expire 7 lines
05-02 08:41:35.949  1235  2239 I chatty  : uid=1000(system) Binder:1235_6 expire 3 lines
05-02 08:41:47.413  1235  1469 I chatty  : uid=1000(system) batterystats-wo expire 3 lines
05-02 08:41:51.522  1235 17418 I chatty  : uid=1000(system) Binder:1235_20 expire 3 lines
05-02 08:41:56.284  1235  1440 I chatty  : uid=1000(system) android.bg expire 4 lines
05-02 08:41:57.003  1235 16200 I chatty  : uid=1000(system) Binder:1235_1F expire 7 lines
05-02 08:42:00.274   829  8739 W SocketClient: write error (Broken pipe)
05-02 08:42:02.284  1235  1435 I chatty  : uid=1000(system) android.anim expire 5 lines
05-02 08:42:02.970  1235  3082 I chatty  : uid=1000(system) Binder:1235_F expire 2 lines
05-02 08:42:03.023  1235  1821 I chatty  : uid=1000(system) Binder:1235_3 expire 2 lines
05-02 08:42:03.129  1235  1446 I chatty  : uid=1000(system) ActivityManager expire 5 lines
05-02 08:42:05.534  1235 12854 I chatty  : uid=1000(system) Binder:1235_1D expire 1 line
05-02 08:42:05.740  1235  1441 I chatty  : uid=1000(system) ActivityManager expire 8 lines
05-02 08:42:21.109  1235  1434 I chatty  : uid=1000(system) android.display expire 1 line
05-02 08:42:21.197  1235  2481 I chatty  : uid=1000(system) Binder:1235_8 expire 3 lines
05-02 08:42:21.797  1235 12028 I chatty  : uid=1000(system) Binder:1235_1C expire 2 lines
05-02 08:42:26.325  1235  5679 I chatty  : uid=1000(system) Binder:1235_11 expire 1 line
05-02 08:42:48.004  1235  3500 I chatty  : uid=1000(system) Binder:1235_10 expire 1 line
05-02 08:42:51.105  1235  3057 I chatty  : uid=1000(system) Binder:1235_A expire 2 lines
05-02 08:42:51.621  1235  5952 I chatty  : uid=1000(system) Binder:1235_12 expire 2 lines
05-02 08:43:03.301  1235  2239 I chatty  : uid=1000(system) Binder:1235_6 expire 2 lines
05-02 08:43:03.302  1235  2242 I chatty  : uid=1000(system) Binder:1235_7 expire 2 lines
05-02 08:43:03.305  1235  1844 I chatty  : uid=1000(system) ConnectivitySer expire 9 lines
05-02 08:43:04.412  1235  1446 I chatty  : uid=1000(system) ActivityManager expire 10 lines
05-02 08:43:05.307  1235 10528 I chatty  : uid=1000(system) Binder:1235_19 expire 5 lines
05-02 08:43:05.324  1235  2481 I chatty  : uid=1000(system) Binder:1235_8 expire 2 lines
05-02 08:43:10.000  1235  3057 I chatty  : uid=1000(system) Binder:1235_A expire 3 lines
05-02 08:43:40.244  1235  1235 I chatty  : uid=1000 system_server expire 9 lines
05-02 08:43:40.511  1235  1379 I chatty  : uid=1000(system) Binder:1235_1 expire 1 line
05-02 08:43:40.556  1235  1381 I chatty  : uid=1000(system) Binder:1235_2 expire 9 lines
05-02 08:43:40.556  1235  2238 I chatty  : uid=1000(system) Binder:1235_5 expire 4 lines
05-02 08:43:40.556  1235 11605 I chatty  : uid=1000(system) Binder:1235_1B expire 3 lines
05-02 08:43:40.556  1235 17418 I chatty  : uid=1000(system) Binder:1235_20 expire 16 lines
05-02 08:43:48.940  1235  1441 I chatty  : uid=1000(system) ActivityManager expire 23 lines
05-02 08:43:49.652  1235  1440 I chatty  : uid=1000(system) android.bg expire 1 line
05-02 08:43:55.958  1235  1469 I chatty  : uid=1000(system) batterystats-wo expire 15 lines
05-02 08:43:59.581  1235  1432 I chatty  : uid=1000(system) android.ui expire 16 lines
05-02 08:44:02.224  1235  3030 I chatty  : uid=1000(system) LazyTaskWriterT expire 7 lines
05-02 08:44:27.967  1235  6547 I chatty  : uid=1000(system) Binder:1235_13 expire 3 lines
05-02 08:45:06.402  1235  3082 I chatty  : uid=1000(system) Binder:1235_F expire 4 lines
05-02 08:45:07.888  1235  1434 I chatty  : uid=1000(system) android.display expire 3 lines
05-02 08:45:17.047  9802  9802 D ActivityThread: Loading provider contacts;com.android.contacts: com.android.providers.contacts.ContactsProvider2
05-02 08:45:18.428  9862  9862 D ActivityThread: Loading provider contacts;com.android.contacts: com.android.providers.contacts.ContactsProvider2
05-02 08:45:18.712  2394  4979 W TextClassifierService: Package or service not found in package com.google.android.as for user 0
05-02 08:45:18.825  2394  4979 W TextClassifierService: Package or service not found in package com.google.android.as for user 0
05-02 08:45:40.548  1235  9167 I chatty  : uid=1000(system) Binder:1235_17 expire 5 lines
05-02 08:45:40.566  1235 10266 I chatty  : uid=1000(system) Binder:1235_18 expire 2 lines
05-02 08:45:42.749  1235  3069 I chatty  : uid=1000(system) Binder:1235_D expire 1 line
05-02 08:45:43.585  1235  1843 I chatty  : uid=1000(system) Binder:1235_4 expire 3 lines
05-02 08:45:44.731  1235 16200 I chatty  : uid=1000(system) Binder:1235_1F expire 4 lines
05-02 08:46:01.033  1235  3074 I chatty  : uid=1000(system) Binder:1235_E expire 4 lines
05-02 08:46:03.694  1235  1431 I chatty  : uid=1000(system) android.fg expire 3 lines
05-02 08:46:07.763  1235  3059 I chatty  : uid=1000(system) Binder:1235_B expire 2 lines
05-02 08:46:48.872  1235 11093 I chatty  : uid=1000(system) Binder:1235_1A expire 8 lines
05-02 08:53:52.915  2289  2289 W TelecomFramework: AccountEntry: registerMmTelCapabilityCallback: registration failed, no ImsService available. Exception: CapabilityCallbackManager - MmTelFeature binder is dead. (code: 1)
05-02 08:53:52.936  2289  2289 W TelecomFramework: AccountEntry: registerMmTelCapabilityCallback: registration failed, no ImsService available. Exception: CapabilityCallbackManager - MmTelFeature binder is dead. (code: 1)
05-02 08:54:32.616  1235  1469 I chatty  : uid=1000(system) batterystats-wo expire 3 lines
05-02 08:55:04.931  1235  1441 I chatty  : uid=1000(system) ActivityManager expire 3 lines
05-02 08:56:07.903  2289  2289 W TelecomFramework: AccountEntry: registerMmTelCapabilityCallback: registration failed, no ImsService available. Exception: CapabilityCallbackManager - MmTelFeature binder is dead. (code: 1)
05-02 08:56:07.918  2289  2289 W TelecomFramework: AccountEntry: registerMmTelCapabilityCallback: registration failed, no ImsService available. Exception: CapabilityCallbackManager - MmTelFeature binder is dead. (code: 1)
05-02 08:56:47.977  1235  1432 I chatty  : uid=1000(system) android.ui expire 2 lines
05-02 08:57:34.607  1235 11743 I chatty  : uid=1000 system_server expire 1 line
05-02 08:57:45.403  1235  1469 I chatty  : uid=1000(system) batterystats-wo expire 3 lines
05-02 08:57:48.126  1235  1446 I chatty  : uid=1000(system) ActivityManager expire 14 lines
05-02 08:57:48.389  1235 16200 I chatty  : uid=1000(system) Binder:1235_1F expire 8 lines
05-02 08:57:48.512  1235  3074 I chatty  : uid=1000(system) Binder:1235_E expire 5 lines
05-02 08:57:48.635  1235 11093 I chatty  : uid=1000(system) Binder:1235_1A expire 31 lines
05-02 08:57:48.809  1235  1844 I chatty  : uid=1000(system) ConnectivitySer expire 6 lines
05-02 08:57:49.511  1235  9167 I chatty  : uid=1000(system) Binder:1235_17 expire 4 lines
05-02 08:57:51.623  1235  2238 I chatty  : uid=1000(system) Binder:1235_5 expire 19 lines
05-02 08:57:51.656  1235 10528 I chatty  : uid=1000(system) Binder:1235_19 expire 8 lines
05-02 08:57:51.972  1235  3500 I chatty  : uid=1000(system) Binder:1235_10 expire 11 lines
05-02 08:57:51.984  1235  3069 I chatty  : uid=1000(system) Binder:1235_D expire 10 lines
05-02 08:57:52.695 12059 12172 I PackageParser: com.tencent.x5sdk.res: compat added android.permission.WRITE_EXTERNAL_STORAGE android.permission.READ_PHONE_STATE
05-02 08:57:52.721 12059 12172 I PackageParser: com.tencent.x5sdk.res: compat added android.permission.WRITE_EXTERNAL_STORAGE android.permission.READ_PHONE_STATE
05-02 08:57:53.253  1235 10266 I chatty  : uid=1000(system) Binder:1235_18 expire 6 lines
05-02 08:57:55.494  1235  2242 I chatty  : uid=1000(system) Binder:1235_7 expire 6 lines
05-02 08:57:56.372  1235  1381 I chatty  : uid=1000(system) Binder:1235_2 expire 10 lines
05-02 08:57:57.704  1235  1441 I chatty  : uid=1000(system) ActivityManager expire 4 lines
05-02 08:57:58.483  1235  1843 I chatty  : uid=1000(system) Binder:1235_4 expire 8 lines
05-02 08:58:00.977  1235  1379 I chatty  : uid=1000(system) Binder:1235_1 expire 25 lines
05-02 08:58:19.192  1235  1432 I chatty  : uid=1000(system) android.ui expire 2 lines
05-02 08:58:28.742  1235  5679 I chatty  : uid=1000(system) Binder:1235_11 expire 4 lines
05-02 08:58:29.124  1235  1434 I chatty  : uid=1000(system) android.display expire 1 line
05-02 08:58:29.214  1235  9112 I chatty  : uid=1000(system) Binder:1235_16 expire 2 lines
05-02 08:58:44.255  1235 12028 I chatty  : uid=1000(system) Binder:1235_1C expire 1 line
05-02 08:58:45.307  1235  1821 I chatty  : uid=1000(system) Binder:1235_3 expire 10 lines
05-02 08:58:45.585 13113 13113 W FileUtils: Failed to chmod(/data/user/0/com.tencent.mm/app_tbs): android.system.ErrnoException: chmod failed: EACCES (Permission denied)
05-02 08:58:45.606 13113 13113 I chatty  : uid=10181(u0_a181) identical 2 lines
05-02 08:58:45.610 13113 13113 W FileUtils: Failed to chmod(/data/user/0/com.tencent.mm/app_tbs): android.system.ErrnoException: chmod failed: EACCES (Permission denied)
05-02 08:59:04.555  1235  1446 I chatty  : uid=1000(system) ActivityManager expire 19 lines
05-02 08:59:05.108  1235  1379 I chatty  : uid=1000(system) Binder:1235_1 expire 8 lines
05-02 08:59:05.766  1235 11605 I chatty  : uid=1000(system) Binder:1235_1B expire 13 lines
05-02 08:59:07.232  1235  2481 I chatty  : uid=1000(system) Binder:1235_8 expire 8 lines
05-02 08:59:10.482  1235  6591 I chatty  : uid=1000(system) Binder:1235_15 expire 1 line
05-02 08:59:12.339  1235  5952 I chatty  : uid=1000(system) Binder:1235_12 expire 9 lines
05-02 09:00:32.175  1235  3082 I chatty  : uid=1000(system) Binder:1235_F expire 4 lines
05-02 09:00:53.213  1235  1441 I chatty  : uid=1000(system) ActivityManager expire 32 lines
05-02 09:01:04.658  1235  1431 I chatty  : uid=1000(system) android.fg expire 2 lines
05-02 09:01:05.331  1235  1844 I chatty  : uid=1000(system) ConnectivitySer expire 8 lines
05-02 09:01:10.255  1235  1469 I chatty  : uid=1000(system) batterystats-wo expire 10 lines
05-02 09:02:01.212  2289  2289 W TelecomFramework: AccountEntry: registerMmTelCapabilityCallback: registration failed, no ImsService available. Exception: CapabilityCallbackManager - MmTelFeature binder is dead. (code: 1)
05-02 09:02:01.227  2289  2289 W TelecomFramework: AccountEntry: registerMmTelCapabilityCallback: registration failed, no ImsService available. Exception: CapabilityCallbackManager - MmTelFeature binder is dead. (code: 1)
05-02 09:02:02.308  1235  1440 I chatty  : uid=1000(system) android.bg expire 12 lines
05-02 09:03:22.976  1235 10528 I chatty  : uid=1000(system) Binder:1235_19 expire 5 lines
05-02 09:03:27.468  1235  3066 I chatty  : uid=1000(system) Binder:1235_C expire 1 line
05-02 09:03:28.677  1235  6570 I chatty  : uid=1000(system) Binder:1235_14 expire 6 lines
05-02 09:03:29.605  1235 16200 I chatty  : uid=1000(system) Binder:1235_1F expire 4 lines
05-02 09:04:25.178  1235  1235 I chatty  : uid=1000 system_server expire 1 line
05-02 09:04:55.206  1235  2482 I chatty  : uid=1000(system) Binder:1235_9 expire 7 lines
05-02 09:04:55.352  1235  5679 I chatty  : uid=1000(system) Binder:1235_11 expire 20 lines
05-02 09:04:55.370  1235 12028 I chatty  : uid=1000(system) Binder:1235_1C expire 6 lines
05-02 09:04:58.271  1235  2242 I chatty  : uid=1000(system) Binder:1235_7 expire 15 lines
05-02 09:05:02.629  1235  1432 I chatty  : uid=1000(system) android.ui expire 4 lines
05-02 09:06:18.471  1235 12854 I chatty  : uid=1000(system) Binder:1235_1D expire 4 lines
05-02 09:06:19.006  1235  9112 I chatty  : uid=1000(system) Binder:1235_16 expire 2 lines
05-02 09:06:27.579  1235  3500 I chatty  : uid=1000(system) Binder:1235_10 expire 2 lines
05-02 09:06:32.798  1235  1843 I chatty  : uid=1000(system) Binder:1235_4 expire 6 lines
05-02 09:06:35.786  1235 10266 I chatty  : uid=1000(system) Binder:1235_18 expire 1 line
05-02 09:06:56.944  1235  3069 I chatty  : uid=1000(system) Binder:1235_D expire 3 lines
05-02 09:07:00.346  1235  2238 I chatty  : uid=1000(system) Binder:1235_5 expire 10 lines
05-02 09:07:05.902 15722 15926 I PackageParser: com.tencent.x5sdk.res: compat added android.permission.WRITE_EXTERNAL_STORAGE android.permission.READ_PHONE_STATE
05-02 09:07:05.982 15722 15926 I PackageParser: com.tencent.x5sdk.res: compat added android.permission.WRITE_EXTERNAL_STORAGE android.permission.READ_PHONE_STATE
05-02 09:07:09.178 15722 15948 W FileUtils: Failed to chmod(/data/user/0/com.tencent.mm/app_tbs): android.system.ErrnoException: chmod failed: EACCES (Permission denied)
05-02 09:07:09.180 15722 15948 W FileUtils: Failed to chmod(/data/user/0/com.tencent.mm/app_tbs_common_share): android.system.ErrnoException: chmod failed: EACCES (Permission denied)
05-02 09:07:36.109  1235  2482 I chatty  : uid=1000(system) Binder:1235_9 expire 7 lines
05-02 09:07:36.117  1235  1843 I chatty  : uid=1000(system) Binder:1235_4 expire 3 lines
05-02 09:07:42.451  1235  1441 I chatty  : uid=1000(system) ActivityManager expire 26 lines
05-02 09:08:02.775  2289  2289 W TelecomFramework: AccountEntry: registerMmTelCapabilityCallback: registration failed, no ImsService available. Exception: CapabilityCallbackManager - MmTelFeature binder is dead. (code: 1)
05-02 09:08:02.787  2289  2289 W TelecomFramework: AccountEntry: registerMmTelCapabilityCallback: registration failed, no ImsService available. Exception: CapabilityCallbackManager - MmTelFeature binder is dead. (code: 1)
05-02 09:08:10.614  1235  1469 I chatty  : uid=1000(system) batterystats-wo expire 16 lines
05-02 09:08:37.110  2289  2289 W TelecomFramework: AccountEntry: registerMmTelCapabilityCallback: registration failed, no ImsService available. Exception: CapabilityCallbackManager - MmTelFeature binder is dead. (code: 1)
05-02 09:09:36.140  2289  2289 I chatty  : uid=1001(radio) com.android.phone identical 4 lines
05-02 09:09:36.148  2289  2289 W TelecomFramework: AccountEntry: registerMmTelCapabilityCallback: registration failed, no ImsService available. Exception: CapabilityCallbackManager - MmTelFeature binder is dead. (code: 1)
05-02 09:10:01.295  1235  2239 I chatty  : uid=1000(system) Binder:1235_6 expire 1 line
05-02 09:10:10.766  2289  2289 W TelecomFramework: AccountEntry: registerMmTelCapabilityCallback: registration failed, no ImsService available. Exception: CapabilityCallbackManager - MmTelFeature binder is dead. (code: 1)
05-02 09:10:10.778  2289  2289 W TelecomFramework: AccountEntry: registerMmTelCapabilityCallback: registration failed, no ImsService available. Exception: CapabilityCallbackManager - MmTelFeature binder is dead. (code: 1)
05-02 09:10:18.696  1235  1432 I chatty  : uid=1000(system) android.ui expire 2 lines
05-02 09:10:48.501  2289  2289 W TelecomFramework: AccountEntry: registerMmTelCapabilityCallback: registration failed, no ImsService available. Exception: CapabilityCallbackManager - MmTelFeature binder is dead. (code: 1)
05-02 09:10:48.509  2289  2289 W TelecomFramework: AccountEntry: registerMmTelCapabilityCallback: registration failed, no ImsService available. Exception: CapabilityCallbackManager - MmTelFeature binder is dead. (code: 1)
05-02 09:11:05.584  1235  1431 I chatty  : uid=1000(system) android.fg expire 4 lines
05-02 09:11:06.315  1235  1844 I chatty  : uid=1000(system) ConnectivitySer expire 11 lines
05-02 09:11:26.289  2289  2289 W TelecomFramework: AccountEntry: registerMmTelCapabilityCallback: registration failed, no ImsService available. Exception: CapabilityCallbackManager - MmTelFeature binder is dead. (code: 1)
05-02 09:11:26.304  2289  2289 W TelecomFramework: AccountEntry: registerMmTelCapabilityCallback: registration failed, no ImsService available. Exception: CapabilityCallbackManager - MmTelFeature binder is dead. (code: 1)
05-02 09:12:02.813  1235  1787 I chatty  : uid=1000(system) AlarmManager expire 2 lines
05-02 09:13:00.793  1235  1433 I chatty  : uid=1000(system) android.io expire 2 lines
05-02 09:13:27.816  1235 17418 I chatty  : uid=1000(system) Binder:1235_20 expire 8 lines
05-02 09:13:27.878  1235  1446 I chatty  : uid=1000(system) ActivityManager expire 8 lines
05-02 09:13:29.780  1235  6591 I chatty  : uid=1000(system) Binder:1235_15 expire 5 lines
05-02 09:15:12.107  1235  1435 I chatty  : uid=1000(system) android.anim expire 1 line
05-02 09:15:15.686  1235  3030 I chatty  : uid=1000(system) LazyTaskWriterT expire 4 lines
05-02 09:15:18.483  1235  3069 I chatty  : uid=1000(system) Binder:1235_D expire 9 lines
05-02 09:17:43.830  1235  9112 I chatty  : uid=1000(system) Binder:1235_16 expire 2 lines
05-02 09:18:29.745  1235  1821 I chatty  : uid=1000(system) Binder:1235_3 expire 5 lines
05-02 09:20:37.296  2289  2289 W TelecomFramework: AccountEntry: registerMmTelCapabilityCallback: registration failed, no ImsService available. Exception: CapabilityCallbackManager - MmTelFeature binder is dead. (code: 1)
05-02 09:20:37.323  2289  2289 W TelecomFramework: AccountEntry: registerMmTelCapabilityCallback: registration failed, no ImsService available. Exception: CapabilityCallbackManager - MmTelFeature binder is dead. (code: 1)
05-02 09:21:41.645  1235  1469 I chatty  : uid=1000(system) batterystats-wo expire 2 lines
05-02 09:21:50.353  1235  1441 I chatty  : uid=1000(system) ActivityManager expire 14 lines
05-02 09:22:00.109  1235  3500 I chatty  : uid=1000(system) Binder:1235_10 expire 3 lines
05-02 09:22:02.303  1235  6570 I chatty  : uid=1000(system) Binder:1235_14 expire 4 lines
05-02 09:22:02.318 18646 18646 D ActivityThread: Loading provider contacts;com.android.contacts: com.android.providers.contacts.ContactsProvider2
05-02 09:22:53.253 18897 19012 I PackageParser: com.tencent.x5sdk.res: compat added android.permission.WRITE_EXTERNAL_STORAGE android.permission.READ_PHONE_STATE
05-02 09:22:53.666 18897 19012 I PackageParser: com.tencent.x5sdk.res: compat added android.permission.WRITE_EXTERNAL_STORAGE android.permission.READ_PHONE_STATE
05-02 09:22:55.376 18897 19028 W FileUtils: Failed to chmod(/data/user/0/com.tencent.mm/app_tbs): android.system.ErrnoException: chmod failed: EACCES (Permission denied)
05-02 09:22:55.376 18897 19028 W FileUtils: Failed to chmod(/data/user/0/com.tencent.mm/app_tbs_common_share): android.system.ErrnoException: chmod failed: EACCES (Permission denied)
05-02 09:23:14.142  1235  1799 I chatty  : uid=1000(system) InputReader expire 2 lines
05-02 09:23:14.144  1235  1235 I chatty  : uid=1000 system_server expire 14 lines
05-02 09:23:14.681  1235  1504 I chatty  : uid=1000(system) PowerManagerSer expire 30 lines
05-02 09:23:14.788  1235  1434 I chatty  : uid=1000(system) android.display expire 11 lines
05-02 09:23:15.861  1235 11605 I chatty  : uid=1000(system) Binder:1235_1B expire 8 lines
05-02 09:23:31.903  1235  1440 I chatty  : uid=1000(system) android.bg expire 4 lines
05-02 09:24:16.983  2289  2289 W TelecomFramework: AccountEntry: registerMmTelCapabilityCallback: registration failed, no ImsService available. Exception: CapabilityCallbackManager - MmTelFeature binder is dead. (code: 1)
05-02 09:24:17.045  2289  2289 W TelecomFramework: AccountEntry: registerMmTelCapabilityCallback: registration failed, no ImsService available. Exception: CapabilityCallbackManager - MmTelFeature binder is dead. (code: 1)
05-02 09:24:46.079  1235  1441 I chatty  : uid=1000(system) ActivityManager expire 34 lines
05-02 09:26:15.789  1235  1844 I chatty  : uid=1000(system) ConnectivitySer expire 25 lines
05-02 09:26:15.827  1235  3069 I chatty  : uid=1000(system) Binder:1235_D expire 20 lines
05-02 09:26:16.425  1235  3057 I chatty  : uid=1000(system) Binder:1235_A expire 8 lines
05-02 09:26:30.761  1235  3082 I chatty  : uid=1000(system) Binder:1235_F expire 10 lines
05-02 09:26:39.856  1235  1432 I chatty  : uid=1000(system) android.ui expire 8 lines
05-02 09:26:39.858  1235  1431 I chatty  : uid=1000(system) android.fg expire 9 lines
05-02 09:26:39.892  1235  6570 I chatty  : uid=1000(system) Binder:1235_14 expire 4 lines
05-02 09:27:15.772  1235  3500 I chatty  : uid=1000(system) Binder:1235_10 expire 4 lines
05-02 09:27:15.775  1235  1235 I chatty  : uid=1000 system_server expire 12 lines
05-02 09:27:20.002  1235  1799 I chatty  : uid=1000(system) InputReader expire 8 lines
05-02 09:27:20.029  1235  1504 I chatty  : uid=1000(system) PowerManagerSer expire 18 lines
05-02 09:27:20.078  1235  1434 I chatty  : uid=1000(system) android.display expire 9 lines
05-02 09:27:20.138  1235  3074 I chatty  : uid=1000(system) Binder:1235_E expire 10 lines
05-02 09:27:20.263  2289  2289 W TelecomFramework: AccountEntry: registerMmTelCapabilityCallback: registration failed, no ImsService available. Exception: CapabilityCallbackManager - MmTelFeature binder is dead. (code: 1)
05-02 09:27:20.275  2289  2289 W TelecomFramework: AccountEntry: registerMmTelCapabilityCallback: registration failed, no ImsService available. Exception: CapabilityCallbackManager - MmTelFeature binder is dead. (code: 1)
05-02 09:27:21.122  1235  1844 I chatty  : uid=1000(system) ConnectivitySer expire 33 lines
05-02 09:27:24.117  1235  1446 I chatty  : uid=1000(system) ActivityManager expire 3 lines
05-02 09:27:24.244  1235  1381 I chatty  : uid=1000(system) Binder:1235_2 expire 7 lines
05-02 09:28:09.236  1235  1469 I chatty  : uid=1000(system) batterystats-wo expire 2 lines
05-02 09:28:23.580  1235  3030 I chatty  : uid=1000(system) LazyTaskWriterT expire 1 line
05-02 09:28:38.530  2289  2289 W TelecomFramework: AccountEntry: registerMmTelCapabilityCallback: registration failed, no ImsService available. Exception: CapabilityCallbackManager - MmTelFeature binder is dead. (code: 1)
05-02 09:28:38.537  2289  2289 W TelecomFramework: AccountEntry: registerMmTelCapabilityCallback: registration failed, no ImsService available. Exception: CapabilityCallbackManager - MmTelFeature binder is dead. (code: 1)
05-02 09:28:41.356  1235  1235 I chatty  : uid=1000 system_server expire 11 lines
05-02 09:28:43.609  1235  1504 I chatty  : uid=1000(system) PowerManagerSer expire 11 lines
05-02 09:28:43.699  1235  1434 I chatty  : uid=1000(system) android.display expire 10 lines
05-02 09:28:44.170  1235  1431 I chatty  : uid=1000(system) android.fg expire 7 lines
05-02 09:28:44.344  1235  6570 I chatty  : uid=1000(system) Binder:1235_14 expire 2 lines
05-02 09:28:44.698  1235  1381 I chatty  : uid=1000(system) Binder:1235_2 expire 4 lines
05-02 09:28:44.709  1235 12915 I chatty  : uid=1000(system) Binder:1235_1E expire 6 lines
05-02 09:29:06.382  2289  2289 W TelecomFramework: AccountEntry: registerMmTelCapabilityCallback: registration failed, no ImsService available. Exception: CapabilityCallbackManager - MmTelFeature binder is dead. (code: 1)
05-02 09:29:06.392  2289  2289 W TelecomFramework: AccountEntry: registerMmTelCapabilityCallback: registration failed, no ImsService available. Exception: CapabilityCallbackManager - MmTelFeature binder is dead. (code: 1)
05-02 09:29:07.153  1235  5679 I chatty  : uid=1000(system) Binder:1235_11 expire 5 lines
05-02 09:29:08.194  2289  2289 W TelecomFramework: AccountEntry: registerMmTelCapabilityCallback: registration failed, no ImsService available. Exception: CapabilityCallbackManager - MmTelFeature binder is dead. (code: 1)
05-02 09:29:08.204  2289  2289 W TelecomFramework: AccountEntry: registerMmTelCapabilityCallback: registration failed, no ImsService available. Exception: CapabilityCallbackManager - MmTelFeature binder is dead. (code: 1)
05-02 09:29:43.573  1235  3057 I chatty  : uid=1000(system) Binder:1235_A expire 1 line
05-02 09:29:43.724  1235  2481 I chatty  : uid=1000(system) Binder:1235_8 expire 1 line
05-02 09:29:43.879  1235  1446 I chatty  : uid=1000(system) ActivityManager expire 2 lines
05-02 09:29:44.345  1235  2239 I chatty  : uid=1000(system) Binder:1235_6 expire 1 line
05-02 09:29:45.601  1235 11605 I chatty  : uid=1000(system) Binder:1235_1B expire 1 line
05-02 09:29:47.642  1235 12028 I chatty  : uid=1000(system) Binder:1235_1C expire 7 lines
05-02 09:29:48.553  1235  1799 I chatty  : uid=1000(system) InputReader expire 4 lines
05-02 09:29:48.762  1235  1441 I chatty  : uid=1000(system) ActivityManager expire 16 lines
05-02 09:29:48.826  2289  2289 W TelecomFramework: AccountEntry: registerMmTelCapabilityCallback: registration failed, no ImsService available. Exception: CapabilityCallbackManager - MmTelFeature binder is dead. (code: 1)
05-02 09:29:48.859  2289  2289 I chatty  : uid=1001(radio) com.android.phone identical 6 lines
05-02 09:29:48.866  2289  2289 W TelecomFramework: AccountEntry: registerMmTelCapabilityCallback: registration failed, no ImsService available. Exception: CapabilityCallbackManager - MmTelFeature binder is dead. (code: 1)
05-02 09:29:48.941  1235 10266 I chatty  : uid=1000(system) Binder:1235_18 expire 14 lines
05-02 09:30:33.660  2289  2289 W TelecomFramework: AccountEntry: registerMmTelCapabilityCallback: registration failed, no ImsService available. Exception: CapabilityCallbackManager - MmTelFeature binder is dead. (code: 1)
05-02 09:30:48.627  2289  2289 W TelecomFramework: AccountEntry: registerMmTelCapabilityCallback: registration failed, no ImsService available. Exception: CapabilityCallbackManager - MmTelFeature binder is dead. (code: 1)
05-02 09:30:55.617  1235  1787 I chatty  : uid=1000(system) AlarmManager expire 1 line
05-02 09:31:17.190  1235  1379 I chatty  : uid=1000(system) Binder:1235_1 expire 10 lines
05-02 09:31:17.204  1235  1235 I chatty  : uid=1000 system_server expire 14 lines
05-02 09:31:20.280  1235  3030 I chatty  : uid=1000(system) LazyTaskWriterT expire 2 lines
05-02 09:31:21.844  1235  1843 I chatty  : uid=1000(system) Binder:1235_4 expire 1 line
05-02 09:31:22.937  1235  1441 I chatty  : uid=1000(system) ActivityManager expire 5 lines
05-02 09:31:30.129  1235  1504 I chatty  : uid=1000(system) PowerManagerSer expire 6 lines
05-02 09:31:31.426  1235  2482 I chatty  : uid=1000(system) Binder:1235_9 expire 8 lines
05-02 09:32:50.377  1235 16200 I chatty  : uid=1000(system) Binder:1235_1F expire 2 lines
05-02 09:34:31.172  1235  1844 I chatty  : uid=1000(system) ConnectivitySer expire 55 lines
05-02 09:34:32.495  1235  6591 I chatty  : uid=1000(system) Binder:1235_15 expire 1 line
05-02 09:39:44.151  1235  1844 D ConnectivityService: Blocked status changed to false for 10180(347) on netId 104
05-02 09:39:44.151  1235  1844 D ConnectivityService: Blocked status changed to false for 10180(348) on netId 104
05-02 09:39:44.152  1235  1844 D ConnectivityService: Blocked status changed to false for 10180(349) on netId 104
05-02 09:39:44.152  1235  1844 D ConnectivityService: Blocked status changed to false for 10180(350) on netId 104
05-02 09:39:44.153  1235  1844 D ConnectivityService: Blocked status changed to false for 10180(351) on netId 104
05-02 09:39:44.153  1235  1844 D ConnectivityService: Blocked status changed to false for 10180(352) on netId 104
05-02 09:39:44.154  1235  1844 D ConnectivityService: Blocked status changed to false for 10180(360) on netId 104
05-02 09:39:44.154  1235  1844 D ConnectivityService: Blocked status changed to false for 10180(361) on netId 104
05-02 09:39:44.155  1235  1844 D ConnectivityService: Blocked status changed to false for 10180(368) on netId 104
05-02 09:39:44.157  1235  1844 D ConnectivityService: Blocked status changed to false for 10180(369) on netId 104
05-02 09:39:44.158  1235  1844 D ConnectivityService: Blocked status changed to false for 10180(414) on netId 104
05-02 09:39:44.158  1235  1844 D ConnectivityService: Blocked status changed to false for 10180(415) on netId 104
05-02 09:39:44.158  1235  1844 D ConnectivityService: Blocked status changed to false for 10180(418) on netId 104
05-02 09:39:44.159  1235  1844 D ConnectivityService: Blocked status changed to false for 10180(419) on netId 104
05-02 09:39:44.159  1235  1844 D ConnectivityService: Blocked status changed to false for 10180(420) on netId 104
05-02 09:39:44.159  1235  1844 D ConnectivityService: Blocked status changed to false for 10180(421) on netId 104
05-02 09:39:44.160  1235  1844 D ConnectivityService: Blocked status changed to false for 10180(422) on netId 104
05-02 09:39:44.160  1235  1844 D ConnectivityService: Blocked status changed to false for 10180(423) on netId 104
05-02 09:40:03.086  1235 12028 D ConnectivityService: Returning UNBLOCKED NetworkInfo to uid=10180
05-02 09:40:03.144  1235  1379 D ConnectivityService: Returning UNBLOCKED NetworkInfo to uid=10144
05-02 09:40:33.836  1235  1844 D ConnectivityService: Blocked status changed to false for 10182(375) on netId 104
05-02 09:40:33.837  1235  1844 D ConnectivityService: Blocked status changed to false for 10182(376) on netId 104
05-02 09:40:33.843  1235  1844 D ConnectivityService: Blocked status changed to false for 10151(403) on netId 104
05-02 09:40:33.844  1235  1844 D ConnectivityService: Blocked status changed to false for 10151(404) on netId 104
