11-24 19:22:23.007     0     0 I init    : Sending signal 9 to service 'apexd-bootstrap' (pid 539) process group...
11-24 19:22:23.007     0     0 I libprocessgroup: Successfully killed process cgroup uid 0 pid 539 in 0ms
11-24 19:22:23.035     0     0 I init    : linkerconfig generated /linkerconfig with mounted APEX modules info
11-24 19:22:23.038     0     0 I init    : processing action (ro.product.cpu.abilist32=* && early-init) from (/system/etc/init/hw/init.rc:85)
11-24 19:22:23.038     0     0 I init    : starting service 'boringssl_self_test32'...
11-24 19:22:23.041     0     0 I init    : SVC_EXEC service 'boringssl_self_test32' pid 575 (uid 0 gid 0+0 context default) started; waiting...
11-24 19:22:23.155     0     0 I init    : Service 'boringssl_self_test32' (pid 575) exited with status 0 waiting took 0.114000 seconds
11-24 19:22:23.155     0     0 I init    : Sending signal 9 to service 'boringssl_self_test32' (pid 575) process group...
11-24 19:22:23.155     0     0 I libprocessgroup: Successfully killed process cgroup uid 0 pid 575 in 0ms
11-24 19:22:23.156     0     0 I init    : processing action (ro.product.cpu.abilist64=* && early-init) from (/system/etc/init/hw/init.rc:87)
11-24 19:22:23.156     0     0 I init    : starting service 'boringssl_self_test64'...
11-24 19:22:23.160     0     0 I init    : SVC_EXEC service 'boringssl_self_test64' pid 576 (uid 0 gid 0+0 context default) started; waiting...
11-24 19:22:23.267     0     0 I init    : Service 'boringssl_self_test64' (pid 576) exited with status 0 waiting took 0.108000 seconds
11-24 19:22:23.267     0     0 I init    : Sending signal 9 to service 'boringssl_self_test64' (pid 576) process group...
11-24 19:22:23.267     0     0 I libprocessgroup: Successfully killed process cgroup uid 0 pid 576 in 0ms
11-24 19:22:23.268     0     0 I init    : processing action (early-init) from (/init.environ.rc:2)
11-24 19:22:23.268     0     0 I init    : processing action (early-init) from (/vendor/etc/init/hw/init.qcom.rc:34)
11-24 19:22:23.270     0     0 I init    : processing action (early-init) from (/vendor/etc/init/hw/init.qcom.power.rc:28)
11-24 19:22:23.278     0     0 I init    : processing action (ro.product.cpu.abilist32=* && early-init) from (/vendor/etc/init/boringssl_self_test.rc:2)
11-24 19:22:23.279     0     0 I init    : starting service 'boringssl_self_test32_vendor'...
11-24 19:22:23.282     0     0 I init    : SVC_EXEC service 'boringssl_self_test32_vendor' pid 577 (uid 0 gid 0+0 context default) started; waiting...
11-24 19:22:23.365     0     0 I init    : Service 'boringssl_self_test32_vendor' (pid 577) exited with status 0 waiting took 0.083000 seconds
11-24 19:22:23.365     0     0 I init    : Sending signal 9 to service 'boringssl_self_test32_vendor' (pid 577) process group...
11-24 19:22:23.365     0     0 I libprocessgroup: Successfully killed process cgroup uid 0 pid 577 in 0ms
11-24 19:22:23.365     0     0 I init    : processing action (ro.product.cpu.abilist64=* && early-init) from (/vendor/etc/init/boringssl_self_test.rc:4)
11-24 19:22:23.366     0     0 I init    : starting service 'boringssl_self_test64_vendor'...
11-24 19:22:23.368     0     0 I init    : SVC_EXEC service 'boringssl_self_test64_vendor' pid 578 (uid 0 gid 0+0 context default) started; waiting...
11-24 19:22:23.372     0     0 D tas2559 2-004c: Block[0x1] PChkSum match
11-24 19:22:23.372     0     0 D tas2559 2-004c: Block[0x1] YChkSum match
11-24 19:22:23.372     0     0 D tas2559 2-004c: TAS2559 load data: Tuning Mode Program, Blocks = 2, Block Type = 8
11-24 19:22:23.372     0     0 D tas2559 2-004c: tas2559_load_block: Type = 8, commands = 8
11-24 19:22:23.373     0     0 D tas2559 2-004c: tas2559_load_coefficient, Prev=-1, new=0, Pow=0
11-24 19:22:23.373     0     0 D tas2559 2-004c: load PLL: pll block for Configuration configuration_Tuning Mode_48 KHz_s1_0
11-24 19:22:23.373     0     0 D tas2559 2-004c: tas2559_load_block: Type = 0, commands = 15
11-24 19:22:23.376     0     0 D tas2559 2-004c: load configuration configuration_Tuning Mode_48 KHz_s1_0 conefficient pre block
11-24 19:22:23.376     0     0 D tas2559 2-004c: TAS2559 load data: Landscape, Blocks = 4, Block Type = 4
11-24 19:22:23.376     0     0 D tas2559 2-004c: tas2559_load_block: Type = 4, commands = 16
11-24 19:22:23.381     0     0 D tas2559 2-004c: Block[0x4] YChkSum match
11-24 19:22:23.381     0     0 D tas2559 2-004c: TAS2559 load data: Landscape, Blocks = 4, Block Type = 11
11-24 19:22:23.381     0     0 D tas2559 2-004c: tas2559_load_block: Type = 11, commands = 3
11-24 19:22:23.381     0     0 D tas2559 2-004c: load new configuration: configuration_Tuning Mode_48 KHz_s1_0, coeff block data
11-24 19:22:23.381     0     0 D tas2559 2-004c: TAS2559 load data: Landscape, Blocks = 4, Block Type = 3
11-24 19:22:23.381     0     0 D tas2559 2-004c: tas2559_load_block: Type = 3, commands = 1049
11-24 19:22:23.404     0     0 I init    : Service 'boringssl_self_test64_vendor' (pid 578) exited with status 0 waiting took 0.037000 seconds
11-24 19:22:23.404     0     0 I init    : Sending signal 9 to service 'boringssl_self_test64_vendor' (pid 578) process group...
11-24 19:22:23.404     0     0 I libprocessgroup: Successfully killed process cgroup uid 0 pid 578 in 0ms
11-24 19:22:23.405     0     0 I init    : processing action (wait_for_coldboot_done) from (<Builtin Action>:0)
11-24 19:22:23.544     0     0 I of_batterydata_get_best_profile: d5_atl found
11-24 19:22:23.544     0     0 E QCOM-STEPCHG: read_range_data_from_node: Count qcom,step-chg-ranges failed, rc=-22
11-24 19:22:23.596     0     0 D tas2559 2-004c: Block[0x3] YChkSum match
11-24 19:22:23.596     0     0 D tas2559 2-004c: TAS2559 load data: Landscape, Blocks = 4, Block Type = 10
11-24 19:22:24.638     0     0 I init    : Wait for property 'ro.cold_boot_done=true' took 1233ms
11-24 19:22:24.638     0     0 I init    : processing action (MixHwrngIntoLinuxRng) from (<Builtin Action>:0)
11-24 19:22:24.638     0     0 I ueventd : Coldboot took 2.003 seconds
11-24 19:22:24.702     0     0 I init    : Mixed 512 bytes from /dev/hw_random into /dev/urandom
11-24 19:22:24.702     0     0 I init    : Command 'MixHwrngIntoLinuxRng' action=MixHwrngIntoLinuxRng (<Builtin Action>:0) took 63ms and succeeded
11-24 19:22:24.702     0     0 I init    : processing action (SetMmapRndBits) from (<Builtin Action>:0)
11-24 19:22:24.702     0     0 I init    : processing action (KeychordInit) from (<Builtin Action>:0)
11-24 19:22:24.702     0     0 I init    : processing action (init) from (/system/etc/init/hw/init.rc:114)
11-24 19:22:24.704     0     0 I stune_assist: setting values for foreground: boost=0 prefer_idle=1 colocate=0 no_override=0
11-24 19:22:24.704     0     0 I stune_assist: setting values for foreground: boost=0 prefer_idle=1 colocate=0 no_override=0
11-24 19:22:24.704     0     0 I stune_assist: setting values for background: boost=0 prefer_idle=0 colocate=0 no_override=0
11-24 19:22:24.704     0     0 I stune_assist: setting values for foreground: boost=0 prefer_idle=1 colocate=0 no_override=0
11-24 19:22:24.704     0     0 I stune_assist: setting values for background: boost=0 prefer_idle=0 colocate=0 no_override=0
11-24 19:22:24.704     0     0 I stune_assist: setting values for top-app: boost=5 prefer_idle=1 colocate=0 no_override=0
11-24 19:22:24.705     0     0 I stune_assist: setting values for foreground: boost=0 prefer_idle=1 colocate=0 no_override=0
11-24 19:22:24.705     0     0 I stune_assist: setting values for background: boost=0 prefer_idle=0 colocate=0 no_override=0
11-24 19:22:24.705     0     0 I stune_assist: setting values for top-app: boost=5 prefer_idle=1 colocate=0 no_override=0
11-24 19:22:24.705     0     0 I stune_assist: setting values for rt: boost=0 prefer_idle=0 colocate=0 no_override=0
11-24 19:22:24.707     0     0 I init    : Command 'mount binder binder /dev/binderfs stats=global' action=init (/system/etc/init/hw/init.rc:177) took 0ms and failed: mount() failed: No such device
11-24 19:22:24.707     0     0 I init    : Command 'symlink /dev/binderfs/binder /dev/binder' action=init (/system/etc/init/hw/init.rc:183) took 0ms and failed: symlink() failed: File exists
11-24 19:22:24.708     0     0 I init    : Command 'symlink /dev/binderfs/hwbinder /dev/hwbinder' action=init (/system/etc/init/hw/init.rc:184) took 0ms and failed: symlink() failed: File exists
11-24 19:22:24.708     0     0 I init    : Command 'symlink /dev/binderfs/vndbinder /dev/vndbinder' action=init (/system/etc/init/hw/init.rc:185) took 0ms and failed: symlink() failed: File exists
11-24 19:22:24.714     0     0 I cpuset_assist: setting foreground to 0-3,6-7
11-24 19:22:24.715     0     0 I cpuset_assist: setting background to 0-1
11-24 19:22:24.716     0     0 I cpuset_assist: setting system-background to 0-3
11-24 19:22:24.717     0     0 I cpuset_assist: setting restricted to 0-3
11-24 19:22:24.718     0     0 I cpuset_assist: setting top-app to 0-7
11-24 19:22:24.720     0     0 I         : Registered swp emulation handler
11-24 19:22:24.720     0     0 I init    : Command 'write /sys/class/leds/vibrator/trigger transient' action=init (/system/etc/init/hw/init.rc:367) took 0ms and failed: Unable to write to file '/sys/class/leds/vibrator/trigger': Unable to write file contents: Invalid argument
11-24 19:22:24.721     0     0 I init    : starting service 'logd'...
11-24 19:22:24.721     0     0 I init    : Created socket '/dev/socket/logd', mode 666, user 1036, group 1036
11-24 19:22:24.721     0     0 I init    : Created socket '/dev/socket/logdr', mode 666, user 1036, group 1036
11-24 19:22:24.721     0     0 I init    : Created socket '/dev/socket/logdw', mode 222, user 1036, group 1036
11-24 19:22:24.721     0     0 I init    : Opened file '/proc/kmsg', flags 0
11-24 19:22:24.721     0     0 I init    : Opened file '/dev/kmsg', flags 1
11-24 19:22:24.723     0     0 I init    : starting service 'lmkd'...
11-24 19:22:24.724     0     0 I init    : Created socket '/dev/socket/lmkd', mode 660, user 1000, group 1000
11-24 19:22:24.726     0     0 I init    : starting service 'servicemanager'...
11-24 19:22:24.728     0     0 I init    : starting service 'hwservicemanager'...
11-24 19:22:24.732     0     0 I init    : starting service 'vndservicemanager'...
11-24 19:22:24.734     0     0 I init    : processing action (init) from (/system/etc/init/hw/init.usb.rc:24)
11-24 19:22:24.734     0     0 I init    : processing action (init) from (/vendor/etc/init/hw/init.qcom.rc:50)
11-24 19:22:24.740     0     0 I init    : processing action (init) from (/vendor/etc/init/hw/init.qcom.power.rc:31)
11-24 19:22:24.747     0     0 I cpuset_assist: setting camera-daemon to 0-3,6-7
11-24 19:22:24.749     0     0 I zram0   : detected capacity change from 0 to 3221225472
11-24 19:22:24.750     0     0 I init    : processing action (init) from (/system/etc/init/audioserver.rc:56)
11-24 19:22:24.750     0     0 I logd.auditd: start
11-24 19:22:24.751     0     0 I init    : processing action (init) from (/vendor/etc/init/android.hardware.biometrics.fingerprint@2.1-service.xiaomi_sdm845.rc:1)
11-24 19:22:24.751     0     0 I init    : processing action (MixHwrngIntoLinuxRng) from (<Builtin Action>:0)
11-24 19:22:24.806     0     0 I init    : Mixed 512 bytes from /dev/hw_random into /dev/urandom
11-24 19:22:24.806     0     0 I init    : Command 'MixHwrngIntoLinuxRng' action=MixHwrngIntoLinuxRng (<Builtin Action>:0) took 54ms and succeeded
11-24 19:22:24.806     0     0 I init    : processing action (late-init) from (/system/etc/init/hw/init.rc:415)
11-24 19:22:24.806     0     0 I init    : processing action (late-init) from (/system/etc/init/atrace.rc:3)
11-24 19:22:24.809     0     0 I init    : processing action (late-init) from (/vendor/etc/init/android.hardware.atrace@1.0-service.pixel.rc:1)
11-24 19:22:24.810     0     0 I init    : processing action (queue_property_triggers) from (<Builtin Action>:0)
11-24 19:22:24.810     0     0 I init    : processing action (early-fs) from (/system/etc/init/hw/init.rc:451)
11-24 19:22:24.810     0     0 I init    : starting service 'vold'...
11-24 19:22:24.812     0     0 I init    : processing action (fs) from (/vendor/etc/init/hw/init.qcom.rc:82)
11-24 19:22:24.812     0     0 I init    : wait for '/dev/block/platform/soc/1d84000.ufshc' took 0ms
11-24 19:22:24.815     0     0 I init    : [libfs_mgr]Invalid ext4 superblock on '/dev/block/bootdevice/by-name/userdata'
11-24 19:22:24.815     0     0 E init    : [libfs_mgr]mount_with_alternatives(): skipping mount due to invalid magic, mountpoint=/data blk_dev=/dev/block/sda22 rec[0].fs_type=ext4
11-24 19:22:24.816     0     0 I init    : [libfs_mgr]Running /system/bin/fsck.f2fs -a -c 10000 --debug-cache/dev/block/sda22
11-24 19:22:24.822     0     0 I fsck.f2fs: Info: Fix the reported corruption.
11-24 19:22:24.823     0     0 I fsck.f2fs: Info: No support kernel version!
11-24 19:22:24.823     0     0 I fsck.f2fs: Info: Segments per section = 1
11-24 19:22:24.823     0     0 I fsck.f2fs: Info: Sections per zone = 1
11-24 19:22:24.823     0     0 I fsck.f2fs: Info: sector size = 4096
11-24 19:22:24.823     0     0 I fsck.f2fs: Info: total sectors = 27547643 (107607 MB)
11-24 19:22:24.823     0     0 I fsck.f2fs: Info: MKFS version
11-24 19:22:24.823     0     0 I fsck.f2fs: "4.9.186-perf-gc4fc334 #1 SMP PREEMPT Tue Nov 19 01:44:04 CST 2019"
11-24 19:22:24.823     0     0 I fsck.f2fs: Info: FSCK version
11-24 19:22:24.823     0     0 I fsck.f2fs: from "4.9.262-Etude-Op.11-No.3-g8e5b2c1d #13 SMP PREEMPT Mon Mar 22 11:01:56 EDT 2021"
11-24 19:22:24.823     0     0 I fsck.f2fs: to "4.9.262-Etude-Op.11-No.3-g8e5b2c1d #13 SMP PREEMPT Mon Mar 22 11:01:56 EDT 2021"
11-24 19:22:24.823     0     0 I fsck.f2fs: Info: superblock features = 481 :  encrypt verity quota_ino
11-24 19:22:24.823     0     0 I fsck.f2fs: Info: superblock encrypt level = 0, salt = 00000000000000000000000000000000
11-24 19:22:24.823     0     0 I fsck.f2fs: Info: total FS sectors = 27547639 (107607 MB)
11-24 19:22:24.824     0     0 I fsck.f2fs: Info: CKPT version = 6a1fa4d1
--------- beginning of system
11-24 19:22:24.833   596   596 I vold    : Vold 3.0 (the awakening) firing up
11-24 19:22:24.833   596   596 D vold    : Detected support for: exfat ext4 f2fs ntfs vfat
11-24 19:22:24.835   596   596 W vold    : Failed to LOOP_GET_STATUS64 /dev/block/loop27: No such device or address
11-24 19:22:24.835   596   596 W vold    : Failed to LOOP_GET_STATUS64 /dev/block/loop26: No such device or address
11-24 19:22:24.835   596   596 W vold    : Failed to LOOP_GET_STATUS64 /dev/block/loop25: No such device or address
11-24 19:22:24.835   596   596 W vold    : Failed to LOOP_GET_STATUS64 /dev/block/loop24: No such device or address
11-24 19:22:24.835   596   596 W vold    : Failed to LOOP_GET_STATUS64 /dev/block/loop23: No such device or address
11-24 19:22:24.835   596   596 W vold    : Failed to LOOP_GET_STATUS64 /dev/block/loop22: No such device or address
11-24 19:22:24.835   596   596 W vold    : Failed to LOOP_GET_STATUS64 /dev/block/loop21: No such device or address
11-24 19:22:24.835   596   596 W vold    : Failed to LOOP_GET_STATUS64 /dev/block/loop20: No such device or address
11-24 19:22:24.836   596   596 W vold    : Failed to LOOP_GET_STATUS64 /dev/block/loop19: No such device or address
11-24 19:22:24.836   596   596 W vold    : Failed to LOOP_GET_STATUS64 /dev/block/loop18: No such device or address
11-24 19:22:24.836   596   596 W vold    : Failed to LOOP_GET_STATUS64 /dev/block/loop17: No such device or address
11-24 19:22:24.836   596   596 W vold    : Failed to LOOP_GET_STATUS64 /dev/block/loop16: No such device or address
11-24 19:22:24.836   596   596 W vold    : Failed to LOOP_GET_STATUS64 /dev/block/loop7: No such device or address
11-24 19:22:24.836   596   596 W vold    : Failed to LOOP_GET_STATUS64 /dev/block/loop10: No such device or address
11-24 19:22:24.836   596   596 W vold    : Failed to LOOP_GET_STATUS64 /dev/block/loop15: No such device or address
11-24 19:22:24.836   596   596 W vold    : Failed to LOOP_GET_STATUS64 /dev/block/loop9: No such device or address
11-24 19:22:24.836   596   596 W vold    : Failed to LOOP_GET_STATUS64 /dev/block/loop11: No such device or address
11-24 19:22:24.836   596   596 D vold    : Found unmanaged loop device at /dev/block/loop3 named apex:
11-24 19:22:24.836   596   596 D vold    : Found unmanaged loop device at /dev/block/loop2 named apex:
11-24 19:22:24.836   596   596 W vold    : Failed to LOOP_GET_STATUS64 /dev/block/loop8: No such device or address
11-24 19:22:24.836   596   596 D vold    : Found unmanaged loop device at /dev/block/loop5 named apex:
11-24 19:22:24.836   596   596 W vold    : Failed to LOOP_GET_STATUS64 /dev/block/loop12: No such device or address
11-24 19:22:24.836   596   596 D vold    : Found unmanaged loop device at /dev/block/loop4 named apex:
11-24 19:22:24.836   596   596 W vold    : Failed to LOOP_GET_STATUS64 /dev/block/loop14: No such device or address
11-24 19:22:24.836   596   596 W vold    : Failed to LOOP_GET_STATUS64 /dev/block/loop6: No such device or address
11-24 19:22:24.836   596   596 D vold    : Found unmanaged loop device at /dev/block/loop0 named apex:
11-24 19:22:24.836   596   596 W vold    : Failed to LOOP_GET_STATUS64 /dev/block/loop13: No such device or address
11-24 19:22:24.836   596   596 D vold    : Found unmanaged loop device at /dev/block/loop1 named apex:
11-24 19:22:24.837   596   596 D vold    : VoldNativeService::start() completed OK
11-24 19:22:24.937     0     0 I fsck.f2fs: Info: checkpoint state = 42 :  crc orphan_inodes sudden-power-off
11-24 19:22:24.937     0     0 I fsck.f2fs: Info: No error was reported
11-24 19:22:24.937     0     0 I fsck.f2fs:  
11-24 19:22:24.937     0     0 I fsck.f2fs: c, u, RA, CH, CM, Repl=
11-24 19:22:24.937     0     0 I fsck.f2fs: 10000 2522 55124 52602 2522 0
11-24 19:22:25.017     0     0 I F2FS-fs (sda22): Mounted with checkpoint version = 6a1fa4d1
11-24 19:22:25.017     0     0 I init    : [libfs_mgr]__mount(source=/dev/block/bootdevice/by-name/userdata,target=/data,type=f2fs)=0: Success
11-24 19:22:25.017     0     0 E init    : [libfs_mgr]mount_with_alternatives(): Mounted /dev/block/bootdevice/by-name/userdata on /data with fs_type=f2fs instead of ext4
11-24 19:22:25.018     0     0 W FAT-fs (sde46): utf8 is not a recommended IO charset for FAT filesystems, filesystem will be case sensitive!
11-24 19:22:25.019     0     0 I init    : [libfs_mgr]__mount(source=/dev/block/bootdevice/by-name/modem,target=/vendor/firmware_mnt,type=vfat)=0: Success
11-24 19:22:25.019     0     0 I init    : [libfs_mgr]superblock s_max_mnt_count:65535,/dev/block/bootdevice/by-name/dsp
11-24 19:22:25.021     0     0 I EXT4-fs (sde44): mounted filesystem with ordered data mode. Opts: barrier=1
11-24 19:22:25.021     0     0 I init    : [libfs_mgr]__mount(source=/dev/block/bootdevice/by-name/dsp,target=/vendor/dsp,type=ext4)=0: Success
11-24 19:22:25.022     0     0 I init    : [libfs_mgr]superblock s_max_mnt_count:10,/dev/block/bootdevice/by-name/persist
11-24 19:22:25.023     0     0 W EXT4-fs (sda14): warning: maximal mount count reached, running e2fsck is recommended
11-24 19:22:25.023     0     0 I EXT4-fs (sda14): mounted filesystem with ordered data mode. Opts: barrier=1
11-24 19:22:25.023     0     0 I init    : [libfs_mgr]__mount(source=/dev/block/bootdevice/by-name/persist,target=/mnt/vendor/persist,type=ext4)=0: Success
11-24 19:22:25.023     0     0 W FAT-fs (sde24): utf8 is not a recommended IO charset for FAT filesystems, filesystem will be case sensitive!
11-24 19:22:25.024     0     0 I init    : [libfs_mgr]__mount(source=/dev/block/bootdevice/by-name/bluetooth,target=/vendor/bt_firmware,type=vfat)=0: Success
11-24 19:22:25.025     0     0 I init    : [libfs_mgr]Invalid ext4 superblock on '/dev/block/bootdevice/by-name/cache'
11-24 19:22:25.025     0     0 E init    : [libfs_mgr]mount_with_alternatives(): skipping mount due to invalid magic, mountpoint=/cache blk_dev=/dev/block/sda20 rec[6].fs_type=ext4
11-24 19:22:25.063     0     0 I F2FS-fs (sda20): Mounted with checkpoint version = 5bca18ea
11-24 19:22:25.063     0     0 I init    : [libfs_mgr]__mount(source=/dev/block/bootdevice/by-name/cache,target=/cache,type=f2fs)=0: Success
11-24 19:22:25.063     0     0 E init    : [libfs_mgr]mount_with_alternatives(): Mounted /dev/block/bootdevice/by-name/cache on /cache with fs_type=f2fs instead of ext4
11-24 19:22:25.067     0     0 I init    : Userdata mounted using /vendor/etc/fstab.qcom result : 1
11-24 19:22:25.067     0     0 I init    : Command 'mount_all /vendor/etc/fstab.qcom' action=fs (/vendor/etc/init/hw/init.qcom.rc:85) took 254ms and succeeded
11-24 19:22:25.071   596   600 D vold    : Disk at 7:192 changed
11-24 19:22:25.124     0     0 I zram    : Can't setup backing device for initialized device
11-24 19:22:25.124     0     0 E init    : [libfs_mgr]Cannot write /dev/block/loop6 in: /sys/block/zram0/backing_dev: Device or resource busy
11-24 19:22:25.144     0     0 E init    : [libfs_mgr]Failure of zram backing device file for '/dev/block/zram0'
11-24 19:22:25.144     0     0 I zram    : Cannot change disksize for initialized device
11-24 19:22:25.152     0     0 I mkswap  : Swapspace size: 3145724k, UUID=943296ac-8a90-4b56-a6e6-5dd959db014e
11-24 19:22:25.153     0     0 I         : Adding 3145724k swap on /dev/block/zram0.  Priority:-1 extents:1 across:3145724k SS
11-24 19:22:25.153     0     0 I init    : Command 'swapon_all /vendor/etc/fstab.qcom' action=fs (/vendor/etc/init/hw/init.qcom.rc:89) took 84ms and succeeded
11-24 19:22:25.157     0     0 I init    : processing action (fs) from (/vendor/etc/init/hw/init.target.rc:30)
11-24 19:22:25.157     0     0 I init    : processing action (fs) from (/system/etc/init/logd.rc:28)
11-24 19:22:25.158     0     0 I init    : processing action (fs) from (/system/etc/init/wifi.rc:25)
11-24 19:22:25.158     0     0 I init    : processing action (post-fs) from (/system/etc/init/hw/init.rc:455)
11-24 19:22:25.158     0     0 I init    : starting service 'exec 2 (/system/bin/vdc checkpoint markBootAttempt)'...
11-24 19:22:25.160     0     0 I init    : SVC_EXEC service 'exec 2 (/system/bin/vdc checkpoint markBootAttempt)' pid 611 (uid 1000 gid 1000+0 context default) started; waiting...
11-24 19:22:25.166     0     0 D vdc     : Waited 0ms for vold
11-24 19:22:25.167     0     0 I init    : Service 'exec 2 (/system/bin/vdc checkpoint markBootAttempt)' (pid 611) exited with status 0 waiting took 0.007000 seconds
11-24 19:22:25.167     0     0 I init    : Sending signal 9 to service 'exec 2 (/system/bin/vdc checkpoint markBootAttempt)' (pid 611) process group...
11-24 19:22:25.167     0     0 I libprocessgroup: Successfully killed process cgroup uid 1000 pid 611 in 0ms
11-24 19:22:25.232     0     0 I init    : Command 'restorecon --recursive --cross-filesystems /sys/kernel/debug' action=post-fs (/system/etc/init/hw/init.rc:464) took 63ms and succeeded
11-24 19:22:25.232     0     0 I selinux : SELinux: Skipping restorecon on directory(/cache)
11-24 19:22:25.232     0     0 I selinux :  
11-24 19:22:25.234     0     0 E selinux : SELinux:  setxattr failed: /metadata:  Read-only file system
11-24 19:22:25.234     0     0 E selinux :  
11-24 19:22:25.234     0     0 I init    : Command 'mkdir /metadata/vold' action=post-fs (/system/etc/init/hw/init.rc:502) took 0ms and failed: mkdir() failed on /metadata/vold: Read-only file system
11-24 19:22:25.234     0     0 I init    : Command 'mkdir /metadata/password_slots 0771 root system' action=post-fs (/system/etc/init/hw/init.rc:504) took 0ms and failed: mkdir() failed on /metadata/password_slots: Read-only file system
11-24 19:22:25.234     0     0 I init    : Command 'mkdir /metadata/bootstat 0750 system log' action=post-fs (/system/etc/init/hw/init.rc:505) took 0ms and failed: mkdir() failed on /metadata/bootstat: Read-only file system
11-24 19:22:25.234     0     0 I init    : Command 'mkdir /metadata/ota 0700 root system' action=post-fs (/system/etc/init/hw/init.rc:506) took 0ms and failed: mkdir() failed on /metadata/ota: Read-only file system
11-24 19:22:25.234     0     0 I init    : Command 'mkdir /metadata/apex 0700 root system' action=post-fs (/system/etc/init/hw/init.rc:509) took 0ms and failed: Not a directory on /metadata/apex
11-24 19:22:25.234     0     0 I init    : Command 'mkdir /metadata/apex/sessions 0700 root system' action=post-fs (/system/etc/init/hw/init.rc:510) took 0ms and failed: lstat() failed on /metadata/apex/sessions: Permission denied
11-24 19:22:25.235     0     0 I init    : Command 'mkdir /metadata/staged-install 0770 root system' action=post-fs (/system/etc/init/hw/init.rc:518) took 0ms and failed: mkdir() failed on /metadata/staged-install: Read-only file system
11-24 19:22:25.235     0     0 I init    : processing action (post-fs) from (/vendor/etc/init/hw/init.qcom.rc:101)
11-24 19:22:25.235     0     0 I         : IPA smmu_info.s1_bypass_arr[AP]=1 smmu_info.fast_map=0
11-24 19:22:25.235     0     0 I init    : processing action (post-fs) from (/system/etc/init/atrace_userdebug.rc:7)
11-24 19:22:25.235     0     0 I init    : processing action (post-fs) from (/system/etc/init/gsid.rc:8)
11-24 19:22:25.235     0     0 I         : IPA smmu_info.s1_bypass_arr[WLAN]=1 smmu_info.fast_map=0
11-24 19:22:25.235     0     0 I init    : Command 'mkdir /metadata/gsi 0771 root system' action=post-fs (/system/etc/init/gsid.rc:9) took 0ms and failed: mkdir() failed on /metadata/gsi: Read-only file system
11-24 19:22:25.235     0     0 I         : IPA smmu_info.s1_bypass_arr[UC]=1 smmu_info.fast_map=0
11-24 19:22:25.236     0     0 I init    : processing action (post-fs) from (/vendor/etc/init/ipa_fws.rc:6)
11-24 19:22:25.236     0     0 E ipa3_write: 5214 not load FW again
11-24 19:22:25.236     0     0 I init    : processing action (post-fs) from (/vendor/etc/init/qseecomd.rc:5)
11-24 19:22:25.236     0     0 I init    : starting service 'vendor.qseecomd'...
11-24 19:22:25.236     0     0 E ipa3_uc_state_check: 284 uC interface not initialized
11-24 19:22:25.239     0     0 I init    : processing action (late-fs) from (/system/etc/init/hw/init.rc:519)
11-24 19:22:25.239     0     0 I init    : starting service 'vendor.sensors'...
11-24 19:22:25.240     0     0 I ueventd : firmware: loading 'ipa_fws.mdt' for '/devices/platform/soc/soc:qcom,ipa_fws/firmware/ipa_fws.mdt'
11-24 19:22:25.241     0     0 I ueventd : loading /devices/platform/soc/soc:qcom,ipa_fws/firmware/ipa_fws.mdt took 1ms
11-24 19:22:25.241     0     0 I subsys-pil-tz soc: qcom,ipa_fws: ipa_fws: loading from 0x000000008c400000 to 0x000000008c405000
11-24 19:22:25.241     0     0 I init    : starting service 'system_suspend'...
11-24 19:22:25.244     0     0 I init    : starting service 'gatekeeper-1-0'...
11-24 19:22:25.246     0     0 I init    : starting service 'keymaster-3-0'...
11-24 19:22:25.248     0     0 I init    : processing action (late-fs) from (/vendor/etc/init/hw/init.qcom.rc:97)
11-24 19:22:25.249     0     0 I init    : processing action (late-fs) from (/vendor/etc/init/android.hardware.power-service.xiaomi-libperfmgr.rc:7)
11-24 19:22:25.249     0     0 I init    : starting service 'vendor.power-hal-aidl'...
11-24 19:22:25.251     0     0 I init    : processing action (post-fs-data) from (/system/etc/init/hw/init.rc:528)
11-24 19:22:25.252     0     0 I init    : starting service 'exec 3 (/system/bin/vdc checkpoint prepareCheckpoint)'...
11-24 19:22:25.255     0     0 I init    : SVC_EXEC service 'exec 3 (/system/bin/vdc checkpoint prepareCheckpoint)' pid 622 (uid 1000 gid 1000+0 context default) started; waiting...
11-24 19:22:25.260     0     0 D vdc     : Waited 0ms for vold
11-24 19:22:25.261   596   596 I Checkpoint: cp_prepareCheckpoint called
11-24 19:22:25.262     0     0 I init    : Service 'exec 3 (/system/bin/vdc checkpoint prepareCheckpoint)' (pid 622) exited with status 0 waiting took 0.007000 seconds
11-24 19:22:25.262     0     0 I init    : Sending signal 9 to service 'exec 3 (/system/bin/vdc checkpoint prepareCheckpoint)' (pid 622) process group...
11-24 19:22:25.262     0     0 I libprocessgroup: Successfully killed process cgroup uid 1000 pid 622 in 0ms
11-24 19:22:25.263     0     0 I init    : Switched to default mount namespace
11-24 19:22:25.263     0     0 I init    : Not setting encryption policy on: /data/apex
11-24 19:22:25.265     0     0 I init    : Not setting encryption policy on: /data/app-staging
11-24 19:22:25.265     0     0 I init    : starting service 'apexd'...
11-24 19:22:25.271     0     0 I ueventd : firmware: loading 'ipa_fws.b02' for '/devices/platform/soc/soc:qcom,ipa_fws/firmware/ipa_fws.b02'
11-24 19:22:25.271     0     0 I ueventd : loading /devices/platform/soc/soc:qcom,ipa_fws/firmware/ipa_fws.b02 took 0ms
11-24 19:22:25.274     0     0 I ueventd : firmware: loading 'ipa_fws.b03' for '/devices/platform/soc/soc:qcom,ipa_fws/firmware/ipa_fws.b03'
11-24 19:22:25.274     0     0 I ueventd : loading /devices/platform/soc/soc:qcom,ipa_fws/firmware/ipa_fws.b03 took 0ms
11-24 19:22:25.276     0     0 I ueventd : firmware: loading 'ipa_fws.b04' for '/devices/platform/soc/soc:qcom,ipa_fws/firmware/ipa_fws.b04'
11-24 19:22:25.277     0     0 I ueventd : loading /devices/platform/soc/soc:qcom,ipa_fws/firmware/ipa_fws.b04 took 0ms
11-24 19:22:25.279     0     0 I subsys-pil-tz soc: qcom,ipa_fws: ipa_fws: Brought out of reset
11-24 19:22:25.279     0     0 E ipa3_uc_state_check: 284 uC interface not initialized
11-24 19:22:25.279     0     0 I         : IPA FW loaded successfully
11-24 19:22:25.280     0     0 E ipa3_uc_state_check: 284 uC interface not initialized
11-24 19:22:25.281     0     0 W         : CHRDEV "ipaNatTable" major number 218 goes below the dynamic allocation range
11-24 19:22:25.281     0     0 E ipa3_set_resorce_groups_min_max_limits: 5476 skip configuring ipa_rx_hps_clients from HLOS
11-24 19:22:25.281     0     0 E gsi soc : qcom,msm_gsi: gsi_register_device:839 GSI irq is wake enabled 110
11-24 19:22:25.283     0     0 I init    : Not setting encryption policy on: /data/preloads
11-24 19:22:25.284     0     0 I init    : Not setting encryption policy on: /data/vendor_ce
11-24 19:22:25.284     0     0 I init    : Not setting encryption policy on: /data/vendor_de
11-24 19:22:25.285   615   641 I QISL    : QSEE Interrupt Service Listener Thread is started
11-24 19:22:25.285     0     0 I init    : Not setting encryption policy on: /data/data
11-24 19:22:25.285   615   641 I QISL    : QSEE Interrupt Service Listener was activated successfully
11-24 19:22:25.288     0     0 I init    : Not setting encryption policy on: /data/lost+found
11-24 19:22:25.290     0     0 I apexd   : Scanning /system/apex for preinstalled data
11-24 19:22:25.292     0     0 I apexd   : Scanning /system_ext/apex for preinstalled data
11-24 19:22:25.292     0     0 I apexd   : ... does not exist. Skipping
11-24 19:22:25.292     0     0 I apexd   : Scanning /product/apex for preinstalled data
11-24 19:22:25.292     0     0 I apexd   : ... does not exist. Skipping
11-24 19:22:25.292     0     0 I apexd   : Scanning /vendor/apex for preinstalled data
11-24 19:22:25.292     0     0 I apexd   : ... does not exist. Skipping
11-24 19:22:25.292     0     0 I apexd   : Populating APEX database from mounts...
11-24 19:22:25.292     0     0 I apexd   : 0 packages restored.
11-24 19:22:25.293     0     0 I init    : Not setting encryption policy on: /data/system_de
11-24 19:22:25.293     0     0 I apexd   : Marking APEXd as starting
11-24 19:22:25.293     0     0 I init    : Not setting encryption policy on: /data/system_ce
11-24 19:22:25.293     0     0 I init    : Not setting encryption policy on: /data/misc_de
11-24 19:22:25.294     0     0 I apexd   : Scanning /metadata/apex/sessions looking for sessions to be activated.
11-24 19:22:25.294     0     0 I init    : Not setting encryption policy on: /data/misc_ce
11-24 19:22:25.294     0     0 I init    : Not setting encryption policy on: /data/user
11-24 19:22:25.294     0     0 I init    : Not setting encryption policy on: /data/user_de
11-24 19:22:25.294     0     0 W         : CHRDEV "ipa_tethering_bridge" major number 217 goes below the dynamic allocation range
11-24 19:22:25.294     0     0 I init    : Command 'rm /data/user/0' action=post-fs-data (/system/etc/init/hw/init.rc:706) took 0ms and failed: unlink() failed: Is a directory
11-24 19:22:25.295     0     0 I         : IPA driver initialization was successful.
11-24 19:22:25.295     0     0 I         : rmnet_ipa3 started initialization
11-24 19:22:25.295     0     0 I         : IPA SSR support = True
11-24 19:22:25.295     0     0 I         : IPA ipa-loaduC = True
11-24 19:22:25.295     0     0 I         : IPA SG support = True
11-24 19:22:25.295     0     0 I         : IPA Napi Enable = True
11-24 19:22:25.295     0     0 I         : using default for wan-rx-desc-size = 256
11-24 19:22:25.298     0     0 I apexd   : Scanning /data/apex/active looking for APEX packages.
11-24 19:22:25.298     0     0 W         : CHRDEV "wwan_ioctl" major number 216 goes below the dynamic allocation range
11-24 19:22:25.299     0     0 I         : rmnet_ipa completed initialization
11-24 19:22:25.299     0     0 I apexd   : Found /data/apex/active/com.android.os.statsd@301700100.apex
11-24 19:22:25.300     0     0 I apexd   : Found /data/apex/active/com.android.tzdata@301500700.apex
11-24 19:22:25.302     0     0 I apexd   : Found /data/apex/active/com.android.ipsec@301500700.apex
11-24 19:22:25.303     0     0 I apexd   : Found /data/apex/active/com.android.neuralnetworks@300901600.apex
11-24 19:22:25.304     0     0 I apexd   : Found /data/apex/active/com.android.wifi@301500700.apex
11-24 19:22:25.305     0     0 I apexd   : Found /data/apex/active/com.android.adbd@301400200.apex
11-24 19:22:25.307     0     0 I apexd   : Found /data/apex/active/com.android.tethering@301400200.apex
11-24 19:22:25.308     0     0 I apexd   : Found /data/apex/active/com.android.sdkext@300901600.apex
11-24 19:22:25.310     0     0 I apexd   : Found /data/apex/active/com.android.cellbroadcast@301501400.apex
11-24 19:22:25.311     0     0 I apexd   : Found /data/apex/active/com.android.conscrypt@301300300.apex
11-24 19:22:25.312     0     0 I apexd   : Found /data/apex/active/com.android.media@301500800.apex
11-24 19:22:25.314     0     0 I apexd   : Found /data/apex/active/com.android.resolv@301500700.apex
11-24 19:22:25.315     0     0 I apexd   : Found /data/apex/active/com.android.extservices@301500700.apex
11-24 19:22:25.316     0     0 I apexd   : Found /data/apex/active/com.android.media.swcodec@301600000.apex
11-24 19:22:25.318     0     0 I apexd   : Found /data/apex/active/com.android.mediaprovider@301501700.apex
11-24 19:22:25.320     0     0 D apexd   : Creating mount point: /apex/com.android.os.statsd@301700100
11-24 19:22:25.320   596   600 D vold    : Disk at 7:224 changed
11-24 19:22:25.320     0     0 D apexd   : Loopback device created: /dev/block/loop7
11-24 19:22:25.320     0     0 D apexd   : AVB footer verification successful.
11-24 19:22:25.321     0     0 D apexd   : /data/apex/active/com.android.os.statsd@301700100.apex: public key matches.
11-24 19:22:25.322     0     0 I device-mapper: verity: sha1 using implementation "sha1-ce"
11-24 19:22:25.322   596   600 D vold    : Disk at 253:0 changed
11-24 19:22:25.322   596   600 D vold    : Disk at 253:0 changed
11-24 19:22:25.344     0     0 I EXT4-fs (dm-0): mounted filesystem without journal. Opts: (null)
11-24 19:22:25.344     0     0 I apexd   : Successfully mounted package /data/apex/active/com.android.os.statsd@301700100.apex on /apex/com.android.os.statsd@301700100
11-24 19:22:25.344     0     0 D apexd   : Creating bind-mount for /apex/com.android.os.statsd for /apex/com.android.os.statsd@301700100
11-24 19:22:25.344     0     0 D apexd   : Bind-mounting /apex/com.android.os.statsd@301700100 to /apex/com.android.os.statsd
11-24 19:22:25.344     0     0 D apexd   : Successfully activated /data/apex/active/com.android.os.statsd@301700100.apex package_name: com.android.os.statsd version: 301700100
11-24 19:22:25.344     0     0 D apexd   : Creating mount point: /apex/com.android.tzdata@301500700
11-24 19:22:25.344     0     0 E ipa3_uc_state_check: 289 uC is not loaded
11-24 19:22:25.345   596   600 D vold    : Disk at 7:256 changed
11-24 19:22:25.345     0     0 D apexd   : Loopback device created: /dev/block/loop8
11-24 19:22:25.345     0     0 D apexd   : AVB footer verification successful.
11-24 19:22:25.346     0     0 D apexd   : /data/apex/active/com.android.tzdata@301500700.apex: public key matches.
11-24 19:22:25.346     0     0 I device-mapper: verity: sha1 using implementation "sha1-ce"
11-24 19:22:25.347   596   600 D vold    : Disk at 253:1 changed
11-24 19:22:25.347   596   600 D vold    : Disk at 253:1 changed
11-24 19:22:25.388     0     0 I EXT4-fs (dm-1): mounted filesystem without journal. Opts: (null)
11-24 19:22:25.388     0     0 I apexd   : Successfully mounted package /data/apex/active/com.android.tzdata@301500700.apex on /apex/com.android.tzdata@301500700
11-24 19:22:25.388     0     0 D apexd   : Creating bind-mount for /apex/com.android.tzdata for /apex/com.android.tzdata@301500700
11-24 19:22:25.388     0     0 D apexd   : Bind-mounting /apex/com.android.tzdata@301500700 to /apex/com.android.tzdata
11-24 19:22:25.388     0     0 D apexd   : Successfully activated /data/apex/active/com.android.tzdata@301500700.apex package_name: com.android.tzdata version: 301500700
11-24 19:22:25.388     0     0 D apexd   : Creating mount point: /apex/com.android.ipsec@301500700
11-24 19:22:25.389   596   600 D vold    : Disk at 7:288 changed
11-24 19:22:25.389     0     0 D apexd   : Loopback device created: /dev/block/loop9
11-24 19:22:25.389     0     0 D apexd   : AVB footer verification successful.
11-24 19:22:25.390     0     0 D apexd   : /data/apex/active/com.android.ipsec@301500700.apex: public key matches.
11-24 19:22:25.390     0     0 I device-mapper: verity: sha1 using implementation "sha1-ce"
11-24 19:22:25.391   596   600 D vold    : Disk at 253:2 changed
11-24 19:22:25.391   596   600 D vold    : Disk at 253:2 changed
11-24 19:22:25.412     0     0 I EXT4-fs (dm-2): mounted filesystem without journal. Opts: (null)
11-24 19:22:25.412     0     0 I apexd   : Successfully mounted package /data/apex/active/com.android.ipsec@301500700.apex on /apex/com.android.ipsec@301500700
11-24 19:22:25.412     0     0 D apexd   : Creating bind-mount for /apex/com.android.ipsec for /apex/com.android.ipsec@301500700
11-24 19:22:25.412     0     0 D apexd   : Creating mountpoint /apex/com.android.ipsec
11-24 19:22:25.412     0     0 D apexd   : Bind-mounting /apex/com.android.ipsec@301500700 to /apex/com.android.ipsec
11-24 19:22:25.412     0     0 D apexd   : Successfully activated /data/apex/active/com.android.ipsec@301500700.apex package_name: com.android.ipsec version: 301500700
11-24 19:22:25.412     0     0 D apexd   : Creating mount point: /apex/com.android.neuralnetworks@300901600
11-24 19:22:25.413   596   600 D vold    : Disk at 7:320 changed
11-24 19:22:25.413     0     0 D apexd   : Loopback device created: /dev/block/loop10
11-24 19:22:25.413     0     0 D apexd   : AVB footer verification successful.
11-24 19:22:25.414     0     0 D apexd   : /data/apex/active/com.android.neuralnetworks@300901600.apex: public key matches.
11-24 19:22:25.414     0     0 I device-mapper: verity: sha1 using implementation "sha1-ce"
11-24 19:22:25.415   596   600 D vold    : Disk at 253:3 changed
11-24 19:22:25.415   596   600 D vold    : Disk at 253:3 changed
11-24 19:22:25.456     0     0 I EXT4-fs (dm-3): mounted filesystem without journal. Opts: (null)
11-24 19:22:25.456     0     0 I apexd   : Successfully mounted package /data/apex/active/com.android.neuralnetworks@300901600.apex on /apex/com.android.neuralnetworks@300901600
11-24 19:22:25.456     0     0 D apexd   : Creating bind-mount for /apex/com.android.neuralnetworks for /apex/com.android.neuralnetworks@300901600
11-24 19:22:25.456     0     0 D apexd   : Creating mountpoint /apex/com.android.neuralnetworks
11-24 19:22:25.456     0     0 D apexd   : Bind-mounting /apex/com.android.neuralnetworks@300901600 to /apex/com.android.neuralnetworks
11-24 19:22:25.456     0     0 D apexd   : Successfully activated /data/apex/active/com.android.neuralnetworks@300901600.apex package_name: com.android.neuralnetworks version: 300901600
11-24 19:22:25.456     0     0 D apexd   : Creating mount point: /apex/com.android.wifi@301500700
11-24 19:22:25.457   596   600 D vold    : Disk at 7:352 changed
11-24 19:22:25.457     0     0 D apexd   : Loopback device created: /dev/block/loop11
11-24 19:22:25.457     0     0 D apexd   : AVB footer verification successful.
11-24 19:22:25.458     0     0 D apexd   : /data/apex/active/com.android.wifi@301500700.apex: public key matches.
11-24 19:22:25.458     0     0 I device-mapper: verity: sha1 using implementation "sha1-ce"
11-24 19:22:25.459   596   600 D vold    : Disk at 253:4 changed
11-24 19:22:25.459   596   600 D vold    : Disk at 253:4 changed
11-24 19:22:25.480     0     0 I EXT4-fs (dm-4): mounted filesystem without journal. Opts: (null)
11-24 19:22:25.480     0     0 I apexd   : Successfully mounted package /data/apex/active/com.android.wifi@301500700.apex on /apex/com.android.wifi@301500700
11-24 19:22:25.480     0     0 D apexd   : Creating bind-mount for /apex/com.android.wifi for /apex/com.android.wifi@301500700
11-24 19:22:25.481     0     0 D apexd   : Creating mountpoint /apex/com.android.wifi
11-24 19:22:25.481     0     0 D apexd   : Bind-mounting /apex/com.android.wifi@301500700 to /apex/com.android.wifi
11-24 19:22:25.481     0     0 D apexd   : Successfully activated /data/apex/active/com.android.wifi@301500700.apex package_name: com.android.wifi version: 301500700
11-24 19:22:25.481     0     0 D apexd   : Creating mount point: /apex/com.android.adbd@301400200
11-24 19:22:25.481   596   600 D vold    : Disk at 7:384 changed
11-24 19:22:25.481     0     0 D apexd   : Loopback device created: /dev/block/loop12
11-24 19:22:25.481     0     0 D apexd   : AVB footer verification successful.
11-24 19:22:25.482     0     0 D apexd   : /data/apex/active/com.android.adbd@301400200.apex: public key matches.
11-24 19:22:25.482     0     0 I device-mapper: verity: sha1 using implementation "sha1-ce"
11-24 19:22:25.483   596   600 D vold    : Disk at 253:5 changed
11-24 19:22:25.483   596   600 D vold    : Disk at 253:5 changed
11-24 19:22:25.524     0     0 I EXT4-fs (dm-5): mounted filesystem without journal. Opts: (null)
11-24 19:22:25.524     0     0 I apexd   : Successfully mounted package /data/apex/active/com.android.adbd@301400200.apex on /apex/com.android.adbd@301400200
11-24 19:22:25.524     0     0 D apexd   : Creating bind-mount for /apex/com.android.adbd for /apex/com.android.adbd@301400200
11-24 19:22:25.524     0     0 D apexd   : Creating mountpoint /apex/com.android.adbd
11-24 19:22:25.524     0     0 D apexd   : Bind-mounting /apex/com.android.adbd@301400200 to /apex/com.android.adbd
11-24 19:22:25.524     0     0 D apexd   : Successfully activated /data/apex/active/com.android.adbd@301400200.apex package_name: com.android.adbd version: 301400200
11-24 19:22:25.524     0     0 D apexd   : Creating mount point: /apex/com.android.tethering@301400200
11-24 19:22:25.524   596   600 D vold    : Disk at 7:416 changed
11-24 19:22:25.525     0     0 D apexd   : Loopback device created: /dev/block/loop13
11-24 19:22:25.525     0     0 D apexd   : AVB footer verification successful.
11-24 19:22:25.526     0     0 D apexd   : /data/apex/active/com.android.tethering@301400200.apex: public key matches.
11-24 19:22:25.526     0     0 I device-mapper: verity: sha1 using implementation "sha1-ce"
11-24 19:22:25.526   596   600 D vold    : Disk at 253:6 changed
11-24 19:22:25.526   596   600 D vold    : Disk at 253:6 changed
11-24 19:22:25.548     0     0 I EXT4-fs (dm-6): mounted filesystem without journal. Opts: (null)
11-24 19:22:25.548     0     0 I apexd   : Successfully mounted package /data/apex/active/com.android.tethering@301400200.apex on /apex/com.android.tethering@301400200
11-24 19:22:25.548     0     0 D apexd   : Creating bind-mount for /apex/com.android.tethering for /apex/com.android.tethering@301400200
11-24 19:22:25.548     0     0 D apexd   : Creating mountpoint /apex/com.android.tethering
11-24 19:22:25.548     0     0 D apexd   : Bind-mounting /apex/com.android.tethering@301400200 to /apex/com.android.tethering
11-24 19:22:25.548     0     0 D apexd   : Successfully activated /data/apex/active/com.android.tethering@301400200.apex package_name: com.android.tethering version: 301400200
11-24 19:22:25.548     0     0 D apexd   : Creating mount point: /apex/com.android.sdkext@300901600
11-24 19:22:25.548   596   600 D vold    : Disk at 7:448 changed
11-24 19:22:25.549     0     0 D apexd   : Loopback device created: /dev/block/loop14
11-24 19:22:25.549     0     0 D apexd   : AVB footer verification successful.
11-24 19:22:25.550     0     0 D apexd   : /data/apex/active/com.android.sdkext@300901600.apex: public key matches.
11-24 19:22:25.550     0     0 I device-mapper: verity: sha1 using implementation "sha1-ce"
11-24 19:22:25.550   596   600 D vold    : Disk at 253:7 changed
11-24 19:22:25.550   596   600 D vold    : Disk at 253:7 changed
11-24 19:22:25.572     0     0 I EXT4-fs (dm-7): mounted filesystem without journal. Opts: (null)
11-24 19:22:25.572     0     0 I apexd   : Successfully mounted package /data/apex/active/com.android.sdkext@300901600.apex on /apex/com.android.sdkext@300901600
11-24 19:22:25.572     0     0 D apexd   : Creating bind-mount for /apex/com.android.sdkext for /apex/com.android.sdkext@300901600
11-24 19:22:25.572     0     0 D apexd   : Creating mountpoint /apex/com.android.sdkext
11-24 19:22:25.572     0     0 D apexd   : Bind-mounting /apex/com.android.sdkext@300901600 to /apex/com.android.sdkext
11-24 19:22:25.572     0     0 D apexd   : Successfully activated /data/apex/active/com.android.sdkext@300901600.apex package_name: com.android.sdkext version: 300901600
11-24 19:22:25.572     0     0 D apexd   : Creating mount point: /apex/com.android.cellbroadcast@301501400
11-24 19:22:25.572   596   600 D vold    : Disk at 7:480 changed
11-24 19:22:25.573     0     0 D apexd   : Loopback device created: /dev/block/loop15
11-24 19:22:25.573     0     0 D apexd   : AVB footer verification successful.
11-24 19:22:25.574     0     0 D apexd   : /data/apex/active/com.android.cellbroadcast@301501400.apex: public key matches.
11-24 19:22:25.574     0     0 I device-mapper: verity: sha1 using implementation "sha1-ce"
11-24 19:22:25.574   596   600 D vold    : Disk at 253:8 changed
11-24 19:22:25.574   596   600 D vold    : Disk at 253:8 changed
11-24 19:22:25.616     0     0 I EXT4-fs (dm-8): mounted filesystem without journal. Opts: (null)
11-24 19:22:25.616     0     0 I apexd   : Successfully mounted package /data/apex/active/com.android.cellbroadcast@301501400.apex on /apex/com.android.cellbroadcast@301501400
11-24 19:22:25.616     0     0 D apexd   : Creating bind-mount for /apex/com.android.cellbroadcast for /apex/com.android.cellbroadcast@301501400
11-24 19:22:25.616     0     0 D apexd   : Creating mountpoint /apex/com.android.cellbroadcast
11-24 19:22:25.616     0     0 D apexd   : Bind-mounting /apex/com.android.cellbroadcast@301501400 to /apex/com.android.cellbroadcast
11-24 19:22:25.616     0     0 D apexd   : Successfully activated /data/apex/active/com.android.cellbroadcast@301501400.apex package_name: com.android.cellbroadcast version: 301501400
11-24 19:22:25.616     0     0 D apexd   : Creating mount point: /apex/com.android.conscrypt@301300300
11-24 19:22:25.616   596   600 D vold    : Disk at 7:512 changed
11-24 19:22:25.617     0     0 D apexd   : Loopback device created: /dev/block/loop16
11-24 19:22:25.617     0     0 D apexd   : AVB footer verification successful.
11-24 19:22:25.618     0     0 D apexd   : /data/apex/active/com.android.conscrypt@301300300.apex: public key matches.
11-24 19:22:25.618     0     0 I device-mapper: verity: sha1 using implementation "sha1-ce"
11-24 19:22:25.618   596   600 D vold    : Disk at 253:9 changed
11-24 19:22:25.618   596   600 D vold    : Disk at 253:9 changed
11-24 19:22:25.639     0     0 I EXT4-fs (dm-9): mounted filesystem without journal. Opts: (null)
11-24 19:22:25.639     0     0 I apexd   : Successfully mounted package /data/apex/active/com.android.conscrypt@301300300.apex on /apex/com.android.conscrypt@301300300
11-24 19:22:25.640     0     0 D apexd   : Creating bind-mount for /apex/com.android.conscrypt for /apex/com.android.conscrypt@301300300
11-24 19:22:25.640     0     0 D apexd   : Creating mountpoint /apex/com.android.conscrypt
11-24 19:22:25.640     0     0 D apexd   : Bind-mounting /apex/com.android.conscrypt@301300300 to /apex/com.android.conscrypt
11-24 19:22:25.640     0     0 D apexd   : Successfully activated /data/apex/active/com.android.conscrypt@301300300.apex package_name: com.android.conscrypt version: 301300300
11-24 19:22:25.640     0     0 D apexd   : Creating mount point: /apex/com.android.media@301500800
11-24 19:22:25.640   596   600 D vold    : Disk at 7:544 changed
11-24 19:22:25.640     0     0 D apexd   : Loopback device created: /dev/block/loop17
11-24 19:22:25.640     0     0 D apexd   : AVB footer verification successful.
11-24 19:22:25.641     0     0 D apexd   : /data/apex/active/com.android.media@301500800.apex: public key matches.
11-24 19:22:25.642     0     0 I device-mapper: verity: sha1 using implementation "sha1-ce"
