05-01 19:47:51.441  1212  6965 I chatty  : uid=1000(system) Binder:1212_19 expire 1 line
05-01 19:47:51.549  1212  3574 I chatty  : uid=1000(system) Binder:1212_13 expire 7 lines
05-01 19:47:52.444 11389 11389 W FileUtils: Failed to chmod(/data/user/0/com.tencent.mm/shared_prefs/com.tencent.mm_preferences.xml): android.system.ErrnoException: chmod failed: ENOENT (No such file or directory)
05-01 19:47:53.872  1212 11462 I chatty  : uid=1000(system) Binder:1212_1E expire 2 lines
05-01 19:47:54.087  1212  3568 I chatty  : uid=1000(system) Binder:1212_10 expire 3 lines
05-01 19:47:54.810 11389 11523 I PackageParser: com.tencent.x5sdk.res: compat added android.permission.WRITE_EXTERNAL_STORAGE android.permission.READ_PHONE_STATE
05-01 19:47:55.035 11389 11523 I PackageParser: com.tencent.x5sdk.res: compat added android.permission.WRITE_EXTERNAL_STORAGE android.permission.READ_PHONE_STATE
05-01 19:47:59.006  1212  9545 I chatty  : uid=1000(system) Binder:1212_1A expire 3 lines
05-01 19:48:00.141  4076 11782 I PackageParser: me.phh.treble.overlay.xiaomi.redminote5: compat added android.permission.WRITE_EXTERNAL_STORAGE android.permission.READ_PHONE_STATE
05-01 19:48:01.913  4076 11813 I PackageParser: me.phh.treble.overlay.xiaomi.redminote5: compat added android.permission.WRITE_EXTERNAL_STORAGE android.permission.READ_PHONE_STATE
05-01 19:48:03.980  1212  1442 I chatty  : uid=1000(system) ActivityManager expire 14 lines
05-01 19:48:04.036  1212  2156 I chatty  : uid=1000(system) Binder:1212_5 expire 8 lines
05-01 19:48:04.469  4076 11880 I PackageParser: com.tencent.x5sdk.res: compat added android.permission.WRITE_EXTERNAL_STORAGE android.permission.READ_PHONE_STATE
05-01 19:48:04.496  4076 11880 I PackageParser: com.tencent.x5sdk.res: compat added android.permission.WRITE_EXTERNAL_STORAGE android.permission.READ_PHONE_STATE
05-01 19:48:04.829  4076 11902 W FileUtils: Failed to chmod(/data/user/0/com.tencent.mm/app_tbs): android.system.ErrnoException: chmod failed: EACCES (Permission denied)
05-01 19:48:04.829  4076 11902 W FileUtils: Failed to chmod(/data/user/0/com.tencent.mm/app_tbs_common_share): android.system.ErrnoException: chmod failed: EACCES (Permission denied)
05-01 19:48:09.500  1212  1372 I chatty  : uid=1000(system) Binder:1212_2 expire 1 line
05-01 19:48:11.861  1212  6578 I chatty  : uid=1000(system) Binder:1212_17 expire 2 lines
05-01 19:48:22.285 11838 12143 I PackageParser: com.tencent.x5sdk.res: compat added android.permission.WRITE_EXTERNAL_STORAGE android.permission.READ_PHONE_STATE
05-01 19:48:22.309  1212  2697 I chatty  : uid=1000(system) Binder:1212_9 expire 2 lines
05-01 19:48:25.774 11838 12143 I PackageParser: com.tencent.x5sdk.res: compat added android.permission.WRITE_EXTERNAL_STORAGE android.permission.READ_PHONE_STATE
05-01 19:48:27.436  1212  3278 I chatty  : uid=1000(system) Binder:1212_D expire 4 lines
05-01 19:48:27.437  1212  9552 I chatty  : uid=1000(system) Binder:1212_1B expire 1 line
05-01 19:48:27.437  1212  1894 I chatty  : uid=1000(system) ConnectivitySer expire 4 lines
05-01 19:48:27.437  1212  3574 I chatty  : uid=1000(system) Binder:1212_13 expire 1 line
05-01 19:48:27.824  1212  3276 I chatty  : uid=1000(system) Binder:1212_B expire 1 line
05-01 19:48:28.160 11838 12339 W FileUtils: Failed to chmod(/data/user/0/com.tencent.mm/app_tbs): android.system.ErrnoException: chmod failed: EACCES (Permission denied)
05-01 19:48:28.160 11838 12339 W FileUtils: Failed to chmod(/data/user/0/com.tencent.mm/app_tbs_common_share): android.system.ErrnoException: chmod failed: EACCES (Permission denied)
05-01 19:48:29.979  1212  1212 I chatty  : uid=1000 system_server expire 78 lines
05-01 19:48:30.100  1212 12345 I chatty  : uid=1000(system) Binder:1212_20 expire 1 line
05-01 19:48:30.236  1212  1428 I chatty  : uid=1000(system) android.display expire 11 lines
05-01 19:48:30.255  1212  3073 I chatty  : uid=1000(system) LazyTaskWriterT expire 3 lines
05-01 19:48:30.364  1212  9545 I chatty  : uid=1000(system) Binder:1212_1A expire 3 lines
05-01 19:48:35.476  1212  1844 I chatty  : uid=1000(system) InputReader expire 4 lines
05-01 19:48:35.996  1212  1494 I chatty  : uid=1000(system) PowerManagerSer expire 11 lines
05-01 19:48:36.579  1212  1424 I chatty  : uid=1000(system) android.fg expire 4 lines
05-01 19:48:37.156  1212 10073 I chatty  : uid=1000(system) Binder:1212_1D expire 7 lines
05-01 19:48:37.168  1212  6664 I chatty  : uid=1000(system) Binder:1212_18 expire 13 lines
05-01 19:48:37.961  1212  2697 I chatty  : uid=1000(system) Binder:1212_9 expire 6 lines
05-01 19:48:54.024  1212  1441 I chatty  : uid=1000(system) ActivityManager expire 18 lines
05-01 19:48:54.352  1212  2129 I chatty  : uid=1000(system) SyncManager expire 1 line
05-01 19:48:54.379  1212  1442 I chatty  : uid=1000(system) ActivityManager expire 6 lines
05-01 19:49:03.292  1212  1446 I chatty  : uid=1000(system) batterystats-wo expire 5 lines
05-01 19:51:11.426  1212  1826 I chatty  : uid=1000(system) AlarmManager expire 1 line
05-01 19:51:28.668  1212 12051 I chatty  : uid=1000(system) Binder:1212_1F expire 3 lines
05-01 19:52:58.111  1212  2270 I chatty  : uid=1000(system) Binder:1212_7 expire 12 lines
05-01 19:53:00.350  1212  3279 I chatty  : uid=1000(system) Binder:1212_E expire 3 lines
05-01 19:53:00.363  1212  1212 I chatty  : uid=1000 system_server expire 24 lines
05-01 19:53:03.457  1212  3073 I chatty  : uid=1000(system) LazyTaskWriterT expire 13 lines
05-01 19:53:05.123  1212  1442 I chatty  : uid=1000(system) ActivityManager expire 14 lines
05-01 19:53:05.405  1212  9545 I chatty  : uid=1000(system) Binder:1212_1A expire 2 lines
05-01 19:53:05.500  1212  1894 I chatty  : uid=1000(system) ConnectivitySer expire 8 lines
05-01 19:53:05.502  1212  2269 I chatty  : uid=1000(system) Binder:1212_6 expire 5 lines
05-01 19:54:17.033  1212  3278 I chatty  : uid=1000(system) Binder:1212_D expire 1 line
05-01 19:54:17.056  1212  3280 I chatty  : uid=1000(system) Binder:1212_F expire 5 lines
05-01 19:55:01.959  1212  5414 I chatty  : uid=1000(system) Binder:1212_14 expire 9 lines
05-01 19:55:02.071  1212  1369 I chatty  : uid=1000(system) Binder:1212_1 expire 2 lines
05-01 19:55:02.968  1212  1428 I chatty  : uid=1000(system) android.display expire 3 lines
05-01 19:55:03.080  1212  1429 I chatty  : uid=1000(system) android.anim expire 1 line
05-01 19:55:03.088  1212  3568 I chatty  : uid=1000(system) Binder:1212_10 expire 1 line
05-01 19:55:03.093 13220 13220 D ActivityThread: Loading provider contacts;com.android.contacts: com.android.providers.contacts.ContactsProvider2
05-01 19:55:03.184  1212  3275 I chatty  : uid=1000(system) Binder:1212_A expire 3 lines
05-01 19:55:03.425  1212  3573 I chatty  : uid=1000(system) Binder:1212_12 expire 6 lines
05-01 19:55:03.520  1212  1442 I chatty  : uid=1000(system) ActivityManager expire 31 lines
05-01 19:55:05.350  1212  1875 I chatty  : uid=1000(system) Binder:1212_4 expire 1 line
05-01 19:55:05.382  1212  1212 I chatty  : uid=1000 system_server expire 4 lines
05-01 19:55:06.475  1212  1426 I chatty  : uid=1000(system) android.ui expire 14 lines
05-01 19:55:07.193  1212  2697 I chatty  : uid=1000(system) Binder:1212_9 expire 7 lines
05-01 19:55:14.156 13351 13582 I PackageParser: com.tencent.x5sdk.res: compat added android.permission.WRITE_EXTERNAL_STORAGE android.permission.READ_PHONE_STATE
05-01 19:55:14.186 13351 13582 I PackageParser: com.tencent.x5sdk.res: compat added android.permission.WRITE_EXTERNAL_STORAGE android.permission.READ_PHONE_STATE
05-01 19:55:15.529 13351 13602 W FileUtils: Failed to chmod(/data/user/0/com.tencent.mm/app_tbs): android.system.ErrnoException: chmod failed: EACCES (Permission denied)
05-01 19:55:15.530 13351 13602 W FileUtils: Failed to chmod(/data/user/0/com.tencent.mm/app_tbs_common_share): android.system.ErrnoException: chmod failed: EACCES (Permission denied)
05-01 19:55:17.155  1212  6468 I chatty  : uid=1000(system) Binder:1212_16 expire 4 lines
05-01 19:55:20.815  1212  2156 I chatty  : uid=1000(system) Binder:1212_5 expire 4 lines
05-01 19:55:31.046  1212  6578 I chatty  : uid=1000(system) Binder:1212_17 expire 2 lines
05-01 19:55:33.095  1212  9705 I chatty  : uid=1000(system) Binder:1212_1C expire 6 lines
05-01 19:55:33.749  1212  1854 I chatty  : uid=1000(system) Binder:1212_3 expire 2 lines
05-01 19:55:43.698  1212  6288 I chatty  : uid=1000(system) Binder:1212_15 expire 3 lines
05-01 19:56:29.155  1212  9552 I chatty  : uid=1000(system) Binder:1212_1B expire 5 lines
05-01 19:57:10.645  1212  1442 I chatty  : uid=1000(system) ActivityManager expire 10 lines
05-01 19:57:13.762  1212  3275 I chatty  : uid=1000(system) Binder:1212_A expire 7 lines
05-01 19:57:13.781  1212  6288 I chatty  : uid=1000(system) Binder:1212_15 expire 10 lines
05-01 19:57:16.026 14612 14724 I PackageParser: com.tencent.x5sdk.res: compat added android.permission.WRITE_EXTERNAL_STORAGE android.permission.READ_PHONE_STATE
05-01 19:57:17.112 14612 14724 I PackageParser: com.tencent.x5sdk.res: compat added android.permission.WRITE_EXTERNAL_STORAGE android.permission.READ_PHONE_STATE
05-01 19:57:17.914 14612 14733 W FileUtils: Failed to chmod(/data/user/0/com.tencent.mm/app_tbs): android.system.ErrnoException: chmod failed: EACCES (Permission denied)
05-01 19:57:17.914 14612 14733 W FileUtils: Failed to chmod(/data/user/0/com.tencent.mm/app_tbs_common_share): android.system.ErrnoException: chmod failed: EACCES (Permission denied)
05-01 19:57:26.757  1212  3277 I chatty  : uid=1000(system) Binder:1212_C expire 8 lines
05-01 19:57:26.862 14807 14807 W FileUtils: Failed to chmod(/data/user/0/com.tencent.mm/app_tbs): android.system.ErrnoException: chmod failed: EACCES (Permission denied)
05-01 19:57:26.872 14807 14807 I chatty  : uid=10181(u0_a181) identical 2 lines
05-01 19:57:26.874 14807 14807 W FileUtils: Failed to chmod(/data/user/0/com.tencent.mm/app_tbs): android.system.ErrnoException: chmod failed: EACCES (Permission denied)
05-01 19:57:27.374  1212  9705 I chatty  : uid=1000(system) Binder:1212_1C expire 3 lines
05-01 19:58:49.726  1212  1494 I chatty  : uid=1000(system) PowerManagerSer expire 18 lines
05-01 20:00:08.110  2429  4641 W TextClassifierService: Package or service not found in package com.google.android.as for user 0
05-01 20:00:08.381  2429  4641 W TextClassifierService: Package or service not found in package com.google.android.as for user 0
05-01 20:00:13.685  2315  2315 W TelecomFramework: AccountEntry: registerMmTelCapabilityCallback: registration failed, no ImsService available. Exception: CapabilityCallbackManager - MmTelFeature binder is dead. (code: 1)
05-01 20:00:18.987  2315  2315 I chatty  : uid=1001(radio) com.android.phone identical 2 lines
05-01 20:00:18.997  2315  2315 W TelecomFramework: AccountEntry: registerMmTelCapabilityCallback: registration failed, no ImsService available. Exception: CapabilityCallbackManager - MmTelFeature binder is dead. (code: 1)
05-01 20:03:07.791  1212  1442 I chatty  : uid=1000(system) ActivityManager expire 12 lines
05-01 20:03:09.849  1212  1446 I chatty  : uid=1000(system) batterystats-wo expire 8 lines
05-01 20:03:11.303  1212  3073 I chatty  : uid=1000(system) LazyTaskWriterT expire 5 lines
05-01 20:03:13.824  1212  1428 I chatty  : uid=1000(system) android.display expire 12 lines
05-01 20:03:16.257  1212  3574 I chatty  : uid=1000(system) Binder:1212_13 expire 11 lines
05-01 20:03:16.275  1212  6578 I chatty  : uid=1000(system) Binder:1212_17 expire 4 lines
05-01 20:03:49.439  1212  1440 I chatty  : uid=1000(system) android.bg expire 4 lines
05-01 20:04:28.483  1212  1854 I chatty  : uid=1000(system) Binder:1212_3 expire 4 lines
05-01 20:06:43.239  1212  1212 I chatty  : uid=1000 system_server expire 18 lines
05-01 20:06:44.445  1212  1424 I chatty  : uid=1000(system) android.fg expire 5 lines
05-01 20:07:01.644  1212  1844 I chatty  : uid=1000(system) InputReader expire 4 lines
05-01 20:07:03.024  1212  1441 I chatty  : uid=1000(system) ActivityManager expire 13 lines
05-01 20:07:57.269  1212  9545 I chatty  : uid=1000(system) Binder:1212_1A expire 7 lines
05-01 20:08:30.331 16427 16536 I PackageParser: com.tencent.x5sdk.res: compat added android.permission.WRITE_EXTERNAL_STORAGE android.permission.READ_PHONE_STATE
05-01 20:08:30.632 16427 16536 I PackageParser: com.tencent.x5sdk.res: compat added android.permission.WRITE_EXTERNAL_STORAGE android.permission.READ_PHONE_STATE
05-01 20:08:31.856 16427 16546 W FileUtils: Failed to chmod(/data/user/0/com.tencent.mm/app_tbs): android.system.ErrnoException: chmod failed: EACCES (Permission denied)
05-01 20:08:31.856 16427 16546 W FileUtils: Failed to chmod(/data/user/0/com.tencent.mm/app_tbs_common_share): android.system.ErrnoException: chmod failed: EACCES (Permission denied)
05-01 20:09:00.205  1212  1369 I chatty  : uid=1000(system) Binder:1212_1 expire 1 line
05-01 20:09:02.292  1212  6664 I chatty  : uid=1000(system) Binder:1212_18 expire 1 line
05-01 20:09:04.294  1212  3573 I chatty  : uid=1000(system) Binder:1212_12 expire 2 lines
05-01 20:10:42.136  2315  2315 W TelecomFramework: AccountEntry: registerMmTelCapabilityCallback: registration failed, no ImsService available. Exception: CapabilityCallbackManager - MmTelFeature binder is dead. (code: 1)
05-01 20:10:42.147  2315  2315 W TelecomFramework: AccountEntry: registerMmTelCapabilityCallback: registration failed, no ImsService available. Exception: CapabilityCallbackManager - MmTelFeature binder is dead. (code: 1)
05-01 20:10:55.278  1212  1494 I chatty  : uid=1000(system) PowerManagerSer expire 6 lines
05-01 20:11:01.792  1212  1442 I chatty  : uid=1000(system) ActivityManager expire 9 lines
05-01 20:11:03.479  1212  1894 I chatty  : uid=1000(system) ConnectivitySer expire 10 lines
05-01 20:11:11.337  1212  1854 I chatty  : uid=1000(system) Binder:1212_3 expire 2 lines
05-01 20:11:11.406  1212  1442 I chatty  : uid=1000(system) ActivityManager expire 18 lines
05-01 20:11:12.034  1212  3275 I chatty  : uid=1000(system) Binder:1212_A expire 1 line
05-01 20:11:12.783  2429  4641 W TextClassifierService: Package or service not found in package com.google.android.as for user 0
05-01 20:11:12.795  2429  4641 W TextClassifierService: Package or service not found in package com.google.android.as for user 0
05-01 20:11:15.387  1212  6578 I chatty  : uid=1000(system) Binder:1212_17 expire 7 lines
05-01 20:11:15.463  1212  6288 I chatty  : uid=1000(system) Binder:1212_15 expire 9 lines
05-01 20:11:18.678  1212  1441 I chatty  : uid=1000(system) ActivityManager expire 26 lines
05-01 20:11:24.485  1212  3279 I chatty  : uid=1000(system) Binder:1212_E expire 24 lines
05-01 20:11:26.237  1212  3278 I chatty  : uid=1000(system) Binder:1212_D expire 3 lines
05-01 20:11:27.535  1212  1446 I chatty  : uid=1000(system) batterystats-wo expire 4 lines
05-01 20:11:32.800  1212  2156 I chatty  : uid=1000(system) Binder:1212_5 expire 12 lines
05-01 20:11:32.804  1212  1428 I chatty  : uid=1000(system) android.display expire 4 lines
05-01 20:12:12.416  1212  1844 I chatty  : uid=1000(system) InputReader expire 2 lines
05-01 20:12:12.419  1212  1212 I chatty  : uid=1000 system_server expire 3 lines
05-01 20:12:12.469  1212  1494 I chatty  : uid=1000(system) PowerManagerSer expire 5 lines
05-01 20:12:12.528  1212  2495 I chatty  : uid=1000(system) Binder:1212_8 expire 8 lines
05-01 20:12:12.716  2315  2315 W TelecomFramework: AccountEntry: registerMmTelCapabilityCallback: registration failed, no ImsService available. Exception: CapabilityCallbackManager - MmTelFeature binder is dead. (code: 1)
05-01 20:12:12.719  2315  2315 W TelecomFramework: AccountEntry: registerMmTelCapabilityCallback: registration failed, no ImsService available. Exception: CapabilityCallbackManager - MmTelFeature binder is dead. (code: 1)
05-01 20:12:12.795  1212  1424 I chatty  : uid=1000(system) android.fg expire 3 lines
05-01 20:12:26.384  1212 12345 I chatty  : uid=1000(system) Binder:1212_20 expire 4 lines
05-01 20:12:27.083  1212  6965 I chatty  : uid=1000(system) Binder:1212_19 expire 3 lines
05-01 20:12:29.727  1212  3573 I chatty  : uid=1000(system) Binder:1212_12 expire 4 lines
05-01 20:12:38.579  1212 10073 I chatty  : uid=1000(system) Binder:1212_1D expire 7 lines
05-01 20:13:12.429  1212  3073 I chatty  : uid=1000(system) LazyTaskWriterT expire 5 lines
05-01 20:13:17.105  1212  1426 I chatty  : uid=1000(system) android.ui expire 6 lines
05-01 20:13:21.472  1212  6468 I chatty  : uid=1000(system) Binder:1212_16 expire 5 lines
05-01 20:13:30.980  1212  2697 I chatty  : uid=1000(system) Binder:1212_9 expire 2 lines
05-01 20:13:42.130  1212  1440 I chatty  : uid=1000(system) android.bg expire 1 line
05-01 20:14:54.608  1212  2269 I chatty  : uid=1000(system) Binder:1212_6 expire 5 lines
05-01 20:15:01.786  1212  1369 I chatty  : uid=1000(system) Binder:1212_1 expire 3 lines
05-01 20:15:09.832  1212  1875 I chatty  : uid=1000(system) Binder:1212_4 expire 10 lines
05-01 20:16:07.412  1212  1446 I chatty  : uid=1000(system) batterystats-wo expire 6 lines
05-01 20:16:07.963  1212  1494 I chatty  : uid=1000(system) PowerManagerSer expire 14 lines
05-01 20:16:14.959  1212  1212 I chatty  : uid=1000 system_server expire 8 lines
05-01 20:16:15.547  1212  1428 I chatty  : uid=1000(system) android.display expire 8 lines
05-01 20:16:16.017  1212  1424 I chatty  : uid=1000(system) android.fg expire 4 lines
05-01 20:16:18.206  1212  3280 I chatty  : uid=1000(system) Binder:1212_F expire 5 lines
05-01 20:16:20.039  1212  2269 I chatty  : uid=1000(system) Binder:1212_6 expire 3 lines
05-01 20:17:15.555  1212  1441 I chatty  : uid=1000(system) ActivityManager expire 15 lines
05-01 20:17:15.645  1212  1442 I chatty  : uid=1000(system) ActivityManager expire 10 lines
05-01 20:17:33.257  1212  5414 I chatty  : uid=1000(system) Binder:1212_14 expire 10 lines
05-01 20:17:51.029  1212  3279 I chatty  : uid=1000(system) Binder:1212_E expire 7 lines
05-01 20:17:51.552  1212  6965 I chatty  : uid=1000(system) Binder:1212_19 expire 4 lines
05-01 20:17:51.555  1212  1894 I chatty  : uid=1000(system) ConnectivitySer expire 7 lines
05-01 20:17:53.621 20566 20685 I PackageParser: com.tencent.x5sdk.res: compat added android.permission.WRITE_EXTERNAL_STORAGE android.permission.READ_PHONE_STATE
05-01 20:17:53.730 20566 20685 I PackageParser: com.tencent.x5sdk.res: compat added android.permission.WRITE_EXTERNAL_STORAGE android.permission.READ_PHONE_STATE
05-01 20:17:54.914 20566 20693 W FileUtils: Failed to chmod(/data/user/0/com.tencent.mm/app_tbs): android.system.ErrnoException: chmod failed: EACCES (Permission denied)
05-01 20:17:54.915 20566 20693 W FileUtils: Failed to chmod(/data/user/0/com.tencent.mm/app_tbs_common_share): android.system.ErrnoException: chmod failed: EACCES (Permission denied)
05-01 20:18:04.324  1212  3278 I chatty  : uid=1000(system) Binder:1212_D expire 13 lines
05-01 20:18:12.975  1212  6288 I chatty  : uid=1000(system) Binder:1212_15 expire 9 lines
05-01 20:20:13.516  1212  6578 I chatty  : uid=1000(system) Binder:1212_17 expire 5 lines
05-01 20:20:20.094  1212  1854 I chatty  : uid=1000(system) Binder:1212_3 expire 12 lines
05-01 20:21:11.787  2429  4641 W TextClassifierService: Package or service not found in package com.google.android.as for user 0
05-01 20:21:11.805  2429  4641 W TextClassifierService: Package or service not found in package com.google.android.as for user 0
05-01 20:21:18.041  1212  3278 I chatty  : uid=1000(system) Binder:1212_D expire 2 lines
05-01 20:21:22.149  1212  3073 I chatty  : uid=1000(system) LazyTaskWriterT expire 1 line
05-01 20:21:24.623  1212  3275 I chatty  : uid=1000(system) Binder:1212_A expire 9 lines
05-01 20:21:24.902  2315  2315 W TelecomFramework: AccountEntry: registerMmTelCapabilityCallback: registration failed, no ImsService available. Exception: CapabilityCallbackManager - MmTelFeature binder is dead. (code: 1)
05-01 20:21:25.000  2315  2315 W TelecomFramework: AccountEntry: registerMmTelCapabilityCallback: registration failed, no ImsService available. Exception: CapabilityCallbackManager - MmTelFeature binder is dead. (code: 1)
05-01 20:21:25.231  1212  1854 I chatty  : uid=1000(system) Binder:1212_3 expire 6 lines
05-01 20:21:25.232  1212  9545 I chatty  : uid=1000(system) Binder:1212_1A expire 6 lines
05-01 20:21:26.128  1212  5414 I chatty  : uid=1000(system) Binder:1212_14 expire 10 lines
05-01 20:21:26.525  2315  2315 W TelecomFramework: AccountEntry: registerMmTelCapabilityCallback: registration failed, no ImsService available. Exception: CapabilityCallbackManager - MmTelFeature binder is dead. (code: 1)
05-01 20:21:26.532  2315  2315 W TelecomFramework: AccountEntry: registerMmTelCapabilityCallback: registration failed, no ImsService available. Exception: CapabilityCallbackManager - MmTelFeature binder is dead. (code: 1)
05-01 20:21:38.271 21493 21853 I PackageParser: com.tencent.x5sdk.res: compat added android.permission.WRITE_EXTERNAL_STORAGE android.permission.READ_PHONE_STATE
05-01 20:21:40.809  1212  1442 I chatty  : uid=1000(system) ActivityManager expire 2 lines
05-01 20:21:41.546  1212  3569 I chatty  : uid=1000(system) Binder:1212_11 expire 1 line
05-01 20:21:43.616  1212  1441 I chatty  : uid=1000(system) ActivityManager expire 9 lines
05-01 20:21:45.070  1212  5414 I chatty  : uid=1000(system) Binder:1212_14 expire 23 lines
05-01 20:21:45.081  1212  3275 I chatty  : uid=1000(system) Binder:1212_A expire 34 lines
05-01 20:21:45.391 21493 21853 I PackageParser: com.tencent.x5sdk.res: compat added android.permission.WRITE_EXTERNAL_STORAGE android.permission.READ_PHONE_STATE
05-01 20:21:46.963  1212  1442 I chatty  : uid=1000(system) ActivityManager expire 10 lines
05-01 20:21:49.100  2315  2315 W TelecomFramework: AccountEntry: registerMmTelCapabilityCallback: registration failed, no ImsService available. Exception: CapabilityCallbackManager - MmTelFeature binder is dead. (code: 1)
05-01 20:21:49.108  2315  2315 W TelecomFramework: AccountEntry: registerMmTelCapabilityCallback: registration failed, no ImsService available. Exception: CapabilityCallbackManager - MmTelFeature binder is dead. (code: 1)
05-01 20:21:49.390  1212  1854 I chatty  : uid=1000(system) Binder:1212_3 expire 16 lines
05-01 20:21:49.932  1212 12051 I chatty  : uid=1000(system) Binder:1212_1F expire 24 lines
05-01 20:21:50.953  2315  2315 W TelecomFramework: AccountEntry: registerMmTelCapabilityCallback: registration failed, no ImsService available. Exception: CapabilityCallbackManager - MmTelFeature binder is dead. (code: 1)
05-01 20:21:50.957  2315  2315 W TelecomFramework: AccountEntry: registerMmTelCapabilityCallback: registration failed, no ImsService available. Exception: CapabilityCallbackManager - MmTelFeature binder is dead. (code: 1)
05-01 20:21:51.298  1212 22477 I chatty  : uid=1000 system_server expire 1 line
05-01 20:21:52.409  1212  9545 I chatty  : uid=1000(system) Binder:1212_1A expire 4 lines
05-01 20:21:53.939  2315  2315 W TelecomFramework: AccountEntry: registerMmTelCapabilityCallback: registration failed, no ImsService available. Exception: CapabilityCallbackManager - MmTelFeature binder is dead. (code: 1)
05-01 20:21:53.946  2315  2315 W TelecomFramework: AccountEntry: registerMmTelCapabilityCallback: registration failed, no ImsService available. Exception: CapabilityCallbackManager - MmTelFeature binder is dead. (code: 1)
05-01 20:21:55.660  2315  2315 W TelecomFramework: AccountEntry: registerMmTelCapabilityCallback: registration failed, no ImsService available. Exception: CapabilityCallbackManager - MmTelFeature binder is dead. (code: 1)
05-01 20:21:55.668  2315  2315 W TelecomFramework: AccountEntry: registerMmTelCapabilityCallback: registration failed, no ImsService available. Exception: CapabilityCallbackManager - MmTelFeature binder is dead. (code: 1)
05-01 20:21:56.431  1212  6664 I chatty  : uid=1000(system) Binder:1212_18 expire 12 lines
05-01 20:21:57.348  1212  1894 I chatty  : uid=1000(system) ConnectivitySer expire 6 lines
05-01 20:21:57.368  1212  3275 I chatty  : uid=1000(system) Binder:1212_A expire 2 lines
05-01 20:21:57.511  1212  3574 I chatty  : uid=1000(system) Binder:1212_13 expire 6 lines
05-01 20:21:57.514  1212  3573 I chatty  : uid=1000(system) Binder:1212_12 expire 9 lines
05-01 20:22:02.136  1212  3277 I chatty  : uid=1000(system) Binder:1212_C expire 1 line
05-01 20:22:03.638  1212  3568 I chatty  : uid=1000(system) Binder:1212_10 expire 4 lines
05-01 20:22:04.229  1212  2270 I chatty  : uid=1000(system) Binder:1212_7 expire 5 lines
05-01 20:22:05.735  2315  2315 W TelecomFramework: AccountEntry: registerMmTelCapabilityCallback: registration failed, no ImsService available. Exception: CapabilityCallbackManager - MmTelFeature binder is dead. (code: 1)
05-01 20:22:08.265  2315  2315 I chatty  : uid=1001(radio) com.android.phone identical 6 lines
05-01 20:22:08.273  2315  2315 W TelecomFramework: AccountEntry: registerMmTelCapabilityCallback: registration failed, no ImsService available. Exception: CapabilityCallbackManager - MmTelFeature binder is dead. (code: 1)
05-01 20:22:09.729  1212  1369 I chatty  : uid=1000(system) Binder:1212_1 expire 1 line
05-01 20:22:10.063  2315  2315 W TelecomFramework: AccountEntry: registerMmTelCapabilityCallback: registration failed, no ImsService available. Exception: CapabilityCallbackManager - MmTelFeature binder is dead. (code: 1)
05-01 20:22:10.066  2315  2315 W TelecomFramework: AccountEntry: registerMmTelCapabilityCallback: registration failed, no ImsService available. Exception: CapabilityCallbackManager - MmTelFeature binder is dead. (code: 1)
05-01 20:22:11.537  1212  9552 I chatty  : uid=1000(system) Binder:1212_1B expire 4 lines
05-01 20:22:11.707 22828 22961 I PackageParser: com.tencent.x5sdk.res: compat added android.permission.WRITE_EXTERNAL_STORAGE android.permission.READ_PHONE_STATE
05-01 20:22:12.151  1212  1442 I chatty  : uid=1000(system) ActivityManager expire 6 lines
05-01 20:22:16.798 22828 22961 I PackageParser: com.tencent.x5sdk.res: compat added android.permission.WRITE_EXTERNAL_STORAGE android.permission.READ_PHONE_STATE
05-01 20:22:17.732  2315  2315 W TelecomFramework: AccountEntry: registerMmTelCapabilityCallback: registration failed, no ImsService available. Exception: CapabilityCallbackManager - MmTelFeature binder is dead. (code: 1)
05-01 20:22:17.739  2315  2315 W TelecomFramework: AccountEntry: registerMmTelCapabilityCallback: registration failed, no ImsService available. Exception: CapabilityCallbackManager - MmTelFeature binder is dead. (code: 1)
05-01 20:22:19.476  2315  2315 W TelecomFramework: AccountEntry: registerMmTelCapabilityCallback: registration failed, no ImsService available. Exception: CapabilityCallbackManager - MmTelFeature binder is dead. (code: 1)
05-01 20:22:19.479  2315  2315 W TelecomFramework: AccountEntry: registerMmTelCapabilityCallback: registration failed, no ImsService available. Exception: CapabilityCallbackManager - MmTelFeature binder is dead. (code: 1)
05-01 20:22:20.544  1212  3280 I chatty  : uid=1000(system) Binder:1212_F expire 1 line
05-01 20:22:22.177  1212  2269 I chatty  : uid=1000(system) Binder:1212_6 expire 2 lines
05-01 20:22:22.871  1212  3276 I chatty  : uid=1000(system) Binder:1212_B expire 1 line
05-01 20:22:22.871  1212  6468 I chatty  : uid=1000(system) Binder:1212_16 expire 2 lines
05-01 20:22:22.872  1212  1854 I chatty  : uid=1000(system) Binder:1212_3 expire 3 lines
05-01 20:22:22.872  1212  6288 I chatty  : uid=1000(system) Binder:1212_15 expire 2 lines
05-01 20:22:24.703  2315  2315 W TelecomFramework: AccountEntry: registerMmTelCapabilityCallback: registration failed, no ImsService available. Exception: CapabilityCallbackManager - MmTelFeature binder is dead. (code: 1)
05-01 20:22:25.170  2315  2315 W TelecomFramework: AccountEntry: registerMmTelCapabilityCallback: registration failed, no ImsService available. Exception: CapabilityCallbackManager - MmTelFeature binder is dead. (code: 1)
05-01 20:22:26.944  2315  2315 W TelecomFramework: AccountEntry: registerMmTelCapabilityCallback: registration failed, no ImsService available. Exception: CapabilityCallbackManager - MmTelFeature binder is dead. (code: 1)
05-01 20:22:26.955  2315  2315 W TelecomFramework: AccountEntry: registerMmTelCapabilityCallback: registration failed, no ImsService available. Exception: CapabilityCallbackManager - MmTelFeature binder is dead. (code: 1)
05-01 20:22:34.854  1212  1440 I chatty  : uid=1000(system) android.bg expire 5 lines
05-01 20:23:02.600 23547 23664 I PackageParser: com.tencent.x5sdk.res: compat added android.permission.WRITE_EXTERNAL_STORAGE android.permission.READ_PHONE_STATE
05-01 20:23:02.953 23547 23664 I PackageParser: com.tencent.x5sdk.res: compat added android.permission.WRITE_EXTERNAL_STORAGE android.permission.READ_PHONE_STATE
05-01 20:23:03.783 23547 23679 W FileUtils: Failed to chmod(/data/user/0/com.tencent.mm/app_tbs): android.system.ErrnoException: chmod failed: EACCES (Permission denied)
05-01 20:23:03.784 23547 23679 W FileUtils: Failed to chmod(/data/user/0/com.tencent.mm/app_tbs_common_share): android.system.ErrnoException: chmod failed: EACCES (Permission denied)
05-01 20:23:19.819  1212  1894 I chatty  : uid=1000(system) ConnectivitySer expire 1 line
05-01 20:23:19.820  1212  1372 I chatty  : uid=1000(system) Binder:1212_2 expire 3 lines
05-01 20:23:20.915  1212  1442 I chatty  : uid=1000(system) ActivityManager expire 4 lines
05-01 20:23:21.923  1212  3574 I chatty  : uid=1000(system) Binder:1212_13 expire 4 lines
05-01 20:23:23.988  1212  1446 I chatty  : uid=1000(system) batterystats-wo expire 10 lines
05-01 20:23:34.859  1212  1441 I chatty  : uid=1000(system) ActivityManager expire 16 lines
05-01 20:23:51.109  1212  1428 I chatty  : uid=1000(system) android.display expire 7 lines
05-01 20:23:51.185  1212  1212 I chatty  : uid=1000 system_server expire 23 lines
05-01 20:23:51.462  1212  2270 I chatty  : uid=1000(system) Binder:1212_7 expire 1 line
05-01 20:23:55.216  1212  3073 I chatty  : uid=1000(system) LazyTaskWriterT expire 1 line
05-01 20:24:02.166  1212  2697 I chatty  : uid=1000(system) Binder:1212_9 expire 1 line
05-01 20:24:52.615  1212 12345 I chatty  : uid=1000(system) Binder:1212_20 expire 1 line
05-01 20:26:33.646  2315  2315 W TelecomFramework: AccountEntry: registerMmTelCapabilityCallback: registration failed, no ImsService available. Exception: CapabilityCallbackManager - MmTelFeature binder is dead. (code: 1)
05-01 20:26:36.098  2315  2315 I chatty  : uid=1001(radio) com.android.phone identical 4 lines
05-01 20:26:36.112  2315  2315 W TelecomFramework: AccountEntry: registerMmTelCapabilityCallback: registration failed, no ImsService available. Exception: CapabilityCallbackManager - MmTelFeature binder is dead. (code: 1)
05-01 20:26:36.666  1212  1494 I chatty  : uid=1000(system) PowerManagerSer expire 12 lines
05-01 20:26:37.942  2315  2315 W TelecomFramework: AccountEntry: registerMmTelCapabilityCallback: registration failed, no ImsService available. Exception: CapabilityCallbackManager - MmTelFeature binder is dead. (code: 1)
05-01 20:26:39.707  2315  2315 W TelecomFramework: AccountEntry: registerMmTelCapabilityCallback: registration failed, no ImsService available. Exception: CapabilityCallbackManager - MmTelFeature binder is dead. (code: 1)
05-01 20:26:43.667  1212  1212 I chatty  : uid=1000 system_server expire 10 lines
05-01 20:26:44.800  1212  1424 I chatty  : uid=1000(system) android.fg expire 4 lines
05-01 20:26:45.312  1212  6288 I chatty  : uid=1000(system) Binder:1212_15 expire 18 lines
05-01 20:26:48.836  1212  2495 I chatty  : uid=1000(system) Binder:1212_8 expire 4 lines
05-01 20:27:03.879  1212  1875 I chatty  : uid=1000(system) Binder:1212_4 expire 3 lines
05-01 20:27:03.909 24461 24461 W FileUtils: Failed to chmod(/data/user/0/com.tencent.mm/app_tbs): android.system.ErrnoException: chmod failed: EACCES (Permission denied)
05-01 20:27:03.948 24461 24461 I chatty  : uid=10181(u0_a181) identical 2 lines
05-01 20:27:03.959 24461 24461 W FileUtils: Failed to chmod(/data/user/0/com.tencent.mm/app_tbs): android.system.ErrnoException: chmod failed: EACCES (Permission denied)
05-01 20:27:06.179  1212  3276 I chatty  : uid=1000(system) Binder:1212_B expire 6 lines
05-01 20:27:06.457  1212  3573 I chatty  : uid=1000(system) Binder:1212_12 expire 10 lines
05-01 20:28:42.923  1212  3568 I chatty  : uid=1000(system) Binder:1212_10 expire 6 lines
05-01 20:30:20.346  1212  3279 I chatty  : uid=1000(system) Binder:1212_E expire 14 lines
05-01 20:31:15.557  1212  1844 I chatty  : uid=1000(system) InputReader expire 2 lines
05-01 20:31:15.875  2315  2315 W TelecomFramework: AccountEntry: registerMmTelCapabilityCallback: registration failed, no ImsService available. Exception: CapabilityCallbackManager - MmTelFeature binder is dead. (code: 1)
05-01 20:31:15.885  2315  2315 W TelecomFramework: AccountEntry: registerMmTelCapabilityCallback: registration failed, no ImsService available. Exception: CapabilityCallbackManager - MmTelFeature binder is dead. (code: 1)
05-01 20:31:15.918  1212  1494 I chatty  : uid=1000(system) PowerManagerSer expire 4 lines
05-01 20:31:15.949  1212  3279 I chatty  : uid=1000(system) Binder:1212_E expire 1 line
05-01 20:31:15.960  2315  2315 W TelecomFramework: AccountEntry: registerMmTelCapabilityCallback: registration failed, no ImsService available. Exception: CapabilityCallbackManager - MmTelFeature binder is dead. (code: 1)
05-01 20:31:15.971  2315  2315 W TelecomFramework: AccountEntry: registerMmTelCapabilityCallback: registration failed, no ImsService available. Exception: CapabilityCallbackManager - MmTelFeature binder is dead. (code: 1)
05-01 20:31:15.979  1212  9545 I chatty  : uid=1000(system) Binder:1212_1A expire 2 lines
05-01 20:32:15.027  2429  4641 W TextClassifierService: Package or service not found in package com.google.android.as for user 0
05-01 20:32:15.044  2429  4641 W TextClassifierService: Package or service not found in package com.google.android.as for user 0
05-01 20:33:49.530  1212  6288 I chatty  : uid=1000(system) Binder:1212_15 expire 3 lines
05-01 20:33:49.734  1212  3573 I chatty  : uid=1000(system) Binder:1212_12 expire 8 lines
05-01 20:33:49.734  1212  3280 I chatty  : uid=1000(system) Binder:1212_F expire 1 line
05-01 20:36:15.602  1212  1494 I chatty  : uid=1000(system) PowerManagerSer expire 12 lines
05-01 20:36:22.592  1212  1212 I chatty  : uid=1000 system_server expire 5 lines
05-01 20:36:23.175  1212  1446 I chatty  : uid=1000(system) batterystats-wo expire 4 lines
05-01 20:36:23.242  1212  1428 I chatty  : uid=1000(system) android.display expire 7 lines
05-01 20:36:23.687  1212  1424 I chatty  : uid=1000(system) android.fg expire 4 lines
05-01 20:36:24.132  1212  1372 I chatty  : uid=1000(system) Binder:1212_2 expire 11 lines
05-01 20:37:23.283  1212  1441 I chatty  : uid=1000(system) ActivityManager expire 15 lines
05-01 20:37:48.688  1212  1844 I chatty  : uid=1000(system) InputReader expire 2 lines
05-01 20:37:48.974  2315  2315 W TelecomFramework: AccountEntry: registerMmTelCapabilityCallback: registration failed, no ImsService available. Exception: CapabilityCallbackManager - MmTelFeature binder is dead. (code: 1)
05-01 20:37:49.028  2315  2315 I chatty  : uid=1001(radio) com.android.phone identical 2 lines
05-01 20:37:49.033  2315  2315 W TelecomFramework: AccountEntry: registerMmTelCapabilityCallback: registration failed, no ImsService available. Exception: CapabilityCallbackManager - MmTelFeature binder is dead. (code: 1)
05-01 20:37:49.059  1212  1494 I chatty  : uid=1000(system) PowerManagerSer expire 2 lines
05-01 20:37:49.340  1212  3574 I chatty  : uid=1000(system) Binder:1212_13 expire 1 line
05-01 20:37:50.748  1212  1369 I chatty  : uid=1000(system) Binder:1212_1 expire 2 lines
05-01 20:37:51.109  1212  1442 I chatty  : uid=1000(system) ActivityManager expire 4 lines
05-01 20:37:54.091  1212  3073 I chatty  : uid=1000(system) LazyTaskWriterT expire 1 line
05-01 20:37:54.757  1212  1442 I chatty  : uid=1000(system) ActivityManager expire 9 lines
05-01 20:37:55.004  1212  1369 I chatty  : uid=1000(system) Binder:1212_1 expire 3 lines
05-01 20:37:55.050  1212  1372 I chatty  : uid=1000(system) Binder:1212_2 expire 5 lines
05-01 20:37:55.051  1212  1894 I chatty  : uid=1000(system) ConnectivitySer expire 5 lines
05-01 20:37:56.610  1212  6578 I chatty  : uid=1000(system) Binder:1212_17 expire 6 lines
05-01 20:37:57.938  1212  3569 I chatty  : uid=1000(system) Binder:1212_11 expire 10 lines
05-01 20:37:59.353 25952 26112 I PackageParser: com.tencent.x5sdk.res: compat added android.permission.WRITE_EXTERNAL_STORAGE android.permission.READ_PHONE_STATE
05-01 20:38:01.379  1212  1441 I chatty  : uid=1000(system) ActivityManager expire 13 lines
05-01 20:38:04.289  1212  9552 I chatty  : uid=1000(system) Binder:1212_1B expire 1 line
05-01 20:38:04.340  1212  1446 I chatty  : uid=1000(system) batterystats-wo expire 2 lines
05-01 20:38:08.101 25952 26112 I PackageParser: com.tencent.x5sdk.res: compat added android.permission.WRITE_EXTERNAL_STORAGE android.permission.READ_PHONE_STATE
05-01 20:38:10.058  1212  1844 I chatty  : uid=1000(system) InputReader expire 2 lines
05-01 20:38:10.059  1212  1212 I chatty  : uid=1000 system_server expire 2 lines
05-01 20:38:10.557  1212  1494 I chatty  : uid=1000(system) PowerManagerSer expire 6 lines
05-01 20:38:10.681  1212  1428 I chatty  : uid=1000(system) android.display expire 3 lines
05-01 20:38:11.132  1212  1424 I chatty  : uid=1000(system) android.fg expire 1 line
05-01 20:38:11.491 26259 26539 I PackageParser: com.tencent.x5sdk.res: compat added android.permission.WRITE_EXTERNAL_STORAGE android.permission.READ_PHONE_STATE
05-01 20:38:11.659  1212  2270 I chatty  : uid=1000(system) Binder:1212_7 expire 46 lines
05-01 20:38:11.673  1212  6664 I chatty  : uid=1000(system) Binder:1212_18 expire 28 lines
05-01 20:38:11.680  1212  6965 I chatty  : uid=1000(system) Binder:1212_19 expire 6 lines
05-01 20:38:14.528 26259 26539 I PackageParser: com.tencent.x5sdk.res: compat added android.permission.WRITE_EXTERNAL_STORAGE android.permission.READ_PHONE_STATE
05-01 20:38:15.934 26259 26645 W FileUtils: Failed to chmod(/data/user/0/com.tencent.mm/app_tbs): android.system.ErrnoException: chmod failed: EACCES (Permission denied)
05-01 20:38:15.935 26259 26645 W FileUtils: Failed to chmod(/data/user/0/com.tencent.mm/app_tbs_common_share): android.system.ErrnoException: chmod failed: EACCES (Permission denied)
05-01 20:38:17.027  1212 26816 I chatty  : uid=1000 system_server expire 1 line
05-01 20:38:19.207  1212  9705 I chatty  : uid=1000(system) Binder:1212_1C expire 2 lines
05-01 20:38:19.354  1212  6288 I chatty  : uid=1000(system) Binder:1212_15 expire 20 lines
05-01 20:38:19.359  1212  2697 I chatty  : uid=1000(system) Binder:1212_9 expire 1 line
05-01 20:38:23.018  1212  3277 I chatty  : uid=1000(system) Binder:1212_C expire 2 lines
05-01 20:38:23.591  1212  2495 I chatty  : uid=1000(system) Binder:1212_8 expire 8 lines
05-01 20:38:24.647  1212  6288 I chatty  : uid=1000(system) Binder:1212_15 expire 6 lines
05-01 20:38:24.648  1212  2270 I chatty  : uid=1000(system) Binder:1212_7 expire 8 lines
05-01 20:38:25.227  1212 10073 I chatty  : uid=1000(system) Binder:1212_1D expire 3 lines
05-01 20:38:26.311  1212  1442 I chatty  : uid=1000(system) ActivityManager expire 11 lines
05-01 20:38:27.586  1212  1446 I chatty  : uid=1000(system) batterystats-wo expire 4 lines
05-01 20:38:31.652 27141 27244 I PackageParser: com.tencent.x5sdk.res: compat added android.permission.WRITE_EXTERNAL_STORAGE android.permission.READ_PHONE_STATE
05-01 20:38:33.921  1212  1894 I chatty  : uid=1000(system) ConnectivitySer expire 7 lines
05-01 20:38:35.999 27141 27244 I PackageParser: com.tencent.x5sdk.res: compat added android.permission.WRITE_EXTERNAL_STORAGE android.permission.READ_PHONE_STATE
05-01 20:38:36.498  1212  9545 I chatty  : uid=1000(system) Binder:1212_1A expire 8 lines
05-01 20:38:40.396  1212  1441 I chatty  : uid=1000(system) ActivityManager expire 15 lines
05-01 20:38:40.887  1212 12051 I chatty  : uid=1000(system) Binder:1212_1F expire 1 line
05-01 20:38:42.773  1212 12345 I chatty  : uid=1000(system) Binder:1212_20 expire 10 lines
05-01 20:38:42.774  1212  6578 I chatty  : uid=1000(system) Binder:1212_17 expire 14 lines
05-01 20:38:42.775  1212  3277 I chatty  : uid=1000(system) Binder:1212_C expire 11 lines
05-01 20:38:54.158  1212  3569 I chatty  : uid=1000(system) Binder:1212_11 expire 1 line
05-01 20:38:58.018  1212  1844 I chatty  : uid=1000(system) InputReader expire 2 lines
05-01 20:38:58.020  1212  1212 I chatty  : uid=1000 system_server expire 2 lines
05-01 20:38:58.079  1212  1494 I chatty  : uid=1000(system) PowerManagerSer expire 5 lines
05-01 20:38:58.128  1212  1428 I chatty  : uid=1000(system) android.display expire 3 lines
05-01 20:38:58.176  1212  1426 I chatty  : uid=1000(system) android.ui expire 9 lines
05-01 20:38:58.294  2315  2315 W TelecomFramework: AccountEntry: registerMmTelCapabilityCallback: registration failed, no ImsService available. Exception: CapabilityCallbackManager - MmTelFeature binder is dead. (code: 1)
05-01 20:38:58.304  2315  2315 I chatty  : uid=1001(radio) com.android.phone identical 11 lines
05-01 20:38:58.362  2315  2315 W TelecomFramework: AccountEntry: registerMmTelCapabilityCallback: registration failed, no ImsService available. Exception: CapabilityCallbackManager - MmTelFeature binder is dead. (code: 1)
05-01 20:38:58.369  1212  1424 I chatty  : uid=1000(system) android.fg expire 3 lines
05-01 20:38:58.379  2315  2315 W TelecomFramework: AccountEntry: registerMmTelCapabilityCallback: registration failed, no ImsService available. Exception: CapabilityCallbackManager - MmTelFeature binder is dead. (code: 1)
05-01 20:38:58.397  1212  5414 I chatty  : uid=1000(system) Binder:1212_14 expire 3 lines
05-01 20:39:08.731  1212  9705 I chatty  : uid=1000(system) Binder:1212_1C expire 2 lines
05-01 20:39:12.304  1212  3073 I chatty  : uid=1000(system) LazyTaskWriterT expire 5 lines
05-01 20:39:17.525  1212  6468 I chatty  : uid=1000(system) Binder:1212_16 expire 5 lines
05-01 20:39:26.051  1212  3278 I chatty  : uid=1000(system) Binder:1212_D expire 5 lines
05-01 20:39:57.791  2429  4641 W TextClassifierService: Package or service not found in package com.google.android.as for user 0
05-01 20:39:57.813  2429  4641 W TextClassifierService: Package or service not found in package com.google.android.as for user 0
05-01 20:40:59.572  1212  1826 I chatty  : uid=1000(system) AlarmManager expire 1 line
05-01 20:41:03.148  1212 11462 I chatty  : uid=1000(system) Binder:1212_1E expire 5 lines
05-01 20:41:11.570  1212 12345 I chatty  : uid=1000(system) Binder:1212_20 expire 2 lines
05-01 20:42:19.590  1212  6578 I chatty  : uid=1000(system) Binder:1212_17 expire 2 lines
05-01 20:42:19.739 29356 29356 W FileUtils: Failed to chmod(/data/user/0/com.tencent.mm/app_tbs): android.system.ErrnoException: chmod failed: EACCES (Permission denied)
05-01 20:42:19.750 29356 29356 I chatty  : uid=10181(u0_a181) identical 2 lines
05-01 20:42:19.753 29356 29356 W FileUtils: Failed to chmod(/data/user/0/com.tencent.mm/app_tbs): android.system.ErrnoException: chmod failed: EACCES (Permission denied)
05-01 20:44:53.251  2315  2315 W TelecomFramework: AccountEntry: registerMmTelCapabilityCallback: registration failed, no ImsService available. Exception: CapabilityCallbackManager - MmTelFeature binder is dead. (code: 1)
05-01 20:45:14.291  2315  2315 W TelecomFramework: AccountEntry: registerMmTelCapabilityCallback: registration failed, no ImsService available. Exception: CapabilityCallbackManager - MmTelFeature binder is dead. (code: 1)
05-01 20:46:43.804  1212  1440 I chatty  : uid=1000(system) android.bg expire 6 lines
05-01 20:47:11.417  1212  1494 I chatty  : uid=1000(system) PowerManagerSer expire 14 lines
05-01 20:47:18.411  1212  1212 I chatty  : uid=1000 system_server expire 12 lines
05-01 20:47:19.041  1212  1446 I chatty  : uid=1000(system) batterystats-wo expire 7 lines
05-01 20:47:19.065  1212  1428 I chatty  : uid=1000(system) android.display expire 7 lines
05-01 20:47:19.544  1212  1424 I chatty  : uid=1000(system) android.fg expire 4 lines
05-01 20:47:19.979  1212  6468 I chatty  : uid=1000(system) Binder:1212_16 expire 10 lines
05-01 20:47:23.585  1212  3278 I chatty  : uid=1000(system) Binder:1212_D expire 9 lines
05-01 20:47:55.633  1212  2495 I chatty  : uid=1000(system) Binder:1212_8 expire 1 line
05-01 20:47:58.972  1212  1844 I chatty  : uid=1000(system) InputReader expire 2 lines
05-01 20:47:59.016  1212  9545 I chatty  : uid=1000(system) Binder:1212_1A expire 2 lines
05-01 20:47:59.368  1212 12051 I chatty  : uid=1000(system) Binder:1212_1F expire 2 lines
05-01 20:47:59.387  1212  6664 I chatty  : uid=1000(system) Binder:1212_18 expire 11 lines
05-01 20:48:01.273  1212  1441 I chatty  : uid=1000(system) ActivityManager expire 13 lines
05-01 20:48:25.039  2315  2315 W TelecomFramework: AccountEntry: registerMmTelCapabilityCallback: registration failed, no ImsService available. Exception: CapabilityCallbackManager - MmTelFeature binder is dead. (code: 1)
05-01 20:48:26.918  2315  2315 I chatty  : uid=1001(radio) com.android.phone identical 3 lines
05-01 20:48:26.935  2315  2315 W TelecomFramework: AccountEntry: registerMmTelCapabilityCallback: registration failed, no ImsService available. Exception: CapabilityCallbackManager - MmTelFeature binder is dead. (code: 1)
05-01 20:48:40.420  1212  1442 I chatty  : uid=1000(system) ActivityManager expire 5 lines
05-01 20:48:52.752  1212  5414 I chatty  : uid=1000(system) Binder:1212_14 expire 12 lines
05-01 20:48:52.883  1212  2270 I chatty  : uid=1000(system) Binder:1212_7 expire 1 line
05-01 20:53:37.920  1212  1494 I chatty  : uid=1000(system) PowerManagerSer expire 2 lines
05-01 20:54:27.421   830  1162 D NetlinkEvent: Unknown ifindex 9 in RTM_DELADDR
05-01 20:54:27.487   830  1162 D NetlinkEvent: Unknown ifindex 10 in RTM_DELADDR
05-01 20:54:27.734  1212  1894 I chatty  : uid=1000(system) ConnectivitySer expire 3 lines
05-01 20:54:28.471  1212  1863 I chatty  : uid=1000(system) NetworkPolicy expire 16 lines
05-01 20:54:28.487  1212  1441 I chatty  : uid=1000(system) ActivityManager expire 5 lines
05-01 20:54:28.647  2315  2315 I TelecomFramework: : onSubscriptionsChanged - update accounts
05-01 20:54:28.647  2315  2315 I TelecomFramework: PstnIncomingCallNotifier: Unregistering: Handler (com.android.internal.telephony.GsmCdmaPhone) {d179f9}
05-01 20:54:28.652  2315  2315 I TelecomFramework: PstnIncomingCallNotifier: Unregistering: Handler (com.android.internal.telephony.GsmCdmaPhone) {bf0fd3e}
05-01 20:54:28.654  2315  2315 I TelecomFramework: TelecomAccountRegistry: setupAccounts: Found 2 phones.  Attempting to register.
05-01 20:54:28.654  2315  2315 I TelecomFramework: TelecomAccountRegistry: setupAccounts: Phone with subscription id 2
05-01 20:54:28.654  2315  2315 I TelecomFramework: TelecomAccountRegistry: setupAccounts: Phone with subscription id 1
05-01 20:54:28.654  2315  2315 I TelecomFramework: TelecomAccountRegistry: setupAccounts: adding default
05-01 20:54:28.694  2315  2315 I TelecomFramework: AccountEntry: Registered phoneAccount: [[ ] PhoneAccount: ComponentInfo{com.android.phone/com.android.services.telephony.TelephonyConnectionService}, ***, UserHandle{0} Capabilities: SuppVideo CallProvider MultiUser PlaceEmerg SimSub  Audio Routes: BESW Schemes: tel voicemail  Extras: Bundle[{android.telecom.extra.SUPPORTS_VIDEO_CALLING_FALLBACK=true}] GroupId: ***] with handle: ComponentInfo{com.android.phone/com.android.services.telephony.TelephonyConnectionService}, ***, UserHandle{0}
05-01 20:54:28.694  2315  2315 I TelecomFramework: PstnIncomingCallNotifier: Registering: Handler (com.android.internal.telephony.GsmCdmaPhone) {d179f9}
05-01 20:54:28.695  2315  2315 I TelecomFramework: TelecomAccountRegistry: Unregistering phone account ComponentInfo{com.android.phone/com.android.services.telephony.TelephonyConnectionService}, ***, UserHandle{0}.
05-01 20:54:28.701  2315  2315 I TelecomFramework: TelecomAccountRegistry: Unregistering phone account ComponentInfo{com.android.phone/com.android.services.telephony.TelephonyConnectionService}, ***, UserHandle{0}.
05-01 20:54:28.969  2315  2315 I TelecomFramework: : onSubscriptionsChanged - update accounts
05-01 20:54:28.969  2315  2315 I TelecomFramework: PstnIncomingCallNotifier: Unregistering: Handler (com.android.internal.telephony.GsmCdmaPhone) {d179f9}
05-01 20:54:28.969  2315  2315 I TelecomFramework: TelecomAccountRegistry: setupAccounts: Found 2 phones.  Attempting to register.
05-01 20:54:28.970  2315  2315 I TelecomFramework: TelecomAccountRegistry: setupAccounts: Phone with subscription id 2
05-01 20:54:28.970  2315  2315 I TelecomFramework: TelecomAccountRegistry: setupAccounts: Phone with subscription id 1
05-01 20:54:28.970  2315  2315 I TelecomFramework: TelecomAccountRegistry: setupAccounts: adding default
05-01 20:54:29.018  2315  2315 I TelecomFramework: AccountEntry: Registered phoneAccount: [[ ] PhoneAccount: ComponentInfo{com.android.phone/com.android.services.telephony.TelephonyConnectionService}, ***, UserHandle{0} Capabilities: SuppVideo CallProvider MultiUser PlaceEmerg SimSub  Audio Routes: BESW Schemes: tel voicemail  Extras: Bundle[{android.telecom.extra.SUPPORTS_VIDEO_CALLING_FALLBACK=true}] GroupId: ***] with handle: ComponentInfo{com.android.phone/com.android.services.telephony.TelephonyConnectionService}, ***, UserHandle{0}
05-01 20:54:29.018  2315  2315 I TelecomFramework: PstnIncomingCallNotifier: Registering: Handler (com.android.internal.telephony.GsmCdmaPhone) {d179f9}
05-01 20:54:29.097  2315  2315 I TelecomFramework: PstnPhoneCapabilitiesNotifier: handleVideoCapabilitesChanged. Video capability - false
