--------- beginning of crash
05-01 19:43:40.559  1229  1229 F linker  : CANNOT LINK EXECUTABLE "/vendor/bin/qfp-daemon": library "android.hidl.base@1.0.so" not found
--------- beginning of system
05-01 19:43:42.882  1723  1723 I imsrcsd : Uce Service HAL  is starting up...
05-01 19:43:42.882  1723  1723 I imsrcsd : getAndroidPropValue : vendor.ims.DATA_DAEMON_STATUS[1]
05-01 19:43:42.893  1212  1212 I chatty  : uid=1000 system_server expire 288 lines
05-01 19:43:43.564  1140  1389 I storaged: storaged: Start
05-01 19:43:44.144  1212  1446 I chatty  : uid=1000(system) batterystats-wo expire 1 line
05-01 19:43:44.173  1212  1753 I chatty  : uid=1000 system_server expire 1 line
05-01 19:43:44.348  1212  1796 I chatty  : uid=1000 system_server expire 1 line
05-01 19:43:44.660  1212  1428 I chatty  : uid=1000(system) android.display expire 3 lines
05-01 19:43:44.951  1212  1846 I chatty  : uid=1000(system) NetworkWatchlis expire 2 lines
05-01 19:43:45.012  1212  1850 I chatty  : uid=1000(system) StorageManagerS expire 5 lines
05-01 19:43:45.109  1212  1434 I chatty  : uid=1000 system_server expire 2 lines
05-01 19:43:45.132   515  1852 I vold    : [libfs_mgr]dt_fstab: Using a specified mount point /system_root for system
05-01 19:43:45.133  1212  1782 I chatty  : uid=1000 system_server expire 1 line
05-01 19:43:45.138   515  1852 I vold    : Skip mounting partition: /product
05-01 19:43:45.138   515  1852 I vold    : Skip mounting partition: /product_services
05-01 19:43:45.152   515  1852 I vold    : Skip mounting partition: /oem
05-01 19:43:45.153   515  1852 I vold    : Skip mounting partition: /product
05-01 19:43:45.153   515  1852 I vold    : Skip mounting partition: /product_services
05-01 19:43:45.153   515  1852 I vold    : Skip mounting partition: /oem
05-01 19:43:45.153   515  1852 D vold    : Starting trim of /cache
05-01 19:43:45.165  1212  1440 I chatty  : uid=1000(system) android.bg expire 19 lines
05-01 19:43:45.214  1212  1212 I chatty  : uid=1000 system_server expire 181 lines
05-01 19:43:45.302   515  1852 I vold    : Trimmed 207683584 bytes on /cache in 149ms
05-01 19:43:45.303   515  1852 D vold    : Starting trim of /data
05-01 19:43:45.304  1212  1854 I chatty  : uid=1000(system) Binder:1212_3 expire 1 line
05-01 19:43:45.522  1871  1871 F linker  : CANNOT LINK EXECUTABLE "/vendor/bin/qfp-daemon": library "android.hidl.base@1.0.so" not found
05-01 19:43:46.411  1212  1753 I chatty  : uid=1000 system_server expire 1 line
05-01 19:43:47.886  1723  1723 I imsrcsd : getAndroidPropValue : vendor.ims.modem.multisub.cap[1]
05-01 19:43:47.886  1723  1723 I imsrcsd : Uce Service HAL  detected modemVersion[1]
05-01 19:43:47.887  1723  1723 I imsrcsd : Uce Service HAL  loading lib-uceservice
05-01 19:43:48.564  1723  2054 I com.qualcomm.qti.uceservice@1.0-service: Successful Initialization
05-01 19:43:48.564  1723  2054 I com.qualcomm.qti.uceservice@1.0-service: Starting Service for First Time
05-01 19:43:48.566  1723  2054 I ServiceManagement: Registered com.qualcomm.qti.uceservice@2.0::IUceService/com.qualcomm.qti.uceservice (start delay of 5711ms)
05-01 19:43:48.570  1723  2054 I ServiceManagement: Registered com.qualcomm.qti.imscmservice@2.0::IImsCmService/qti.ims.connectionmanagerservice (start delay of 5715ms)
05-01 19:43:50.502  2063  2063 F linker  : CANNOT LINK EXECUTABLE "/vendor/bin/qfp-daemon": library "android.hidl.base@1.0.so" not found
05-01 19:43:52.335  1212  1845 I chatty  : uid=1000(system) HwBinder:1212_2 expire 1 line
05-01 19:43:52.469  1212  1782 I chatty  : uid=1000 system_server expire 2 lines
05-01 19:43:52.608  1212  1212 I chatty  : uid=1000 system_server expire 180 lines
05-01 19:43:52.788  1212  1894 I chatty  : uid=1000(system) ConnectivitySer expire 1 line
05-01 19:43:52.886  1212  1494 I chatty  : uid=1000(system) PowerManagerSer expire 2 lines
05-01 19:43:52.970  1212  1428 I chatty  : uid=1000(system) android.display expire 2 lines
05-01 19:43:52.982  1212  1212 I chatty  : uid=1000 system_server expire 167 lines
05-01 19:43:53.170   932   932 F libc    : Fatal signal 11 (SIGSEGV), code 2 (SEGV_ACCERR), fault addr 0x7ff190da50 in tid 932 (thermal@1.0-ser), pid 932 (thermal@1.0-ser)
05-01 19:43:53.391  2111  2111 F DEBUG   : *** *** *** *** *** *** *** *** *** *** *** *** *** *** *** ***
05-01 19:43:53.392  2111  2111 F DEBUG   : Build fingerprint: 'Android/treble_arm64_bvN/phhgsi_arm64_ab:10/QQ2A.200405.005/200422:userdebug/release-keys'
05-01 19:43:53.392  2111  2111 F DEBUG   : Revision: '0'
05-01 19:43:53.392  2111  2111 F DEBUG   : ABI: 'arm64'
05-01 19:43:53.396  2111  2111 F DEBUG   : Timestamp: 2020-05-01 19:43:53+0800
05-01 19:43:53.396  2111  2111 F DEBUG   : pid: 932, tid: 932, name: thermal@1.0-ser  >>> /vendor/bin/hw/android.hardware.thermal@1.0-service <<<
05-01 19:43:53.396  2111  2111 F DEBUG   : uid: 1000
05-01 19:43:53.396  2111  2111 F DEBUG   : signal 11 (SIGSEGV), code 2 (SEGV_ACCERR), fault addr 0x7ff190da50
05-01 19:43:53.397  2111  2111 F DEBUG   :     x0  0000007ff190d8e8  x1  0000000000000000  x2  0000000000000000  x3  0048000000000000
05-01 19:43:53.397  2111  2111 F DEBUG   :     x4  8080000000000000  x5  4800000000000000  x6  00000000000080c8  x7  feff6b606c716467
05-01 19:43:53.397  2111  2111 F DEBUG   :     x8  0000007ff190da50  x9  0000007ff190d720  x10 0000007ff190d7b0  x11 0000007ff190d7a8
05-01 19:43:53.397  2111  2111 F DEBUG   :     x12 0000000000000000  x13 0000000000007ec0  x14 ffffffffffffff97  x15 ffffffffffffffff
05-01 19:43:53.397  2111  2111 F DEBUG   :     x16 0000007e4a08b598  x17 0000007e4aad68c8  x18 0000007e4ba14000  x19 0000007ff190d728
05-01 19:43:53.397  2111  2111 F DEBUG   :     x20 0000007ff190d7e8  x21 0000007ff190d810  x22 0000007e49c1c0c8  x23 0000007e49c0d3a0
05-01 19:43:53.397  2111  2111 F DEBUG   :     x24 0000007e4adaf020  x25 0000007e4adaf020  x26 0000000000000000  x27 0000000000000001
05-01 19:43:53.397  2111  2111 F DEBUG   :     x28 0000000000000000  x29 0000007ff190d790
05-01 19:43:53.398  2111  2111 F DEBUG   :     sp  0000007ff190d6f0  lr  0000007e4a08810c  pc  0000007ff190da50
05-01 19:43:53.463  2111  2111 F DEBUG   : 
05-01 19:43:53.463  2111  2111 F DEBUG   : backtrace:
05-01 19:43:53.464  2111  2111 F DEBUG   :       #00 pc 000000000001fa50  [stack]
05-01 19:43:53.464  2111  2111 F DEBUG   :       #01 pc 0000000000003108  /vendor/lib64/hw/android.hardware.thermal@1.0-impl.so (android::hardware::thermal::V1_0::implementation::Thermal::getTemperatures(std::__1::function<void (android::hardware::thermal::V1_0::ThermalStatus const&, android::hardware::hidl_vec<android::hardware::thermal::V1_0::Temperature> const&)>)+112) (BuildId: 5a13cdca9a43382f344298973bc0063a)
05-01 19:43:53.465  2111  2111 F DEBUG   :       #02 pc 000000000000d684  /system/lib64/vndk-29/android.hardware.thermal@1.0.so (android::hardware::thermal::V1_0::BnHwThermal::_hidl_getTemperatures(android::hidl::base::V1_0::BnHwBase*, android::hardware::Parcel const&, android::hardware::Parcel*, std::__1::function<void (android::hardware::Parcel&)>)+276) (BuildId: 15a0c75237231aa6d702e220ba5ff224)
05-01 19:43:53.465  2111  2111 F DEBUG   :       #03 pc 000000000000dfb8  /system/lib64/vndk-29/android.hardware.thermal@1.0.so (android::hardware::thermal::V1_0::BnHwThermal::onTransact(unsigned int, android::hardware::Parcel const&, android::hardware::Parcel*, unsigned int, std::__1::function<void (android::hardware::Parcel&)>)+544) (BuildId: 15a0c75237231aa6d702e220ba5ff224)
05-01 19:43:53.465  2111  2111 F DEBUG   :       #04 pc 0000000000095d00  /system/lib64/vndk-sp-29/libhidlbase.so (android::hardware::BHwBinder::transact(unsigned int, android::hardware::Parcel const&, android::hardware::Parcel*, unsigned int, std::__1::function<void (android::hardware::Parcel&)>)+68) (BuildId: 64d5e21c758d7a638cd2f4c923c59410)
05-01 19:43:53.465  2111  2111 F DEBUG   :       #05 pc 00000000000995d8  /system/lib64/vndk-sp-29/libhidlbase.so (android::hardware::IPCThreadState::getAndExecuteCommand()+1036) (BuildId: 64d5e21c758d7a638cd2f4c923c59410)
05-01 19:43:53.466  2111  2111 F DEBUG   :       #06 pc 000000000009a7e0  /system/lib64/vndk-sp-29/libhidlbase.so (android::hardware::IPCThreadState::joinThreadPool(bool)+96) (BuildId: 64d5e21c758d7a638cd2f4c923c59410)
05-01 19:43:53.466  2111  2111 F DEBUG   :       #07 pc 00000000000010e8  /vendor/bin/hw/android.hardware.thermal@1.0-service (main+152) (BuildId: 8fd7bd29f95b49a2e0fd822f403d9854)
05-01 19:43:53.466  2111  2111 F DEBUG   :       #08 pc 000000000007d780  /apex/com.android.runtime/lib64/bionic/libc.so (__libc_init+108) (BuildId: 4c7c1282b76a797812f90d53a4b4894c)
05-01 19:43:53.567  1212  1495 I chatty  : uid=1000(system) HwBinder:1212_1 expire 5 lines
05-01 19:43:53.569  2119  2119 F libc    : Fatal signal 11 (SIGSEGV), code 2 (SEGV_ACCERR), fault addr 0x7ff6f02bf0 in tid 2119 (thermal@1.0-ser), pid 2119 (thermal@1.0-ser)
05-01 19:43:53.611  2122  2122 F DEBUG   : *** *** *** *** *** *** *** *** *** *** *** *** *** *** *** ***
05-01 19:43:53.611  2122  2122 F DEBUG   : Build fingerprint: 'Android/treble_arm64_bvN/phhgsi_arm64_ab:10/QQ2A.200405.005/200422:userdebug/release-keys'
05-01 19:43:53.611  2122  2122 F DEBUG   : Revision: '0'
05-01 19:43:53.611  2122  2122 F DEBUG   : ABI: 'arm64'
05-01 19:43:53.613  2122  2122 F DEBUG   : Timestamp: 2020-05-01 19:43:53+0800
05-01 19:43:53.613  2122  2122 F DEBUG   : pid: 2119, tid: 2119, name: thermal@1.0-ser  >>> /vendor/bin/hw/android.hardware.thermal@1.0-service <<<
05-01 19:43:53.613  2122  2122 F DEBUG   : uid: 1000
05-01 19:43:53.613  2122  2122 F DEBUG   : signal 11 (SIGSEGV), code 2 (SEGV_ACCERR), fault addr 0x7ff6f02bf0
05-01 19:43:53.613  2122  2122 F DEBUG   :     x0  0000007ff6f02a88  x1  0000000000000000  x2  0000000000000000  x3  0048000000000000
05-01 19:43:53.615  2122  2122 F DEBUG   :     x4  8080000000000000  x5  4800000000000000  x6  00000000000080c8  x7  feff6b606c716467
05-01 19:43:53.615  2122  2122 F DEBUG   :     x8  0000007ff6f02bf0  x9  0000007ff6f028c0  x10 0000007ff6f02950  x11 0000007ff6f02948
05-01 19:43:53.615  2122  2122 F DEBUG   :     x12 0000000000000000  x13 0000000000007eb0  x14 ffffffffffffff97  x15 ffffffffffffffff
05-01 19:43:53.615  2122  2122 F DEBUG   :     x16 0000007fa5692598  x17 0000007fa59168c8  x18 0000007fa7060000  x19 0000007ff6f028c8
05-01 19:43:53.615  2122  2122 F DEBUG   :     x20 0000007ff6f02988  x21 0000007ff6f029b0  x22 0000007fa521c0c8  x23 0000007fa520d3a0
05-01 19:43:53.615  2122  2122 F DEBUG   :     x24 0000007fa63be020  x25 0000007fa63be020  x26 0000000000000000  x27 0000000000000001
05-01 19:43:53.615  2122  2122 F DEBUG   :     x28 0000000000000000  x29 0000007ff6f02930
05-01 19:43:53.615  2122  2122 F DEBUG   :     sp  0000007ff6f02890  lr  0000007fa568f10c  pc  0000007ff6f02bf0
05-01 19:43:53.665  2122  2122 F DEBUG   : 
05-01 19:43:53.665  2122  2122 F DEBUG   : backtrace:
05-01 19:43:53.665  2122  2122 F DEBUG   :       #00 pc 000000000001fbf0  [stack]
05-01 19:43:53.665  2122  2122 F DEBUG   :       #01 pc 0000000000003108  /vendor/lib64/hw/android.hardware.thermal@1.0-impl.so (android::hardware::thermal::V1_0::implementation::Thermal::getTemperatures(std::__1::function<void (android::hardware::thermal::V1_0::ThermalStatus const&, android::hardware::hidl_vec<android::hardware::thermal::V1_0::Temperature> const&)>)+112) (BuildId: 5a13cdca9a43382f344298973bc0063a)
05-01 19:43:53.666  2122  2122 F DEBUG   :       #02 pc 000000000000d684  /system/lib64/vndk-29/android.hardware.thermal@1.0.so (android::hardware::thermal::V1_0::BnHwThermal::_hidl_getTemperatures(android::hidl::base::V1_0::BnHwBase*, android::hardware::Parcel const&, android::hardware::Parcel*, std::__1::function<void (android::hardware::Parcel&)>)+276) (BuildId: 15a0c75237231aa6d702e220ba5ff224)
05-01 19:43:53.666  2122  2122 F DEBUG   :       #03 pc 000000000000dfb8  /system/lib64/vndk-29/android.hardware.thermal@1.0.so (android::hardware::thermal::V1_0::BnHwThermal::onTransact(unsigned int, android::hardware::Parcel const&, android::hardware::Parcel*, unsigned int, std::__1::function<void (android::hardware::Parcel&)>)+544) (BuildId: 15a0c75237231aa6d702e220ba5ff224)
05-01 19:43:53.666  2122  2122 F DEBUG   :       #04 pc 0000000000095d00  /system/lib64/vndk-sp-29/libhidlbase.so (android::hardware::BHwBinder::transact(unsigned int, android::hardware::Parcel const&, android::hardware::Parcel*, unsigned int, std::__1::function<void (android::hardware::Parcel&)>)+68) (BuildId: 64d5e21c758d7a638cd2f4c923c59410)
05-01 19:43:53.666  2122  2122 F DEBUG   :       #05 pc 00000000000995d8  /system/lib64/vndk-sp-29/libhidlbase.so (android::hardware::IPCThreadState::getAndExecuteCommand()+1036) (BuildId: 64d5e21c758d7a638cd2f4c923c59410)
05-01 19:43:53.666  2122  2122 F DEBUG   :       #06 pc 000000000009a7e0  /system/lib64/vndk-sp-29/libhidlbase.so (android::hardware::IPCThreadState::joinThreadPool(bool)+96) (BuildId: 64d5e21c758d7a638cd2f4c923c59410)
05-01 19:43:53.666  2122  2122 F DEBUG   :       #07 pc 00000000000010e8  /vendor/bin/hw/android.hardware.thermal@1.0-service (main+152) (BuildId: 8fd7bd29f95b49a2e0fd822f403d9854)
05-01 19:43:53.666  2122  2122 F DEBUG   :       #08 pc 000000000007d780  /apex/com.android.runtime/lib64/bionic/libc.so (__libc_init+108) (BuildId: 4c7c1282b76a797812f90d53a4b4894c)
05-01 19:43:54.143  1212  1875 I chatty  : uid=1000(system) Binder:1212_4 expire 1 line
05-01 19:43:54.947  1212  1850 I chatty  : uid=1000(system) StorageManagerS expire 1 line
05-01 19:43:54.998  1212  1424 I chatty  : uid=1000(system) android.fg expire 1 line
05-01 19:43:55.009  1212  2085 I chatty  : uid=1000(system) AudioService expire 1 line
05-01 19:43:55.052  1212  1442 I chatty  : uid=1000(system) ActivityManager expire 6 lines
05-01 19:43:55.113  1212  1796 I chatty  : uid=1000 system_server expire 1 line
05-01 19:43:55.139  1212  1446 I chatty  : uid=1000(system) batterystats-wo expire 1 line
05-01 19:43:55.169  1212  1863 I chatty  : uid=1000(system) NetworkPolicy expire 1 line
05-01 19:43:55.211  1212  1442 I chatty  : uid=1000(system) ActivityManager expire 56 lines
05-01 19:43:55.221  1212  1212 I chatty  : uid=1000 system_server expire 86 lines
05-01 19:43:55.224  1212  1440 I chatty  : uid=1000(system) android.bg expire 1 line
05-01 19:43:55.556  2239  2239 F linker  : CANNOT LINK EXECUTABLE "/vendor/bin/qfp-daemon": library "android.hidl.base@1.0.so" not found
05-01 19:43:56.011  1212  1854 I chatty  : uid=1000(system) Binder:1212_3 expire 6 lines
05-01 19:43:56.129  1212  2151 I chatty  : uid=1000 system_server expire 2 lines
05-01 19:43:57.517  1212  1369 I chatty  : uid=1000(system) Binder:1212_1 expire 2 lines
05-01 19:43:57.538  1212  1372 I chatty  : uid=1000(system) Binder:1212_2 expire 10 lines
05-01 19:43:57.560  1212  1426 I chatty  : uid=1000(system) android.ui expire 4 lines
05-01 19:43:57.705  1212  1424 I chatty  : uid=1000(system) android.fg expire 5 lines
05-01 19:43:58.466  1212  2392 I chatty  : uid=1000(system) BluetoothRouteM expire 1 line
05-01 19:43:58.495  1212  2395 I chatty  : uid=1000(system) uteStateMachine expire 2 lines
05-01 19:43:58.504  1212  2399 I chatty  : uid=1000(system) CallAudioModeSt expire 1 line
05-01 19:43:58.759  1212  1446 I chatty  : uid=1000(system) batterystats-wo expire 2 lines
05-01 19:43:59.074  1212  1875 I chatty  : uid=1000(system) Binder:1212_4 expire 3 lines
05-01 19:43:59.108  1212  1428 I chatty  : uid=1000(system) android.display expire 3 lines
05-01 19:43:59.899  2315  2315 E SystemConfig: SystemConfig is being accessed by a process other than system_server.
05-01 19:43:59.903  1212  2585 I chatty  : uid=1000 system_server expire 1 line
05-01 19:43:59.934  2315  2315 W SystemConfig: Got exception parsing permissions.
05-01 19:43:59.934  2315  2315 W SystemConfig: org.xmlpull.v1.XmlPullParserException: No start tag found
05-01 19:43:59.934  2315  2315 W SystemConfig: 	at com.android.server.SystemConfig.readPermissionsFromXml(SystemConfig.java:486)
05-01 19:43:59.934  2315  2315 W SystemConfig: 	at com.android.server.SystemConfig.readPermissions(SystemConfig.java:450)
05-01 19:43:59.934  2315  2315 W SystemConfig: 	at com.android.server.SystemConfig.<init>(SystemConfig.java:373)
05-01 19:43:59.934  2315  2315 W SystemConfig: 	at com.android.server.SystemConfig.getInstance(SystemConfig.java:221)
05-01 19:43:59.934  2315  2315 W SystemConfig: 	at com.android.internal.telephony.CarrierAppUtils.disableCarrierAppsUntilPrivileged(CarrierAppUtils.java:82)
05-01 19:43:59.934  2315  2315 W SystemConfig: 	at com.android.internal.telephony.SubscriptionInfoUpdater.initializeCarrierApps(SubscriptionInfoUpdater.java:188)
05-01 19:43:59.934  2315  2315 W SystemConfig: 	at com.android.internal.telephony.SubscriptionInfoUpdater.<init>(SubscriptionInfoUpdater.java:157)
05-01 19:43:59.934  2315  2315 W SystemConfig: 	at com.android.internal.telephony.SubscriptionInfoUpdater.<init>(SubscriptionInfoUpdater.java:140)
05-01 19:43:59.934  2315  2315 W SystemConfig: 	at com.android.internal.telephony.PhoneFactory.makeDefaultPhone(PhoneFactory.java:224)
05-01 19:43:59.934  2315  2315 W SystemConfig: 	at com.android.internal.telephony.PhoneFactory.makeDefaultPhones(PhoneFactory.java:103)
05-01 19:43:59.934  2315  2315 W SystemConfig: 	at com.android.phone.PhoneGlobals.onCreate(PhoneGlobals.java:320)
05-01 19:43:59.934  2315  2315 W SystemConfig: 	at com.android.phone.PhoneApp.onCreate(PhoneApp.java:39)
05-01 19:43:59.934  2315  2315 W SystemConfig: 	at android.app.Instrumentation.callApplicationOnCreate(Instrumentation.java:1190)
05-01 19:43:59.934  2315  2315 W SystemConfig: 	at android.app.ActivityThread.handleBindApplication(ActivityThread.java:6460)
05-01 19:43:59.934  2315  2315 W SystemConfig: 	at android.app.ActivityThread.access$1300(ActivityThread.java:219)
05-01 19:43:59.934  2315  2315 W SystemConfig: 	at android.app.ActivityThread$H.handleMessage(ActivityThread.java:1859)
05-01 19:43:59.934  2315  2315 W SystemConfig: 	at android.os.Handler.dispatchMessage(Handler.java:107)
05-01 19:43:59.934  2315  2315 W SystemConfig: 	at android.os.Looper.loop(Looper.java:214)
05-01 19:43:59.934  2315  2315 W SystemConfig: 	at android.app.ActivityThread.main(ActivityThread.java:7356)
05-01 19:43:59.934  2315  2315 W SystemConfig: 	at java.lang.reflect.Method.invoke(Native Method)
05-01 19:43:59.934  2315  2315 W SystemConfig: 	at com.android.internal.os.RuntimeInit$MethodAndArgsCaller.run(RuntimeInit.java:491)
05-01 19:43:59.934  2315  2315 W SystemConfig: 	at com.android.internal.os.ZygoteInit.main(ZygoteInit.java:915)
05-01 19:43:59.937  2315  2315 W SystemConfig: No directory /product/etc/sysconfig, skipping
05-01 19:43:59.940  1212  2156 I chatty  : uid=1000(system) Binder:1212_5 expire 1 line
05-01 19:43:59.941  2315  2315 W SystemConfig: No directory /product_services/etc/sysconfig, skipping
05-01 19:43:59.941  2315  2315 W SystemConfig: No directory /product_services/etc/permissions, skipping
05-01 19:43:59.958  1212  1894 I chatty  : uid=1000(system) ConnectivitySer expire 16 lines
05-01 19:44:00.435  1212  1875 I chatty  : uid=1000(system) Binder:1212_4 expire 36 lines
05-01 19:44:00.522  2315  2315 I TelecomFramework: : onSubscriptionsChanged - update accounts
05-01 19:44:00.522  2315  2315 I TelecomFramework: TelecomAccountRegistry: setupAccounts: Found 2 phones.  Attempting to register.
05-01 19:44:00.522  2315  2315 I TelecomFramework: TelecomAccountRegistry: setupAccounts: Phone with subscription id -1
05-01 19:44:00.522  2315  2315 I TelecomFramework: TelecomAccountRegistry: setupAccounts: Phone with subscription id -1
05-01 19:44:00.522  2315  2315 I TelecomFramework: TelecomAccountRegistry: setupAccounts: adding default
05-01 19:44:00.523  2651  2651 F linker  : CANNOT LINK EXECUTABLE "/vendor/bin/qfp-daemon": library "android.hidl.base@1.0.so" not found
05-01 19:44:00.611  1212  1854 I chatty  : uid=1000(system) Binder:1212_3 expire 12 lines
05-01 19:44:00.624  2315  2315 I TelecomFramework: AccountEntry: Registered phoneAccount: [[ ] PhoneAccount: ComponentInfo{com.android.phone/com.android.services.telephony.TelephonyConnectionService}, ***, UserHandle{0} Capabilities: SuppVideo CallProvider MultiUser PlaceEmerg SimSub  Audio Routes: BESW Schemes: tel voicemail  Extras: Bundle[{android.telecom.extra.SUPPORTS_VIDEO_CALLING_FALLBACK=true}] GroupId: ***] with handle: ComponentInfo{com.android.phone/com.android.services.telephony.TelephonyConnectionService}, ***, UserHandle{0}
05-01 19:44:00.644  2315  2315 I TelecomFramework: PstnIncomingCallNotifier: Registering: Handler (com.android.internal.telephony.GsmCdmaPhone) {d179f9}
05-01 19:44:00.655  2315  2315 I TelecomFramework: TelecomAccountRegistry: Unregistering phone account ComponentInfo{com.android.phone/com.android.services.telephony.TelephonyConnectionService}, ***, UserHandle{0}.
05-01 19:44:00.673  2315  2315 I TelecomFramework: TelecomAccountRegistry: Unregistering phone account ComponentInfo{com.android.phone/com.android.services.telephony.TelephonyConnectionService}, ***, UserHandle{0}.
05-01 19:44:00.708  2672  2672 I imsrcsd : Uce Service HAL  is starting up...
05-01 19:44:00.709  2672  2672 I imsrcsd : getAndroidPropValue : vendor.ims.DATA_DAEMON_STATUS[1]
05-01 19:44:00.808  2315  2315 I TelecomFramework: PstnPhoneCapabilitiesNotifier: handleVideoCapabilitesChanged. Video capability - false
05-01 19:44:00.831  2315  2315 I TelecomFramework: : onSubscriptionsChanged - update accounts
05-01 19:44:00.832  2315  2315 I TelecomFramework: PstnIncomingCallNotifier: Unregistering: Handler (com.android.internal.telephony.GsmCdmaPhone) {d179f9}
05-01 19:44:00.832  2315  2315 I TelecomFramework: TelecomAccountRegistry: setupAccounts: Found 2 phones.  Attempting to register.
05-01 19:44:00.832  2315  2315 I TelecomFramework: TelecomAccountRegistry: setupAccounts: Phone with subscription id -1
05-01 19:44:00.832  2315  2315 I TelecomFramework: TelecomAccountRegistry: setupAccounts: Phone with subscription id -1
05-01 19:44:00.832  2315  2315 I TelecomFramework: TelecomAccountRegistry: setupAccounts: adding default
05-01 19:44:00.843  1212  1372 I chatty  : uid=1000(system) Binder:1212_2 expire 29 lines
05-01 19:44:00.845  2315  2315 I TelecomFramework: AccountEntry: Registered phoneAccount: [[ ] PhoneAccount: ComponentInfo{com.android.phone/com.android.services.telephony.TelephonyConnectionService}, ***, UserHandle{0} Capabilities: SuppVideo CallProvider MultiUser PlaceEmerg SimSub  Audio Routes: BESW Schemes: tel voicemail  Extras: Bundle[{android.telecom.extra.SUPPORTS_VIDEO_CALLING_FALLBACK=true}] GroupId: ***] with handle: ComponentInfo{com.android.phone/com.android.services.telephony.TelephonyConnectionService}, ***, UserHandle{0}
05-01 19:44:00.845  2315  2315 I TelecomFramework: PstnIncomingCallNotifier: Registering: Handler (com.android.internal.telephony.GsmCdmaPhone) {d179f9}
05-01 19:44:00.852  2315  2315 I TelecomFramework: : onSubscriptionsChanged - update accounts
05-01 19:44:00.852  2315  2315 I TelecomFramework: PstnIncomingCallNotifier: Unregistering: Handler (com.android.internal.telephony.GsmCdmaPhone) {d179f9}
05-01 19:44:00.852  2315  2315 I TelecomFramework: TelecomAccountRegistry: setupAccounts: Found 2 phones.  Attempting to register.
05-01 19:44:00.852  2315  2315 I TelecomFramework: TelecomAccountRegistry: setupAccounts: Phone with subscription id -1
05-01 19:44:00.852  2315  2315 I TelecomFramework: TelecomAccountRegistry: setupAccounts: Phone with subscription id -1
05-01 19:44:00.852  2315  2315 I TelecomFramework: TelecomAccountRegistry: setupAccounts: adding default
05-01 19:44:00.863  2315  2315 I TelecomFramework: AccountEntry: Registered phoneAccount: [[ ] PhoneAccount: ComponentInfo{com.android.phone/com.android.services.telephony.TelephonyConnectionService}, ***, UserHandle{0} Capabilities: SuppVideo CallProvider MultiUser PlaceEmerg SimSub  Audio Routes: BESW Schemes: tel voicemail  Extras: Bundle[{android.telecom.extra.SUPPORTS_VIDEO_CALLING_FALLBACK=true}] GroupId: ***] with handle: ComponentInfo{com.android.phone/com.android.services.telephony.TelephonyConnectionService}, ***, UserHandle{0}
05-01 19:44:00.863  2315  2315 I TelecomFramework: PstnIncomingCallNotifier: Registering: Handler (com.android.internal.telephony.GsmCdmaPhone) {d179f9}
05-01 19:44:00.917  2315  2315 I TelecomFramework: PstnPhoneCapabilitiesNotifier: handleVideoCapabilitesChanged. Video capability - false
05-01 19:44:00.918  2315  2315 I TelecomFramework: PstnPhoneCapabilitiesNotifier: handleVideoCapabilitesChanged. Video capability - false
05-01 19:44:00.958  2315  2315 I TelecomFramework: : onSubscriptionsChanged - update accounts
05-01 19:44:00.958  2315  2315 I TelecomFramework: PstnIncomingCallNotifier: Unregistering: Handler (com.android.internal.telephony.GsmCdmaPhone) {d179f9}
05-01 19:44:00.958  2315  2315 I TelecomFramework: TelecomAccountRegistry: setupAccounts: Found 2 phones.  Attempting to register.
05-01 19:44:00.958  2315  2315 I TelecomFramework: TelecomAccountRegistry: setupAccounts: Phone with subscription id -1
05-01 19:44:00.959  2315  2315 I TelecomFramework: TelecomAccountRegistry: setupAccounts: Phone with subscription id -1
05-01 19:44:00.959  2315  2315 I TelecomFramework: TelecomAccountRegistry: setupAccounts: adding default
05-01 19:44:00.973  2315  2315 I TelecomFramework: AccountEntry: Registered phoneAccount: [[ ] PhoneAccount: ComponentInfo{com.android.phone/com.android.services.telephony.TelephonyConnectionService}, ***, UserHandle{0} Capabilities: SuppVideo CallProvider MultiUser PlaceEmerg SimSub  Audio Routes: BESW Schemes: tel voicemail  Extras: Bundle[{android.telecom.extra.SUPPORTS_VIDEO_CALLING_FALLBACK=true}] GroupId: ***] with handle: ComponentInfo{com.android.phone/com.android.services.telephony.TelephonyConnectionService}, ***, UserHandle{0}
05-01 19:44:00.973  2315  2315 I TelecomFramework: PstnIncomingCallNotifier: Registering: Handler (com.android.internal.telephony.GsmCdmaPhone) {d179f9}
05-01 19:44:00.977  2315  2315 D MccTable: updateMccMncConfiguration mccmnc='46000
05-01 19:44:00.977  2315  2315 D MccTable: updateMccMncConfiguration: mcc=460, mnc=0
05-01 19:44:00.977  2315  2315 D MccTable: updateMccMncConfiguration updateConfig config={0.0 460mcc65535mnc ?localeList ?layoutDir ?swdp ?wdp ?hdp ?density ?lsize ?long ?ldr ?wideColorGamut ?orien ?uimode ?night ?touch ?keyb/?/? ?nav/? winConfig={ mBounds=Rect(0, 0 - 0, 0) mAppBounds=null mWindowingMode=undefined mDisplayWindowingMode=undefined mActivityType=undefined mAlwaysOnTop=undefined mRotation=undefined}}
05-01 19:44:01.045  2315  2315 D MccTable: updateMccMncConfiguration mccmnc='46004
05-01 19:44:01.045  2315  2315 D MccTable: updateMccMncConfiguration: mcc=460, mnc=4
05-01 19:44:01.045  2315  2315 D MccTable: updateMccMncConfiguration updateConfig config={0.0 460mcc4mnc ?localeList ?layoutDir ?swdp ?wdp ?hdp ?density ?lsize ?long ?ldr ?wideColorGamut ?orien ?uimode ?night ?touch ?keyb/?/? ?nav/? winConfig={ mBounds=Rect(0, 0 - 0, 0) mAppBounds=null mWindowingMode=undefined mDisplayWindowingMode=undefined mActivityType=undefined mAlwaysOnTop=undefined mRotation=undefined}}
05-01 19:44:01.098  2315  2315 I TelecomFramework: PstnPhoneCapabilitiesNotifier: handleVideoCapabilitesChanged. Video capability - false
05-01 19:44:01.120  2315  2315 I TelecomFramework: : onSubscriptionsChanged - update accounts
05-01 19:44:01.120  2315  2315 I TelecomFramework: PstnIncomingCallNotifier: Unregistering: Handler (com.android.internal.telephony.GsmCdmaPhone) {d179f9}
05-01 19:44:01.121  2315  2315 I TelecomFramework: TelecomAccountRegistry: setupAccounts: Found 2 phones.  Attempting to register.
05-01 19:44:01.121  2315  2315 I TelecomFramework: TelecomAccountRegistry: setupAccounts: Phone with subscription id -1
05-01 19:44:01.121  2315  2315 I TelecomFramework: TelecomAccountRegistry: setupAccounts: Phone with subscription id -1
05-01 19:44:01.121  2315  2315 I TelecomFramework: TelecomAccountRegistry: setupAccounts: adding default
05-01 19:44:01.132  2315  2315 I TelecomFramework: AccountEntry: Registered phoneAccount: [[ ] PhoneAccount: ComponentInfo{com.android.phone/com.android.services.telephony.TelephonyConnectionService}, ***, UserHandle{0} Capabilities: SuppVideo CallProvider MultiUser PlaceEmerg SimSub  Audio Routes: BESW Schemes: tel voicemail  Extras: Bundle[{android.telecom.extra.SUPPORTS_VIDEO_CALLING_FALLBACK=true}] GroupId: ***] with handle: ComponentInfo{com.android.phone/com.android.services.telephony.TelephonyConnectionService}, ***, UserHandle{0}
05-01 19:44:01.132  2315  2315 I TelecomFramework: PstnIncomingCallNotifier: Registering: Handler (com.android.internal.telephony.GsmCdmaPhone) {d179f9}
05-01 19:44:01.137  2315  2315 I TelecomFramework: PstnPhoneCapabilitiesNotifier: handleVideoCapabilitesChanged. Video capability - false
05-01 19:44:01.301  2315  2315 D MccTable: updateMccMncConfiguration mccmnc='46000
05-01 19:44:01.302  2315  2315 D MccTable: updateMccMncConfiguration: mcc=460, mnc=0
05-01 19:44:01.302  2315  2315 D MccTable: updateMccMncConfiguration updateConfig config={0.0 460mcc65535mnc ?localeList ?layoutDir ?swdp ?wdp ?hdp ?density ?lsize ?long ?ldr ?wideColorGamut ?orien ?uimode ?night ?touch ?keyb/?/? ?nav/? winConfig={ mBounds=Rect(0, 0 - 0, 0) mAppBounds=null mWindowingMode=undefined mDisplayWindowingMode=undefined mActivityType=undefined mAlwaysOnTop=undefined mRotation=undefined}}
05-01 19:44:01.497  1212  1446 I chatty  : uid=1000(system) batterystats-wo expire 2 lines
05-01 19:44:01.701  2315  2315 D MccTable: updateMccMncConfiguration mccmnc='46000
05-01 19:44:01.701  2315  2315 D MccTable: updateMccMncConfiguration: mcc=460, mnc=0
05-01 19:44:01.702  2315  2315 D MccTable: updateMccMncConfiguration updateConfig config={0.0 460mcc65535mnc ?localeList ?layoutDir ?swdp ?wdp ?hdp ?density ?lsize ?long ?ldr ?wideColorGamut ?orien ?uimode ?night ?touch ?keyb/?/? ?nav/? winConfig={ mBounds=Rect(0, 0 - 0, 0) mAppBounds=null mWindowingMode=undefined mDisplayWindowingMode=undefined mActivityType=undefined mAlwaysOnTop=undefined mRotation=undefined}}
05-01 19:44:02.018  1212  2156 I chatty  : uid=1000(system) Binder:1212_5 expire 41 lines
05-01 19:44:02.509  2315  2315 E SystemConfig: SystemConfig is being accessed by a process other than system_server.
05-01 19:44:02.512  1212  1428 I chatty  : uid=1000(system) android.display expire 12 lines
05-01 19:44:02.514  1212  2715 I chatty  : uid=1000 system_server expire 1 line
05-01 19:44:03.545  2315  2315 I TelecomFramework: : onSubscriptionsChanged - update accounts
05-01 19:44:03.545  2315  2315 I TelecomFramework: PstnIncomingCallNotifier: Unregistering: Handler (com.android.internal.telephony.GsmCdmaPhone) {d179f9}
05-01 19:44:03.545  2315  2315 I TelecomFramework: TelecomAccountRegistry: setupAccounts: Found 2 phones.  Attempting to register.
05-01 19:44:03.545  2315  2315 I TelecomFramework: TelecomAccountRegistry: setupAccounts: Phone with subscription id -1
05-01 19:44:03.546  2315  2315 I TelecomFramework: TelecomAccountRegistry: setupAccounts: Phone with subscription id 1
05-01 19:44:03.568  2315  2315 I TelecomFramework: AccountEntry: Registered phoneAccount: [[ ] PhoneAccount: ComponentInfo{com.android.phone/com.android.services.telephony.TelephonyConnectionService}, ***, UserHandle{0} Capabilities: SuppVideo CallProvider MultiUser PlaceEmerg SimSub  Audio Routes: BESW Schemes: tel voicemail  Extras: Bundle[{android.telecom.extra.SUPPORTS_VIDEO_CALLING_FALLBACK=true, android.telecom.extra.SORT_ORDER=1}] GroupId: ***] with handle: ComponentInfo{com.android.phone/com.android.services.telephony.TelephonyConnectionService}, ***, UserHandle{0}
05-01 19:44:03.568  2315  2315 I TelecomFramework: PstnIncomingCallNotifier: Registering: Handler (com.android.internal.telephony.GsmCdmaPhone) {bf0fd3e}
05-01 19:44:03.572  2315  2315 W TelecomFramework: AccountEntry: registerMmTelCapabilityCallback: registration failed, no ImsService available. Exception: CapabilityCallbackManager - MmTelFeature binder is dead. (code: 1)
05-01 19:44:03.574  2315  2315 I TelecomFramework: TelecomAccountRegistry: Unregistering phone account ComponentInfo{com.android.phone/com.android.services.telephony.TelephonyConnectionService}, ***, UserHandle{0}.
05-01 19:44:03.622  2315  2315 I TelecomFramework: : onSubscriptionsChanged - update accounts
05-01 19:44:03.622  2315  2315 I TelecomFramework: PstnIncomingCallNotifier: Unregistering: Handler (com.android.internal.telephony.GsmCdmaPhone) {bf0fd3e}
05-01 19:44:03.625  2315  2315 I TelecomFramework: TelecomAccountRegistry: setupAccounts: Found 2 phones.  Attempting to register.
05-01 19:44:03.626  2315  2315 I TelecomFramework: TelecomAccountRegistry: setupAccounts: Phone with subscription id -1
05-01 19:44:03.626  2315  2315 I TelecomFramework: TelecomAccountRegistry: setupAccounts: Phone with subscription id 1
05-01 19:44:03.638  2315  2315 I TelecomFramework: AccountEntry: Registered phoneAccount: [[ ] PhoneAccount: ComponentInfo{com.android.phone/com.android.services.telephony.TelephonyConnectionService}, ***, UserHandle{0} Capabilities: SuppVideo CallProvider MultiUser PlaceEmerg SimSub  Audio Routes: BESW Schemes: tel voicemail  Extras: Bundle[{android.telecom.extra.SUPPORTS_VIDEO_CALLING_FALLBACK=true, android.telecom.extra.SORT_ORDER=1}] GroupId: ***] with handle: ComponentInfo{com.android.phone/com.android.services.telephony.TelephonyConnectionService}, ***, UserHandle{0}
05-01 19:44:03.638  2315  2315 I TelecomFramework: PstnIncomingCallNotifier: Registering: Handler (com.android.internal.telephony.GsmCdmaPhone) {bf0fd3e}
05-01 19:44:03.640  2315  2315 W TelecomFramework: AccountEntry: registerMmTelCapabilityCallback: registration failed, no ImsService available. Exception: CapabilityCallbackManager - MmTelFeature binder is dead. (code: 1)
05-01 19:44:03.649  2315  2315 I TelecomFramework: : onSubscriptionsChanged - update accounts
05-01 19:44:03.649  2315  2315 I TelecomFramework: PstnIncomingCallNotifier: Unregistering: Handler (com.android.internal.telephony.GsmCdmaPhone) {bf0fd3e}
05-01 19:44:03.653  2315  2315 I TelecomFramework: TelecomAccountRegistry: setupAccounts: Found 2 phones.  Attempting to register.
05-01 19:44:03.653  2315  2315 I TelecomFramework: TelecomAccountRegistry: setupAccounts: Phone with subscription id -1
05-01 19:44:03.653  2315  2315 I TelecomFramework: TelecomAccountRegistry: setupAccounts: Phone with subscription id 1
05-01 19:44:03.670  2315  2315 I TelecomFramework: AccountEntry: Registered phoneAccount: [[ ] PhoneAccount: ComponentInfo{com.android.phone/com.android.services.telephony.TelephonyConnectionService}, ***, UserHandle{0} Capabilities: SuppVideo CallProvider MultiUser PlaceEmerg SimSub  Audio Routes: BESW Schemes: tel voicemail  Extras: Bundle[{android.telecom.extra.SUPPORTS_VIDEO_CALLING_FALLBACK=true, android.telecom.extra.SORT_ORDER=1}] GroupId: ***] with handle: ComponentInfo{com.android.phone/com.android.services.telephony.TelephonyConnectionService}, ***, UserHandle{0}
05-01 19:44:03.670  2315  2315 I TelecomFramework: PstnIncomingCallNotifier: Registering: Handler (com.android.internal.telephony.GsmCdmaPhone) {bf0fd3e}
05-01 19:44:03.673  2315  2315 W TelecomFramework: AccountEntry: registerMmTelCapabilityCallback: registration failed, no ImsService available. Exception: CapabilityCallbackManager - MmTelFeature binder is dead. (code: 1)
05-01 19:44:03.681  2315  2315 I TelecomFramework: : onSubscriptionsChanged - update accounts
05-01 19:44:03.681  2315  2315 I TelecomFramework: PstnIncomingCallNotifier: Unregistering: Handler (com.android.internal.telephony.GsmCdmaPhone) {bf0fd3e}
05-01 19:44:03.685  2315  2315 I TelecomFramework: TelecomAccountRegistry: setupAccounts: Found 2 phones.  Attempting to register.
05-01 19:44:03.685  2315  2315 I TelecomFramework: TelecomAccountRegistry: setupAccounts: Phone with subscription id -1
05-01 19:44:03.685  2315  2315 I TelecomFramework: TelecomAccountRegistry: setupAccounts: Phone with subscription id 1
05-01 19:44:03.708  2315  2315 I TelecomFramework: AccountEntry: Registered phoneAccount: [[ ] PhoneAccount: ComponentInfo{com.android.phone/com.android.services.telephony.TelephonyConnectionService}, ***, UserHandle{0} Capabilities: SuppVideo CallProvider MultiUser PlaceEmerg SimSub  Audio Routes: BESW Schemes: tel voicemail  Extras: Bundle[{android.telecom.extra.SUPPORTS_VIDEO_CALLING_FALLBACK=true, android.telecom.extra.SORT_ORDER=1}] GroupId: ***] with handle: ComponentInfo{com.android.phone/com.android.services.telephony.TelephonyConnectionService}, ***, UserHandle{0}
05-01 19:44:03.708  2315  2315 I TelecomFramework: PstnIncomingCallNotifier: Registering: Handler (com.android.internal.telephony.GsmCdmaPhone) {bf0fd3e}
05-01 19:44:03.711  2315  2315 W TelecomFramework: AccountEntry: registerMmTelCapabilityCallback: registration failed, no ImsService available. Exception: CapabilityCallbackManager - MmTelFeature binder is dead. (code: 1)
05-01 19:44:03.714  2315  2315 I TelecomFramework: : onSubscriptionsChanged - update accounts
05-01 19:44:03.714  2315  2315 I TelecomFramework: PstnIncomingCallNotifier: Unregistering: Handler (com.android.internal.telephony.GsmCdmaPhone) {bf0fd3e}
05-01 19:44:03.716  2315  2315 I TelecomFramework: TelecomAccountRegistry: setupAccounts: Found 2 phones.  Attempting to register.
05-01 19:44:03.716  2315  2315 I TelecomFramework: TelecomAccountRegistry: setupAccounts: Phone with subscription id -1
05-01 19:44:03.716  2315  2315 I TelecomFramework: TelecomAccountRegistry: setupAccounts: Phone with subscription id 1
05-01 19:44:03.728  2315  2315 I TelecomFramework: AccountEntry: Registered phoneAccount: [[ ] PhoneAccount: ComponentInfo{com.android.phone/com.android.services.telephony.TelephonyConnectionService}, ***, UserHandle{0} Capabilities: SuppVideo CallProvider MultiUser PlaceEmerg SimSub  Audio Routes: BESW Schemes: tel voicemail  Extras: Bundle[{android.telecom.extra.SUPPORTS_VIDEO_CALLING_FALLBACK=true, android.telecom.extra.SORT_ORDER=1}] GroupId: ***] with handle: ComponentInfo{com.android.phone/com.android.services.telephony.TelephonyConnectionService}, ***, UserHandle{0}
05-01 19:44:03.728  2315  2315 I TelecomFramework: PstnIncomingCallNotifier: Registering: Handler (com.android.internal.telephony.GsmCdmaPhone) {bf0fd3e}
05-01 19:44:03.731  2315  2315 W TelecomFramework: AccountEntry: registerMmTelCapabilityCallback: registration failed, no ImsService available. Exception: CapabilityCallbackManager - MmTelFeature binder is dead. (code: 1)
05-01 19:44:03.739  2315  2315 I TelecomFramework: : onSubscriptionsChanged - update accounts
05-01 19:44:03.740  2315  2315 I TelecomFramework: PstnIncomingCallNotifier: Unregistering: Handler (com.android.internal.telephony.GsmCdmaPhone) {bf0fd3e}
05-01 19:44:03.742  2315  2315 I TelecomFramework: TelecomAccountRegistry: setupAccounts: Found 2 phones.  Attempting to register.
05-01 19:44:03.742  2315  2315 I TelecomFramework: TelecomAccountRegistry: setupAccounts: Phone with subscription id -1
05-01 19:44:03.742  2315  2315 I TelecomFramework: TelecomAccountRegistry: setupAccounts: Phone with subscription id 1
05-01 19:44:03.759  2315  2315 I TelecomFramework: AccountEntry: Registered phoneAccount: [[ ] PhoneAccount: ComponentInfo{com.android.phone/com.android.services.telephony.TelephonyConnectionService}, ***, UserHandle{0} Capabilities: SuppVideo CallProvider MultiUser PlaceEmerg SimSub  Audio Routes: BESW Schemes: tel voicemail  Extras: Bundle[{android.telecom.extra.SUPPORTS_VIDEO_CALLING_FALLBACK=true, android.telecom.extra.SORT_ORDER=1}] GroupId: ***] with handle: ComponentInfo{com.android.phone/com.android.services.telephony.TelephonyConnectionService}, ***, UserHandle{0}
05-01 19:44:03.759  2315  2315 I TelecomFramework: PstnIncomingCallNotifier: Registering: Handler (com.android.internal.telephony.GsmCdmaPhone) {bf0fd3e}
05-01 19:44:03.761  2315  2315 W TelecomFramework: AccountEntry: registerMmTelCapabilityCallback: registration failed, no ImsService available. Exception: CapabilityCallbackManager - MmTelFeature binder is dead. (code: 1)
05-01 19:44:03.779  2315  2315 I TelecomFramework: : onSubscriptionsChanged - update accounts
05-01 19:44:03.779  2315  2315 I TelecomFramework: PstnIncomingCallNotifier: Unregistering: Handler (com.android.internal.telephony.GsmCdmaPhone) {bf0fd3e}
05-01 19:44:03.788  2315  2315 I TelecomFramework: TelecomAccountRegistry: setupAccounts: Found 2 phones.  Attempting to register.
05-01 19:44:03.788  2315  2315 I TelecomFramework: TelecomAccountRegistry: setupAccounts: Phone with subscription id -1
05-01 19:44:03.788  2315  2315 I TelecomFramework: TelecomAccountRegistry: setupAccounts: Phone with subscription id 1
05-01 19:44:03.806  2315  2315 I TelecomFramework: AccountEntry: Registered phoneAccount: [[ ] PhoneAccount: ComponentInfo{com.android.phone/com.android.services.telephony.TelephonyConnectionService}, ***, UserHandle{0} Capabilities: SuppVideo CallProvider MultiUser PlaceEmerg SimSub  Audio Routes: BESW Schemes: tel voicemail  Extras: Bundle[{android.telecom.extra.SUPPORTS_VIDEO_CALLING_FALLBACK=true, android.telecom.extra.SORT_ORDER=1}] GroupId: ***] with handle: ComponentInfo{com.android.phone/com.android.services.telephony.TelephonyConnectionService}, ***, UserHandle{0}
05-01 19:44:03.806  2315  2315 I TelecomFramework: PstnIncomingCallNotifier: Registering: Handler (com.android.internal.telephony.GsmCdmaPhone) {bf0fd3e}
05-01 19:44:03.808  2315  2315 W TelecomFramework: AccountEntry: registerMmTelCapabilityCallback: registration failed, no ImsService available. Exception: CapabilityCallbackManager - MmTelFeature binder is dead. (code: 1)
05-01 19:44:03.827  2315  2315 W TelecomFramework: AccountEntry: registerMmTelCapabilityCallback: registration failed, no ImsService available. Exception: CapabilityCallbackManager - MmTelFeature binder is dead. (code: 1)
05-01 19:44:03.839  2315  2315 I TelecomFramework: : onSubscriptionsChanged - update accounts
05-01 19:44:03.840  2315  2315 I TelecomFramework: PstnIncomingCallNotifier: Unregistering: Handler (com.android.internal.telephony.GsmCdmaPhone) {bf0fd3e}
05-01 19:44:03.843  2315  2315 I TelecomFramework: TelecomAccountRegistry: setupAccounts: Found 2 phones.  Attempting to register.
05-01 19:44:03.843  2315  2315 I TelecomFramework: TelecomAccountRegistry: setupAccounts: Phone with subscription id -1
05-01 19:44:03.843  2315  2315 I TelecomFramework: TelecomAccountRegistry: setupAccounts: Phone with subscription id 1
05-01 19:44:03.865  2315  2315 I TelecomFramework: AccountEntry: Registered phoneAccount: [[ ] PhoneAccount: ComponentInfo{com.android.phone/com.android.services.telephony.TelephonyConnectionService}, ***, UserHandle{0} Capabilities: SuppVideo CallProvider MultiUser PlaceEmerg SimSub  Audio Routes: BESW Schemes: tel voicemail  Extras: Bundle[{android.telecom.extra.SUPPORTS_VIDEO_CALLING_FALLBACK=true, android.telecom.extra.SORT_ORDER=1}] GroupId: ***] with handle: ComponentInfo{com.android.phone/com.android.services.telephony.TelephonyConnectionService}, ***, UserHandle{0}
05-01 19:44:03.865  2315  2315 I TelecomFramework: PstnIncomingCallNotifier: Registering: Handler (com.android.internal.telephony.GsmCdmaPhone) {bf0fd3e}
05-01 19:44:03.867  2315  2315 W TelecomFramework: AccountEntry: registerMmTelCapabilityCallback: registration failed, no ImsService available. Exception: CapabilityCallbackManager - MmTelFeature binder is dead. (code: 1)
05-01 19:44:03.905  2315  2315 I TelecomFramework: : onSubscriptionsChanged - update accounts
05-01 19:44:03.905  2315  2315 I TelecomFramework: PstnIncomingCallNotifier: Unregistering: Handler (com.android.internal.telephony.GsmCdmaPhone) {bf0fd3e}
05-01 19:44:03.911  2315  2315 I TelecomFramework: TelecomAccountRegistry: setupAccounts: Found 2 phones.  Attempting to register.
05-01 19:44:03.911  2315  2315 I TelecomFramework: TelecomAccountRegistry: setupAccounts: Phone with subscription id -1
05-01 19:44:03.911  2315  2315 I TelecomFramework: TelecomAccountRegistry: setupAccounts: Phone with subscription id 1
05-01 19:44:03.929  2315  2315 I TelecomFramework: AccountEntry: Registered phoneAccount: [[ ] PhoneAccount: ComponentInfo{com.android.phone/com.android.services.telephony.TelephonyConnectionService}, ***, UserHandle{0} Capabilities: SuppVideo CallProvider MultiUser PlaceEmerg SimSub  Audio Routes: BESW Schemes: tel voicemail  Extras: Bundle[{android.telecom.extra.SUPPORTS_VIDEO_CALLING_FALLBACK=true, android.telecom.extra.SORT_ORDER=1}] GroupId: ***] with handle: ComponentInfo{com.android.phone/com.android.services.telephony.TelephonyConnectionService}, ***, UserHandle{0}
05-01 19:44:03.929  2315  2315 I TelecomFramework: PstnIncomingCallNotifier: Registering: Handler (com.android.internal.telephony.GsmCdmaPhone) {bf0fd3e}
05-01 19:44:03.931  2315  2315 W TelecomFramework: AccountEntry: registerMmTelCapabilityCallback: registration failed, no ImsService available. Exception: CapabilityCallbackManager - MmTelFeature binder is dead. (code: 1)
05-01 19:44:03.932  2315  2315 I TelecomFramework: PstnPhoneCapabilitiesNotifier: handleVideoCapabilitesChanged. Video capability - false
05-01 19:44:03.947  2315  2315 I chatty  : uid=1001(radio) com.android.phone identical 155 lines
05-01 19:44:03.962  1212  1442 I chatty  : uid=1000(system) ActivityManager expire 4 lines
05-01 19:44:04.535  1212  1212 I chatty  : uid=1000 system_server expire 8 lines
05-01 19:44:05.522  2848  2848 F linker  : CANNOT LINK EXECUTABLE "/vendor/bin/qfp-daemon": library "android.hidl.base@1.0.so" not found
05-01 19:44:05.711  2864  2864 I imsrcsd : Uce Service HAL  is starting up...
05-01 19:44:05.711  2864  2864 I imsrcsd : getAndroidPropValue : vendor.ims.DATA_DAEMON_STATUS[1]
05-01 19:44:05.935  1212  2865 I chatty  : uid=1000 system_server expire 1 line
05-01 19:44:06.867  1212  2269 I chatty  : uid=1000(system) Binder:1212_6 expire 18 lines
05-01 19:44:07.287  2315  2315 I TelecomFramework: PstnPhoneCapabilitiesNotifier: handleVideoCapabilitesChanged. Video capability - false
05-01 19:44:07.470  2315  2315 I TelecomFramework: PstnPhoneCapabilitiesNotifier: handleVideoCapabilitesChanged. Video capability - false
05-01 19:44:07.478  2315  2315 I TelecomFramework: PstnPhoneCapabilitiesNotifier: handleVideoCapabilitesChanged. Video capability - false
05-01 19:44:07.479  2315  2315 I TelecomFramework: PstnPhoneCapabilitiesNotifier: handleVideoCapabilitesChanged. Video capability - false
05-01 19:44:07.488  2315  2315 W TelecomFramework: AccountEntry: registerMmTelCapabilityCallback: registration failed, no ImsService available. Exception: CapabilityCallbackManager - MmTelFeature binder is dead. (code: 1)
05-01 19:44:07.528  2315  2315 I TelecomFramework: PstnPhoneCapabilitiesNotifier: handleVideoCapabilitesChanged. Video capability - false
05-01 19:44:07.535  2315  2315 W TelecomFramework: AccountEntry: registerMmTelCapabilityCallback: registration failed, no ImsService available. Exception: CapabilityCallbackManager - MmTelFeature binder is dead. (code: 1)
05-01 19:44:07.568  2315  2315 I TelecomFramework: : onSubscriptionsChanged - update accounts
05-01 19:44:07.568  2315  2315 I TelecomFramework: PstnIncomingCallNotifier: Unregistering: Handler (com.android.internal.telephony.GsmCdmaPhone) {d179f9}
05-01 19:44:07.569  2315  2315 I TelecomFramework: PstnIncomingCallNotifier: Unregistering: Handler (com.android.internal.telephony.GsmCdmaPhone) {bf0fd3e}
05-01 19:44:07.571  2315  2315 I TelecomFramework: TelecomAccountRegistry: setupAccounts: Found 2 phones.  Attempting to register.
05-01 19:44:07.571  2315  2315 I TelecomFramework: TelecomAccountRegistry: setupAccounts: Phone with subscription id 2
05-01 19:44:07.587  2315  2315 I TelecomFramework: AccountEntry: Registered phoneAccount: [[ ] PhoneAccount: ComponentInfo{com.android.phone/com.android.services.telephony.TelephonyConnectionService}, ***, UserHandle{0} Capabilities: SuppVideo CallProvider MultiUser PlaceEmerg SimSub  Audio Routes: BESW Schemes: tel voicemail  Extras: Bundle[{android.telecom.extra.SUPPORTS_VIDEO_CALLING_FALLBACK=true, android.telecom.extra.SORT_ORDER=0}] GroupId: ***] with handle: ComponentInfo{com.android.phone/com.android.services.telephony.TelephonyConnectionService}, ***, UserHandle{0}
05-01 19:44:07.587  2315  2315 I TelecomFramework: PstnIncomingCallNotifier: Registering: Handler (com.android.internal.telephony.GsmCdmaPhone) {d179f9}
05-01 19:44:07.589  2315  2315 W TelecomFramework: AccountEntry: registerMmTelCapabilityCallback: registration failed, no ImsService available. Exception: CapabilityCallbackManager - MmTelFeature binder is dead. (code: 1)
05-01 19:44:07.589  2315  2315 I TelecomFramework: TelecomAccountRegistry: setupAccounts: Phone with subscription id 1
05-01 19:44:07.602  2315  2315 I TelecomFramework: AccountEntry: Registered phoneAccount: [[ ] PhoneAccount: ComponentInfo{com.android.phone/com.android.services.telephony.TelephonyConnectionService}, ***, UserHandle{0} Capabilities: SuppVideo CallProvider MultiUser PlaceEmerg SimSub  Audio Routes: BESW Schemes: tel voicemail  Extras: Bundle[{android.telecom.extra.SUPPORTS_VIDEO_CALLING_FALLBACK=true, android.telecom.extra.SORT_ORDER=1}] GroupId: ***] with handle: ComponentInfo{com.android.phone/com.android.services.telephony.TelephonyConnectionService}, ***, UserHandle{0}
05-01 19:44:07.602  2315  2315 I TelecomFramework: PstnIncomingCallNotifier: Registering: Handler (com.android.internal.telephony.GsmCdmaPhone) {bf0fd3e}
05-01 19:44:07.604  2315  2315 W TelecomFramework: AccountEntry: registerMmTelCapabilityCallback: registration failed, no ImsService available. Exception: CapabilityCallbackManager - MmTelFeature binder is dead. (code: 1)
