05-01 21:52:24.435 22966 22966 W utmethod.assis: resources.arsc in APK '/data/app/com.iflytek.inputmethod-g063HF8JOP7UgJc445FbVw==/base.apk' is compressed.
05-01 21:52:24.619 22966 22966 I MultiDex: VM with version 2.1.0 has multidex support
05-01 21:52:24.620 22966 22966 I MultiDex: Installing application
05-01 21:52:24.620 22966 22966 I MultiDex: VM has multidex support, MultiDex support library is disabled.
05-01 21:52:24.703  3943  4401 D MSF.C.NetConnTag: netRecv ssoSeq:-217854175 uin:*0533 cmd:-316037937 -217853735
05-01 21:52:24.708  4076  5401 D Q.msg.TroopMsgProxy: insertToList MessageRecord=friendUin:6810senderuin:2346,istroop:1,msgType:-1000,time:1588341145,shmsgseq:3421745
05-01 21:52:24.719   925  3029 W libperfmgr: Failed to write to node: /dev/stune/camera-daemon/schedtune.boost with value: 0, fd: -1
05-01 21:52:24.758 22669 22719 D NetworkSecurityConfig: Using Network Security Config from resource network_security_config debugBuild: false
05-01 21:52:24.833  1212  1875 W DevicePolicyManager: Package com.taobao.taobao (uid=10177, pid=22669) cannot access Device IDs
05-01 21:52:24.834  2315  2652 W TelephonyPermissions: reportAccessDeniedToReadIdentifiers:com.taobao.taobao:getDeviceId:isPreinstalled=false:isPrivApp=false
05-01 21:52:24.845 22669 22941 E Test    : ttid:1581596472120@taobao_android_9.6.1
05-01 21:52:24.918  1212  1875 W DevicePolicyManager: Package com.taobao.taobao (uid=10177, pid=22669) cannot access Device IDs
05-01 21:52:24.918  2315  2782 W TelephonyPermissions: reportAccessDeniedToReadIdentifiers:com.taobao.taobao:getDeviceId:isPreinstalled=false:isPrivApp=false
05-01 21:52:24.921  1212  1875 W DevicePolicyManager: Package com.taobao.taobao (uid=10177, pid=22669) cannot access Device IDs
05-01 21:52:24.921  2315  2652 W TelephonyPermissions: reportAccessDeniedToReadIdentifiers:com.taobao.taobao:getDeviceId:isPreinstalled=false:isPrivApp=false
05-01 21:52:25.099  1212  1875 W ActivityManager: Receiver with filter android.content.IntentFilter@7ae81e5 already registered for pid 22669, callerPackage is com.taobao.taobao
05-01 21:52:25.208  2315  2652 I LocationAccessPolicy: com.taobao.taobao is aware of fine but the app-ops permission is specifically denied.
05-01 21:52:25.215  2315  2652 I LocationAccessPolicy: com.taobao.taobao is aware of fine but the app-ops permission is specifically denied.
05-01 21:52:25.218  1212  3568 I WifiService: startScan uid=10177
05-01 21:52:25.220   925  3029 W libperfmgr: Failed to write to node: /dev/stune/camera-daemon/schedtune.boost with value: 0, fd: -1
05-01 21:52:25.221  1212  1875 E WifiService: Permission violation - getScanResults not allowed for uid=10177, packageName=com.taobao.taobao, reason=java.lang.SecurityException: UID 10177 has no location permission
05-01 21:52:25.222  1212  3568 E WifiService: Permission violation - startScan not allowed for uid=10177, packageName=com.taobao.taobao, reason=java.lang.SecurityException: UID 10177 has no location permission
05-01 21:52:25.224  1212  1875 E WifiService: Permission violation - getScanResults not allowed for uid=10177, packageName=com.taobao.taobao, reason=java.lang.SecurityException: UID 10177 has no location permission
05-01 21:52:25.228  1212  2270 I LocationAccessPolicy: com.taobao.taobao is aware of fine but the app-ops permission is specifically denied.
05-01 21:52:25.229  2315  2782 I LocationAccessPolicy: com.taobao.taobao is aware of fine but the app-ops permission is specifically denied.
05-01 21:52:25.231  2315  2652 I LocationAccessPolicy: com.taobao.taobao is aware of fine but the app-ops permission is specifically denied.
05-01 21:52:25.234  2315  2652 I LocationAccessPolicy: com.taobao.taobao is aware of fine but the app-ops permission is specifically denied.
05-01 21:52:25.235  1212  1875 I LocationAccessPolicy: com.taobao.taobao is aware of fine but the app-ops permission is specifically denied.
05-01 21:52:25.236  2315  2782 I LocationAccessPolicy: com.taobao.taobao is aware of fine but the app-ops permission is specifically denied.
05-01 21:52:25.299  3943  4401 D MSF.C.NetConnTag: netRecv ssoSeq:-377442472 uin:*0533 cmd:-316037937 -377442096
05-01 21:52:25.302  4076  5401 D Q.msg.TroopMsgProxy: insertToList MessageRecord=friendUin:0709senderuin:0726,istroop:1,msgType:-1000,time:1588341146,shmsgseq:2245481
05-01 21:52:25.442 22669 22931 E AssistantApplication: orange config changed AccessibilityTools
05-01 21:52:25.655  5181  5181 I adbd    : <unknown>: offline
05-01 21:52:25.668   895   895 I chatty  : uid=1002 bluetooth@1.0-s expire 3 lines
05-01 21:52:25.673   895  9528 I chatty  : uid=1002 bluetooth@1.0-s expire 11 lines
05-01 21:52:25.683 22669 22939 W m.taobao.taoba: Verification of void com.android.org.conscrypt.OpenSSLCipher$EVP_CIPHER$AES_BASE.checkSupportedPadding(com.android.org.conscrypt.OpenSSLCipher$Padding) took 552.417ms
05-01 21:52:25.715  2132  2132 W View    : couldn't find view with id 2131362088
05-01 21:52:25.720   925  3029 W libperfmgr: Failed to write to node: /dev/stune/camera-daemon/schedtune.boost with value: 0, fd: -1
05-01 21:52:25.836 22966 22966 D NetworkSecurityConfig: No Network Security Config specified, using platform default
05-01 21:52:25.936  3943  4401 D MSF.C.NetConnTag: netRecv ssoSeq:-244706298 uin:*0533 cmd:-316037937 -244705362
05-01 21:52:25.954 18966 18966 D ImWebSocketManager: ws ReceivedMsgEvent success url=wss://toutiao-frontier.snssdk.com/ws/v2?aid=1128&device_id=71518862789&access_key=e7f1ac5364b1311d5860cec05f970bc9&fpid=9&sdk_version=3&iid=3949076167269139&pl=0&ne=1&version_code=100800&_rticket=1588340669662&ac=wifi&aid=1128&app_name=aweme&app_type=normal&cdid=3b9c6716-90a0-49d3-9c9e-e47b38792054&channel=douyin_huitou_and64&device_brand=Android&device_id=71518862789&device_platform=android&device_type=Phh-Treble%20vanilla&dpi=454&host_abi=armeabi-v7a&iid=3949076167269139&is_background=0&language=zh&manifest_version_code=100801&mcc_mnc=46000&ne=1&openudid=0eed5015a17f297c&os_api=29&os_version=10&resolution=1080*1920&sid=4cca7b114b04c745000bcaa2293d4e51&ts=1588340669&update_version_code=10809900&version_code=100800&version_name=10.8.0
05-01 21:52:25.961  4076  5401 D Q.msg.TroopMsgProxy: insertToList MessageRecord=friendUin:8120senderuin:9454,istroop:1,msgType:-2000,time:1588341146,shmsgseq:802709
05-01 21:52:26.076  1212  3568 I ActivityManager: Killing 8329:com.android.cellbroadcastreceiver/u0a92 (adj 965): empty #17
05-01 21:52:26.193   831   831 I Zygote  : Process 8329 exited due to signal 9 (Killed)
05-01 21:52:26.213  1212  1443 I libprocessgroup: Successfully killed process cgroup uid 10092 pid 8329 in 135ms
05-01 21:52:26.221   925  3029 W libperfmgr: Failed to write to node: /dev/stune/camera-daemon/schedtune.boost with value: 0, fd: -1
05-01 21:52:26.332  9478  9478 I chatty  : uid=1002(bluetooth) com.android.bluetooth expire 2 lines
05-01 21:52:26.401  1212  3568 W DevicePolicyManager: Package com.taobao.taobao (uid=10177, pid=22669) cannot access Device IDs
05-01 21:52:26.402  2315  2782 W TelephonyPermissions: reportAccessDeniedToReadIdentifiers:com.taobao.taobao:getDeviceId:isPreinstalled=false:isPrivApp=false
05-01 21:52:26.473  1212  3568 W DevicePolicyManager: Package com.taobao.taobao (uid=10177, pid=22669) cannot access Device IDs
05-01 21:52:26.473  2315  2782 W TelephonyPermissions: reportAccessDeniedToReadIdentifiers:com.taobao.taobao:getDeviceId:isPreinstalled=false:isPrivApp=false
05-01 21:52:26.489  1212  1875 W DevicePolicyManager: Package com.taobao.taobao (uid=10177, pid=22669) cannot access Device IDs
05-01 21:52:26.490  2315  2782 W TelephonyPermissions: reportAccessDeniedToReadIdentifiers:com.taobao.taobao:getSubscriberId:isPreinstalled=false:isPrivApp=false
05-01 21:52:26.521  3943  4401 D MSF.C.NetConnTag: netRecv ssoSeq:-266158660 uin:*0533 cmd:-316037937 -266158284
05-01 21:52:26.528  4076  5401 D Q.msg.TroopMsgProxy: insertToList MessageRecord=friendUin:6988senderuin:1757,istroop:1,msgType:-1000,time:1588341147,shmsgseq:5550504
05-01 21:52:26.531  2132  2132 W View    : couldn't find view with id 2131362088
05-01 21:52:26.583  1212  2270 W DevicePolicyManager: Package com.taobao.taobao (uid=10177, pid=22669) cannot access Device IDs
05-01 21:52:26.585  2315  2782 W TelephonyPermissions: reportAccessDeniedToReadIdentifiers:com.taobao.taobao:getIccSerialNumber:isPreinstalled=false:isPrivApp=false
05-01 21:52:26.599  3943  4401 D MSF.C.NetConnTag: netRecv ssoSeq:-266158091 uin:*0533 cmd:-316037937 -266157707
05-01 21:52:26.605  4076  5401 D Q.msg.TroopMsgProxy: insertToList MessageRecord=friendUin:2526senderuin:3093,istroop:1,msgType:-1000,time:1588341147,shmsgseq:323783
05-01 21:52:26.721   925  3029 W libperfmgr: Failed to write to node: /dev/stune/camera-daemon/schedtune.boost with value: 0, fd: -1
05-01 21:52:26.913 22669 23019 W Settings: Setting airplane_mode_on has moved from android.provider.Settings.System to android.provider.Settings.Global, returning read-only value.
05-01 21:52:27.059  3943  4401 D MSF.C.NetConnTag: netRecv ssoSeq:-108218688 uin:*0533 cmd:-316037937 -108217880
05-01 21:52:27.064  4076  5401 D Q.msg.TroopMsgProxy: insertToList MessageRecord=friendUin:5929senderuin:8449,istroop:1,msgType:-1049,time:1588341147,shmsgseq:6004194
05-01 21:52:27.222   925  3029 W libperfmgr: Failed to write to node: /dev/stune/camera-daemon/schedtune.boost with value: 0, fd: -1
05-01 21:52:27.233  2132  2132 W View    : couldn't find view with id 2131362088
05-01 21:52:27.343  3943  4401 D MSF.C.NetConnTag: netRecv ssoSeq:-51237662 uin:*0533 cmd:-316037937 -51237222
05-01 21:52:27.347   895  9535 I chatty  : uid=1002(bluetooth) POSIX timer 4 expire 8 lines
05-01 21:52:27.348  4076  5401 D Q.msg.TroopMsgProxy: insertToList MessageRecord=friendUin:6810senderuin:2346,istroop:1,msgType:-1000,time:1588341148,shmsgseq:3421746
05-01 21:52:27.379   905   905 D WVCdm   : Instantiating CDM.
05-01 21:52:27.382   905   905 I WVCdm   : [cdm_engine.cpp(529):QueryStatus] CdmEngine::QueryStatus
05-01 21:52:27.384   905   905 I WVCdm   : [oemcrypto_adapter_dynamic.cpp(636):Initialize] Level 3 Build Info (v15): OEMCrypto Level3 Code 8159 Apr 18 2019 19:27:35
05-01 21:52:27.384   905 23034 I WVCdm   : [(0):] Level3 Library 8159 Apr 18 2019 19:27:35
05-01 21:52:27.427  1212  2270 W DevicePolicyManager: Package com.taobao.taobao (uid=10177, pid=22669) cannot access Device IDs
05-01 21:52:27.428  2315  2782 W TelephonyPermissions: reportAccessDeniedToReadIdentifiers:com.taobao.taobao:getDeviceId:isPreinstalled=false:isPrivApp=false
05-01 21:52:27.433   905   905 I WVCdm   : [oemcrypto_adapter_dynamic.cpp(650):Initialize] L3 Initialized. Trying L1.
05-01 21:52:27.434   905   905 W WVCdm   : [oemcrypto_adapter_dynamic.cpp(662):Initialize] Could not load liboemcrypto.so. Falling back to L3.  dlopen failed: library "liboemcrypto.so" not found
05-01 21:52:27.434   905   905 D WVCdm   : [crypto_session.cpp(646):Open] CryptoSession::Open: requested_security_level: Default
05-01 21:52:27.435   905   905 I WVCdm   : [usage_table_header.cpp(38):Init] UsageTableHeader::Init: security level: 3
05-01 21:52:27.436   905   905 I WVCdm   : [usage_table_header.cpp(70):Init] UsageTableHeader::Init: number of usage entries: 0
05-01 21:52:27.447   905   905 I WVCdm   : [(0):] L3 Terminate.
05-01 21:52:27.449  1113 12245 W MediaAnalyticsItem: Failed to record: [1:drm.vendor.Google.WidevineCDM:533:-1::0:-1:1:0:0:] [forcenew=0]
05-01 21:52:27.450  1113 12245 E PluginMetricsReporting: selfrecord() returned false. sessioId 533
05-01 21:52:27.457  1212  3568 W DevicePolicyManager: Package com.taobao.taobao (uid=10177, pid=22669) cannot access Device IDs
05-01 21:52:27.458  2315  2782 W TelephonyPermissions: reportAccessDeniedToReadIdentifiers:com.taobao.taobao:getSubscriberId:isPreinstalled=false:isPrivApp=false
05-01 21:52:27.498   895  9521 I chatty  : uid=1002(bluetooth) POSIX timer 0 expire 4 lines
05-01 21:52:27.537  1212  3568 W DevicePolicyManager: Package com.taobao.taobao (uid=10177, pid=22669) cannot access Device IDs
05-01 21:52:27.538  2315  2782 W TelephonyPermissions: reportAccessDeniedToReadIdentifiers:com.taobao.taobao:getDeviceId:isPreinstalled=false:isPrivApp=false
05-01 21:52:27.551  1212  3568 W DevicePolicyManager: Package com.taobao.taobao (uid=10177, pid=22669) cannot access Device IDs
05-01 21:52:27.551  2315  2782 W TelephonyPermissions: reportAccessDeniedToReadIdentifiers:com.taobao.taobao:getSubscriberId:isPreinstalled=false:isPrivApp=false
05-01 21:52:27.563  1212  3568 W DevicePolicyManager: Package com.taobao.taobao (uid=10177, pid=22669) cannot access Device IDs
05-01 21:52:27.563  2315  2782 W TelephonyPermissions: reportAccessDeniedToReadIdentifiers:com.taobao.taobao:getIccSerialNumber:isPreinstalled=false:isPrivApp=false
05-01 21:52:27.634  1212  3568 W ActivityManager: Unable to start service Intent { act=com.google.android.gms.ads.identifier.service.START pkg=com.google.android.gms } U=0: not found
05-01 21:52:27.723   925  3029 W libperfmgr: Failed to write to node: /dev/stune/camera-daemon/schedtune.boost with value: 0, fd: -1
05-01 21:52:27.742   905   905 D WVCdm   : Instantiating CDM.
05-01 21:52:27.746   905   905 I WVCdm   : [cdm_engine.cpp(529):QueryStatus] CdmEngine::QueryStatus
05-01 21:52:27.747   905   905 I WVCdm   : [oemcrypto_adapter_dynamic.cpp(636):Initialize] Level 3 Build Info (v15): OEMCrypto Level3 Code 8159 Apr 18 2019 19:27:35
05-01 21:52:27.748   905 23037 I WVCdm   : [(0):] Level3 Library 8159 Apr 18 2019 19:27:35
05-01 21:52:27.750  3943  4401 D MSF.C.NetConnTag: netRecv ssoSeq:-365890896 uin:*0533 cmd:-316037937 -365890520
05-01 21:52:27.753  4076  5401 D Q.msg.TroopMsgProxy: insertToList MessageRecord=friendUin:0709senderuin:3821,istroop:1,msgType:-1000,time:1588341148,shmsgseq:2245482
05-01 21:52:27.778   905   905 I WVCdm   : [oemcrypto_adapter_dynamic.cpp(650):Initialize] L3 Initialized. Trying L1.
05-01 21:52:27.780   905   905 W WVCdm   : [oemcrypto_adapter_dynamic.cpp(662):Initialize] Could not load liboemcrypto.so. Falling back to L3.  dlopen failed: library "liboemcrypto.so" not found
05-01 21:52:27.780   905   905 D WVCdm   : [crypto_session.cpp(646):Open] CryptoSession::Open: requested_security_level: Default
05-01 21:52:27.785   905   905 I WVCdm   : [usage_table_header.cpp(38):Init] UsageTableHeader::Init: security level: 3
05-01 21:52:27.794  2315  2652 I LocationAccessPolicy: com.taobao.taobao is aware of fine but the app-ops permission is specifically denied.
05-01 21:52:27.795  2315  2782 I LocationAccessPolicy: com.taobao.taobao is aware of fine but the app-ops permission is specifically denied.
05-01 21:52:27.806   905   905 I WVCdm   : [usage_table_header.cpp(70):Init] UsageTableHeader::Init: number of usage entries: 0
05-01 21:52:27.828  1212  2270 W DevicePolicyManager: Package com.taobao.taobao (uid=10177, pid=22669) cannot access Device IDs
05-01 21:52:27.829  2315  2782 W TelephonyPermissions: reportAccessDeniedToReadIdentifiers:com.taobao.taobao:getSubscriberId:isPreinstalled=false:isPrivApp=false
05-01 21:52:27.830   905   905 I WVCdm   : [(0):] L3 Terminate.
05-01 21:52:27.839 22669 22941 E lbs_GDLocation: 
05-01 21:52:27.883  1212  2270 W DevicePolicyManager: Package com.taobao.taobao (uid=10177, pid=22669) cannot access Device IDs
05-01 21:52:27.884  2315  2782 W TelephonyPermissions: reportAccessDeniedToReadIdentifiers:com.taobao.taobao:getSubscriberId:isPreinstalled=false:isPrivApp=false
05-01 21:52:27.924 22669 22941 E lbs_GDLocation: {"accuracy":0,"adCode":"","address":"","altitude":0,"aoiName":"","bearing":0,"bearingAccuracyDegrees":0,"buildingId":"","city":"","cityCode":"","complete":false,"country":"","description":"","district":"","elapsedRealtimeNanos":0,"elapsedRealtimeUncertaintyNanos":0,"errorCode":12,"errorInfo":" http://lbs.amap.com/api/android-location-sdk/guide/utilities/errorcode/,:WIFI,#1203","fixLastLocation":false,"floor":"","fromMockProvider":false,"gpsAccuracyStatus":-1,"latitude":0,"locationDetail":"WIFI,#1203","locationType":0,"longitude":0,"mock":false,"offset":true,"poiName":"","provider":"lbs","province":"","road":"","satellites":0,"speed":0,"speedAccuracyMetersPerSecond":0,"street":"","streetNum":"","time":0,"verticalAccuracyMeters":0}
05-01 21:52:27.967  2315  2782 I LocationAccessPolicy: com.taobao.taobao is aware of fine but the app-ops permission is specifically denied.
05-01 21:52:28.003  1212  2270 I LocationAccessPolicy: com.taobao.taobao is aware of fine but the app-ops permission is specifically denied.
05-01 21:52:28.029  1212  2270 E WifiService: Permission violation - getScanResults not allowed for uid=10177, packageName=com.taobao.taobao, reason=java.lang.SecurityException: UID 10177 has no location permission
05-01 21:52:28.035  2315  2782 I LocationAccessPolicy: com.taobao.taobao is aware of fine but the app-ops permission is specifically denied.
05-01 21:52:28.041  1212  3568 W ActivityManager: Background start not allowed: service Intent { act=com.taobao.activelocation.report.service.LOCATION_ERROR_ACTION pkg=com.taobao.taobao (has extras) } to com.taobao.taobao/com.taobao.activelocation.report.service.ActiveReportService from pid=22669 uid=10177 pkg=com.taobao.taobao startFg?=false
05-01 21:52:28.042 22669 22941 E lbs_LocationManager: ErrorReport
05-01 21:52:28.042 22669 22941 E lbs_LocationManager: java.lang.IllegalStateException: Not allowed to start service Intent { act=com.taobao.activelocation.report.service.LOCATION_ERROR_ACTION pkg=com.taobao.taobao (has extras) }: app is in background uid UidRecord{14c1577 u0a177 CEM  idle change:cached procs:2 seq(0,0,0)}
05-01 21:52:28.042 22669 22941 E lbs_LocationManager: 	at android.app.ContextImpl.startServiceCommon(ContextImpl.java:1616)
05-01 21:52:28.042 22669 22941 E lbs_LocationManager: 	at android.app.ContextImpl.startService(ContextImpl.java:1571)
05-01 21:52:28.042 22669 22941 E lbs_LocationManager: 	at android.content.ContextWrapper.startService(ContextWrapper.java:669)
05-01 21:52:28.042 22669 22941 E lbs_LocationManager: 	at tb.bki.a(Taobao:468)
05-01 21:52:28.042 22669 22941 E lbs_LocationManager: 	at tb.bki.a(Taobao:55)
05-01 21:52:28.042 22669 22941 E lbs_LocationManager: 	at tb.bki$1.handleMessage(Taobao:127)
05-01 21:52:28.042 22669 22941 E lbs_LocationManager: 	at android.os.Handler.dispatchMessage(Handler.java:107)
05-01 21:52:28.042 22669 22941 E lbs_LocationManager: 	at android.os.Looper.loop(Looper.java:214)
05-01 21:52:28.042 22669 22941 E lbs_LocationManager: 	at android.os.HandlerThread.run(HandlerThread.java:67)
05-01 21:52:28.045  2315  2782 I LocationAccessPolicy: com.taobao.taobao is aware of fine but the app-ops permission is specifically denied.
05-01 21:52:28.061  1113 12245 W MediaAnalyticsItem: Failed to record: [1:drm.vendor.Google.WidevineCDM:535:-1::0:-1:1:0:0:] [forcenew=0]
05-01 21:52:28.061  1113 12245 E PluginMetricsReporting: selfrecord() returned false. sessioId 535
05-01 21:52:28.103  1212  1875 W DevicePolicyManager: Package com.taobao.taobao (uid=10177, pid=22669) cannot access Device IDs
05-01 21:52:28.104  2315  2652 W TelephonyPermissions: reportAccessDeniedToReadIdentifiers:com.taobao.taobao:getSubscriberId:isPreinstalled=false:isPrivApp=false
05-01 21:52:28.119  1212  3568 W DevicePolicyManager: Package com.taobao.taobao (uid=10177, pid=22669) cannot access Device IDs
05-01 21:52:28.120  2315  2782 W TelephonyPermissions: reportAccessDeniedToReadIdentifiers:com.taobao.taobao:getDeviceId:isPreinstalled=false:isPrivApp=false
05-01 21:52:28.127  1212  3568 W DevicePolicyManager: Package com.taobao.taobao (uid=10177, pid=22669) cannot access Device IDs
05-01 21:52:28.129  2315  2652 W TelephonyPermissions: reportAccessDeniedToReadIdentifiers:com.taobao.taobao:getSubscriberId:isPreinstalled=false:isPrivApp=false
05-01 21:52:28.224   925  3029 W libperfmgr: Failed to write to node: /dev/stune/camera-daemon/schedtune.boost with value: 0, fd: -1
05-01 21:52:28.239  3943  4401 D MSF.C.NetConnTag: netRecv ssoSeq:-319668346 uin:*0533 cmd:-316037937 -319667882
05-01 21:52:28.242  4076  5401 D Q.msg.TroopMsgProxy: insertToList MessageRecord=friendUin:0709senderuin:0829,istroop:1,msgType:-1000,time:1588341149,shmsgseq:2245483
05-01 21:52:28.527 22966 22997 W utmethod.assis: Opening an oat file without a class loader. Are you using the deprecated DexFile APIs?
05-01 21:52:28.538 22966 22997 W utmethod.assis: resources.arsc in APK '/data/app/com.iflytek.inputmethod-g063HF8JOP7UgJc445FbVw==/base.apk' is compressed.
05-01 21:52:28.595  1212  3568 W ActivityManager: Permission Denial: opening provider com.android.providers.contacts.ContactsProvider2 from ProcessRecord{2d4d83f 22966:com.iflytek.inputmethod.assist/u14a147} (pid=22966, uid=1410147) requires android.permission.READ_CONTACTS or android.permission.WRITE_CONTACTS
05-01 21:52:28.725   925  3029 W libperfmgr: Failed to write to node: /dev/stune/camera-daemon/schedtune.boost with value: 0, fd: -1
05-01 21:52:28.733  2132  2132 W View    : couldn't find view with id 2131362088
05-01 21:52:28.755 22966 22983 W utmethod.assis: Opening an oat file without a class loader. Are you using the deprecated DexFile APIs?
05-01 21:52:28.764 22966 22983 W utmethod.assis: resources.arsc in APK '/data/app/com.iflytek.inputmethod-g063HF8JOP7UgJc445FbVw==/base.apk' is compressed.
05-01 21:52:28.927  1212  3568 W system_server: resources.arsc in APK '/data/app/com.iflytek.inputmethod-g063HF8JOP7UgJc445FbVw==/base.apk' is compressed.
05-01 21:52:29.035  3943  4401 D MSF.C.NetConnTag: netRecv ssoSeq:-367449996 uin:*0533 cmd:961141751 -367449492
05-01 21:52:29.040  3943  4379 D MSF.C.NetConnTag: pa ok: 54317
05-01 21:52:29.041  3943  4379 D MSF.C.NetConnTag: netSend ssoSeq:54317 uin:*0533 cmd:-183665717 54513
05-01 21:52:29.225   925  3029 W libperfmgr: Failed to write to node: /dev/stune/camera-daemon/schedtune.boost with value: 0, fd: -1
05-01 21:52:29.383  3943  4401 D MSF.C.NetConnTag: netRecv ssoSeq:-1832732212 uin:*0533 cmd:-316037937 -1832731804
05-01 21:52:29.392  4076  5401 D Q.msg.TroopMsgProxy: insertToList MessageRecord=friendUin:8707senderuin:4125,istroop:1,msgType:-1000,time:1588341150,shmsgseq:156620
05-01 21:52:29.619  3943  4401 D MSF.C.NetConnTag: netRecv ssoSeq:-73085414 uin:*0533 cmd:-316037937 -73085014
05-01 21:52:29.622  4076  5401 D Q.msg.TroopMsgProxy: insertToList MessageRecord=friendUin:0709senderuin:0829,istroop:1,msgType:-1000,time:1588341150,shmsgseq:2245484
05-01 21:52:29.700   832   832 D Zygote  : Forked child process 23050
05-01 21:52:29.705  1212  1442 I ActivityManager: Start proc 23050:com.taobao.taobao:channel/u0a177 for service {com.taobao.taobao/com.alibaba.analytics.AnalyticsService}
05-01 21:52:29.726   925  3029 W libperfmgr: Failed to write to node: /dev/stune/camera-daemon/schedtune.boost with value: 0, fd: -1
05-01 21:52:29.732 23050 23050 I Zygote  : seccomp disabled by setenforce 0
05-01 21:52:29.761 23050 23050 E .taobao:channe: Not starting debugger since process cannot load the jdwp agent.
05-01 21:52:29.846 18966 11789 I CZL_TINGLE: tingle : 32
05-01 21:52:29.847 18966 11789 I CZL_META: 
05-01 21:52:29.847 18966 11789 I CZL_META: [18966]    meta(1213)
05-01 21:52:29.917 23050 23050 I .taobao:channe: The ClassLoaderContext is a special shared library.
05-01 21:52:30.090 23050 23050 I .taobao:channe: The ClassLoaderContext is a special shared library.
05-01 21:52:30.135 22669 22669 E guzhan  : postEvent gnn  gmm
05-01 21:52:30.138 22669 22669 E guzhan  : postEvent gmm  gmm
05-01 21:52:30.138 22669 22669 E guzhan  : 
05-01 21:52:30.152 23050 23050 I .taobao:channe: The ClassLoaderContext is a special shared library.
05-01 21:52:30.184 23050 23050 W .taobao:channe: Insufficient pre-allocated space to mmap vdex.
05-01 21:52:30.222  2132  2132 W View    : couldn't find view with id 2131362088
05-01 21:52:30.227   925  3029 W libperfmgr: Failed to write to node: /dev/stune/camera-daemon/schedtune.boost with value: 0, fd: -1
05-01 21:52:30.518 23050 23050 E TBSpeed : init openBlackList, set openBlackList=DQuery
05-01 21:52:30.554  2315  2999 I LocationAccessPolicy: com.taobao.taobao is aware of fine but the app-ops permission is specifically denied.
05-01 21:52:30.611 23050 23050 E TaobaoApplication: sProcessName = [com.taobao.taobao:channel], sPackageName = [com.taobao.taobao]
05-01 21:52:30.629  1212  2269 W DevicePolicyManager: Package com.taobao.taobao (uid=10177, pid=22669) cannot access Device IDs
05-01 21:52:30.630  2315  2999 W TelephonyPermissions: reportAccessDeniedToReadIdentifiers:com.taobao.taobao:getDeviceId:isPreinstalled=false:isPrivApp=false
05-01 21:52:30.669  1212  2269 W DevicePolicyManager: Package com.taobao.taobao (uid=10177, pid=22669) cannot access Device IDs
05-01 21:52:30.670  2315  2999 W TelephonyPermissions: reportAccessDeniedToReadIdentifiers:com.taobao.taobao:getSubscriberId:isPreinstalled=false:isPrivApp=false
05-01 21:52:30.698  1212  2269 E WifiService: Permission violation - getScanResults not allowed for uid=10177, packageName=com.taobao.taobao, reason=java.lang.SecurityException: UID 10177 has no location permission
05-01 21:52:30.705  2315  2999 I LocationAccessPolicy: com.taobao.taobao is aware of fine but the app-ops permission is specifically denied.
05-01 21:52:30.722  1212  2269 W DevicePolicyManager: Package com.iflytek.inputmethod (uid=1410147, pid=22966) cannot access Device IDs
05-01 21:52:30.723  2315  2782 W TelephonyPermissions: reportAccessDeniedToReadIdentifiers:com.iflytek.inputmethod:getDeviceId:isPreinstalled=false:isPrivApp=false
05-01 21:52:30.727   925  3029 W libperfmgr: Failed to write to node: /dev/stune/camera-daemon/schedtune.boost with value: 0, fd: -1
05-01 21:52:30.743  1212  2269 W DevicePolicyManager: Package com.taobao.taobao (uid=10177, pid=22669) cannot access Device IDs
05-01 21:52:30.744  2315  2999 W TelephonyPermissions: reportAccessDeniedToReadIdentifiers:com.taobao.taobao:getDeviceId:isPreinstalled=false:isPrivApp=false
05-01 21:52:30.803  1212  2269 W DevicePolicyManager: Package com.taobao.taobao (uid=10177, pid=22669) cannot access Device IDs
05-01 21:52:30.803  2315  2999 W TelephonyPermissions: reportAccessDeniedToReadIdentifiers:com.taobao.taobao:getDeviceId:isPreinstalled=false:isPrivApp=false
05-01 21:52:30.824  1212  2269 W DevicePolicyManager: Package com.taobao.taobao (uid=10177, pid=22669) cannot access Device IDs
05-01 21:52:30.825  2315  2999 W TelephonyPermissions: reportAccessDeniedToReadIdentifiers:com.taobao.taobao:getSubscriberId:isPreinstalled=false:isPrivApp=false
05-01 21:52:30.847  2315  2999 I LocationAccessPolicy: com.taobao.taobao is aware of fine but the app-ops permission is specifically denied.
05-01 21:52:30.899  1212  2269 W DevicePolicyManager: Package com.taobao.taobao (uid=10177, pid=22669) cannot access Device IDs
05-01 21:52:30.900  2315  2999 W TelephonyPermissions: reportAccessDeniedToReadIdentifiers:com.taobao.taobao:getDeviceId:isPreinstalled=false:isPrivApp=false
05-01 21:52:30.944   830 23085 E ResolverController: No valid NAT64 prefix (112, <unspecified>/0)
05-01 21:52:31.042  3943  4401 D MSF.C.NetConnTag: netRecv ssoSeq:-287534335 uin:*0533 cmd:-316037937 -287533895
05-01 21:52:31.046  4076  5401 D Q.msg.TroopMsgProxy: insertToList MessageRecord=friendUin:8120senderuin:9137,istroop:1,msgType:-1000,time:1588341151,shmsgseq:802710
05-01 21:52:31.144 23050 23078 E MotuCrashSDK: try to find system trace file, but file not exist. 
05-01 21:52:31.228 23050 23050 E BundleInfoManager: generate info from generator
05-01 21:52:31.228   925  3029 W libperfmgr: Failed to write to node: /dev/stune/camera-daemon/schedtune.boost with value: 0, fd: -1
05-01 21:52:31.286  3943  4401 D MSF.C.NetConnTag: netRecv ssoSeq:-379016087 uin:*0533 cmd:-316037937 -379015631
05-01 21:52:31.290  4076  5401 D Q.msg.TroopMsgProxy: insertToList MessageRecord=friendUin:5929senderuin:4179,istroop:1,msgType:-1000,time:1588341152,shmsgseq:6004195
05-01 21:52:31.405 23050 23050 E ApplicationInvoker: successfully invoke start application com.taobao.tao.TaoApplication
05-01 21:52:31.729   925  3029 W libperfmgr: Failed to write to node: /dev/stune/camera-daemon/schedtune.boost with value: 0, fd: -1
05-01 21:52:31.749  2132  2132 W View    : couldn't find view with id 2131362088
05-01 21:52:31.911 22253 22253 E MD5     : loadso arm msfbootV2 resultCode=2883584
05-01 21:52:31.911 22253 22253 E MD5     : loadso msfbootV2 true resultCode=2883584 cost=8
05-01 21:52:31.920 22253 22253 I mqq     : [AppRuntime]ToolRuntimePeak (*0533) onDestroy
05-01 21:52:31.932 22253 22253 I Process : Sending signal. PID: 22253 SIG: 9
05-01 21:52:30.838  1212  2269 E WifiService: Permission violation - getScanResults not allowed for uid=10177, packageName=com.taobao.taobao, reason=java.lang.SecurityException: UID 10177 has no location permission
05-01 21:52:32.055  1212  2269 I ActivityManager: Process com.tencent.tim:peak (pid 22253) has died: cch+25 CEM 
05-01 21:52:32.065   832   832 I Zygote  : Process 22253 exited due to signal 9 (Killed)
05-01 21:52:32.078  1212  1443 I libprocessgroup: Successfully killed process cgroup uid 10151 pid 22253 in 21ms
05-01 21:52:32.173  1212  2269 W DevicePolicyManager: Package com.taobao.taobao (uid=10177, pid=22669) cannot access Device IDs
05-01 21:52:32.174  2315  2999 W TelephonyPermissions: reportAccessDeniedToReadIdentifiers:com.taobao.taobao:getDeviceId:isPreinstalled=false:isPrivApp=false
05-01 21:52:32.208  3943  4401 D MSF.C.NetConnTag: netRecv ssoSeq:-386821218 uin:*0533 cmd:-316037937 -386820842
05-01 21:52:32.211  4076  5401 D Q.msg.TroopMsgProxy: insertToList MessageRecord=friendUin:6988senderuin:1757,istroop:1,msgType:-1000,time:1588341153,shmsgseq:5550505
05-01 21:52:32.229   925  3029 W libperfmgr: Failed to write to node: /dev/stune/camera-daemon/schedtune.boost with value: 0, fd: -1
05-01 21:52:32.254   830 23104 E ResolverController: No valid NAT64 prefix (112, <unspecified>/0)
05-01 21:52:32.285  1212  2270 W DevicePolicyManager: Package com.taobao.taobao (uid=10177, pid=22669) cannot access Device IDs
05-01 21:52:32.287  2315  2999 W TelephonyPermissions: reportAccessDeniedToReadIdentifiers:com.taobao.taobao:getDeviceId:isPreinstalled=false:isPrivApp=false
05-01 21:52:32.299  1212  2270 W DevicePolicyManager: Package com.taobao.taobao (uid=10177, pid=22669) cannot access Device IDs
05-01 21:52:32.300  2315  2999 W TelephonyPermissions: reportAccessDeniedToReadIdentifiers:com.taobao.taobao:getSubscriberId:isPreinstalled=false:isPrivApp=false
05-01 21:52:32.406  1212  2270 I LocationAccessPolicy: com.taobao.taobao is aware of fine but the app-ops permission is specifically denied.
05-01 21:52:32.495  2315  2315 D ServiceStateProvider: subId=2
05-01 21:52:32.504  1212  6965 W DevicePolicyManager: Package com.taobao.taobao (uid=10177, pid=22669) cannot access Device IDs
05-01 21:52:32.505  2315  2999 W TelephonyPermissions: reportAccessDeniedToReadIdentifiers:com.taobao.taobao:getDeviceId:isPreinstalled=false:isPrivApp=false
05-01 21:52:32.512   831   831 D Zygote  : Forked child process 23118
05-01 21:52:32.523 23118 23118 I Zygote  : seccomp disabled by setenforce 0
05-01 21:52:32.527  1212  1442 I ActivityManager: Start proc 23118:com.android.cellbroadcastreceiver/u0a92 for broadcast {com.android.cellbroadcastreceiver/com.android.cellbroadcastreceiver.CellBroadcastReceiver}
05-01 21:52:32.545 23118 23118 E oadcastreceive: Not starting debugger since process cannot load the jdwp agent.
05-01 21:52:32.597  2132  2132 W View    : couldn't find view with id 2131362088
05-01 21:52:32.616 23118 23118 I oadcastreceive: The ClassLoaderContext is a special shared library.
05-01 21:52:32.637 23050 23050 E InstantPatcher: no patch
05-01 21:52:32.730   925  3029 W libperfmgr: Failed to write to node: /dev/stune/camera-daemon/schedtune.boost with value: 0, fd: -1
05-01 21:52:32.927   830 23141 E ResolverController: No valid NAT64 prefix (112, <unspecified>/0)
05-01 21:52:32.984 23118 23118 D CellBroadcastReceiver: onReceive Intent { act=android.intent.action.SERVICE_STATE flg=0x1000010 cmp=com.android.cellbroadcastreceiver/.CellBroadcastReceiver (has extras) }
05-01 21:52:33.064  8347  8347 D CellBroadcastReceiver: onReceive Intent { act=android.intent.action.SERVICE_STATE flg=0x1000010 cmp=com.android.cellbroadcastreceiver/.CellBroadcastReceiver (has extras) }
05-01 21:52:33.232   925  3029 W libperfmgr: Failed to write to node: /dev/stune/camera-daemon/schedtune.boost with value: 0, fd: -1
05-01 21:52:33.242  2132  2132 W View    : couldn't find view with id 2131362088
05-01 21:52:33.318   895   895 I chatty  : uid=1002 bluetooth@1.0-s expire 9 lines
05-01 21:52:33.418 23050 23050 W .taobao:channe: Accessing hidden field Landroid/app/servertransaction/LaunchActivityItem;->mReferrer:Ljava/lang/String; (greylist-max-o, reflection, denied)
05-01 21:52:33.524 23050 23146 E AVFSAdapterManager: - AVFSAdapterManager initialize: mInitialized=true
05-01 21:52:33.625 23050 23149 I WebViewFactory: Loading com.android.webview version 74.0.3729.186 (code 373018655)
05-01 21:52:33.709 23050 23149 I .taobao:channe: The ClassLoaderContext is a special shared library.
05-01 21:52:33.733   925  3029 W libperfmgr: Failed to write to node: /dev/stune/camera-daemon/schedtune.boost with value: 0, fd: -1
05-01 21:52:33.799  1212  6965 E DatabaseUtils: Writing exception to parcel
05-01 21:52:33.799  1212  6965 E DatabaseUtils: java.lang.SecurityException: com.taobao.taobao was not granted  this permission: android.permission.WRITE_SETTINGS.
05-01 21:52:33.799  1212  6965 E DatabaseUtils: 	at android.provider.Settings.isCallingPackageAllowedToPerformAppOpsProtectedOperation(Settings.java:17895)
05-01 21:52:33.799  1212  6965 E DatabaseUtils: 	at android.provider.Settings.checkAndNoteWriteSettingsOperation(Settings.java:17775)
05-01 21:52:33.799  1212  6965 E DatabaseUtils: 	at com.android.providers.settings.SettingsProvider.mutateSystemSetting(SettingsProvider.java:1701)
05-01 21:52:33.799  1212  6965 E DatabaseUtils: 	at com.android.providers.settings.SettingsProvider.insertSystemSetting(SettingsProvider.java:1676)
05-01 21:52:33.799  1212  6965 E DatabaseUtils: 	at com.android.providers.settings.SettingsProvider.call(SettingsProvider.java:442)
05-01 21:52:33.799  1212  6965 E DatabaseUtils: 	at android.content.ContentProvider.call(ContentProvider.java:2152)
05-01 21:52:33.799  1212  6965 E DatabaseUtils: 	at android.content.ContentProvider$Transport.call(ContentProvider.java:477)
05-01 21:52:33.799  1212  6965 E DatabaseUtils: 	at android.content.ContentProviderNative.onTransact(ContentProviderNative.java:277)
05-01 21:52:33.799  1212  6965 E DatabaseUtils: 	at android.os.Binder.execTransactInternal(Binder.java:1021)
05-01 21:52:33.799  1212  6965 E DatabaseUtils: 	at android.os.Binder.execTransact(Binder.java:994)
05-01 21:52:34.095 23050 23149 I cr_LibraryLoader: Time to load native libraries: 3 ms (timestamps 5145-5148)
05-01 21:52:34.166 23050 23165 E UTAnalytics: getDefaultTracker error,must call setRequestAuthentication method first
05-01 21:52:34.167 23050 23165 W System.err: java.lang.RuntimeException: getDefaultTracker error,must call setRequestAuthentication method first
05-01 21:52:34.167 23050 23165 W System.err: 	at com.ut.mini.UTAnalytics.getDefaultTracker(Taobao:441)
05-01 21:52:34.167 23050 23165 W System.err: 	at com.taobao.login4android.session.SessionManager.addStorageSidUT(Taobao:421)
05-01 21:52:34.167 23050 23165 W System.err: 	at com.taobao.login4android.session.SessionManager.getSid(Taobao:410)
05-01 21:52:34.167 23050 23165 W System.err: 	at com.taobao.login4android.session.SessionManager.initMemoryData(Taobao:283)
05-01 21:52:34.167 23050 23165 W System.err: 	at com.taobao.login4android.session.SessionManager.access$800(Taobao:52)
05-01 21:52:34.167 23050 23165 W System.err: 	at com.taobao.login4android.session.SessionManager$1.run(Taobao:211)
05-01 21:52:34.173 23050 23148 E UTAnalytics: getDefaultTracker error,must call setRequestAuthentication method first
05-01 21:52:34.173 23050 23148 W System.err: java.lang.RuntimeException: getDefaultTracker error,must call setRequestAuthentication method first
05-01 21:52:34.174 23050 23148 W System.err: 	at com.ut.mini.UTAnalytics.getDefaultTracker(Taobao:441)
05-01 21:52:34.174 23050 23148 W System.err: 	at com.taobao.login4android.session.SessionManager.addStorageSidUT(Taobao:421)
05-01 21:52:34.174 23050 23148 W System.err: 	at com.taobao.login4android.session.SessionManager.getSid(Taobao:410)
05-01 21:52:34.174 23050 23148 W System.err: 	at com.taobao.login4android.session.SessionManager.checkSessionValid(Taobao:369)
05-01 21:52:34.174 23050 23148 W System.err: 	at com.taobao.login4android.api.Login.checkSessionValid(Taobao:408)
05-01 21:52:34.174 23050 23148 W System.err: 	at com.taobao.android.launcher.common.a.a(Taobao:81)
05-01 21:52:34.174 23050 23148 W System.err: 	at com.taobao.android.launcher.biz.task.h.q_(Taobao:34)
05-01 21:52:34.174 23050 23148 W System.err: 	at com.taobao.android.launcher.biz.task.h.execute(Taobao:10)
05-01 21:52:34.174 23050 23148 W System.err: 	at com.taobao.android.launcher.impl.d.a(Taobao:55)
05-01 21:52:34.174 23050 23148 W System.err: 	at com.taobao.android.launcher.impl.d.execute(Taobao:20)
05-01 21:52:34.174 23050 23148 W System.err: 	at com.taobao.android.job.core.n$1.a(Taobao:64)
05-01 21:52:34.174 23050 23148 W System.err: 	at com.taobao.android.job.core.n$1.call(Taobao:57)
05-01 21:52:34.174 23050 23148 W System.err: 	at java.util.concurrent.FutureTask.run(FutureTask.java:266)
05-01 21:52:34.174 23050 23148 W System.err: 	at java.util.concurrent.Executors$RunnableAdapter.call(Executors.java:462)
05-01 21:52:34.175 23050 23148 W System.err: 	at java.util.concurrent.FutureTask.run(FutureTask.java:266)
05-01 21:52:34.175 23050 23148 W System.err: 	at java.util.concurrent.ThreadPoolExecutor.runWorker(ThreadPoolExecutor.java:1167)
05-01 21:52:34.175 23050 23148 W System.err: 	at java.util.concurrent.ThreadPoolExecutor$Worker.run(ThreadPoolExecutor.java:641)
05-01 21:52:34.175 23050 23148 W System.err: 	at java.lang.Thread.run(Thread.java:919)
05-01 21:52:34.216 23050 23148 E TBSpeed : :, speedSwitch=true, speedOpen=false, speedGray=false, blackList=DQuery
05-01 21:52:34.234   925  3029 W libperfmgr: Failed to write to node: /dev/stune/camera-daemon/schedtune.boost with value: 0, fd: -1
05-01 21:52:34.304 23050 23149 W chromium: [0501/215234.304286:WARNING:library_prefetcher.cc(328)] Code not ordered, madvise optimization skipped
05-01 21:52:34.318 23050 23154 E .taobao:channe: No implementation found for java.lang.Object com.alibaba.one.android.sdk.OneMain.playNative(int, int, int, java.lang.Object) (tried Java_com_alibaba_one_android_sdk_OneMain_playNative and Java_com_alibaba_one_android_sdk_OneMain_playNative__IIILjava_lang_Object_2)
05-01 21:52:34.318 23050 23154 E .taobao:channe: No implementation found for java.lang.Object com.alibaba.one.android.sdk.OneMain.playNative(int, int, int, java.lang.Object) (tried Java_com_alibaba_one_android_sdk_OneMain_playNative and Java_com_alibaba_one_android_sdk_OneMain_playNative__IIILjava_lang_Object_2)
05-01 21:52:34.325 23050 23149 I chromium: [INFO:library_loader_hooks.cc(50)] Chromium logging enabled: level = 0, default verbosity = 0
05-01 21:52:34.337 23050 23149 I cr_LibraryLoader: Expected native library version number "74.0.3729.186", actual native library version number "74.0.3729.186"
05-01 21:52:34.349 23050 23149 E anet.CookieManager:  CookieManager setup. cost:820
05-01 21:52:34.400 23050 23147 E anet.NetworkSdkSetting:  NetworkSdkSetting init
05-01 21:52:34.401 23050 23147 E awcn.GlobalAppRuntimeInfo:   CurrentProcess:com.taobao.taobao:channel TargetProcess:com.taobao.taobao
05-01 21:52:34.409  3943  4401 D MSF.C.NetConnTag: netRecv ssoSeq:-380875654 uin:*0533 cmd:-316037937 -380875254
05-01 21:52:34.425  4076  5401 D Q.msg.TroopMsgProxy: insertToList MessageRecord=friendUin:4497senderuin:6190,istroop:1,msgType:-1000,time:1588341155,shmsgseq:273554
05-01 21:52:34.436  3943  4401 D MSF.C.NetConnTag: netRecv ssoSeq:-154008682 uin:*0533 cmd:-316037937 -154008322
05-01 21:52:34.495  4076  5401 D Q.msg.TroopMsgProxy: insertToList MessageRecord=friendUin:0709senderuin:3821,istroop:1,msgType:-1000,time:1588341155,shmsgseq:2245485
05-01 21:52:34.553  1212  2270 D ConnectivityService: requestNetwork for uid/pid:10177/23050 NetworkRequest [ TRACK_DEFAULT id=279, [ Capabilities: INTERNET&NOT_RESTRICTED&TRUSTED Uid: 10177] ]
05-01 21:52:34.557  1212  1881 D WifiNetworkFactory: got request NetworkRequest [ TRACK_DEFAULT id=279, [ Capabilities: INTERNET&NOT_RESTRICTED&TRUSTED Uid: 10177] ] with score 60 and serial -1
05-01 21:52:34.557  1212  1881 D UntrustedWifiNetworkFactory: got request NetworkRequest [ TRACK_DEFAULT id=279, [ Capabilities: INTERNET&NOT_RESTRICTED&TRUSTED Uid: 10177] ] with score 60 and serial -1
05-01 21:52:34.559  1212  2104 D Ethernet: got request NetworkRequest [ TRACK_DEFAULT id=279, [ Capabilities: INTERNET&NOT_RESTRICTED&TRUSTED Uid: 10177] ] with score 60 and serial -1
05-01 21:52:34.559  2315  2315 D PhoneSwitcherNetworkRequstListener: got request NetworkRequest [ TRACK_DEFAULT id=279, [ Capabilities: INTERNET&NOT_RESTRICTED&TRUSTED Uid: 10177] ] with score 60 and serial -1
05-01 21:52:34.578  2132  2132 V KeyguardUpdateMonitor: onSubscriptionInfoChanged()
05-01 21:52:34.585  2132  2132 V KeyguardUpdateMonitor: SubInfo:{id=2, iccId=898602B30[****] simSlotIndex=0 carrierId=1437 displayName=CMCC carrierName=CMCC nameSource=1 iconTint=-13408298 mNumber=[****] dataRoaming=0 iconBitmap=android.graphics.Bitmap@8e7ae94 mcc 460 mnc 04mCountryIso=cn isEmbedded false nativeAccessRules null cardString=898602 cardId=-1 isOpportunistic false mGroupUUID=null mIsGroupDisabled=false profileClass=-1 ehplmns = [46000, 46007, 46002, 46008] hplmns = [46000, 46000, 46000] subscriptionType=0 mGroupOwner=null carrierConfigAccessRules=null}
05-01 21:52:34.586  2132  2132 V KeyguardUpdateMonitor: SubInfo:{id=1, iccId=898600991[****] simSlotIndex=1 carrierId=1435 displayName=CMCC carrierName=CMCC nameSource=1 iconTint=-16746133 mNumber=[****] dataRoaming=0 iconBitmap=android.graphics.Bitmap@c4e9d3d mcc 460 mnc 00mCountryIso=cn isEmbedded false nativeAccessRules null cardString=898600991[****] cardId=-1 isOpportunistic false mGroupUUID=null mIsGroupDisabled=false profileClass=-1 ehplmns = [46000, 46007, 46002, 46008] hplmns = [46000, 46000, 46000] subscriptionType=0 mGroupOwner=null carrierConfigAccessRules=null}
05-01 21:52:34.640  2132  2132 W View    : couldn't find view with id 2131362088
05-01 21:52:34.680  1212  6965 I ActivityManager: Killing 16072:com.taobao.idlefish/u0a194 (adj 975): empty #17
05-01 21:52:34.734   925  3029 W libperfmgr: Failed to write to node: /dev/stune/camera-daemon/schedtune.boost with value: 0, fd: -1
05-01 21:52:34.735  1212  6965 W ActivityManager: Unable to start service Intent { act=com.google.android.gms.ads.identifier.service.START pkg=com.google.android.gms } U=0: not found
05-01 21:52:34.762  3943  4401 D MSF.C.NetConnTag: netRecv ssoSeq:-240138842 uin:*0533 cmd:-316037937 -240137962
05-01 21:52:34.764  2132  2132 W View    : couldn't find view with id 2131362088
05-01 21:52:34.768  4076  5401 D Q.msg.TroopMsgProxy: insertToList MessageRecord=friendUin:4434senderuin:4737,istroop:1,msgType:-2000,time:1588341155,shmsgseq:1801
05-01 21:52:34.794   832   832 I Zygote  : Process 16072 exited due to signal 9 (Killed)
05-01 21:52:34.796  1212  2270 D ConnectivityService: ConnectivityService NetworkRequestInfo binderDied(NetworkRequest [ TRACK_DEFAULT id=259, [ Capabilities: INTERNET&NOT_RESTRICTED&TRUSTED Uid: 10194] ], android.os.BinderProxy@e456be4)
05-01 21:52:34.796  1212  1894 D ConnectivityService: releasing NetworkRequest [ TRACK_DEFAULT id=259, [ Capabilities: INTERNET&NOT_RESTRICTED&TRUSTED Uid: 10194] ] (release request)
05-01 21:52:34.800  1212  6468 W ActivityManager: Scheduling restart of crashed service com.taobao.idlefish/com.taobao.orange.service.OrangeApiService in 1000ms
05-01 21:52:34.800  1212  6468 W ActivityManager: Scheduling restart of crashed service com.taobao.idlefish/anetwork.channel.aidl.NetworkService in 11000ms
05-01 21:52:34.801  1212  6468 W ActivityManager: Scheduling restart of crashed service com.taobao.idlefish/mtopsdk.xstate.XStateService in 20999ms
05-01 21:52:34.809  2132  2132 V KeyguardUpdateMonitor: onSubscriptionInfoChanged()
05-01 21:52:34.809  1212  1443 I libprocessgroup: Successfully killed process cgroup uid 10194 pid 16072 in 127ms
05-01 21:52:34.812  2132  2132 V KeyguardUpdateMonitor: SubInfo:{id=2, iccId=898602B30[****] simSlotIndex=0 carrierId=1437 displayName=CMCC carrierName=CMCC nameSource=1 iconTint=-13408298 mNumber=[****] dataRoaming=0 iconBitmap=android.graphics.Bitmap@5d23c2c mcc 460 mnc 04mCountryIso=cn isEmbedded false nativeAccessRules null cardString=898602 cardId=-1 isOpportunistic false mGroupUUID=null mIsGroupDisabled=false profileClass=-1 ehplmns = [46000, 46007, 46002, 46008] hplmns = [46000, 46000, 46000] subscriptionType=0 mGroupOwner=null carrierConfigAccessRules=null}
05-01 21:52:34.812  2132  2132 V KeyguardUpdateMonitor: SubInfo:{id=1, iccId=898600991[****] simSlotIndex=1 carrierId=1435 displayName=CMCC carrierName=CMCC nameSource=1 iconTint=-16746133 mNumber=[****] dataRoaming=0 iconBitmap=android.graphics.Bitmap@ee136f5 mcc 460 mnc 00mCountryIso=cn isEmbedded false nativeAccessRules null cardString=898600991[****] cardId=-1 isOpportunistic false mGroupUUID=null mIsGroupDisabled=false profileClass=-1 ehplmns = [46000, 46007, 46002, 46008] hplmns = [46000, 46000, 46000] subscriptionType=0 mGroupOwner=null carrierConfigAccessRules=null}
05-01 21:52:34.814 18015 18015 I chatty  : uid=10194(u0_a194) com.taobao.idlefish:channel expire 3 lines
05-01 21:52:34.866  2132  2132 W View    : couldn't find view with id 2131362088
05-01 21:52:35.038 23050 23180 E TLogConfigSwitchReceiver: tlogDestroy is: falsetlogSwitch is : true  tlogLevel is : ERROR  tlogModule is : off
05-01 21:52:35.086 23050 23180 E TLogConfigSwitchReceiver: change tlog level : ERROR
05-01 21:52:35.089 23050 23180 E TLogConfigSwitchReceiver: tlog model : off
05-01 21:52:35.089 23050 23180 E TLogConfigSwitchReceiver: change tlog start up sampling : 10
05-01 21:52:35.236   925  3029 W libperfmgr: Failed to write to node: /dev/stune/camera-daemon/schedtune.boost with value: 0, fd: -1
05-01 21:52:35.311   905   905 D WVCdm   : Instantiating CDM.
05-01 21:52:35.315   905   905 I WVCdm   : [cdm_engine.cpp(529):QueryStatus] CdmEngine::QueryStatus
05-01 21:52:35.318   905   905 I WVCdm   : [oemcrypto_adapter_dynamic.cpp(636):Initialize] Level 3 Build Info (v15): OEMCrypto Level3 Code 8159 Apr 18 2019 19:27:35
05-01 21:52:35.319   905 23199 I WVCdm   : [(0):] Level3 Library 8159 Apr 18 2019 19:27:35
05-01 21:52:35.345   905   905 I WVCdm   : [oemcrypto_adapter_dynamic.cpp(650):Initialize] L3 Initialized. Trying L1.
05-01 21:52:35.346   905   905 W WVCdm   : [oemcrypto_adapter_dynamic.cpp(662):Initialize] Could not load liboemcrypto.so. Falling back to L3.  dlopen failed: library "liboemcrypto.so" not found
05-01 21:52:35.346   905   905 D WVCdm   : [crypto_session.cpp(646):Open] CryptoSession::Open: requested_security_level: Default
05-01 21:52:35.350   905   905 I WVCdm   : [usage_table_header.cpp(38):Init] UsageTableHeader::Init: security level: 3
05-01 21:52:35.351   905   905 I WVCdm   : [usage_table_header.cpp(70):Init] UsageTableHeader::Init: number of usage entries: 0
05-01 21:52:35.364   905   905 I WVCdm   : [(0):] L3 Terminate.
05-01 21:52:35.368  1113  5603 W MediaAnalyticsItem: Failed to record: [1:drm.vendor.Google.WidevineCDM:537:-1::0:-1:1:0:0:] [forcenew=0]
05-01 21:52:35.369  1113  5603 E PluginMetricsReporting: selfrecord() returned false. sessioId 537
05-01 21:52:35.417  1212  6965 W DevicePolicyManager: Package com.taobao.taobao (uid=10177, pid=23050) cannot access Device IDs
05-01 21:52:35.418  2315  2652 W TelephonyPermissions: reportAccessDeniedToReadIdentifiers:com.taobao.taobao:getDeviceId:isPreinstalled=false:isPrivApp=false
05-01 21:52:35.508  3943  4401 D MSF.C.NetConnTag: netRecv ssoSeq:-246950958 uin:*0533 cmd:-316037937 -246950534
05-01 21:52:35.515  4076  5401 D Q.msg.TroopMsgProxy: insertToList MessageRecord=friendUin:4434senderuin:4542,istroop:1,msgType:-1000,time:1588341156,shmsgseq:1802
05-01 21:52:35.579 23050 23177 W .taobao:channe: Verification of java.security.PublicKey com.android.org.conscrypt.OpenSSLRSAKeyFactory.engineGeneratePublic(java.security.spec.KeySpec) took 562.805ms
05-01 21:52:35.661  3943  4401 D MSF.C.NetConnTag: netRecv ssoSeq:-408475526 uin:*0533 cmd:-316037937 -408475134
05-01 21:52:35.666  4076  5401 D Q.msg.TroopMsgProxy: insertToList MessageRecord=friendUin:6988senderuin:6571,istroop:1,msgType:-1000,time:1588341156,shmsgseq:5550506
05-01 21:52:35.736   925  3029 W libperfmgr: Failed to write to node: /dev/stune/camera-daemon/schedtune.boost with value: 0, fd: -1
05-01 21:52:35.740 23050 23179 I .taobao:channe: Waiting for a blocking GC ClassLinker
05-01 21:52:35.865   905   905 D WVCdm   : Instantiating CDM.
05-01 21:52:35.867   905   905 I WVCdm   : [cdm_engine.cpp(529):QueryStatus] CdmEngine::QueryStatus
05-01 21:52:35.868   905   905 I WVCdm   : [oemcrypto_adapter_dynamic.cpp(636):Initialize] Level 3 Build Info (v15): OEMCrypto Level3 Code 8159 Apr 18 2019 19:27:35
05-01 21:52:35.868   905 23212 I WVCdm   : [(0):] Level3 Library 8159 Apr 18 2019 19:27:35
05-01 21:52:35.879   832   832 D Zygote  : Forked child process 23213
05-01 21:52:35.883  1212  1442 I ActivityManager: Start proc 23213:com.taobao.idlefish/u0a194 for service {com.taobao.idlefish/com.taobao.orange.service.OrangeApiService}
05-01 21:52:35.893   905   905 I WVCdm   : [oemcrypto_adapter_dynamic.cpp(650):Initialize] L3 Initialized. Trying L1.
