05-01 21:52:35.894   905   905 W WVCdm   : [oemcrypto_adapter_dynamic.cpp(662):Initialize] Could not load liboemcrypto.so. Falling back to L3.  dlopen failed: library "liboemcrypto.so" not found
05-01 21:52:35.894   905   905 D WVCdm   : [crypto_session.cpp(646):Open] CryptoSession::Open: requested_security_level: Default
05-01 21:52:35.895   905   905 I WVCdm   : [usage_table_header.cpp(38):Init] UsageTableHeader::Init: security level: 3
05-01 21:52:35.896   905   905 I WVCdm   : [usage_table_header.cpp(70):Init] UsageTableHeader::Init: number of usage entries: 0
05-01 21:52:35.904 23213 23213 I Zygote  : seccomp disabled by setenforce 0
05-01 21:52:35.906   905   905 I WVCdm   : [(0):] L3 Terminate.
05-01 21:52:35.908  1113  5603 W MediaAnalyticsItem: Failed to record: [1:drm.vendor.Google.WidevineCDM:539:-1:com.taobao.taobao:0:-1:1:0:0:] [forcenew=0]
05-01 21:52:35.908  1113  5603 E PluginMetricsReporting: selfrecord() returned false. sessioId 539
05-01 21:52:35.936 23213 23213 I chatty  : uid=10194(u0_a194) com.taobao.idlefish expire 78 lines
05-01 21:52:36.237   925  3029 W libperfmgr: Failed to write to node: /dev/stune/camera-daemon/schedtune.boost with value: 0, fd: -1
05-01 21:52:36.304  2132  2132 W View    : couldn't find view with id 2131362088
05-01 21:52:36.313   895  9528 I chatty  : uid=1002 bluetooth@1.0-s expire 20 lines
05-01 21:52:36.327  3943  4401 D MSF.C.NetConnTag: netRecv ssoSeq:-259435121 uin:*0533 cmd:-316037937 -259434761
05-01 21:52:36.332  4076  5401 D Q.msg.TroopMsgProxy: insertToList MessageRecord=friendUin:0709senderuin:3821,istroop:1,msgType:-1000,time:1588341157,shmsgseq:2245486
05-01 21:52:36.609  3943  4401 D MSF.C.NetConnTag: netRecv ssoSeq:-91217417 uin:*0533 cmd:961141751 -91216873
05-01 21:52:36.614  3943  4379 D MSF.C.NetConnTag: pa ok: 54318
05-01 21:52:36.615  3943  4379 D MSF.C.NetConnTag: netSend ssoSeq:54318 uin:*0533 cmd:-183665717 54514
05-01 21:52:36.695  3943  4401 D MSF.C.NetConnTag: netRecv ssoSeq:-408467973 uin:*0533 cmd:-316037937 -408467525
05-01 21:52:36.699  4076  5401 D Q.msg.TroopMsgProxy: insertToList MessageRecord=friendUin:6810senderuin:2346,istroop:1,msgType:-1000,time:1588341157,shmsgseq:3421747
05-01 21:52:36.739   925  3029 W libperfmgr: Failed to write to node: /dev/stune/camera-daemon/schedtune.boost with value: 0, fd: -1
05-01 21:52:36.806  4076  7875 I SmartThreadExecutor: handleMessage: start check 0
05-01 21:52:36.807  4076  7875 I SmartThreadExecutor: handleMessage: check end 0 -254 false
05-01 21:52:37.127 23050 23173 W .taobao:channe: Verification of void com.android.org.conscrypt.OpenSSLContextImpl.<init>() took 460.837ms
05-01 21:52:37.239   925  3029 W libperfmgr: Failed to write to node: /dev/stune/camera-daemon/schedtune.boost with value: 0, fd: -1
05-01 21:52:37.574 23050 23177 E tlog    : flush log in asyncInit Mode
05-01 21:52:37.616  3943  4401 D MSF.C.NetConnTag: netRecv ssoSeq:-418103684 uin:*0533 cmd:-316037937 -418103260
05-01 21:52:37.623  4076  5401 D Q.msg.TroopMsgProxy: insertToList MessageRecord=friendUin:7672senderuin:2763,istroop:1,msgType:-1000,time:1588341158,shmsgseq:986389
05-01 21:52:37.677 23213 23236 I chatty  : uid=10194(u0_a194) AsyncTask #1 expire 4 lines
05-01 21:52:37.718  3943  4401 D MSF.C.NetConnTag: netRecv ssoSeq:-246570883 uin:*0533 cmd:-316037937 -246570507
05-01 21:52:37.721  4076  5401 D Q.msg.TroopMsgProxy: insertToList MessageRecord=friendUin:8707senderuin:4125,istroop:1,msgType:-1000,time:1588341158,shmsgseq:156621
05-01 21:52:37.740   925  3029 W libperfmgr: Failed to write to node: /dev/stune/camera-daemon/schedtune.boost with value: 0, fd: -1
05-01 21:52:38.091 23213 23240 I chatty  : uid=10194(u0_a194) Blink-0 expire 37 lines
05-01 21:52:38.094 23213 23241 I chatty  : uid=10194(u0_a194) Blink-1 expire 49 lines
05-01 21:52:38.098 23213 23242 I chatty  : uid=10194(u0_a194) Blink-2 expire 93 lines
05-01 21:52:38.102 23213 23243 I chatty  : uid=10194(u0_a194) Blink-3 expire 24 lines
05-01 21:52:38.241   925  3029 W libperfmgr: Failed to write to node: /dev/stune/camera-daemon/schedtune.boost with value: 0, fd: -1
05-01 21:52:38.567  3943  4401 D MSF.C.NetConnTag: netRecv ssoSeq:-467159716 uin:*0533 cmd:-316037937 -467159364
05-01 21:52:38.578  4076  5401 D Q.msg.TroopMsgProxy: insertToList MessageRecord=friendUin:6929senderuin:5008,istroop:1,msgType:-1000,time:1588341159,shmsgseq:1034534
05-01 21:52:38.741   925  3029 W libperfmgr: Failed to write to node: /dev/stune/camera-daemon/schedtune.boost with value: 0, fd: -1
05-01 21:52:38.926 23050 23179 I .taobao:channe: Waiting for a blocking GC ClassLinker
05-01 21:52:38.957 23050 23173 W .taobao:channe: Verification of void com.android.org.conscrypt.AbstractSessionContext.setSessionCacheSize(int) took 1.270s
05-01 21:52:39.025 23050 23173 D NetworkSecurityConfig: Using Network Security Config from resource network_security_config debugBuild: false
05-01 21:52:39.242   925  3029 W libperfmgr: Failed to write to node: /dev/stune/camera-daemon/schedtune.boost with value: 0, fd: -1
05-01 21:52:39.323  2132  2132 W View    : couldn't find view with id 2131362088
05-01 21:52:39.426  3943  4401 D MSF.C.NetConnTag: netRecv ssoSeq:-254172557 uin:*0533 cmd:-316037937 -254172181
05-01 21:52:39.430  4076  5401 D Q.msg.TroopMsgProxy: insertToList MessageRecord=friendUin:4434senderuin:4737,istroop:1,msgType:-1000,time:1588341160,shmsgseq:1803
05-01 21:52:39.743   925  3029 W libperfmgr: Failed to write to node: /dev/stune/camera-daemon/schedtune.boost with value: 0, fd: -1
05-01 21:52:40.190 23213 23266 I chatty  : uid=10194(u0_a194) com.taobao.idlefish expire 7 lines
05-01 21:52:40.224 23213 23272 I chatty  : uid=10194(u0_a194) com.taobao.idlefish expire 2 lines
05-01 21:52:40.244   925  3029 W libperfmgr: Failed to write to node: /dev/stune/camera-daemon/schedtune.boost with value: 0, fd: -1
05-01 21:52:40.345  3943  4401 D MSF.C.NetConnTag: netRecv ssoSeq:-471218208 uin:*0533 cmd:-316037937 -471217752
05-01 21:52:40.349  4076  5401 D Q.msg.TroopMsgProxy: insertToList MessageRecord=friendUin:8120senderuin:9137,istroop:1,msgType:-1000,time:1588341161,shmsgseq:802711
05-01 21:52:40.362 23213 23270 I chatty  : uid=10194(u0_a194) com.taobao.idlefish expire 1 line
05-01 21:52:40.367 23213 23268 I chatty  : uid=10194(u0_a194) CrashReporter:0 expire 2 lines
05-01 21:52:40.446 23213 23281 I chatty  : uid=10194(u0_a194) Blink-2 expire 1 line
05-01 21:52:40.484 23213 23273 I chatty  : uid=10194(u0_a194) com.taobao.idlefish expire 16 lines
05-01 21:52:40.526 23213 23245 I chatty  : uid=10194(u0_a194) XThread-Imm-Exe expire 3 lines
05-01 21:52:40.745   925  3029 W libperfmgr: Failed to write to node: /dev/stune/camera-daemon/schedtune.boost with value: 0, fd: -1
05-01 21:52:40.757  3943  4401 D MSF.C.NetConnTag: netRecv ssoSeq:-430193905 uin:*0533 cmd:-316037937 -430193457
05-01 21:52:40.763  4076  5401 D Q.msg.TroopMsgProxy: insertToList MessageRecord=friendUin:0064senderuin:0164,istroop:1,msgType:-1000,time:1588341161,shmsgseq:539196
05-01 21:52:40.890 21038 21096 E MtaSDK  : 
05-01 21:52:40.890 21038 21096 E MtaSDK  : org.apache.http.conn.ConnectTimeoutException: Connect to /121.51.23.12:80 timed out
05-01 21:52:40.890 21038 21096 E MtaSDK  : 	at org.apache.http.conn.scheme.PlainSocketFactory.connectSocket(PlainSocketFactory.java:126)
05-01 21:52:40.890 21038 21096 E MtaSDK  : 	at org.apache.http.impl.conn.DefaultClientConnectionOperator.openConnection(DefaultClientConnectionOperator.java:149)
05-01 21:52:40.890 21038 21096 E MtaSDK  : 	at org.apache.http.impl.conn.AbstractPoolEntry.open(AbstractPoolEntry.java:170)
05-01 21:52:40.890 21038 21096 E MtaSDK  : 	at org.apache.http.impl.conn.AbstractPooledConnAdapter.open(AbstractPooledConnAdapter.java:124)
05-01 21:52:40.890 21038 21096 E MtaSDK  : 	at org.apache.http.impl.client.DefaultRequestDirector.execute(DefaultRequestDirector.java:366)
05-01 21:52:40.890 21038 21096 E MtaSDK  : 	at org.apache.http.impl.client.AbstractHttpClient.execute(AbstractHttpClient.java:560)
05-01 21:52:40.890 21038 21096 E MtaSDK  : 	at org.apache.http.impl.client.AbstractHttpClient.execute(AbstractHttpClient.java:492)
05-01 21:52:40.890 21038 21096 E MtaSDK  : 	at org.apache.http.impl.client.AbstractHttpClient.execute(AbstractHttpClient.java:470)
05-01 21:52:40.890 21038 21096 E MtaSDK  : 	at com.tencent.stat.g.a(Unknown Source:374)
05-01 21:52:40.890 21038 21096 E MtaSDK  : 	at com.tencent.stat.i.run(Unknown Source:6)
05-01 21:52:40.890 21038 21096 E MtaSDK  : 	at android.os.Handler.handleCallback(Handler.java:883)
05-01 21:52:40.890 21038 21096 E MtaSDK  : 	at android.os.Handler.dispatchMessage(Handler.java:100)
05-01 21:52:40.890 21038 21096 E MtaSDK  : 	at android.os.Looper.loop(Looper.java:214)
05-01 21:52:40.890 21038 21096 E MtaSDK  : 	at android.os.HandlerThread.run(HandlerThread.java:67)
05-01 21:52:41.064  3943  4401 D MSF.C.NetConnTag: netRecv ssoSeq:-393825691 uin:*0533 cmd:-316037937 -393825331
05-01 21:52:41.068  4076  5401 D Q.msg.TroopMsgProxy: insertToList MessageRecord=friendUin:6988senderuin:1757,istroop:1,msgType:-1000,time:1588341161,shmsgseq:5550507
05-01 21:52:41.210 23213 23290 I chatty  : uid=10194(u0_a194) ACCS0 expire 13 lines
05-01 21:52:41.245   925  3029 W libperfmgr: Failed to write to node: /dev/stune/camera-daemon/schedtune.boost with value: 0, fd: -1
05-01 21:52:41.253  1212 10073 W DevicePolicyManager: Package com.taobao.idlefish (uid=10194, pid=23213) cannot access Device IDs
05-01 21:52:41.254  2315  2714 W TelephonyPermissions: reportAccessDeniedToReadIdentifiers:com.taobao.idlefish:getDeviceId:isPreinstalled=false:isPrivApp=false
05-01 21:52:41.343  1212 10073 W DevicePolicyManager: Package com.taobao.idlefish (uid=10194, pid=23213) cannot access Device IDs
05-01 21:52:41.344  2315  2714 W TelephonyPermissions: reportAccessDeniedToReadIdentifiers:com.taobao.idlefish:getSubscriberId:isPreinstalled=false:isPrivApp=false
05-01 21:52:41.379 23213 23304 I chatty  : uid=10194(u0_a194) AWCN Scheduler1 expire 3 lines
05-01 21:52:41.388  1212 10073 D ConnectivityService: requestNetwork for uid/pid:10194/23213 NetworkRequest [ TRACK_DEFAULT id=280, [ Capabilities: INTERNET&NOT_RESTRICTED&TRUSTED Uid: 10194] ]
05-01 21:52:41.393  2315  2315 D PhoneSwitcherNetworkRequstListener: got request NetworkRequest [ TRACK_DEFAULT id=280, [ Capabilities: INTERNET&NOT_RESTRICTED&TRUSTED Uid: 10194] ] with score 60 and serial -1
05-01 21:52:41.398  1212  1881 D WifiNetworkFactory: got request NetworkRequest [ TRACK_DEFAULT id=280, [ Capabilities: INTERNET&NOT_RESTRICTED&TRUSTED Uid: 10194] ] with score 60 and serial -1
05-01 21:52:41.398  1212  1881 D UntrustedWifiNetworkFactory: got request NetworkRequest [ TRACK_DEFAULT id=280, [ Capabilities: INTERNET&NOT_RESTRICTED&TRUSTED Uid: 10194] ] with score 60 and serial -1
05-01 21:52:41.399  1212  2104 D Ethernet: got request NetworkRequest [ TRACK_DEFAULT id=280, [ Capabilities: INTERNET&NOT_RESTRICTED&TRUSTED Uid: 10194] ] with score 60 and serial -1
05-01 21:52:41.402 23213 23288 I chatty  : uid=10194(u0_a194) ConnectivityThr expire 1 line
05-01 21:52:41.403  2132  2132 V KeyguardUpdateMonitor: onSubscriptionInfoChanged()
05-01 21:52:41.409  2132  2132 V KeyguardUpdateMonitor: SubInfo:{id=2, iccId=898602B30[****] simSlotIndex=0 carrierId=1437 displayName=CMCC carrierName=CMCC nameSource=1 iconTint=-13408298 mNumber=[****] dataRoaming=0 iconBitmap=android.graphics.Bitmap@63cef18 mcc 460 mnc 04mCountryIso=cn isEmbedded false nativeAccessRules null cardString=898602 cardId=-1 isOpportunistic false mGroupUUID=null mIsGroupDisabled=false profileClass=-1 ehplmns = [46000, 46007, 46002, 46008] hplmns = [46000, 46000, 46000] subscriptionType=0 mGroupOwner=null carrierConfigAccessRules=null}
05-01 21:52:41.409  2132  2132 V KeyguardUpdateMonitor: SubInfo:{id=1, iccId=898600991[****] simSlotIndex=1 carrierId=1435 displayName=CMCC carrierName=CMCC nameSource=1 iconTint=-16746133 mNumber=[****] dataRoaming=0 iconBitmap=android.graphics.Bitmap@d5b4d71 mcc 460 mnc 00mCountryIso=cn isEmbedded false nativeAccessRules null cardString=898600991[****] cardId=-1 isOpportunistic false mGroupUUID=null mIsGroupDisabled=false profileClass=-1 ehplmns = [46000, 46007, 46002, 46008] hplmns = [46000, 46000, 46000] subscriptionType=0 mGroupOwner=null carrierConfigAccessRules=null}
05-01 21:52:41.417 23213 23308 I chatty  : uid=10194(u0_a194) com.taobao.idlefish expire 1 line
05-01 21:52:41.543  2132  2132 W View    : couldn't find view with id 2131362088
05-01 21:52:41.746   925  3029 W libperfmgr: Failed to write to node: /dev/stune/camera-daemon/schedtune.boost with value: 0, fd: -1
05-01 21:52:41.757  3943  4401 D MSF.C.NetConnTag: netRecv ssoSeq:-367355925 uin:*0533 cmd:961141751 -367355421
05-01 21:52:41.762  3943  4379 D MSF.C.NetConnTag: pa ok: 54319
05-01 21:52:41.763  3943  4379 D MSF.C.NetConnTag: netSend ssoSeq:54319 uin:*0533 cmd:-183665717 54515
05-01 21:52:41.983  3943  4401 D MSF.C.NetConnTag: netRecv ssoSeq:-251007320 uin:*0533 cmd:-316037937 -251006632
05-01 21:52:41.987  4076  5401 D Q.msg.TroopMsgProxy: insertToList MessageRecord=friendUin:5929senderuin:0578,istroop:1,msgType:-1049,time:1588341162,shmsgseq:6004196
05-01 21:52:42.046  3943  4401 D MSF.C.NetConnTag: netRecv ssoSeq:-251007302 uin:*0533 cmd:-316037937 -251006950
05-01 21:52:42.051  4076  5401 D Q.msg.TroopMsgProxy: insertToList MessageRecord=friendUin:6988senderuin:1757,istroop:1,msgType:-1000,time:1588341162,shmsgseq:5550508
05-01 21:52:42.154  1212  6965 W DevicePolicyManager: Package com.taobao.idlefish (uid=10194, pid=23213) cannot access Device IDs
05-01 21:52:42.155  2315  2652 W TelephonyPermissions: reportAccessDeniedToReadIdentifiers:com.taobao.idlefish:getDeviceId:isPreinstalled=false:isPrivApp=false
05-01 21:52:42.181  1212  6965 W DevicePolicyManager: Package com.taobao.idlefish (uid=10194, pid=23213) cannot access Device IDs
05-01 21:52:42.182  2315  2652 W TelephonyPermissions: reportAccessDeniedToReadIdentifiers:com.taobao.idlefish:getSubscriberId:isPreinstalled=false:isPrivApp=false
05-01 21:52:42.247   925  3029 W libperfmgr: Failed to write to node: /dev/stune/camera-daemon/schedtune.boost with value: 0, fd: -1
05-01 21:52:42.341  2132  2132 W View    : couldn't find view with id 2131362088
05-01 21:52:42.357 23213 23337 I chatty  : uid=10194(u0_a194) com.taobao.idlefish expire 36 lines
05-01 21:52:42.481 23213 23332 I chatty  : uid=10194(u0_a194) DeviceJudge expire 8 lines
05-01 21:52:42.748   925  3029 W libperfmgr: Failed to write to node: /dev/stune/camera-daemon/schedtune.boost with value: 0, fd: -1
05-01 21:52:43.057  3943  4401 D MSF.C.NetConnTag: netRecv ssoSeq:-504515586 uin:*0533 cmd:-316037937 -504515170
05-01 21:52:43.061  4076  5401 D Q.msg.TroopMsgProxy: insertToList MessageRecord=friendUin:0709senderuin:0829,istroop:1,msgType:-1000,time:1588341163,shmsgseq:2245487
05-01 21:52:43.125   830 23341 E ResolverController: No valid NAT64 prefix (112, <unspecified>/0)
05-01 21:52:43.125   830 23342 E ResolverController: No valid NAT64 prefix (112, <unspecified>/0)
05-01 21:52:43.248   925  3029 W libperfmgr: Failed to write to node: /dev/stune/camera-daemon/schedtune.boost with value: 0, fd: -1
05-01 21:52:43.324 23213 23343 I chatty  : uid=10194(u0_a194) UM_SDK_LINK_LOG expire 56 lines
05-01 21:52:43.324  1212  3574 W ActivityManager: Background start not allowed: service Intent { cmp=com.taobao.idlefish/com.taobao.process.interaction.service.RemoteCallService } to com.taobao.idlefish/com.taobao.process.interaction.service.RemoteCallService from pid=23213 uid=10194 pkg=com.taobao.idlefish startFg?=false
05-01 21:52:43.749   925  3029 W libperfmgr: Failed to write to node: /dev/stune/camera-daemon/schedtune.boost with value: 0, fd: -1
05-01 21:52:43.849  2132  2132 W View    : couldn't find view with id 2131362088
05-01 21:52:44.248 23213 23357 I chatty  : uid=10194(u0_a194) com.taobao.idlefish expire 6 lines
05-01 21:52:44.250   925  3029 W libperfmgr: Failed to write to node: /dev/stune/camera-daemon/schedtune.boost with value: 0, fd: -1
05-01 21:52:44.342  1212 10073 W DevicePolicyManager: Package com.taobao.idlefish (uid=10194, pid=23213) cannot access Device IDs
05-01 21:52:44.343  2315  2652 W TelephonyPermissions: reportAccessDeniedToReadIdentifiers:com.taobao.idlefish:getDeviceId:isPreinstalled=false:isPrivApp=false
05-01 21:52:44.358  3943  4401 D MSF.C.NetConnTag: netRecv ssoSeq:-263816209 uin:*0533 cmd:-316037937 -263815817
05-01 21:52:44.361  4076  5401 D Q.msg.TroopMsgProxy: insertToList MessageRecord=friendUin:0709senderuin:0829,istroop:1,msgType:-1000,time:1588341165,shmsgseq:2245488
05-01 21:52:44.413  1212 10073 W DevicePolicyManager: Package com.taobao.idlefish (uid=10194, pid=23213) cannot access Device IDs
05-01 21:52:44.414  2315  2652 W TelephonyPermissions: reportAccessDeniedToReadIdentifiers:com.taobao.idlefish:getDeviceId:isPreinstalled=false:isPrivApp=false
05-01 21:52:44.428  1212 10073 W DevicePolicyManager: Package com.taobao.idlefish (uid=10194, pid=23213) cannot access Device IDs
05-01 21:52:44.429  2315  2652 W TelephonyPermissions: reportAccessDeniedToReadIdentifiers:com.taobao.idlefish:getSubscriberId:isPreinstalled=false:isPrivApp=false
05-01 21:52:44.608  1212 10073 W DevicePolicyManager: Package com.taobao.idlefish (uid=10194, pid=23213) cannot access Device IDs
05-01 21:52:44.610  2315  2652 W TelephonyPermissions: reportAccessDeniedToReadIdentifiers:com.taobao.idlefish:getIccSerialNumber:isPreinstalled=false:isPrivApp=false
05-01 21:52:44.735 23213 23352 I chatty  : uid=10194(u0_a194) com.taobao.idlefish expire 1 line
05-01 21:52:44.750   925  3029 W libperfmgr: Failed to write to node: /dev/stune/camera-daemon/schedtune.boost with value: 0, fd: -1
05-01 21:52:44.978 23213 23363 I chatty  : uid=10194(u0_a194) com.taobao.idlefish expire 2 lines
05-01 21:52:45.251   925  3029 W libperfmgr: Failed to write to node: /dev/stune/camera-daemon/schedtune.boost with value: 0, fd: -1
05-01 21:52:45.264  3943  4401 D MSF.C.NetConnTag: netRecv ssoSeq:-477606431 uin:*0533 cmd:-316037937 -477605943
05-01 21:52:45.267  4076  5401 D Q.msg.TroopMsgProxy: insertToList MessageRecord=friendUin:5929senderuin:8449,istroop:1,msgType:-1000,time:1588341166,shmsgseq:6004197
05-01 21:52:45.315  1212 10073 W DevicePolicyManager: Package com.taobao.idlefish (uid=10194, pid=23213) cannot access Device IDs
05-01 21:52:45.315  2315  2652 W TelephonyPermissions: reportAccessDeniedToReadIdentifiers:com.taobao.idlefish:getDeviceId:isPreinstalled=false:isPrivApp=false
05-01 21:52:45.330  1212 10073 W DevicePolicyManager: Package com.taobao.idlefish (uid=10194, pid=23213) cannot access Device IDs
05-01 21:52:45.331  2315  2652 W TelephonyPermissions: reportAccessDeniedToReadIdentifiers:com.taobao.idlefish:getSubscriberId:isPreinstalled=false:isPrivApp=false
05-01 21:52:45.351  2132  2132 W View    : couldn't find view with id 2131362088
05-01 21:52:45.395 23213 23305 I chatty  : uid=10194(u0_a194) Bus id : 5 name expire 4 lines
05-01 21:52:45.490 23213 23369 I chatty  : uid=10194(u0_a194) APM-FulltraceDu expire 5 lines
05-01 21:52:45.751   925  3029 W libperfmgr: Failed to write to node: /dev/stune/camera-daemon/schedtune.boost with value: 0, fd: -1
05-01 21:52:45.874  3943  4401 D MSF.C.NetConnTag: netRecv ssoSeq:-78608380 uin:*0533 cmd:-316037937 -78607996
05-01 21:52:45.883  4076  5401 D Q.msg.TroopMsgProxy: insertToList MessageRecord=friendUin:6748senderuin:4678,istroop:1,msgType:-1000,time:1588341166,shmsgseq:1219347
05-01 21:52:46.182  3943  4401 D MSF.C.NetConnTag: netRecv ssoSeq:-85016018 uin:*0533 cmd:-316037937 -85015442
05-01 21:52:46.193  4076  5401 D Q.msg.TroopMsgProxy: insertToList MessageRecord=friendUin:1517senderuin:9763,istroop:1,msgType:-1049,time:1588341166,shmsgseq:812862
05-01 21:52:46.252   925  3029 W libperfmgr: Failed to write to node: /dev/stune/camera-daemon/schedtune.boost with value: 0, fd: -1
05-01 21:52:46.528  2132  2132 W View    : couldn't find view with id 2131362088
05-01 21:52:46.753   925  3029 W libperfmgr: Failed to write to node: /dev/stune/camera-daemon/schedtune.boost with value: 0, fd: -1
05-01 21:52:46.867  2132  2132 W View    : couldn't find view with id 2131362088
05-01 21:52:46.997 23213 23375 I chatty  : uid=10194(u0_a194) Telescope_Main_ expire 8 lines
05-01 21:52:47.029 23213 23373 I chatty  : uid=10194(u0_a194) Telescope_Repor expire 1 line
05-01 21:52:47.227 23213 23381 I chatty  : uid=10194(u0_a194) tlog_pull_msg expire 1 line
05-01 21:52:47.254   925  3029 W libperfmgr: Failed to write to node: /dev/stune/camera-daemon/schedtune.boost with value: 0, fd: -1
05-01 21:52:47.366   895  9535 I chatty  : uid=1002(bluetooth) POSIX timer 4 expire 2 lines
05-01 21:52:47.518   895  9521 I chatty  : uid=1002(bluetooth) POSIX timer 0 expire 1 line
05-01 21:52:47.755   925  3029 W libperfmgr: Failed to write to node: /dev/stune/camera-daemon/schedtune.boost with value: 0, fd: -1
05-01 21:52:48.255   925  3029 W libperfmgr: Failed to write to node: /dev/stune/camera-daemon/schedtune.boost with value: 0, fd: -1
05-01 21:52:48.377  2132  2132 W View    : couldn't find view with id 2131362088
05-01 21:52:48.756   925  3029 W libperfmgr: Failed to write to node: /dev/stune/camera-daemon/schedtune.boost with value: 0, fd: -1
05-01 21:52:48.762 23050 23173 W .taobao:channe: Verification of void android.security.net.config.ResourceCertificateSource.ensureInitialized() took 215.884ms
05-01 21:52:48.770 23050 23179 I .taobao:channe: Waiting for a blocking GC ClassLinker
05-01 21:52:49.049  3943  4401 D MSF.C.NetConnTag: netRecv ssoSeq:-254664365 uin:*0533 cmd:-316037937 -254663989
05-01 21:52:49.056  4076  5401 D Q.msg.TroopMsgProxy: insertToList MessageRecord=friendUin:1517senderuin:3441,istroop:1,msgType:-1000,time:1588341169,shmsgseq:812863
05-01 21:52:49.257   925  3029 W libperfmgr: Failed to write to node: /dev/stune/camera-daemon/schedtune.boost with value: 0, fd: -1
05-01 21:52:49.747 23050 23062 W .taobao:channe: Suspending all threads took: 977.397ms
05-01 21:52:49.749 23050 23179 I .taobao:channe: WaitForGcToComplete blocked ClassLinker on HeapTrim for 14.008s
05-01 21:52:49.757   925  3029 W libperfmgr: Failed to write to node: /dev/stune/camera-daemon/schedtune.boost with value: 0, fd: -1
05-01 21:52:49.808  3943  4401 D MSF.C.NetConnTag: netRecv ssoSeq:-273842643 uin:*0533 cmd:-316037937 -273842251
05-01 21:52:49.814  4076  5401 D Q.msg.TroopMsgProxy: insertToList MessageRecord=friendUin:7672senderuin:1704,istroop:1,msgType:-1000,time:1588341170,shmsgseq:986390
05-01 21:52:49.819   830 23397 E ResolverController: No valid NAT64 prefix (112, <unspecified>/0)
05-01 21:52:49.910  2132  2132 W View    : couldn't find view with id 2131362088
05-01 21:52:49.969  3943  4401 D MSF.C.NetConnTag: netRecv ssoSeq:-387375605 uin:*0533 cmd:-316037937 -387375213
05-01 21:52:49.973  4076  5401 D Q.msg.TroopMsgProxy: insertToList MessageRecord=friendUin:4434senderuin:9108,istroop:1,msgType:-1000,time:1588341170,shmsgseq:1804
05-01 21:52:50.092 23213 23316 I chatty  : uid=10194(u0_a194) pool-1-thread-1 expire 1 line
05-01 21:52:50.114  1212  6288 W DevicePolicyManager: Package com.taobao.idlefish (uid=10194, pid=23213) cannot access Device IDs
05-01 21:52:50.116  2315  2652 W TelephonyPermissions: reportAccessDeniedToReadIdentifiers:com.taobao.idlefish:getSubscriberId:isPreinstalled=false:isPrivApp=false
05-01 21:52:50.149 23213 23243 I chatty  : uid=10194(u0_a194) Blink-3 expire 18 lines
05-01 21:52:50.182 23213 23400 I chatty  : uid=10194(u0_a194) com.taobao.idlefish expire 1 line
05-01 21:52:50.191 23213 23307 I chatty  : uid=10194(u0_a194) Bus id : 7 name expire 2 lines
05-01 21:52:50.223 23213 23407 I chatty  : uid=10194(u0_a194) com.taobao.idlefish expire 14 lines
05-01 21:52:50.258 23213 23409 I chatty  : uid=10194(u0_a194) push_client_thr expire 79 lines
05-01 21:52:50.258   925  3029 W libperfmgr: Failed to write to node: /dev/stune/camera-daemon/schedtune.boost with value: 0, fd: -1
05-01 21:52:50.274  1212  6288 W DevicePolicyManager: Package com.taobao.idlefish (uid=10194, pid=23213) cannot access Device IDs
05-01 21:52:50.275  2315  2652 W TelephonyPermissions: reportAccessDeniedToReadIdentifiers:com.taobao.idlefish:getDeviceId:isPreinstalled=false:isPrivApp=false
05-01 21:52:50.283 23213 23299 I chatty  : uid=10194(u0_a194) spdy-0 expire 158 lines
05-01 21:52:50.329 23213 23412 I chatty  : uid=10194(u0_a194) pool-2-thread-1 expire 11 lines
05-01 21:52:50.331  1212  3574 W ActivityManager: Background start not allowed: service Intent { act=com.taobao.accs.intent.action.RECEIVE pkg=com.taobao.idlefish cmp=com.taobao.idlefish/com.taobao.accs.data.MsgDistributeService (has extras) } to com.taobao.idlefish/com.taobao.accs.data.MsgDistributeService from pid=23213 uid=10194 pkg=com.taobao.idlefish startFg?=false
05-01 21:52:50.472  1212  3574 E DatabaseUtils: Writing exception to parcel
05-01 21:52:50.472  1212  3574 E DatabaseUtils: java.lang.SecurityException: com.taobao.taobao was not granted  this permission: android.permission.WRITE_SETTINGS.
05-01 21:52:50.472  1212  3574 E DatabaseUtils: 	at android.provider.Settings.isCallingPackageAllowedToPerformAppOpsProtectedOperation(Settings.java:17895)
05-01 21:52:50.472  1212  3574 E DatabaseUtils: 	at android.provider.Settings.checkAndNoteWriteSettingsOperation(Settings.java:17775)
05-01 21:52:50.472  1212  3574 E DatabaseUtils: 	at com.android.providers.settings.SettingsProvider.mutateSystemSetting(SettingsProvider.java:1701)
05-01 21:52:50.472  1212  3574 E DatabaseUtils: 	at com.android.providers.settings.SettingsProvider.insertSystemSetting(SettingsProvider.java:1676)
05-01 21:52:50.472  1212  3574 E DatabaseUtils: 	at com.android.providers.settings.SettingsProvider.call(SettingsProvider.java:442)
05-01 21:52:50.472  1212  3574 E DatabaseUtils: 	at android.content.ContentProvider.call(ContentProvider.java:2152)
05-01 21:52:50.472  1212  3574 E DatabaseUtils: 	at android.content.ContentProvider$Transport.call(ContentProvider.java:477)
05-01 21:52:50.472  1212  3574 E DatabaseUtils: 	at android.content.ContentProviderNative.onTransact(ContentProviderNative.java:277)
05-01 21:52:50.472  1212  3574 E DatabaseUtils: 	at android.os.Binder.execTransactInternal(Binder.java:1021)
05-01 21:52:50.472  1212  3574 E DatabaseUtils: 	at android.os.Binder.execTransact(Binder.java:994)
05-01 21:52:50.473  1212  3574 W DevicePolicyManager: Package com.taobao.idlefish (uid=10194, pid=23213) cannot access Device IDs
05-01 21:52:50.473  2315  2652 W TelephonyPermissions: reportAccessDeniedToReadIdentifiers:com.taobao.idlefish:getDeviceId:isPreinstalled=false:isPrivApp=false
05-01 21:52:50.482  1212  3574 W DevicePolicyManager: Package com.taobao.idlefish (uid=10194, pid=23213) cannot access Device IDs
05-01 21:52:50.483  2315  2652 W TelephonyPermissions: reportAccessDeniedToReadIdentifiers:com.taobao.idlefish:getSubscriberId:isPreinstalled=false:isPrivApp=false
05-01 21:52:50.499 23213 23393 I chatty  : uid=10194(u0_a194) com.taobao.idlefish expire 6 lines
05-01 21:52:50.509 23213 23406 I chatty  : uid=10194(u0_a194) com.taobao.idlefish expire 1 line
05-01 21:52:50.539   830 23417 E ResolverController: No valid NAT64 prefix (112, <unspecified>/0)
05-01 21:52:50.759   925  3029 W libperfmgr: Failed to write to node: /dev/stune/camera-daemon/schedtune.boost with value: 0, fd: -1
05-01 21:52:50.802   830 23422 E ResolverController: No valid NAT64 prefix (112, <unspecified>/0)
05-01 21:52:50.866 23213 23213 I chatty  : uid=10194(u0_a194) com.taobao.idlefish expire 42 lines
05-01 21:52:50.918  3943  4401 D MSF.C.NetConnTag: netRecv ssoSeq:-83313539 uin:*0533 cmd:-316037937 -83313163
05-01 21:52:50.922  4076  5401 D Q.msg.TroopMsgProxy: insertToList MessageRecord=friendUin:1517senderuin:9763,istroop:1,msgType:-1000,time:1588341171,shmsgseq:812864
05-01 21:52:51.025 23050 23179 W .taobao:channe: Verification of void com.alibaba.wireless.security.avmpplugin.b.a(java.util.HashMap, com.alibaba.wireless.security.avmpplugin.SecurityGuardAVMPPlugin) took 241.961ms
05-01 21:52:51.091  3943  4401 D MSF.C.NetConnTag: netRecv ssoSeq:-266017975 uin:*0533 cmd:-316037937 -266017095
05-01 21:52:51.104  4076  5401 D Q.msg.TroopMsgProxy: insertToList MessageRecord=friendUin:1517senderuin:3441,istroop:1,msgType:-2000,time:1588341171,shmsgseq:812865
05-01 21:52:51.260   925  3029 W libperfmgr: Failed to write to node: /dev/stune/camera-daemon/schedtune.boost with value: 0, fd: -1
05-01 21:52:51.398  2132  2132 W View    : couldn't find view with id 2131362088
05-01 21:52:51.404  3943  4401 D MSF.C.NetConnTag: netRecv ssoSeq:-254088537 uin:*0533 cmd:-316037937 -254087681
05-01 21:52:51.429  4076  5401 D Q.msg.TroopMsgProxy: insertToList MessageRecord=friendUin:9074senderuin:4275,istroop:1,msgType:-2000,time:1588341172,shmsgseq:24692
05-01 21:52:51.501  4076 23429 D ProxyIpManagerImpl: Load local proxy ip failed, uin:*0533 type: 3 reason: not mobile network!
05-01 21:52:51.503  4076 23429 D TicketManager: get ticket succ, stKey!
05-01 21:52:51.504  4076 23429 D TicketManager: get ticket succ, st!
05-01 21:52:51.645  1212  6288 I ActivityManager: Killing 18439:com.huati:f_system_server/u0a181 (adj 975): empty #17
05-01 21:52:51.703  4076  9166 I T.Q.richmedia.grp.thu.PicDecoder: id:6821873385773187892 HeaderDec : result: succ, mBodyLen=1974,mSeed=f28c7aa6ccb21e31aaca09893104a9b77cc76430067d2a33ffbc005848c459e8,MD5:d6db35f3149d539bfb7885a751e8831d
05-01 21:52:51.703  4076  9166 I T.Q.richmedia.grp.thu.PicDecoder: id:6821873385773187892 XOR : len=1973
05-01 21:52:51.703  4076  9166 I T.Q.richmedia.grp.thu.PicDecoder: id:6821873385773187892 CheckAndLog : hex:ffd8ffe000104a46494600010101004800480000
05-01 21:52:51.760   925  3029 W libperfmgr: Failed to write to node: /dev/stune/camera-daemon/schedtune.boost with value: 0, fd: -1
05-01 21:52:52.247 23213 23380 I chatty  : uid=10194(u0_a194) com.taobao.idlefish expire 3 lines
05-01 21:52:52.261   925  3029 W libperfmgr: Failed to write to node: /dev/stune/camera-daemon/schedtune.boost with value: 0, fd: -1
05-01 21:52:52.308  3943  4401 D MSF.C.NetConnTag: netRecv ssoSeq:-333023728 uin:*0533 cmd:-316037937 -333023296
05-01 21:52:52.314  4076  5401 D Q.msg.TroopMsgProxy: insertToList MessageRecord=friendUin:0064senderuin:7764,istroop:1,msgType:-1000,time:1588341173,shmsgseq:539197
05-01 21:52:52.357  3943  4401 D MSF.C.NetConnTag: netRecv ssoSeq:-91100219 uin:*0533 cmd:-316037937 -91099835
05-01 21:52:52.362  4076  5401 D Q.msg.TroopMsgProxy: insertToList MessageRecord=friendUin:6289senderuin:8103,istroop:1,msgType:-1000,time:1588341173,shmsgseq:584859
05-01 21:52:52.457  1212  1426 W Looper  : Slow dispatch took 808ms android.ui h=com.android.server.am.ActivityManagerService$UiHandler c=null m=53
05-01 21:52:52.545  1212  1443 E libprocessgroup: Failed to kill process cgroup uid 10181 pid 18439 in 897ms, 1 processes remain
05-01 21:52:52.589   832   832 I Zygote  : Process 18439 exited due to signal 9 (Killed)
05-01 21:52:52.595  3943  4401 D MSF.C.NetConnTag: netRecv ssoSeq:-475021164 uin:*0533 cmd:-316037937 -475020780
05-01 21:52:52.599  4076  5401 D Q.msg.TroopMsgProxy: insertToList MessageRecord=friendUin:6988senderuin:1757,istroop:1,msgType:-1000,time:1588341173,shmsgseq:5550509
05-01 21:52:52.653   830 23446 E ResolverController: No valid NAT64 prefix (112, <unspecified>/0)
05-01 21:52:52.656  3943  4379 D MSF.C.NetConnTag: pa ok: 54327
05-01 21:52:52.656  3943  4379 D MSF.C.NetConnTag: netSend ssoSeq:54327 uin:*0533 cmd:441355716 54595
05-01 21:52:52.679   830 23447 E ResolverController: No valid NAT64 prefix (112, <unspecified>/0)
05-01 21:52:52.738  3943  4401 D MSF.C.NetConnTag: netRecv ssoSeq:54327 uin:*0533 cmd:441355716 54519
05-01 21:52:52.751  4076  4076 I WebAccelerator: check pass l=11
05-01 21:52:52.762   925  3029 W libperfmgr: Failed to write to node: /dev/stune/camera-daemon/schedtune.boost with value: 0, fd: -1
05-01 21:52:52.861  3943  4401 D MSF.C.NetConnTag: netRecv ssoSeq:-248060609 uin:*0533 cmd:961141751 -248060073
05-01 21:52:52.900  2132  2132 W View    : couldn't find view with id 2131362088
05-01 21:52:52.927  3943  4379 D MSF.C.NetConnTag: pa ok: 54328
05-01 21:52:52.928  3943  4379 D MSF.C.NetConnTag: netSend ssoSeq:54328 uin:*0533 cmd:-183665717 54524
05-01 21:52:53.009  2132  2144 I ndroid.systemu: Background young concurrent copying GC freed 129981(4443KB) AllocSpace objects, 8(1408KB) LOS objects, 31% free, 12MB/18MB, paused 214us total 147.366ms
05-01 21:52:53.055 23213 23251 I chatty  : uid=10194(u0_a194) Orange:0 expire 1 line
05-01 21:52:53.262   925  3029 W libperfmgr: Failed to write to node: /dev/stune/camera-daemon/schedtune.boost with value: 0, fd: -1
05-01 21:52:53.318   895   895 I chatty  : uid=1002 bluetooth@1.0-s expire 3 lines
05-01 21:52:53.323   895  9528 I chatty  : uid=1002 bluetooth@1.0-s expire 4 lines
05-01 21:52:53.489  3943  4569 W Settings: Setting airplane_mode_on has moved from android.provider.Settings.System to android.provider.Settings.Global, returning read-only value.
05-01 21:52:53.502  3943  4569 I chatty  : uid=10151(u0_a151) MsfCheckDeepSle identical 13 lines
05-01 21:52:53.507  3943  4569 W Settings: Setting airplane_mode_on has moved from android.provider.Settings.System to android.provider.Settings.Global, returning read-only value.
05-01 21:52:53.759  3943  4401 D MSF.C.NetConnTag: netRecv ssoSeq:-92410001 uin:*0533 cmd:-316037937 -92409385
05-01 21:52:53.762 23213 23402 I chatty  : uid=10194(u0_a194) com.taobao.idlefish expire 3 lines
05-01 21:52:53.763   925  3029 W libperfmgr: Failed to write to node: /dev/stune/camera-daemon/schedtune.boost with value: 0, fd: -1
05-01 21:52:53.782  4076  5401 D Q.msg.TroopMsgProxy: insertToList MessageRecord=friendUin:0519senderuin:2980,istroop:1,msgType:-1049,time:1588341174,shmsgseq:5999387
05-01 21:52:54.264   925  3029 W libperfmgr: Failed to write to node: /dev/stune/camera-daemon/schedtune.boost with value: 0, fd: -1
05-01 21:52:54.277  3943  4401 D MSF.C.NetConnTag: netRecv ssoSeq:-194818378 uin:*0533 cmd:-316037937 -194817810
05-01 21:52:54.283  4076  5401 D Q.msg.TroopMsgProxy: insertToList MessageRecord=friendUin:0709senderuin:5531,istroop:1,msgType:-1000,time:1588341175,shmsgseq:2245489
05-01 21:52:54.324   895  9535 I chatty  : uid=1002(bluetooth) POSIX timer 4 expire 2 lines
05-01 21:52:54.396  2132  2132 W View    : couldn't find view with id 2131362088
05-01 21:52:54.401  3943  4401 D MSF.C.NetConnTag: netRecv ssoSeq:-504433891 uin:*0533 cmd:-316037937 -504433483
05-01 21:52:54.405  4076  5401 D Q.msg.TroopMsgProxy: insertToList MessageRecord=friendUin:7672senderuin:2763,istroop:1,msgType:-1000,time:1588341175,shmsgseq:986391
05-01 21:52:54.470  3943  4401 D MSF.C.NetConnTag: netRecv ssoSeq:-376162676 uin:*0533 cmd:-316037937 -376162212
05-01 21:52:54.474   895  9521 I chatty  : uid=1002(bluetooth) POSIX timer 0 expire 1 line
05-01 21:52:54.475  4076  5401 D Q.msg.TroopMsgProxy: insertToList MessageRecord=friendUin:6810senderuin:3503,istroop:1,msgType:-1000,time:1588341175,shmsgseq:3421748
05-01 21:52:54.545  3943  4401 D MSF.C.NetConnTag: netRecv ssoSeq:-1852967602 uin:*0533 cmd:-316037937 -1852967202
05-01 21:52:54.550  4076  5401 D Q.msg.TroopMsgProxy: insertToList MessageRecord=friendUin:0709senderuin:0829,istroop:1,msgType:-1000,time:1588341175,shmsgseq:2245490
05-01 21:52:54.765   925  3029 W libperfmgr: Failed to write to node: /dev/stune/camera-daemon/schedtune.boost with value: 0, fd: -1
05-01 21:52:55.240  3943  4401 D MSF.C.NetConnTag: netRecv ssoSeq:-485478476 uin:*0533 cmd:-316037937 -485477620
05-01 21:52:55.240  3943  4401 D MSF.C.NetConnTag: netRecv ssoSeq:-255350513 uin:*0533 cmd:-316037937 -255350089
05-01 21:52:55.241  3943  4401 D MSF.C.NetConnTag: netRecv ssoSeq:-126743741 uin:*0533 cmd:-316037937 -126743365
05-01 21:52:55.265   925  3029 W libperfmgr: Failed to write to node: /dev/stune/camera-daemon/schedtune.boost with value: 0, fd: -1
05-01 21:52:55.500  1212  1441 W ActivityManager: Stopping service due to app idle: u0a151 -2h8m22s52ms com.tencent.tim/com.tencent.mobileqq.msf.service.MsfService
05-01 21:52:55.501  1212  1441 W ActivityManager: Stopping service due to app idle: u0a151 -6m22s376ms com.tencent.tim/com.tencent.mobileqq.app.CoreService
05-01 21:52:55.653  4076  5401 D Q.msg.TroopMsgProxy: insertToList MessageRecord=friendUin:3323senderuin:9939,istroop:1,msgType:-1035,time:1588341175,shmsgseq:188247
05-01 21:52:55.766   925  3029 W libperfmgr: Failed to write to node: /dev/stune/camera-daemon/schedtune.boost with value: 0, fd: -1
05-01 21:52:55.866  4076  5401 D Q.msg.TroopMsgProxy: insertToList MessageRecord=friendUin:5929senderuin:0578,istroop:1,msgType:-1000,time:1588341175,shmsgseq:6004198
05-01 21:52:55.892  4076 23460 D ProxyIpManagerImpl: Load local proxy ip failed, uin:*0533 type: 3 reason: not mobile network!
05-01 21:52:55.893  4076 23460 D TicketManager: get ticket succ, stKey!
05-01 21:52:55.895  4076 23460 D TicketManager: get ticket succ, st!
05-01 21:52:55.923  4076  5401 D Q.msg.TroopMsgProxy: insertToList MessageRecord=friendUin:5022senderuin:2209,istroop:1,msgType:-1000,time:1588341175,shmsgseq:405017
05-01 21:52:55.925  2132  2132 W View    : couldn't find view with id 2131362088
05-01 21:52:56.015  4076  9166 I T.Q.richmedia.grp.thu.PicDecoder: id:6821873402216083125 HeaderDec : result: succ, mBodyLen=2783,mSeed=e3de95cdf10796f59bf96978a1dfa4e5dd08d6db8f5fcfa11f8ab6fdcef5293a,MD5:b642bf9da3d78d75f39162faed30ce36
05-01 21:52:56.015  4076  9166 I T.Q.richmedia.grp.thu.PicDecoder: id:6821873402216083125 XOR : len=2782
05-01 21:52:56.015  4076  9166 I T.Q.richmedia.grp.thu.PicDecoder: id:6821873402216083125 CheckAndLog : hex:ffd8ffe000104a46494600010100000100010000
05-01 21:52:56.241 23050 23062 W .taobao:channe: Suspending all threads took: 11.734ms
05-01 21:52:56.268   925  3029 W libperfmgr: Failed to write to node: /dev/stune/camera-daemon/schedtune.boost with value: 0, fd: -1
05-01 21:52:56.291  4076  4128 D SharedPreferencesImpl: Time required to fsync /data/user/0/com.tencent.tim/shared_prefs/1286840533.xml: [<1: 0, <2: 0, <4: 0, <8: 107, <16: 1324, <32: 2390, <64: 243, <128: 20, <256: 6, <512: 4, <1024: 1, <2048: 0, <4096: 1, <8192: 0, <16384: 0, >=16384: 0]
05-01 21:52:56.313   895  9528 I chatty  : uid=1002 bluetooth@1.0-s expire 6 lines
05-01 21:52:56.319  3943  4401 D MSF.C.NetConnTag: netRecv ssoSeq:-298117873 uin:*0533 cmd:-316037937 -298116969
05-01 21:52:56.326   895   895 I chatty  : uid=1002 bluetooth@1.0-s expire 1 line
05-01 21:52:56.333  4076  5401 D Q.msg.TroopMsgProxy: insertToList MessageRecord=friendUin:0519senderuin:2980,istroop:1,msgType:-2000,time:1588341177,shmsgseq:5999388
05-01 21:52:56.391  3943  4401 D MSF.C.NetConnTag: netRecv ssoSeq:-287910889 uin:*0533 cmd:-316037937 -287910521
05-01 21:52:56.394  4076  5401 D Q.msg.TroopMsgProxy: insertToList MessageRecord=friendUin:9074senderuin:4275,istroop:1,msgType:-1000,time:1588341177,shmsgseq:24693
05-01 21:52:56.674  3943  4401 D MSF.C.NetConnTag: netRecv ssoSeq:-233650619 uin:*0533 cmd:-316037937 -233650211
05-01 21:52:56.682  4076  5401 D Q.msg.TroopMsgProxy: insertToList MessageRecord=friendUin:0519senderuin:1266,istroop:1,msgType:-1000,time:1588341177,shmsgseq:5999389
05-01 21:52:56.768   925  3029 W libperfmgr: Failed to write to node: /dev/stune/camera-daemon/schedtune.boost with value: 0, fd: -1
05-01 21:52:57.019 22669 22964 E WeexCore: weex_js_connection.cpp:183,IPCException server died spinWaitPeer timeout
05-01 21:52:57.020 22669 22964 E WeexCore: IPCFutexPageQueue.cpp:66,do munmap
05-01 21:52:57.064 22669 22883 E WeexCore: weex_js_connection.cpp:295,WeexJSConnection catch: spinWaitPeer timeout
05-01 21:52:57.064 22669 22883 E WeexCore: multi_process_and_so_initializer.cpp:47,JSFramwork init start sender is null
05-01 21:52:57.065 22669 22883 E WeexCore: IPCFutexPageQueue.cpp:66,do munmap
05-01 21:52:57.092 22669 22883 E WeexCore: weex_js_connection.cpp:140,WeexJSConnection g_crashFileName: /data/user/0/com.taobao.taobao/app_crash/crash_dump.log
05-01 21:52:57.098 22669 22883 E WeexCore: weex_js_connection.cpp:259,startupPie :1
05-01 21:52:57.098 23466 22883 E WeexCore: weex_js_connection.cpp:280,weexcore fork child success
05-01 21:52:57.269   925  3029 W libperfmgr: Failed to write to node: /dev/stune/camera-daemon/schedtune.boost with value: 0, fd: -1
05-01 21:52:57.328   895  9535 I chatty  : uid=1002(bluetooth) POSIX timer 4 expire 2 lines
05-01 21:52:57.403  2132  2132 W View    : couldn't find view with id 2131362088
05-01 21:52:57.478   895  9521 I chatty  : uid=1002(bluetooth) POSIX timer 0 expire 1 line
05-01 21:52:57.514 23466 23466 I jsengine: mainstartup
05-01 21:52:57.538 23466 23467 E WeexCore: script_bridge_in_multi_process.cpp:278, enable backupThreadCache 1
05-01 21:52:57.538 23466 23467 E WeexCore: script_bridge_in_multi_process.cpp:274, enable backupThread 1
05-01 21:52:57.543 23466 23467 E WeexCore: weex_task_queue.cpp:139, start weex queue init
05-01 21:52:57.551  3943  4401 D MSF.C.NetConnTag: netRecv ssoSeq:-86816344 uin:*0533 cmd:-316037937 -86815920
05-01 21:52:57.557  4076  5401 D Q.msg.TroopMsgProxy: insertToList MessageRecord=friendUin:6748senderuin:4678,istroop:1,msgType:-1000,time:1588341178,shmsgseq:1219348
05-01 21:52:57.568 23466 23469 E WeexCore: weex_jsc_utils.h:323, initICUEnv patch:/apex/com.android.runtime/etc/icu/icudt63l.dat
05-01 21:52:57.717 23466 23469 E WeexCore: weex_runtime.cpp:52, WeexRuntime is running and mode is multiProcess
05-01 21:52:57.771   925  3029 W libperfmgr: Failed to write to node: /dev/stune/camera-daemon/schedtune.boost with value: 0, fd: -1
05-01 21:52:57.832 22669 22883 E weex    : initFrameWorkCount :1
05-01 21:52:58.178  1212  3573 W DevicePolicyManager: Package com.taobao.taobao (uid=10177, pid=22669) cannot access Device IDs
05-01 21:52:58.181  2315  2782 W TelephonyPermissions: reportAccessDeniedToReadIdentifiers:com.taobao.taobao:getSubscriberId:isPreinstalled=false:isPrivApp=false
05-01 21:52:58.272   925  3029 W libperfmgr: Failed to write to node: /dev/stune/camera-daemon/schedtune.boost with value: 0, fd: -1
05-01 21:52:58.317  3943  4401 D MSF.C.NetConnTag: netRecv ssoSeq:-89249265 uin:*0533 cmd:-316037937 -89248865
05-01 21:52:58.321  4076  5401 D Q.msg.TroopMsgProxy: insertToList MessageRecord=friendUin:6988senderuin:6571,istroop:1,msgType:-1000,time:1588341179,shmsgseq:5550510
05-01 21:52:58.382 23213 23331 I chatty  : uid=10194(u0_a194) com.taobao.idlefish expire 14 lines
05-01 21:52:58.395 23213 23329 I chatty  : uid=10194(u0_a194) com.taobao.idlefish expire 11 lines
05-01 21:52:58.401 23213 23295 I chatty  : uid=10194(u0_a194) MTOPSDK Request expire 13 lines
05-01 21:52:58.414 23213 23318 I chatty  : uid=10194(u0_a194) com.taobao.idlefish expire 8 lines
05-01 21:52:58.480 23213 23478 I chatty  : uid=10194(u0_a194) com.taobao.idlefish expire 64 lines
05-01 21:52:58.503 23213 23477 I chatty  : uid=10194(u0_a194) AWCN Worker(H)1 expire 25 lines
05-01 21:52:58.507 23213 23480 I chatty  : uid=10194(u0_a194) com.taobao.idlefish expire 10 lines
05-01 21:52:58.508 23213 23479 I chatty  : uid=10194(u0_a194) com.taobao.idlefish expire 10 lines
05-01 21:52:58.550  3943  4569 W Settings: Setting airplane_mode_on has moved from android.provider.Settings.System to android.provider.Settings.Global, returning read-only value.
05-01 21:52:58.633 23213 23482 I chatty  : uid=10194(u0_a194) com.taobao.idlefish expire 8 lines
05-01 21:52:58.678 23213 23484 I chatty  : uid=10194(u0_a194) RepeaterThread: expire 14 lines
05-01 21:52:58.686  3943  4401 I chatty  : uid=10151(u0_a151) MsfCoreSocketRe expire 23 lines
05-01 21:52:58.677 23213 23483 I chatty  : uid=10194(u0_a194) RepeaterThread: expire 24 lines
05-01 21:52:58.693  4076  5401 I chatty  : uid=10151(u0_a151) MSF-Receiver expire 23 lines
05-01 21:52:58.773   925  3029 W libperfmgr: Failed to write to node: /dev/stune/camera-daemon/schedtune.boost with value: 0, fd: -1
05-01 21:52:58.924  2132  2132 W View    : couldn't find view with id 2131362088
05-01 21:52:59.274   925  3029 W libperfmgr: Failed to write to node: /dev/stune/camera-daemon/schedtune.boost with value: 0, fd: -1
05-01 21:52:59.361 23213 23444 I chatty  : uid=10194(u0_a194) com.taobao.idlefish expire 1 line
05-01 21:52:59.367 23213 23343 I chatty  : uid=10194(u0_a194) UM_SDK_LINK_LOG expire 28 lines
05-01 21:52:59.775   925  3029 W libperfmgr: Failed to write to node: /dev/stune/camera-daemon/schedtune.boost with value: 0, fd: -1
05-01 21:52:59.902 23213 23299 D awcn.TnetSpdySession: |[seq:MTOP9.DGRD10] spdyStreamCloseCallback streamId:19 errorCode:0
05-01 21:52:59.902 23213 23299 I anet.NetworkTask: |[seq:MTOP9.DGRD10] [onFinish] code:200 msg:SUCCESS
05-01 21:52:59.902 23213 23299 I anet.Repeater: |[seq:MTOP9.DGRD10] [onFinish] 
05-01 21:52:59.902 23213 23484 D anet.ParcelableNetworkListenerWrapper:  [onFinished]DefaultFinishEvent [code=200, desc=SUCCESS, context=null, statisticData=StatisticData [isSuccess=true,host=acs.m.taobao.com,resultCode=200,connType=http2_0rtt_acs,oneWayTime_ANet=74,ip_port=203.119.169.253:443,isSSL=true,cacheTime=0,processTime=3,sendBeforeTime=0,postBodyTime=0,firstDataTime=63,recDataTime=3,serverRT=9,rtt=0,sendSize=1118,totalSize=916,dataSpeed=305,retryTime=0,quicConnectionID=null]]
05-01 21:52:59.903 23213 23484 E anet.Repeater: |[seq:MTOP9.DGRD10] [traceId:null]end, [RequestStatistic]ret=1,statusCode=200,msg=SUCCESS,host=acs.m.taobao.com,ip=203.119.169.253,port=443,protocolType=http2_0rtt_acs,retryTime=0,retryCostTime=0,processTime=3,connWaitTime=0,cacheTime=0,sendDataTime=3,firstDataTime=63,recDataTime=3,lastProcessTime=2,oneWayTime=74,callbackTime=0,serverRT=9,sendSize=1118,recDataSize=916,originalDataSize=365,extra={"firstIp":"203.119.169.253"},isReqSync=false,isReqMain=false,url=https://acs.m.taobao.com/gw/mtop.idle.x.message.region.sync/2.0/
05-01 21:52:59.904 23213 23299 D awcn.BandWidthSampler:  onDataReceived mRequestStartTime:1588341179831 mRequestFinishedTime:1588341179900 mRequestDataSize:544
05-01 21:52:59.941 23213 23245 W System.err: java.lang.NullPointerException: Attempt to invoke virtual method 'int com.alibaba.fastjson.JSONArray.size()' on a null object reference
05-01 21:52:59.942 23213 23245 W System.err: 	at com.taobao.android.remoteobject.easy.network.interceptor.MtopDecodeInterceptor.interceptor(Taobao:95)
05-01 21:52:59.942 23213 23245 W System.err: 	at com.taobao.android.remoteobject.easy.MtopLauncher$4.onMtopResponse(Taobao:231)
05-01 21:52:59.942 23213 23245 W System.err: 	at com.taobao.android.remoteobject.mtopsdk.MtopSDKHandler$DefaultCallBack$5.run(Taobao:456)
05-01 21:52:59.943 23213 23245 W System.err: 	at java.util.concurrent.Executors$RunnableAdapter.call(Executors.java:462)
05-01 21:52:59.943 23213 23245 W System.err: 	at java.util.concurrent.FutureTask.run(FutureTask.java:266)
05-01 21:52:59.943 23213 23245 W System.err: 	at com.taobao.idlefish.xexecutor.ImmTask.run(Taobao:114)
05-01 21:52:59.943 23213 23245 W System.err: 	at java.util.concurrent.ThreadPoolExecutor.runWorker(ThreadPoolExecutor.java:1167)
05-01 21:52:59.943 23213 23245 W System.err: 	at java.util.concurrent.ThreadPoolExecu